Copyright 1986-2022 Xilinx, Inc. All Rights Reserved.
--------------------------------------------------------------------------------------------------------------------------------------------------------------------------------------------------------------------------------
| Tool Version : Vivado v.2022.2 (win64) Build 3671981 Fri Oct 14 05:00:03 MDT 2022
| Date         : Wed Oct  7 11:15:38 2026
| Host         : LAPTOP-CHCSI1R5 running 64-bit major release  (build 9200)
| Command      : report_methodology -file example_ibert_ultrascale_gth_0_methodology_drc_routed.rpt -pb example_ibert_ultrascale_gth_0_methodology_drc_routed.pb -rpx example_ibert_ultrascale_gth_0_methodology_drc_routed.rpx
| Design       : example_ibert_ultrascale_gth_0
| Device       : xck26-sfvc784-2LV-c
| Speed File   : -2LV
| Design State : Fully Routed
--------------------------------------------------------------------------------------------------------------------------------------------------------------------------------------------------------------------------------

Report Methodology

Table of Contents
-----------------
1. REPORT SUMMARY
2. REPORT DETAILS

1. REPORT SUMMARY
-----------------
            Netlist: netlist
          Floorplan: design_1
      Design limits: <entire design considered>
             Max violations: <unlimited>
             Violations found: 39
+-----------+------------------+-------------------------------------------------------------------------------------------------------+------------+
| Rule      | Severity         | Description                                                                                           | Violations |
+-----------+------------------+-------------------------------------------------------------------------------------------------------+------------+
| TIMING-54 | Critical Warning | Scoped false path, clock group or max delay datapath only constraint between clocks                   | 4          |
| LUTAR-1   | Warning          | LUT drives async reset alert                                                                          | 29         |
| TIMING-9  | Warning          | Unknown CDC Logic                                                                                     | 1          |
| TIMING-10 | Warning          | Missing property on synchronizer                                                                      | 1          |
| TIMING-47 | Warning          | False path, asynchronous clock group or max delay datapath only constraint between synchronous clocks | 1          |
| CLKC-47   | Advisory         | GTHE4_COMMON REFCLKMONITOR pin should drive BUFG                                                      | 2          |
| CLKC-56   | Advisory         | MMCME4 with global clock driver has no LOC                                                            | 1          |
+-----------+------------------+-------------------------------------------------------------------------------------------------------+------------+

2. REPORT DETAILS
-----------------
TIMING-54#1 Critical Warning
Scoped false path, clock group or max delay datapath only constraint between clocks  
A scoped Clock Group timing constraint is set between clocks u_ibert_gth_core/inst/QUAD[0].u_q/CH[0].u_ch/u_gthe4_channel/DMONITOROUTCLK and USE_DIVIDER.dclk_mmcm (see constraint position 2 in the Timing Constraint window in Vivado IDE). It is not recommended to define such scoped constraints between clocks as the constraint impacts timing paths outside of the scope.
Related violations: <none>

TIMING-54#2 Critical Warning
Scoped false path, clock group or max delay datapath only constraint between clocks  
A scoped Clock Group timing constraint is set between clocks u_ibert_gth_core/inst/QUAD[0].u_q/CH[1].u_ch/u_gthe4_channel/DMONITOROUTCLK and USE_DIVIDER.dclk_mmcm (see constraint position 4 in the Timing Constraint window in Vivado IDE). It is not recommended to define such scoped constraints between clocks as the constraint impacts timing paths outside of the scope.
Related violations: <none>

TIMING-54#3 Critical Warning
Scoped false path, clock group or max delay datapath only constraint between clocks  
A scoped Clock Group timing constraint is set between clocks u_ibert_gth_core/inst/QUAD[0].u_q/CH[2].u_ch/u_gthe4_channel/DMONITOROUTCLK and USE_DIVIDER.dclk_mmcm (see constraint position 6 in the Timing Constraint window in Vivado IDE). It is not recommended to define such scoped constraints between clocks as the constraint impacts timing paths outside of the scope.
Related violations: <none>

TIMING-54#4 Critical Warning
Scoped false path, clock group or max delay datapath only constraint between clocks  
A scoped Clock Group timing constraint is set between clocks u_ibert_gth_core/inst/QUAD[0].u_q/CH[3].u_ch/u_gthe4_channel/DMONITOROUTCLK and USE_DIVIDER.dclk_mmcm (see constraint position 8 in the Timing Constraint window in Vivado IDE). It is not recommended to define such scoped constraints between clocks as the constraint impacts timing paths outside of the scope.
Related violations: <none>

LUTAR-1#1 Warning
LUT drives async reset alert  
LUT cell dbg_hub/inst/BSCANID.u_xsdbm_id/SWITCH_N_EXT_BSCAN.bscan_switch/m_bscan_sel[0]_INST_0, with 2 or more inputs, drives asynchronous preset/clear pin(s) dbg_hub/inst/BSCANID.u_xsdbm_id/CORE_XSDB.U_ICON/U_CMD/iTARGET_reg[10]/CLR,
dbg_hub/inst/BSCANID.u_xsdbm_id/CORE_XSDB.U_ICON/U_CMD/iTARGET_reg[11]/CLR,
dbg_hub/inst/BSCANID.u_xsdbm_id/CORE_XSDB.U_ICON/U_CMD/iTARGET_reg[12]/CLR,
dbg_hub/inst/BSCANID.u_xsdbm_id/CORE_XSDB.U_ICON/U_CMD/iTARGET_reg[13]/CLR,
dbg_hub/inst/BSCANID.u_xsdbm_id/CORE_XSDB.U_ICON/U_CMD/iTARGET_reg[14]/CLR,
dbg_hub/inst/BSCANID.u_xsdbm_id/CORE_XSDB.U_ICON/U_CMD/iTARGET_reg[15]/CLR,
dbg_hub/inst/BSCANID.u_xsdbm_id/CORE_XSDB.U_ICON/U_CMD/iTARGET_reg[6]/CLR,
dbg_hub/inst/BSCANID.u_xsdbm_id/CORE_XSDB.U_ICON/U_CMD/iTARGET_reg[7]/CLR,
dbg_hub/inst/BSCANID.u_xsdbm_id/CORE_XSDB.U_ICON/U_CMD/iTARGET_reg[8]/CLR
dbg_hub/inst/BSCANID.u_xsdbm_id/CORE_XSDB.U_ICON/U_CMD/iTARGET_reg[9]/CLR. The LUT may glitch and trigger an unexpected reset, even if it is a properly timed path.
Related violations: <none>

LUTAR-1#2 Warning
LUT drives async reset alert  
LUT cell u_ibert_gth_core/inst/QUAD[0].u_q/CH[0].u_ch/U_RESET_CONTROLLER/gtwiz_reset_inst/reset_synchronizer_gtwiz_reset_rx_any_inst/rst_in_meta_i_1__1, with 2 or more inputs, drives asynchronous preset/clear pin(s) u_ibert_gth_core/inst/QUAD[0].u_q/CH[0].u_ch/U_RESET_CONTROLLER/gtwiz_reset_inst/reset_synchronizer_gtwiz_reset_rx_any_inst/rst_in_meta_reg/PRE,
u_ibert_gth_core/inst/QUAD[0].u_q/CH[0].u_ch/U_RESET_CONTROLLER/gtwiz_reset_inst/reset_synchronizer_gtwiz_reset_rx_any_inst/rst_in_out_reg/PRE,
u_ibert_gth_core/inst/QUAD[0].u_q/CH[0].u_ch/U_RESET_CONTROLLER/gtwiz_reset_inst/reset_synchronizer_gtwiz_reset_rx_any_inst/rst_in_sync1_reg/PRE,
u_ibert_gth_core/inst/QUAD[0].u_q/CH[0].u_ch/U_RESET_CONTROLLER/gtwiz_reset_inst/reset_synchronizer_gtwiz_reset_rx_any_inst/rst_in_sync2_reg/PRE
u_ibert_gth_core/inst/QUAD[0].u_q/CH[0].u_ch/U_RESET_CONTROLLER/gtwiz_reset_inst/reset_synchronizer_gtwiz_reset_rx_any_inst/rst_in_sync3_reg/PRE. The LUT may glitch and trigger an unexpected reset, even if it is a properly timed path.
Related violations: <none>

LUTAR-1#3 Warning
LUT drives async reset alert  
LUT cell u_ibert_gth_core/inst/QUAD[0].u_q/CH[0].u_ch/U_RESET_CONTROLLER/gtwiz_reset_inst/reset_synchronizer_gtwiz_reset_rx_datapath_inst/rst_in_meta_i_1__3, with 2 or more inputs, drives asynchronous preset/clear pin(s) u_ibert_gth_core/inst/QUAD[0].u_q/CH[0].u_ch/U_RESET_CONTROLLER/gtwiz_reset_inst/reset_synchronizer_gtwiz_reset_rx_datapath_inst/rst_in_meta_reg/PRE,
u_ibert_gth_core/inst/QUAD[0].u_q/CH[0].u_ch/U_RESET_CONTROLLER/gtwiz_reset_inst/reset_synchronizer_gtwiz_reset_rx_datapath_inst/rst_in_out_reg/PRE,
u_ibert_gth_core/inst/QUAD[0].u_q/CH[0].u_ch/U_RESET_CONTROLLER/gtwiz_reset_inst/reset_synchronizer_gtwiz_reset_rx_datapath_inst/rst_in_sync1_reg/PRE,
u_ibert_gth_core/inst/QUAD[0].u_q/CH[0].u_ch/U_RESET_CONTROLLER/gtwiz_reset_inst/reset_synchronizer_gtwiz_reset_rx_datapath_inst/rst_in_sync2_reg/PRE
u_ibert_gth_core/inst/QUAD[0].u_q/CH[0].u_ch/U_RESET_CONTROLLER/gtwiz_reset_inst/reset_synchronizer_gtwiz_reset_rx_datapath_inst/rst_in_sync3_reg/PRE. The LUT may glitch and trigger an unexpected reset, even if it is a properly timed path.
Related violations: <none>

LUTAR-1#4 Warning
LUT drives async reset alert  
LUT cell u_ibert_gth_core/inst/QUAD[0].u_q/CH[0].u_ch/U_RESET_CONTROLLER/gtwiz_reset_inst/reset_synchronizer_gtwiz_reset_rx_pll_and_datapath_inst/rst_in_meta_i_1__2, with 2 or more inputs, drives asynchronous preset/clear pin(s) u_ibert_gth_core/inst/QUAD[0].u_q/CH[0].u_ch/U_RESET_CONTROLLER/gtwiz_reset_inst/reset_synchronizer_gtwiz_reset_rx_pll_and_datapath_inst/rst_in_meta_reg/PRE,
u_ibert_gth_core/inst/QUAD[0].u_q/CH[0].u_ch/U_RESET_CONTROLLER/gtwiz_reset_inst/reset_synchronizer_gtwiz_reset_rx_pll_and_datapath_inst/rst_in_out_reg/PRE,
u_ibert_gth_core/inst/QUAD[0].u_q/CH[0].u_ch/U_RESET_CONTROLLER/gtwiz_reset_inst/reset_synchronizer_gtwiz_reset_rx_pll_and_datapath_inst/rst_in_sync1_reg/PRE,
u_ibert_gth_core/inst/QUAD[0].u_q/CH[0].u_ch/U_RESET_CONTROLLER/gtwiz_reset_inst/reset_synchronizer_gtwiz_reset_rx_pll_and_datapath_inst/rst_in_sync2_reg/PRE
u_ibert_gth_core/inst/QUAD[0].u_q/CH[0].u_ch/U_RESET_CONTROLLER/gtwiz_reset_inst/reset_synchronizer_gtwiz_reset_rx_pll_and_datapath_inst/rst_in_sync3_reg/PRE. The LUT may glitch and trigger an unexpected reset, even if it is a properly timed path.
Related violations: <none>

LUTAR-1#5 Warning
LUT drives async reset alert  
LUT cell u_ibert_gth_core/inst/QUAD[0].u_q/CH[0].u_ch/U_RESET_CONTROLLER/gtwiz_reset_inst/reset_synchronizer_gtwiz_reset_tx_any_inst/rst_in_meta_i_1, with 2 or more inputs, drives asynchronous preset/clear pin(s) u_ibert_gth_core/inst/QUAD[0].u_q/CH[0].u_ch/U_RESET_CONTROLLER/gtwiz_reset_inst/reset_synchronizer_gtwiz_reset_tx_any_inst/rst_in_meta_reg/PRE,
u_ibert_gth_core/inst/QUAD[0].u_q/CH[0].u_ch/U_RESET_CONTROLLER/gtwiz_reset_inst/reset_synchronizer_gtwiz_reset_tx_any_inst/rst_in_out_reg/PRE,
u_ibert_gth_core/inst/QUAD[0].u_q/CH[0].u_ch/U_RESET_CONTROLLER/gtwiz_reset_inst/reset_synchronizer_gtwiz_reset_tx_any_inst/rst_in_sync1_reg/PRE,
u_ibert_gth_core/inst/QUAD[0].u_q/CH[0].u_ch/U_RESET_CONTROLLER/gtwiz_reset_inst/reset_synchronizer_gtwiz_reset_tx_any_inst/rst_in_sync2_reg/PRE
u_ibert_gth_core/inst/QUAD[0].u_q/CH[0].u_ch/U_RESET_CONTROLLER/gtwiz_reset_inst/reset_synchronizer_gtwiz_reset_tx_any_inst/rst_in_sync3_reg/PRE. The LUT may glitch and trigger an unexpected reset, even if it is a properly timed path.
Related violations: <none>

LUTAR-1#6 Warning
LUT drives async reset alert  
LUT cell u_ibert_gth_core/inst/QUAD[0].u_q/CH[0].u_ch/U_RESET_CONTROLLER/gtwiz_reset_inst/reset_synchronizer_gtwiz_reset_tx_pll_and_datapath_inst/rst_in_meta_i_1__0, with 2 or more inputs, drives asynchronous preset/clear pin(s) u_ibert_gth_core/inst/QUAD[0].u_q/CH[0].u_ch/U_RESET_CONTROLLER/gtwiz_reset_inst/reset_synchronizer_gtwiz_reset_tx_pll_and_datapath_inst/rst_in_meta_reg/PRE,
u_ibert_gth_core/inst/QUAD[0].u_q/CH[0].u_ch/U_RESET_CONTROLLER/gtwiz_reset_inst/reset_synchronizer_gtwiz_reset_tx_pll_and_datapath_inst/rst_in_out_reg/PRE,
u_ibert_gth_core/inst/QUAD[0].u_q/CH[0].u_ch/U_RESET_CONTROLLER/gtwiz_reset_inst/reset_synchronizer_gtwiz_reset_tx_pll_and_datapath_inst/rst_in_sync1_reg/PRE,
u_ibert_gth_core/inst/QUAD[0].u_q/CH[0].u_ch/U_RESET_CONTROLLER/gtwiz_reset_inst/reset_synchronizer_gtwiz_reset_tx_pll_and_datapath_inst/rst_in_sync2_reg/PRE
u_ibert_gth_core/inst/QUAD[0].u_q/CH[0].u_ch/U_RESET_CONTROLLER/gtwiz_reset_inst/reset_synchronizer_gtwiz_reset_tx_pll_and_datapath_inst/rst_in_sync3_reg/PRE. The LUT may glitch and trigger an unexpected reset, even if it is a properly timed path.
Related violations: <none>

LUTAR-1#7 Warning
LUT drives async reset alert  
LUT cell u_ibert_gth_core/inst/QUAD[0].u_q/CH[0].u_ch/U_RXCDR_RESET/u_gthe4_channel_i_1, with 2 or more inputs, drives asynchronous preset/clear pin(s) u_ibert_gth_core/inst/QUAD[0].u_q/CH[0].u_ch/U_PATTERN_HANDLER/chk40.patchk40/err_cnt_reg[0]/CLR,
u_ibert_gth_core/inst/QUAD[0].u_q/CH[0].u_ch/U_PATTERN_HANDLER/chk40.patchk40/err_cnt_reg[1]/CLR,
u_ibert_gth_core/inst/QUAD[0].u_q/CH[0].u_ch/U_PATTERN_HANDLER/chk40.patchk40/err_cnt_reg[2]/CLR,
u_ibert_gth_core/inst/QUAD[0].u_q/CH[0].u_ch/U_PATTERN_HANDLER/chk40.patchk40/err_cnt_reg[3]/CLR,
u_ibert_gth_core/inst/QUAD[0].u_q/CH[0].u_ch/U_PATTERN_HANDLER/chk40.patchk40/err_cnt_reg[4]/PRE,
u_ibert_gth_core/inst/QUAD[0].u_q/CH[0].u_ch/U_PATTERN_HANDLER/chk40.patchk40/err_cnt_reg[5]/CLR,
u_ibert_gth_core/inst/QUAD[0].u_q/CH[0].u_ch/U_PATTERN_HANDLER/chk40.patchk40/link_down_reg/PRE
u_ibert_gth_core/inst/QUAD[0].u_q/CH[0].u_ch/U_PATTERN_HANDLER/chk40.patchk40/link_reg/CLR. The LUT may glitch and trigger an unexpected reset, even if it is a properly timed path.
Related violations: <none>

LUTAR-1#8 Warning
LUT drives async reset alert  
LUT cell u_ibert_gth_core/inst/QUAD[0].u_q/CH[0].u_ch/enable_cal_block.cpll_cal_inst_i/reset_synchronizer_resetin_inst/rst_in_meta_i_1, with 2 or more inputs, drives asynchronous preset/clear pin(s) u_ibert_gth_core/inst/QUAD[0].u_q/CH[0].u_ch/enable_cal_block.cpll_cal_inst_i/reset_synchronizer_resetin_inst/rst_in_meta_reg/PRE,
u_ibert_gth_core/inst/QUAD[0].u_q/CH[0].u_ch/enable_cal_block.cpll_cal_inst_i/reset_synchronizer_resetin_inst/rst_in_out_reg/PRE,
u_ibert_gth_core/inst/QUAD[0].u_q/CH[0].u_ch/enable_cal_block.cpll_cal_inst_i/reset_synchronizer_resetin_inst/rst_in_sync1_reg/PRE,
u_ibert_gth_core/inst/QUAD[0].u_q/CH[0].u_ch/enable_cal_block.cpll_cal_inst_i/reset_synchronizer_resetin_inst/rst_in_sync2_reg/PRE
u_ibert_gth_core/inst/QUAD[0].u_q/CH[0].u_ch/enable_cal_block.cpll_cal_inst_i/reset_synchronizer_resetin_inst/rst_in_sync3_reg/PRE. The LUT may glitch and trigger an unexpected reset, even if it is a properly timed path.
Related violations: <none>

LUTAR-1#9 Warning
LUT drives async reset alert  
LUT cell u_ibert_gth_core/inst/QUAD[0].u_q/CH[1].u_ch/U_RESET_CONTROLLER/gtwiz_reset_inst/reset_synchronizer_gtwiz_reset_rx_any_inst/rst_in_meta_i_1__1, with 2 or more inputs, drives asynchronous preset/clear pin(s) u_ibert_gth_core/inst/QUAD[0].u_q/CH[1].u_ch/U_RESET_CONTROLLER/gtwiz_reset_inst/reset_synchronizer_gtwiz_reset_rx_any_inst/rst_in_meta_reg/PRE,
u_ibert_gth_core/inst/QUAD[0].u_q/CH[1].u_ch/U_RESET_CONTROLLER/gtwiz_reset_inst/reset_synchronizer_gtwiz_reset_rx_any_inst/rst_in_out_reg/PRE,
u_ibert_gth_core/inst/QUAD[0].u_q/CH[1].u_ch/U_RESET_CONTROLLER/gtwiz_reset_inst/reset_synchronizer_gtwiz_reset_rx_any_inst/rst_in_sync1_reg/PRE,
u_ibert_gth_core/inst/QUAD[0].u_q/CH[1].u_ch/U_RESET_CONTROLLER/gtwiz_reset_inst/reset_synchronizer_gtwiz_reset_rx_any_inst/rst_in_sync2_reg/PRE
u_ibert_gth_core/inst/QUAD[0].u_q/CH[1].u_ch/U_RESET_CONTROLLER/gtwiz_reset_inst/reset_synchronizer_gtwiz_reset_rx_any_inst/rst_in_sync3_reg/PRE. The LUT may glitch and trigger an unexpected reset, even if it is a properly timed path.
Related violations: <none>

LUTAR-1#10 Warning
LUT drives async reset alert  
LUT cell u_ibert_gth_core/inst/QUAD[0].u_q/CH[1].u_ch/U_RESET_CONTROLLER/gtwiz_reset_inst/reset_synchronizer_gtwiz_reset_rx_datapath_inst/rst_in_meta_i_1__3, with 2 or more inputs, drives asynchronous preset/clear pin(s) u_ibert_gth_core/inst/QUAD[0].u_q/CH[1].u_ch/U_RESET_CONTROLLER/gtwiz_reset_inst/reset_synchronizer_gtwiz_reset_rx_datapath_inst/rst_in_meta_reg/PRE,
u_ibert_gth_core/inst/QUAD[0].u_q/CH[1].u_ch/U_RESET_CONTROLLER/gtwiz_reset_inst/reset_synchronizer_gtwiz_reset_rx_datapath_inst/rst_in_out_reg/PRE,
u_ibert_gth_core/inst/QUAD[0].u_q/CH[1].u_ch/U_RESET_CONTROLLER/gtwiz_reset_inst/reset_synchronizer_gtwiz_reset_rx_datapath_inst/rst_in_sync1_reg/PRE,
u_ibert_gth_core/inst/QUAD[0].u_q/CH[1].u_ch/U_RESET_CONTROLLER/gtwiz_reset_inst/reset_synchronizer_gtwiz_reset_rx_datapath_inst/rst_in_sync2_reg/PRE
u_ibert_gth_core/inst/QUAD[0].u_q/CH[1].u_ch/U_RESET_CONTROLLER/gtwiz_reset_inst/reset_synchronizer_gtwiz_reset_rx_datapath_inst/rst_in_sync3_reg/PRE. The LUT may glitch and trigger an unexpected reset, even if it is a properly timed path.
Related violations: <none>

LUTAR-1#11 Warning
LUT drives async reset alert  
LUT cell u_ibert_gth_core/inst/QUAD[0].u_q/CH[1].u_ch/U_RESET_CONTROLLER/gtwiz_reset_inst/reset_synchronizer_gtwiz_reset_rx_pll_and_datapath_inst/rst_in_meta_i_1__2, with 2 or more inputs, drives asynchronous preset/clear pin(s) u_ibert_gth_core/inst/QUAD[0].u_q/CH[1].u_ch/U_RESET_CONTROLLER/gtwiz_reset_inst/reset_synchronizer_gtwiz_reset_rx_pll_and_datapath_inst/rst_in_meta_reg/PRE,
u_ibert_gth_core/inst/QUAD[0].u_q/CH[1].u_ch/U_RESET_CONTROLLER/gtwiz_reset_inst/reset_synchronizer_gtwiz_reset_rx_pll_and_datapath_inst/rst_in_out_reg/PRE,
u_ibert_gth_core/inst/QUAD[0].u_q/CH[1].u_ch/U_RESET_CONTROLLER/gtwiz_reset_inst/reset_synchronizer_gtwiz_reset_rx_pll_and_datapath_inst/rst_in_sync1_reg/PRE,
u_ibert_gth_core/inst/QUAD[0].u_q/CH[1].u_ch/U_RESET_CONTROLLER/gtwiz_reset_inst/reset_synchronizer_gtwiz_reset_rx_pll_and_datapath_inst/rst_in_sync2_reg/PRE
u_ibert_gth_core/inst/QUAD[0].u_q/CH[1].u_ch/U_RESET_CONTROLLER/gtwiz_reset_inst/reset_synchronizer_gtwiz_reset_rx_pll_and_datapath_inst/rst_in_sync3_reg/PRE. The LUT may glitch and trigger an unexpected reset, even if it is a properly timed path.
Related violations: <none>

LUTAR-1#12 Warning
LUT drives async reset alert  
LUT cell u_ibert_gth_core/inst/QUAD[0].u_q/CH[1].u_ch/U_RESET_CONTROLLER/gtwiz_reset_inst/reset_synchronizer_gtwiz_reset_tx_any_inst/rst_in_meta_i_1, with 2 or more inputs, drives asynchronous preset/clear pin(s) u_ibert_gth_core/inst/QUAD[0].u_q/CH[1].u_ch/U_RESET_CONTROLLER/gtwiz_reset_inst/reset_synchronizer_gtwiz_reset_tx_any_inst/rst_in_meta_reg/PRE,
u_ibert_gth_core/inst/QUAD[0].u_q/CH[1].u_ch/U_RESET_CONTROLLER/gtwiz_reset_inst/reset_synchronizer_gtwiz_reset_tx_any_inst/rst_in_out_reg/PRE,
u_ibert_gth_core/inst/QUAD[0].u_q/CH[1].u_ch/U_RESET_CONTROLLER/gtwiz_reset_inst/reset_synchronizer_gtwiz_reset_tx_any_inst/rst_in_sync1_reg/PRE,
u_ibert_gth_core/inst/QUAD[0].u_q/CH[1].u_ch/U_RESET_CONTROLLER/gtwiz_reset_inst/reset_synchronizer_gtwiz_reset_tx_any_inst/rst_in_sync2_reg/PRE
u_ibert_gth_core/inst/QUAD[0].u_q/CH[1].u_ch/U_RESET_CONTROLLER/gtwiz_reset_inst/reset_synchronizer_gtwiz_reset_tx_any_inst/rst_in_sync3_reg/PRE. The LUT may glitch and trigger an unexpected reset, even if it is a properly timed path.
Related violations: <none>

LUTAR-1#13 Warning
LUT drives async reset alert  
LUT cell u_ibert_gth_core/inst/QUAD[0].u_q/CH[1].u_ch/U_RESET_CONTROLLER/gtwiz_reset_inst/reset_synchronizer_gtwiz_reset_tx_pll_and_datapath_inst/rst_in_meta_i_1__0, with 2 or more inputs, drives asynchronous preset/clear pin(s) u_ibert_gth_core/inst/QUAD[0].u_q/CH[1].u_ch/U_RESET_CONTROLLER/gtwiz_reset_inst/reset_synchronizer_gtwiz_reset_tx_pll_and_datapath_inst/rst_in_meta_reg/PRE,
u_ibert_gth_core/inst/QUAD[0].u_q/CH[1].u_ch/U_RESET_CONTROLLER/gtwiz_reset_inst/reset_synchronizer_gtwiz_reset_tx_pll_and_datapath_inst/rst_in_out_reg/PRE,
u_ibert_gth_core/inst/QUAD[0].u_q/CH[1].u_ch/U_RESET_CONTROLLER/gtwiz_reset_inst/reset_synchronizer_gtwiz_reset_tx_pll_and_datapath_inst/rst_in_sync1_reg/PRE,
u_ibert_gth_core/inst/QUAD[0].u_q/CH[1].u_ch/U_RESET_CONTROLLER/gtwiz_reset_inst/reset_synchronizer_gtwiz_reset_tx_pll_and_datapath_inst/rst_in_sync2_reg/PRE
u_ibert_gth_core/inst/QUAD[0].u_q/CH[1].u_ch/U_RESET_CONTROLLER/gtwiz_reset_inst/reset_synchronizer_gtwiz_reset_tx_pll_and_datapath_inst/rst_in_sync3_reg/PRE. The LUT may glitch and trigger an unexpected reset, even if it is a properly timed path.
Related violations: <none>

LUTAR-1#14 Warning
LUT drives async reset alert  
LUT cell u_ibert_gth_core/inst/QUAD[0].u_q/CH[1].u_ch/U_RXCDR_RESET/u_gthe4_channel_i_1, with 2 or more inputs, drives asynchronous preset/clear pin(s) u_ibert_gth_core/inst/QUAD[0].u_q/CH[1].u_ch/U_PATTERN_HANDLER/chk40.patchk40/err_cnt_reg[0]/CLR,
u_ibert_gth_core/inst/QUAD[0].u_q/CH[1].u_ch/U_PATTERN_HANDLER/chk40.patchk40/err_cnt_reg[1]/CLR,
u_ibert_gth_core/inst/QUAD[0].u_q/CH[1].u_ch/U_PATTERN_HANDLER/chk40.patchk40/err_cnt_reg[2]/CLR,
u_ibert_gth_core/inst/QUAD[0].u_q/CH[1].u_ch/U_PATTERN_HANDLER/chk40.patchk40/err_cnt_reg[3]/CLR,
u_ibert_gth_core/inst/QUAD[0].u_q/CH[1].u_ch/U_PATTERN_HANDLER/chk40.patchk40/err_cnt_reg[4]/PRE,
u_ibert_gth_core/inst/QUAD[0].u_q/CH[1].u_ch/U_PATTERN_HANDLER/chk40.patchk40/err_cnt_reg[5]/CLR,
u_ibert_gth_core/inst/QUAD[0].u_q/CH[1].u_ch/U_PATTERN_HANDLER/chk40.patchk40/link_down_reg/PRE
u_ibert_gth_core/inst/QUAD[0].u_q/CH[1].u_ch/U_PATTERN_HANDLER/chk40.patchk40/link_reg/CLR. The LUT may glitch and trigger an unexpected reset, even if it is a properly timed path.
Related violations: <none>

LUTAR-1#15 Warning
LUT drives async reset alert  
LUT cell u_ibert_gth_core/inst/QUAD[0].u_q/CH[1].u_ch/enable_cal_block.cpll_cal_inst_i/reset_synchronizer_resetin_inst/rst_in_meta_i_1, with 2 or more inputs, drives asynchronous preset/clear pin(s) u_ibert_gth_core/inst/QUAD[0].u_q/CH[1].u_ch/enable_cal_block.cpll_cal_inst_i/reset_synchronizer_resetin_inst/rst_in_meta_reg/PRE,
u_ibert_gth_core/inst/QUAD[0].u_q/CH[1].u_ch/enable_cal_block.cpll_cal_inst_i/reset_synchronizer_resetin_inst/rst_in_out_reg/PRE,
u_ibert_gth_core/inst/QUAD[0].u_q/CH[1].u_ch/enable_cal_block.cpll_cal_inst_i/reset_synchronizer_resetin_inst/rst_in_sync1_reg/PRE,
u_ibert_gth_core/inst/QUAD[0].u_q/CH[1].u_ch/enable_cal_block.cpll_cal_inst_i/reset_synchronizer_resetin_inst/rst_in_sync2_reg/PRE
u_ibert_gth_core/inst/QUAD[0].u_q/CH[1].u_ch/enable_cal_block.cpll_cal_inst_i/reset_synchronizer_resetin_inst/rst_in_sync3_reg/PRE. The LUT may glitch and trigger an unexpected reset, even if it is a properly timed path.
Related violations: <none>

LUTAR-1#16 Warning
LUT drives async reset alert  
LUT cell u_ibert_gth_core/inst/QUAD[0].u_q/CH[2].u_ch/U_RESET_CONTROLLER/gtwiz_reset_inst/reset_synchronizer_gtwiz_reset_rx_any_inst/rst_in_meta_i_1__1, with 2 or more inputs, drives asynchronous preset/clear pin(s) u_ibert_gth_core/inst/QUAD[0].u_q/CH[2].u_ch/U_RESET_CONTROLLER/gtwiz_reset_inst/reset_synchronizer_gtwiz_reset_rx_any_inst/rst_in_meta_reg/PRE,
u_ibert_gth_core/inst/QUAD[0].u_q/CH[2].u_ch/U_RESET_CONTROLLER/gtwiz_reset_inst/reset_synchronizer_gtwiz_reset_rx_any_inst/rst_in_out_reg/PRE,
u_ibert_gth_core/inst/QUAD[0].u_q/CH[2].u_ch/U_RESET_CONTROLLER/gtwiz_reset_inst/reset_synchronizer_gtwiz_reset_rx_any_inst/rst_in_sync1_reg/PRE,
u_ibert_gth_core/inst/QUAD[0].u_q/CH[2].u_ch/U_RESET_CONTROLLER/gtwiz_reset_inst/reset_synchronizer_gtwiz_reset_rx_any_inst/rst_in_sync2_reg/PRE
u_ibert_gth_core/inst/QUAD[0].u_q/CH[2].u_ch/U_RESET_CONTROLLER/gtwiz_reset_inst/reset_synchronizer_gtwiz_reset_rx_any_inst/rst_in_sync3_reg/PRE. The LUT may glitch and trigger an unexpected reset, even if it is a properly timed path.
Related violations: <none>

LUTAR-1#17 Warning
LUT drives async reset alert  
LUT cell u_ibert_gth_core/inst/QUAD[0].u_q/CH[2].u_ch/U_RESET_CONTROLLER/gtwiz_reset_inst/reset_synchronizer_gtwiz_reset_rx_datapath_inst/rst_in_meta_i_1__3, with 2 or more inputs, drives asynchronous preset/clear pin(s) u_ibert_gth_core/inst/QUAD[0].u_q/CH[2].u_ch/U_RESET_CONTROLLER/gtwiz_reset_inst/reset_synchronizer_gtwiz_reset_rx_datapath_inst/rst_in_meta_reg/PRE,
u_ibert_gth_core/inst/QUAD[0].u_q/CH[2].u_ch/U_RESET_CONTROLLER/gtwiz_reset_inst/reset_synchronizer_gtwiz_reset_rx_datapath_inst/rst_in_out_reg/PRE,
u_ibert_gth_core/inst/QUAD[0].u_q/CH[2].u_ch/U_RESET_CONTROLLER/gtwiz_reset_inst/reset_synchronizer_gtwiz_reset_rx_datapath_inst/rst_in_sync1_reg/PRE,
u_ibert_gth_core/inst/QUAD[0].u_q/CH[2].u_ch/U_RESET_CONTROLLER/gtwiz_reset_inst/reset_synchronizer_gtwiz_reset_rx_datapath_inst/rst_in_sync2_reg/PRE
u_ibert_gth_core/inst/QUAD[0].u_q/CH[2].u_ch/U_RESET_CONTROLLER/gtwiz_reset_inst/reset_synchronizer_gtwiz_reset_rx_datapath_inst/rst_in_sync3_reg/PRE. The LUT may glitch and trigger an unexpected reset, even if it is a properly timed path.
Related violations: <none>

LUTAR-1#18 Warning
LUT drives async reset alert  
LUT cell u_ibert_gth_core/inst/QUAD[0].u_q/CH[2].u_ch/U_RESET_CONTROLLER/gtwiz_reset_inst/reset_synchronizer_gtwiz_reset_rx_pll_and_datapath_inst/rst_in_meta_i_1__2, with 2 or more inputs, drives asynchronous preset/clear pin(s) u_ibert_gth_core/inst/QUAD[0].u_q/CH[2].u_ch/U_RESET_CONTROLLER/gtwiz_reset_inst/reset_synchronizer_gtwiz_reset_rx_pll_and_datapath_inst/rst_in_meta_reg/PRE,
u_ibert_gth_core/inst/QUAD[0].u_q/CH[2].u_ch/U_RESET_CONTROLLER/gtwiz_reset_inst/reset_synchronizer_gtwiz_reset_rx_pll_and_datapath_inst/rst_in_out_reg/PRE,
u_ibert_gth_core/inst/QUAD[0].u_q/CH[2].u_ch/U_RESET_CONTROLLER/gtwiz_reset_inst/reset_synchronizer_gtwiz_reset_rx_pll_and_datapath_inst/rst_in_sync1_reg/PRE,
u_ibert_gth_core/inst/QUAD[0].u_q/CH[2].u_ch/U_RESET_CONTROLLER/gtwiz_reset_inst/reset_synchronizer_gtwiz_reset_rx_pll_and_datapath_inst/rst_in_sync2_reg/PRE
u_ibert_gth_core/inst/QUAD[0].u_q/CH[2].u_ch/U_RESET_CONTROLLER/gtwiz_reset_inst/reset_synchronizer_gtwiz_reset_rx_pll_and_datapath_inst/rst_in_sync3_reg/PRE. The LUT may glitch and trigger an unexpected reset, even if it is a properly timed path.
Related violations: <none>

LUTAR-1#19 Warning
LUT drives async reset alert  
LUT cell u_ibert_gth_core/inst/QUAD[0].u_q/CH[2].u_ch/U_RESET_CONTROLLER/gtwiz_reset_inst/reset_synchronizer_gtwiz_reset_tx_any_inst/rst_in_meta_i_1, with 2 or more inputs, drives asynchronous preset/clear pin(s) u_ibert_gth_core/inst/QUAD[0].u_q/CH[2].u_ch/U_RESET_CONTROLLER/gtwiz_reset_inst/reset_synchronizer_gtwiz_reset_tx_any_inst/rst_in_meta_reg/PRE,
u_ibert_gth_core/inst/QUAD[0].u_q/CH[2].u_ch/U_RESET_CONTROLLER/gtwiz_reset_inst/reset_synchronizer_gtwiz_reset_tx_any_inst/rst_in_out_reg/PRE,
u_ibert_gth_core/inst/QUAD[0].u_q/CH[2].u_ch/U_RESET_CONTROLLER/gtwiz_reset_inst/reset_synchronizer_gtwiz_reset_tx_any_inst/rst_in_sync1_reg/PRE,
u_ibert_gth_core/inst/QUAD[0].u_q/CH[2].u_ch/U_RESET_CONTROLLER/gtwiz_reset_inst/reset_synchronizer_gtwiz_reset_tx_any_inst/rst_in_sync2_reg/PRE
u_ibert_gth_core/inst/QUAD[0].u_q/CH[2].u_ch/U_RESET_CONTROLLER/gtwiz_reset_inst/reset_synchronizer_gtwiz_reset_tx_any_inst/rst_in_sync3_reg/PRE. The LUT may glitch and trigger an unexpected reset, even if it is a properly timed path.
Related violations: <none>

LUTAR-1#20 Warning
LUT drives async reset alert  
LUT cell u_ibert_gth_core/inst/QUAD[0].u_q/CH[2].u_ch/U_RESET_CONTROLLER/gtwiz_reset_inst/reset_synchronizer_gtwiz_reset_tx_pll_and_datapath_inst/rst_in_meta_i_1__0, with 2 or more inputs, drives asynchronous preset/clear pin(s) u_ibert_gth_core/inst/QUAD[0].u_q/CH[2].u_ch/U_RESET_CONTROLLER/gtwiz_reset_inst/reset_synchronizer_gtwiz_reset_tx_pll_and_datapath_inst/rst_in_meta_reg/PRE,
u_ibert_gth_core/inst/QUAD[0].u_q/CH[2].u_ch/U_RESET_CONTROLLER/gtwiz_reset_inst/reset_synchronizer_gtwiz_reset_tx_pll_and_datapath_inst/rst_in_out_reg/PRE,
u_ibert_gth_core/inst/QUAD[0].u_q/CH[2].u_ch/U_RESET_CONTROLLER/gtwiz_reset_inst/reset_synchronizer_gtwiz_reset_tx_pll_and_datapath_inst/rst_in_sync1_reg/PRE,
u_ibert_gth_core/inst/QUAD[0].u_q/CH[2].u_ch/U_RESET_CONTROLLER/gtwiz_reset_inst/reset_synchronizer_gtwiz_reset_tx_pll_and_datapath_inst/rst_in_sync2_reg/PRE
u_ibert_gth_core/inst/QUAD[0].u_q/CH[2].u_ch/U_RESET_CONTROLLER/gtwiz_reset_inst/reset_synchronizer_gtwiz_reset_tx_pll_and_datapath_inst/rst_in_sync3_reg/PRE. The LUT may glitch and trigger an unexpected reset, even if it is a properly timed path.
Related violations: <none>

LUTAR-1#21 Warning
LUT drives async reset alert  
LUT cell u_ibert_gth_core/inst/QUAD[0].u_q/CH[2].u_ch/U_RXCDR_RESET/u_gthe4_channel_i_1, with 2 or more inputs, drives asynchronous preset/clear pin(s) u_ibert_gth_core/inst/QUAD[0].u_q/CH[2].u_ch/U_PATTERN_HANDLER/chk40.patchk40/err_cnt_reg[0]/CLR,
u_ibert_gth_core/inst/QUAD[0].u_q/CH[2].u_ch/U_PATTERN_HANDLER/chk40.patchk40/err_cnt_reg[1]/CLR,
u_ibert_gth_core/inst/QUAD[0].u_q/CH[2].u_ch/U_PATTERN_HANDLER/chk40.patchk40/err_cnt_reg[2]/CLR,
u_ibert_gth_core/inst/QUAD[0].u_q/CH[2].u_ch/U_PATTERN_HANDLER/chk40.patchk40/err_cnt_reg[3]/CLR,
u_ibert_gth_core/inst/QUAD[0].u_q/CH[2].u_ch/U_PATTERN_HANDLER/chk40.patchk40/err_cnt_reg[4]/PRE,
u_ibert_gth_core/inst/QUAD[0].u_q/CH[2].u_ch/U_PATTERN_HANDLER/chk40.patchk40/err_cnt_reg[5]/CLR,
u_ibert_gth_core/inst/QUAD[0].u_q/CH[2].u_ch/U_PATTERN_HANDLER/chk40.patchk40/link_down_reg/PRE
u_ibert_gth_core/inst/QUAD[0].u_q/CH[2].u_ch/U_PATTERN_HANDLER/chk40.patchk40/link_reg/CLR. The LUT may glitch and trigger an unexpected reset, even if it is a properly timed path.
Related violations: <none>

LUTAR-1#22 Warning
LUT drives async reset alert  
LUT cell u_ibert_gth_core/inst/QUAD[0].u_q/CH[2].u_ch/enable_cal_block.cpll_cal_inst_i/reset_synchronizer_resetin_inst/rst_in_meta_i_1, with 2 or more inputs, drives asynchronous preset/clear pin(s) u_ibert_gth_core/inst/QUAD[0].u_q/CH[2].u_ch/enable_cal_block.cpll_cal_inst_i/reset_synchronizer_resetin_inst/rst_in_meta_reg/PRE,
u_ibert_gth_core/inst/QUAD[0].u_q/CH[2].u_ch/enable_cal_block.cpll_cal_inst_i/reset_synchronizer_resetin_inst/rst_in_out_reg/PRE,
u_ibert_gth_core/inst/QUAD[0].u_q/CH[2].u_ch/enable_cal_block.cpll_cal_inst_i/reset_synchronizer_resetin_inst/rst_in_sync1_reg/PRE,
u_ibert_gth_core/inst/QUAD[0].u_q/CH[2].u_ch/enable_cal_block.cpll_cal_inst_i/reset_synchronizer_resetin_inst/rst_in_sync2_reg/PRE
u_ibert_gth_core/inst/QUAD[0].u_q/CH[2].u_ch/enable_cal_block.cpll_cal_inst_i/reset_synchronizer_resetin_inst/rst_in_sync3_reg/PRE. The LUT may glitch and trigger an unexpected reset, even if it is a properly timed path.
Related violations: <none>

LUTAR-1#23 Warning
LUT drives async reset alert  
LUT cell u_ibert_gth_core/inst/QUAD[0].u_q/CH[3].u_ch/U_RESET_CONTROLLER/gtwiz_reset_inst/reset_synchronizer_gtwiz_reset_rx_any_inst/rst_in_meta_i_1__1, with 2 or more inputs, drives asynchronous preset/clear pin(s) u_ibert_gth_core/inst/QUAD[0].u_q/CH[3].u_ch/U_RESET_CONTROLLER/gtwiz_reset_inst/reset_synchronizer_gtwiz_reset_rx_any_inst/rst_in_meta_reg/PRE,
u_ibert_gth_core/inst/QUAD[0].u_q/CH[3].u_ch/U_RESET_CONTROLLER/gtwiz_reset_inst/reset_synchronizer_gtwiz_reset_rx_any_inst/rst_in_out_reg/PRE,
u_ibert_gth_core/inst/QUAD[0].u_q/CH[3].u_ch/U_RESET_CONTROLLER/gtwiz_reset_inst/reset_synchronizer_gtwiz_reset_rx_any_inst/rst_in_sync1_reg/PRE,
u_ibert_gth_core/inst/QUAD[0].u_q/CH[3].u_ch/U_RESET_CONTROLLER/gtwiz_reset_inst/reset_synchronizer_gtwiz_reset_rx_any_inst/rst_in_sync2_reg/PRE
u_ibert_gth_core/inst/QUAD[0].u_q/CH[3].u_ch/U_RESET_CONTROLLER/gtwiz_reset_inst/reset_synchronizer_gtwiz_reset_rx_any_inst/rst_in_sync3_reg/PRE. The LUT may glitch and trigger an unexpected reset, even if it is a properly timed path.
Related violations: <none>

LUTAR-1#24 Warning
LUT drives async reset alert  
LUT cell u_ibert_gth_core/inst/QUAD[0].u_q/CH[3].u_ch/U_RESET_CONTROLLER/gtwiz_reset_inst/reset_synchronizer_gtwiz_reset_rx_datapath_inst/rst_in_meta_i_1__3, with 2 or more inputs, drives asynchronous preset/clear pin(s) u_ibert_gth_core/inst/QUAD[0].u_q/CH[3].u_ch/U_RESET_CONTROLLER/gtwiz_reset_inst/reset_synchronizer_gtwiz_reset_rx_datapath_inst/rst_in_meta_reg/PRE,
u_ibert_gth_core/inst/QUAD[0].u_q/CH[3].u_ch/U_RESET_CONTROLLER/gtwiz_reset_inst/reset_synchronizer_gtwiz_reset_rx_datapath_inst/rst_in_out_reg/PRE,
u_ibert_gth_core/inst/QUAD[0].u_q/CH[3].u_ch/U_RESET_CONTROLLER/gtwiz_reset_inst/reset_synchronizer_gtwiz_reset_rx_datapath_inst/rst_in_sync1_reg/PRE,
u_ibert_gth_core/inst/QUAD[0].u_q/CH[3].u_ch/U_RESET_CONTROLLER/gtwiz_reset_inst/reset_synchronizer_gtwiz_reset_rx_datapath_inst/rst_in_sync2_reg/PRE
u_ibert_gth_core/inst/QUAD[0].u_q/CH[3].u_ch/U_RESET_CONTROLLER/gtwiz_reset_inst/reset_synchronizer_gtwiz_reset_rx_datapath_inst/rst_in_sync3_reg/PRE. The LUT may glitch and trigger an unexpected reset, even if it is a properly timed path.
Related violations: <none>

LUTAR-1#25 Warning
LUT drives async reset alert  
LUT cell u_ibert_gth_core/inst/QUAD[0].u_q/CH[3].u_ch/U_RESET_CONTROLLER/gtwiz_reset_inst/reset_synchronizer_gtwiz_reset_rx_pll_and_datapath_inst/rst_in_meta_i_1__2, with 2 or more inputs, drives asynchronous preset/clear pin(s) u_ibert_gth_core/inst/QUAD[0].u_q/CH[3].u_ch/U_RESET_CONTROLLER/gtwiz_reset_inst/reset_synchronizer_gtwiz_reset_rx_pll_and_datapath_inst/rst_in_meta_reg/PRE,
u_ibert_gth_core/inst/QUAD[0].u_q/CH[3].u_ch/U_RESET_CONTROLLER/gtwiz_reset_inst/reset_synchronizer_gtwiz_reset_rx_pll_and_datapath_inst/rst_in_out_reg/PRE,
u_ibert_gth_core/inst/QUAD[0].u_q/CH[3].u_ch/U_RESET_CONTROLLER/gtwiz_reset_inst/reset_synchronizer_gtwiz_reset_rx_pll_and_datapath_inst/rst_in_sync1_reg/PRE,
u_ibert_gth_core/inst/QUAD[0].u_q/CH[3].u_ch/U_RESET_CONTROLLER/gtwiz_reset_inst/reset_synchronizer_gtwiz_reset_rx_pll_and_datapath_inst/rst_in_sync2_reg/PRE
u_ibert_gth_core/inst/QUAD[0].u_q/CH[3].u_ch/U_RESET_CONTROLLER/gtwiz_reset_inst/reset_synchronizer_gtwiz_reset_rx_pll_and_datapath_inst/rst_in_sync3_reg/PRE. The LUT may glitch and trigger an unexpected reset, even if it is a properly timed path.
Related violations: <none>

LUTAR-1#26 Warning
LUT drives async reset alert  
LUT cell u_ibert_gth_core/inst/QUAD[0].u_q/CH[3].u_ch/U_RESET_CONTROLLER/gtwiz_reset_inst/reset_synchronizer_gtwiz_reset_tx_any_inst/rst_in_meta_i_1, with 2 or more inputs, drives asynchronous preset/clear pin(s) u_ibert_gth_core/inst/QUAD[0].u_q/CH[3].u_ch/U_RESET_CONTROLLER/gtwiz_reset_inst/reset_synchronizer_gtwiz_reset_tx_any_inst/rst_in_meta_reg/PRE,
u_ibert_gth_core/inst/QUAD[0].u_q/CH[3].u_ch/U_RESET_CONTROLLER/gtwiz_reset_inst/reset_synchronizer_gtwiz_reset_tx_any_inst/rst_in_out_reg/PRE,
u_ibert_gth_core/inst/QUAD[0].u_q/CH[3].u_ch/U_RESET_CONTROLLER/gtwiz_reset_inst/reset_synchronizer_gtwiz_reset_tx_any_inst/rst_in_sync1_reg/PRE,
u_ibert_gth_core/inst/QUAD[0].u_q/CH[3].u_ch/U_RESET_CONTROLLER/gtwiz_reset_inst/reset_synchronizer_gtwiz_reset_tx_any_inst/rst_in_sync2_reg/PRE
u_ibert_gth_core/inst/QUAD[0].u_q/CH[3].u_ch/U_RESET_CONTROLLER/gtwiz_reset_inst/reset_synchronizer_gtwiz_reset_tx_any_inst/rst_in_sync3_reg/PRE. The LUT may glitch and trigger an unexpected reset, even if it is a properly timed path.
Related violations: <none>

LUTAR-1#27 Warning
LUT drives async reset alert  
LUT cell u_ibert_gth_core/inst/QUAD[0].u_q/CH[3].u_ch/U_RESET_CONTROLLER/gtwiz_reset_inst/reset_synchronizer_gtwiz_reset_tx_pll_and_datapath_inst/rst_in_meta_i_1__0, with 2 or more inputs, drives asynchronous preset/clear pin(s) u_ibert_gth_core/inst/QUAD[0].u_q/CH[3].u_ch/U_RESET_CONTROLLER/gtwiz_reset_inst/reset_synchronizer_gtwiz_reset_tx_pll_and_datapath_inst/rst_in_meta_reg/PRE,
u_ibert_gth_core/inst/QUAD[0].u_q/CH[3].u_ch/U_RESET_CONTROLLER/gtwiz_reset_inst/reset_synchronizer_gtwiz_reset_tx_pll_and_datapath_inst/rst_in_out_reg/PRE,
u_ibert_gth_core/inst/QUAD[0].u_q/CH[3].u_ch/U_RESET_CONTROLLER/gtwiz_reset_inst/reset_synchronizer_gtwiz_reset_tx_pll_and_datapath_inst/rst_in_sync1_reg/PRE,
u_ibert_gth_core/inst/QUAD[0].u_q/CH[3].u_ch/U_RESET_CONTROLLER/gtwiz_reset_inst/reset_synchronizer_gtwiz_reset_tx_pll_and_datapath_inst/rst_in_sync2_reg/PRE
u_ibert_gth_core/inst/QUAD[0].u_q/CH[3].u_ch/U_RESET_CONTROLLER/gtwiz_reset_inst/reset_synchronizer_gtwiz_reset_tx_pll_and_datapath_inst/rst_in_sync3_reg/PRE. The LUT may glitch and trigger an unexpected reset, even if it is a properly timed path.
Related violations: <none>

LUTAR-1#28 Warning
LUT drives async reset alert  
LUT cell u_ibert_gth_core/inst/QUAD[0].u_q/CH[3].u_ch/U_RXCDR_RESET/u_gthe4_channel_i_1, with 2 or more inputs, drives asynchronous preset/clear pin(s) u_ibert_gth_core/inst/QUAD[0].u_q/CH[3].u_ch/U_PATTERN_HANDLER/chk40.patchk40/err_cnt_reg[0]/CLR,
u_ibert_gth_core/inst/QUAD[0].u_q/CH[3].u_ch/U_PATTERN_HANDLER/chk40.patchk40/err_cnt_reg[1]/CLR,
u_ibert_gth_core/inst/QUAD[0].u_q/CH[3].u_ch/U_PATTERN_HANDLER/chk40.patchk40/err_cnt_reg[2]/CLR,
u_ibert_gth_core/inst/QUAD[0].u_q/CH[3].u_ch/U_PATTERN_HANDLER/chk40.patchk40/err_cnt_reg[3]/CLR,
u_ibert_gth_core/inst/QUAD[0].u_q/CH[3].u_ch/U_PATTERN_HANDLER/chk40.patchk40/err_cnt_reg[4]/PRE,
u_ibert_gth_core/inst/QUAD[0].u_q/CH[3].u_ch/U_PATTERN_HANDLER/chk40.patchk40/err_cnt_reg[5]/CLR,
u_ibert_gth_core/inst/QUAD[0].u_q/CH[3].u_ch/U_PATTERN_HANDLER/chk40.patchk40/link_down_reg/PRE
u_ibert_gth_core/inst/QUAD[0].u_q/CH[3].u_ch/U_PATTERN_HANDLER/chk40.patchk40/link_reg/CLR. The LUT may glitch and trigger an unexpected reset, even if it is a properly timed path.
Related violations: <none>

LUTAR-1#29 Warning
LUT drives async reset alert  
LUT cell u_ibert_gth_core/inst/QUAD[0].u_q/CH[3].u_ch/enable_cal_block.cpll_cal_inst_i/reset_synchronizer_resetin_inst/rst_in_meta_i_1, with 2 or more inputs, drives asynchronous preset/clear pin(s) u_ibert_gth_core/inst/QUAD[0].u_q/CH[3].u_ch/enable_cal_block.cpll_cal_inst_i/reset_synchronizer_resetin_inst/rst_in_meta_reg/PRE,
u_ibert_gth_core/inst/QUAD[0].u_q/CH[3].u_ch/enable_cal_block.cpll_cal_inst_i/reset_synchronizer_resetin_inst/rst_in_out_reg/PRE,
u_ibert_gth_core/inst/QUAD[0].u_q/CH[3].u_ch/enable_cal_block.cpll_cal_inst_i/reset_synchronizer_resetin_inst/rst_in_sync1_reg/PRE,
u_ibert_gth_core/inst/QUAD[0].u_q/CH[3].u_ch/enable_cal_block.cpll_cal_inst_i/reset_synchronizer_resetin_inst/rst_in_sync2_reg/PRE
u_ibert_gth_core/inst/QUAD[0].u_q/CH[3].u_ch/enable_cal_block.cpll_cal_inst_i/reset_synchronizer_resetin_inst/rst_in_sync3_reg/PRE. The LUT may glitch and trigger an unexpected reset, even if it is a properly timed path.
Related violations: <none>

TIMING-9#1 Warning
Unknown CDC Logic  
One or more asynchronous Clock Domain Crossing has been detected between 2 clock domains through a set_false_path or a set_clock_groups or set_max_delay -datapath_only constraint but no double-registers logic synchronizer has been found on the side of the capture clock. It is recommended to run report_cdc for a complete and detailed CDC coverage. Please consider using XPM_CDC to avoid Critical severities
Related violations: <none>

TIMING-10#1 Warning
Missing property on synchronizer  
One or more logic synchronizer has been detected between 2 clock domains but the synchronizer does not have the property ASYNC_REG defined on one or both registers. It is recommended to run report_cdc for a complete and detailed CDC coverage
Related violations: <none>

TIMING-47#1 Warning
False path, asynchronous clock group or max delay datapath only constraint between synchronous clocks  
A Clock Group timing constraint is set between synchronous clocks refclkoutmonitor0_com and USE_DIVIDER.dclk_mmcm (see constraint position 42 in the Timing Constraint window in Vivado IDE). Masking entire synchronous clock domains via  set_false_path, set_clock_groups or set_max_delay -datapath_only may result in failure in hardware.
Related violations: <none>

CLKC-47#1 Advisory
GTHE4_COMMON REFCLKMONITOR pin should drive BUFG  
The GTHE4_COMMON cell u_ibert_gth_core/inst/QUAD[0].u_q/u_common/u_gthe4_common pin u_ibert_gth_core/inst/QUAD[0].u_q/u_common/u_gthe4_common/REFCLKOUTMONITOR0 should be driving a global clock buffer such as BUFGCE, BUFGCE_DIV, or BUFGCTRL, but not a BUFG_GT. Instead, it is driving a FDRE cell u_ibert_gth_core/inst/QUAD[0].u_q/u_common/U_COMMON_REGS/reg_40e/I_EN_STAT_EQ1.U_STAT/xsdb_reg_reg[3] (and 1 other loads).
Related violations: <none>

CLKC-47#2 Advisory
GTHE4_COMMON REFCLKMONITOR pin should drive BUFG  
The GTHE4_COMMON cell u_ibert_gth_core/inst/QUAD[0].u_q/u_common/u_gthe4_common pin u_ibert_gth_core/inst/QUAD[0].u_q/u_common/u_gthe4_common/REFCLKOUTMONITOR1 should be driving a global clock buffer such as BUFGCE, BUFGCE_DIV, or BUFGCTRL, but not a BUFG_GT. Instead, it is driving a FDRE cell u_ibert_gth_core/inst/QUAD[0].u_q/u_common/U_COMMON_REGS/reg_40e/I_EN_STAT_EQ1.U_STAT/xsdb_reg_reg[4] (and 1 other loads).
Related violations: <none>

CLKC-56#1 Advisory
MMCME4 with global clock driver has no LOC  
The MMCME4_ADV cell dbg_hub/inst/BSCANID.u_xsdbm_id/USE_DIVIDER.ULTRASCALEPLUS.U_GT_MMCM CLKIN1 or CLKIN2 pin is driven by global Clock buffer(s) u_gth_sysclk_internal and does not have a LOC constraint. It is recommended to LOC the MMCM and use the CLOCK_DEDICATED_ROUTE constraint on the net(s) driven by the global Clock buffer(s).
Related violations: <none>


