Copyright 1986-2022 Xilinx, Inc. All Rights Reserved.
---------------------------------------------------------------------------------------------------------------------------------------------------------
| Tool Version : Vivado v.2022.2 (win64) Build 3671981 Fri Oct 14 05:00:03 MDT 2022
| Date         : Wed Oct  7 11:13:24 2026
| Host         : LAPTOP-CHCSI1R5 running 64-bit major release  (build 9200)
| Command      : report_utilization -file example_ibert_ultrascale_gth_0_utilization_placed.rpt -pb example_ibert_ultrascale_gth_0_utilization_placed.pb
| Design       : example_ibert_ultrascale_gth_0
| Device       : xck26-sfvc784-2LV-c
| Speed File   : -2LV
| Design State : Fully Placed
---------------------------------------------------------------------------------------------------------------------------------------------------------

Utilization Design Information

Table of Contents
-----------------
1. CLB Logic
1.1 Summary of Registers by Type
2. CLB Logic Distribution
3. BLOCKRAM
4. ARITHMETIC
5. I/O
6. CLOCK
7. ADVANCED
8. CONFIGURATION
9. Primitives
10. Black Boxes
11. Instantiated Netlists

1. CLB Logic
------------

+----------------------------+-------+-------+------------+-----------+-------+
|          Site Type         |  Used | Fixed | Prohibited | Available | Util% |
+----------------------------+-------+-------+------------+-----------+-------+
| CLB LUTs                   |  9025 |     0 |          0 |    117120 |  7.71 |
|   LUT as Logic             |  8761 |     0 |          0 |    117120 |  7.48 |
|   LUT as Memory            |   264 |     0 |          0 |     57600 |  0.46 |
|     LUT as Distributed RAM |   124 |     0 |            |           |       |
|     LUT as Shift Register  |   140 |     0 |            |           |       |
| CLB Registers              | 18027 |     0 |          0 |    234240 |  7.70 |
|   Register as Flip Flop    | 18027 |     0 |          0 |    234240 |  7.70 |
|   Register as Latch        |     0 |     0 |          0 |    234240 |  0.00 |
| CARRY8                     |   164 |     0 |          0 |     14640 |  1.12 |
| F7 Muxes                   |   588 |     0 |          0 |     58560 |  1.00 |
| F8 Muxes                   |    64 |     0 |          0 |     29280 |  0.22 |
| F9 Muxes                   |     0 |     0 |          0 |     14640 |  0.00 |
+----------------------------+-------+-------+------------+-----------+-------+
* Warning! LUT value is adjusted to account for LUT combining.


1.1 Summary of Registers by Type
--------------------------------

+-------+--------------+-------------+--------------+
| Total | Clock Enable | Synchronous | Asynchronous |
+-------+--------------+-------------+--------------+
| 0     |            _ |           - |            - |
| 0     |            _ |           - |          Set |
| 0     |            _ |           - |        Reset |
| 0     |            _ |         Set |            - |
| 0     |            _ |       Reset |            - |
| 0     |          Yes |           - |            - |
| 313   |          Yes |           - |          Set |
| 659   |          Yes |           - |        Reset |
| 279   |          Yes |         Set |            - |
| 16776 |          Yes |       Reset |            - |
+-------+--------------+-------------+--------------+


2. CLB Logic Distribution
-------------------------

+--------------------------------------------+-------+-------+------------+-----------+-------+
|                  Site Type                 |  Used | Fixed | Prohibited | Available | Util% |
+--------------------------------------------+-------+-------+------------+-----------+-------+
| CLB                                        |  2470 |     0 |          0 |     14640 | 16.87 |
|   CLBL                                     |  1375 |     0 |            |           |       |
|   CLBM                                     |  1095 |     0 |            |           |       |
| LUT as Logic                               |  8761 |     0 |          0 |    117120 |  7.48 |
|   using O5 output only                     |   221 |       |            |           |       |
|   using O6 output only                     |  6502 |       |            |           |       |
|   using O5 and O6                          |  2038 |       |            |           |       |
| LUT as Memory                              |   264 |     0 |          0 |     57600 |  0.46 |
|   LUT as Distributed RAM                   |   124 |     0 |            |           |       |
|     using O5 output only                   |     0 |       |            |           |       |
|     using O6 output only                   |     8 |       |            |           |       |
|     using O5 and O6                        |   116 |       |            |           |       |
|   LUT as Shift Register                    |   140 |     0 |            |           |       |
|     using O5 output only                   |     0 |       |            |           |       |
|     using O6 output only                   |    70 |       |            |           |       |
|     using O5 and O6                        |    70 |       |            |           |       |
| CLB Registers                              | 18027 |     0 |          0 |    234240 |  7.70 |
|   Register driven from within the CLB      |  6400 |       |            |           |       |
|   Register driven from outside the CLB     | 11627 |       |            |           |       |
|     LUT in front of the register is unused |  7557 |       |            |           |       |
|     LUT in front of the register is used   |  4070 |       |            |           |       |
| Unique Control Sets                        |   858 |       |          0 |     29280 |  2.93 |
+--------------------------------------------+-------+-------+------------+-----------+-------+
* * Note: Available Control Sets calculated as Slices * 2, Review the Control Sets Report for more information regarding control sets.


3. BLOCKRAM
-----------

+-------------------+------+-------+------------+-----------+-------+
|     Site Type     | Used | Fixed | Prohibited | Available | Util% |
+-------------------+------+-------+------------+-----------+-------+
| Block RAM Tile    |   20 |     0 |          0 |       144 | 13.89 |
|   RAMB36/FIFO*    |   20 |     0 |          0 |       144 | 13.89 |
|     RAMB36E2 only |   20 |       |            |           |       |
|   RAMB18          |    0 |     0 |          0 |       288 |  0.00 |
| URAM              |    0 |     0 |          0 |        64 |  0.00 |
+-------------------+------+-------+------------+-----------+-------+
* Note: Each Block RAM Tile only has one FIFO logic available and therefore can accommodate only one FIFO36E2 or one FIFO18E2. However, if a FIFO18E2 occupies a Block RAM Tile, that tile can still accommodate a RAMB18E2


4. ARITHMETIC
-------------

+----------------+------+-------+------------+-----------+-------+
|    Site Type   | Used | Fixed | Prohibited | Available | Util% |
+----------------+------+-------+------------+-----------+-------+
| DSPs           |    8 |     0 |          0 |      1248 |  0.64 |
|   DSP48E2 only |    8 |       |            |           |       |
+----------------+------+-------+------------+-----------+-------+


5. I/O
------

+------------------+------+-------+------------+-----------+-------+
|     Site Type    | Used | Fixed | Prohibited | Available | Util% |
+------------------+------+-------+------------+-----------+-------+
| Bonded IOB       |    1 |     1 |          0 |       189 |  0.53 |
| HPIOB_M          |    0 |     0 |          0 |        58 |  0.00 |
| HPIOB_S          |    0 |     0 |          0 |        58 |  0.00 |
| HDIOB_M          |    0 |     0 |          0 |        35 |  0.00 |
| HDIOB_S          |    1 |     1 |          0 |        35 |  2.86 |
|   INPUT          |    0 |       |            |           |       |
|   OUTPUT         |    1 |       |            |           |       |
|   BIDIR          |    0 |       |            |           |       |
| HPIOB_SNGL       |    0 |     0 |          0 |         3 |  0.00 |
| HPIOBDIFFINBUF   |    0 |     0 |          0 |        82 |  0.00 |
| HPIOBDIFFOUTBUF  |    0 |     0 |          0 |        82 |  0.00 |
| HDIOBDIFFINBUF   |    0 |     0 |          0 |        35 |  0.00 |
| BITSLICE_CONTROL |    0 |     0 |          0 |        32 |  0.00 |
| BITSLICE_RX_TX   |    0 |     0 |          0 |      1248 |  0.00 |
| BITSLICE_TX      |    0 |     0 |          0 |        32 |  0.00 |
| RIU_OR           |    0 |     0 |          0 |        16 |  0.00 |
+------------------+------+-------+------------+-----------+-------+


6. CLOCK
--------

+----------------------+------+-------+------------+-----------+-------+
|       Site Type      | Used | Fixed | Prohibited | Available | Util% |
+----------------------+------+-------+------------+-----------+-------+
| GLOBAL CLOCK BUFFERs |   23 |     0 |          0 |       352 |  6.53 |
|   BUFGCE             |    2 |     0 |          0 |       112 |  1.79 |
|   BUFGCE_DIV         |    0 |     0 |          0 |        16 |  0.00 |
|   BUFG_GT            |   21 |     0 |          0 |        96 | 21.88 |
|   BUFG_PS            |    0 |     0 |          0 |        96 |  0.00 |
|   BUFGCTRL*          |    0 |     0 |          0 |        32 |  0.00 |
| PLL                  |    0 |     0 |          0 |         8 |  0.00 |
| MMCM                 |    1 |     0 |          0 |         4 | 25.00 |
+----------------------+------+-------+------------+-----------+-------+
* Note: Each used BUFGCTRL counts as two GLOBAL CLOCK BUFFERs. This table does not include global clocking resources, only buffer cell usage. See the Clock Utilization Report (report_clock_utilization) for detailed accounting of global clocking resource availability.


7. ADVANCED
-----------

+-----------------+------+-------+------------+-----------+--------+
|    Site Type    | Used | Fixed | Prohibited | Available |  Util% |
+-----------------+------+-------+------------+-----------+--------+
| GTHE4_CHANNEL   |    4 |     4 |          0 |         4 | 100.00 |
| GTHE4_COMMON    |    1 |     1 |          0 |         1 | 100.00 |
| OBUFDS_GTE4     |    0 |     0 |          0 |         2 |   0.00 |
| OBUFDS_GTE4_ADV |    0 |     0 |          0 |         2 |   0.00 |
| PCIE40E4        |    0 |     0 |          0 |         2 |   0.00 |
| PS8             |    0 |     0 |          0 |         1 |   0.00 |
| SYSMONE4        |    0 |     0 |          0 |         1 |   0.00 |
| VCU             |    0 |     0 |          0 |         1 |   0.00 |
+-----------------+------+-------+------------+-----------+--------+


8. CONFIGURATION
----------------

+-------------+------+-------+------------+-----------+-------+
|  Site Type  | Used | Fixed | Prohibited | Available | Util% |
+-------------+------+-------+------------+-----------+-------+
| BSCANE2     |    1 |     0 |          0 |         4 | 25.00 |
| DNA_PORTE2  |    0 |     0 |          0 |         1 |  0.00 |
| EFUSE_USR   |    0 |     0 |          0 |         1 |  0.00 |
| FRAME_ECCE4 |    0 |     0 |          0 |         1 |  0.00 |
| ICAPE3      |    0 |     0 |          0 |         2 |  0.00 |
| MASTER_JTAG |    0 |     0 |          0 |         1 |  0.00 |
| STARTUPE3   |    0 |     0 |          0 |         1 |  0.00 |
+-------------+------+-------+------------+-----------+-------+


9. Primitives
-------------

+---------------+-------+---------------------+
|    Ref Name   |  Used | Functional Category |
+---------------+-------+---------------------+
| FDRE          | 16776 |            Register |
| LUT6          |  3505 |                 CLB |
| LUT5          |  2288 |                 CLB |
| LUT4          |  1972 |                 CLB |
| LUT2          |  1773 |                 CLB |
| LUT3          |  1082 |                 CLB |
| FDCE          |   659 |            Register |
| MUXF7         |   588 |                 CLB |
| FDPE          |   313 |            Register |
| FDSE          |   279 |            Register |
| RAMD32        |   228 |                 CLB |
| SRL16E        |   210 |                 CLB |
| LUT1          |   179 |                 CLB |
| CARRY8        |   164 |                 CLB |
| MUXF8         |    64 |                 CLB |
| BUFG_GT       |    21 |               Clock |
| RAMB36E2      |    20 |            BLOCKRAM |
| BUFG_GT_SYNC  |    13 |               Clock |
| RAMS32        |    12 |                 CLB |
| DSP48E2       |     8 |          Arithmetic |
| GTHE4_CHANNEL |     4 |            Advanced |
| IBUFDS_GTE4   |     2 |                 I/O |
| BUFGCE        |     2 |               Clock |
| OBUF          |     1 |                 I/O |
| MMCME4_ADV    |     1 |               Clock |
| GTHE4_COMMON  |     1 |            Advanced |
| BSCANE2       |     1 |       Configuration |
+---------------+-------+---------------------+


10. Black Boxes
---------------

+----------+------+
| Ref Name | Used |
+----------+------+


11. Instantiated Netlists
-------------------------

+----------+------+
| Ref Name | Used |
+----------+------+
| dbg_hub  |    1 |
+----------+------+


