Copyright 1986-2022 Xilinx, Inc. All Rights Reserved.
------------------------------------------------------------------------------------
| Tool Version : Vivado v.2022.2 (win64) Build 3671981 Fri Oct 14 05:00:03 MDT 2022
| Date         : Mon Aug 17 11:06:59 2026
| Host         : LAPTOP-CHCSI1R5 running 64-bit major release  (build 9200)
| Command      : upgrade_ip
| Device       : xck26-sfvc784-2LV-c
------------------------------------------------------------------------------------

Upgrade Log for IP 'system_integration_axi_w25q64_0_0'

1. Summary
----------

SUCCESS in the conversion of system_integration_axi_w25q64_0_0 (xilinx.com:user:axi_w25q64:1.0 (Rev. 4)) to Vivado generation flows.






Copyright 1986-2022 Xilinx, Inc. All Rights Reserved.
------------------------------------------------------------------------------------
| Tool Version : Vivado v.2022.2 (win64) Build 3671981 Fri Oct 14 05:00:03 MDT 2022
| Date         : Mon Aug 17 11:05:12 2026
| Host         : LAPTOP-CHCSI1R5 running 64-bit major release  (build 9200)
| Command      : upgrade_ip
| Device       : xck26-sfvc784-2LV-c
------------------------------------------------------------------------------------

Upgrade Log for IP 'system_integration_axi_w25q64_0_0'

1. Summary
----------

CAUTION (success, with warnings) in the upgrade of system_integration_axi_w25q64_0_0 (xilinx.com:user:axi_w25q64:1.0) from (Rev. 3) to (Rev. 4)

After upgrade, an IP may have parameter and port differences compared to the original customization. Please review the parameters within the IP customization GUI to ensure proper functionality. Also, please review the updated IP instantiation template to ensure proper connectivity, and update your design if required.

2. Connection Warnings
----------------------

Detected external port differences while upgrading 'system_integration_axi_w25q64_0_0'. These changes may impact your design.


-Upgrade has added port 'ctrl_reset_n'







Copyright 1986-2022 Xilinx, Inc. All Rights Reserved.
------------------------------------------------------------------------------------
| Tool Version : Vivado v.2022.2 (win64) Build 3671981 Fri Oct 14 05:00:03 MDT 2022
| Date         : Mon Aug 17 10:45:48 2026
| Host         : LAPTOP-CHCSI1R5 running 64-bit major release  (build 9200)
| Command      : upgrade_ip
| Device       : xck26-sfvc784-2LV-c
------------------------------------------------------------------------------------

Upgrade Log for IP 'system_integration_axi_w25q64_0_0'

1. Summary
----------

SUCCESS in the conversion of system_integration_axi_w25q64_0_0 (xilinx.com:user:axi_w25q64:1.0 (Rev. 3)) to Vivado generation flows.






Copyright 1986-2022 Xilinx, Inc. All Rights Reserved.
------------------------------------------------------------------------------------
| Tool Version : Vivado v.2022.2 (win64) Build 3671981 Fri Oct 14 05:00:03 MDT 2022
| Date         : Mon Aug 17 10:44:54 2026
| Host         : LAPTOP-CHCSI1R5 running 64-bit major release  (build 9200)
| Command      : upgrade_ip
| Device       : xck26-sfvc784-2LV-c
------------------------------------------------------------------------------------

Upgrade Log for IP 'system_integration_axi_w25q64_0_0'

1. Summary
----------

CAUTION (success, with warnings) in the upgrade of system_integration_axi_w25q64_0_0 (xilinx.com:user:axi_w25q64:1.0) from (Rev. 2) to (Rev. 3)

After upgrade, an IP may have parameter and port differences compared to the original customization. Please review the parameters within the IP customization GUI to ensure proper functionality. Also, please review the updated IP instantiation template to ensure proper connectivity, and update your design if required.

2. Connection Warnings
----------------------

Detected external port differences while upgrading 'system_integration_axi_w25q64_0_0'. These changes may impact your design.


-Upgrade has added port 'busy_sticky'

-Upgrade has added port 'ctrl_address'

-Upgrade has added port 'ctrl_command'

-Upgrade has added port 'ctrl_flash_status'

-Upgrade has added port 'ctrl_jedec_id'

-Upgrade has added port 'ctrl_read_data'

-Upgrade has added port 'ctrl_start'

-Upgrade has added port 'ctrl_write_data'

-Upgrade has added port 'done_sticky'

-Upgrade has added port 'verify_sticky'







Copyright 1986-2022 Xilinx, Inc. All Rights Reserved.
------------------------------------------------------------------------------------
| Tool Version : Vivado v.2022.2 (win64) Build 3671981 Fri Oct 14 05:00:03 MDT 2022
| Date         : Mon Aug 17 10:39:47 2026
| Host         : LAPTOP-CHCSI1R5 running 64-bit major release  (build 9200)
| Command      : upgrade_ip
| Device       : xck26-sfvc784-2LV-c
------------------------------------------------------------------------------------

Upgrade Log for IP 'system_integration_axi_w25q64_0_0'

1. Summary
----------

SUCCESS in the conversion of system_integration_axi_w25q64_0_0 (xilinx.com:user:axi_w25q64:1.0 (Rev. 2)) to Vivado generation flows.






Copyright 1986-2022 Xilinx, Inc. All Rights Reserved.
------------------------------------------------------------------------------------
| Tool Version : Vivado v.2022.2 (win64) Build 3671981 Fri Oct 14 05:00:03 MDT 2022
| Date         : Mon Aug 17 10:36:52 2026
| Host         : LAPTOP-CHCSI1R5 running 64-bit major release  (build 9200)
| Command      : upgrade_ip
| Device       : xck26-sfvc784-2LV-c
------------------------------------------------------------------------------------

Upgrade Log for IP 'system_integration_axi_w25q64_0_0'

1. Summary
----------

SUCCESS in the upgrade of system_integration_axi_w25q64_0_0 (xilinx.com:user:axi_w25q64:1.0) from (Rev. 1) to (Rev. 2)

