Copyright 1986-2022 Xilinx, Inc. All Rights Reserved.
----------------------------------------------------------------------------------------------------------------------------------------------------------------------------------------------------------------
| Tool Version     : Vivado v.2022.2 (win64) Build 3671981 Fri Oct 14 05:00:03 MDT 2022
| Date             : Tue Oct  6 14:30:45 2026
| Host             : LAPTOP-CHCSI1R5 running 64-bit major release  (build 9200)
| Command          : report_power -file example_ibert_ultrascale_gth_0_power_routed.rpt -pb example_ibert_ultrascale_gth_0_power_summary_routed.pb -rpx example_ibert_ultrascale_gth_0_power_routed.rpx
| Design           : example_ibert_ultrascale_gth_0
| Device           : xck26-sfvc784-2LV-c
| Design State     : routed
| Grade            : commercial
| Process          : typical
| Characterization : Production
----------------------------------------------------------------------------------------------------------------------------------------------------------------------------------------------------------------

Power Report

Table of Contents
-----------------
1. Summary
1.1 On-Chip Components
1.2 Power Supply Summary
1.3 Confidence Level
2. Settings
2.1 Environment
2.2 Clock Constraints
3. Detailed Reports
3.1 By Hierarchy

1. Summary
----------

+--------------------------+--------------+
| Total On-Chip Power (W)  | 1.477        |
| Design Power Budget (W)  | Unspecified* |
| Power Budget Margin (W)  | NA           |
| Dynamic (W)              | 1.176        |
| Device Static (W)        | 0.301        |
| Effective TJA (C/W)      | 2.3          |
| Max Ambient (C)          | 81.6         |
| Junction Temperature (C) | 28.4         |
| Confidence Level         | Medium       |
| Setting File             | ---          |
| Simulation Activity File | ---          |
| Design Nets Matched      | NA           |
+--------------------------+--------------+
* Specify Design Power Budget using, set_operating_conditions -design_power_budget <value in Watts>


1.1 On-Chip Components
----------------------

+--------------------------+-----------+----------+-----------+-----------------+
| On-Chip                  | Power (W) | Used     | Available | Utilization (%) |
+--------------------------+-----------+----------+-----------+-----------------+
| Clocks                   |     0.093 |       37 |       --- |             --- |
| CLB Logic                |     0.025 |    31382 |       --- |             --- |
|   LUT as Logic           |     0.018 |     8751 |    117120 |            7.47 |
|   Register               |     0.003 |    18027 |    234240 |            7.70 |
|   LUT as Shift Register  |     0.002 |      140 |     57600 |            0.24 |
|   LUT as Distributed RAM |     0.002 |      124 |     57600 |            0.22 |
|   CARRY8                 |    <0.001 |      164 |     14640 |            1.12 |
|   Others                 |     0.000 |     1290 |       --- |             --- |
|   F7/F8 Muxes            |     0.000 |      652 |    117120 |            0.56 |
| Signals                  |     0.030 |    25624 |       --- |             --- |
| Block RAM                |     0.010 |       20 |       144 |           13.89 |
| MMCM                     |     0.097 |        0 |       --- |             --- |
| DSPs                     |     0.003 |        8 |      1248 |            0.64 |
| I/O                      |     0.011 |        0 |       189 |            0.00 |
| GTH                      |     0.907 |        4 |         4 |          100.00 |
| Static Power             |     0.301 |          |           |                 |
| Total                    |     1.477 |          |           |                 |
+--------------------------+-----------+----------+-----------+-----------------+


1.2 Power Supply Summary
------------------------

+-----------------+-------------+-----------+-------------+------------+-------------+-------------+------------+
| Source          | Voltage (V) | Total (A) | Dynamic (A) | Static (A) | Powerup (A) | Budget (A)  | Margin (A) |
+-----------------+-------------+-----------+-------------+------------+-------------+-------------+------------+
| Vccint          |       0.720 |     0.440 |       0.364 |      0.076 |       NA    | Unspecified | NA         |
| Vccint_io       |       0.850 |     0.037 |       0.001 |      0.036 |       NA    | Unspecified | NA         |
| Vccbram         |       0.850 |     0.002 |       0.001 |      0.001 |       NA    | Unspecified | NA         |
| Vccaux          |       1.800 |     0.130 |       0.054 |      0.076 |       NA    | Unspecified | NA         |
| Vccaux_io       |       1.800 |     0.037 |       0.006 |      0.031 |       NA    | Unspecified | NA         |
| Vcco33          |       3.300 |     0.000 |       0.000 |      0.000 |       NA    | Unspecified | NA         |
| Vcco25          |       2.500 |     0.000 |       0.000 |      0.000 |       NA    | Unspecified | NA         |
| Vcco18          |       1.800 |     0.000 |       0.000 |      0.000 |       NA    | Unspecified | NA         |
| Vcco15          |       1.500 |     0.000 |       0.000 |      0.000 |       NA    | Unspecified | NA         |
| Vcco135         |       1.350 |     0.000 |       0.000 |      0.000 |       NA    | Unspecified | NA         |
| Vcco12          |       1.200 |     0.000 |       0.000 |      0.000 |       NA    | Unspecified | NA         |
| Vcco10          |       1.000 |     0.000 |       0.000 |      0.000 |       NA    | Unspecified | NA         |
| Vccadc          |       1.800 |     0.008 |       0.000 |      0.008 |       NA    | Unspecified | NA         |
| VCC_PSINTFP     |       0.850 |     0.000 |       0.000 |      0.000 |       NA    | Unspecified | NA         |
| VCC_PSINTLP     |       0.850 |     0.000 |       0.000 |      0.000 |       NA    | Unspecified | NA         |
| VPS_MGTRAVCC    |       0.850 |     0.000 |       0.000 |      0.000 |       NA    | Unspecified | NA         |
| VCC_PSINTFP_DDR |       0.850 |     0.000 |       0.000 |      0.000 |       NA    | Unspecified | NA         |
| VCC_PSPLL       |       1.200 |     0.000 |       0.000 |      0.000 |       NA    | Unspecified | NA         |
| VPS_MGTRAVTT    |       1.800 |     0.000 |       0.000 |      0.000 |       NA    | Unspecified | NA         |
| VCCO_PSDDR_504  |       1.200 |     0.000 |       0.000 |      0.000 |       NA    | Unspecified | NA         |
| VCC_PSAUX       |       1.800 |     0.000 |       0.000 |      0.000 |       NA    | Unspecified | NA         |
| VCC_PSBATT      |       1.200 |     0.000 |       0.000 |      0.000 |       NA    | Unspecified | NA         |
| VCC_PSDDR_PLL   |       1.800 |     0.000 |       0.000 |      0.000 |       NA    | Unspecified | NA         |
| VCCO_PSIO0_500  |       3.300 |     0.000 |       0.000 |      0.000 |       NA    | Unspecified | NA         |
| VCCO_PSIO1_501  |       3.300 |     0.000 |       0.000 |      0.000 |       NA    | Unspecified | NA         |
| VCCO_PSIO2_502  |       3.300 |     0.000 |       0.000 |      0.000 |       NA    | Unspecified | NA         |
| VCCO_PSIO3_503  |       3.300 |     0.000 |       0.000 |      0.000 |       NA    | Unspecified | NA         |
| VCC_PSADC       |       1.800 |     0.000 |       0.000 |      0.000 |       NA    | Unspecified | NA         |
| MGTAVcc         |       0.900 |     0.314 |       0.312 |      0.002 |       NA    | Unspecified | NA         |
| MGTAVtt         |       1.200 |     0.424 |       0.419 |      0.005 |       NA    | Unspecified | NA         |
| MGTVccaux       |       1.800 |     0.012 |       0.012 |      0.000 |       NA    | Unspecified | NA         |
+-----------------+-------------+-----------+-------------+------------+-------------+-------------+------------+


1.3 Confidence Level
--------------------

+-----------------------------+------------+------------------------------------------------+------------------------------------------------------------------------------------------------------------+
| User Input Data             | Confidence | Details                                        | Action                                                                                                     |
+-----------------------------+------------+------------------------------------------------+------------------------------------------------------------------------------------------------------------+
| Design implementation state | High       | Design is routed                               |                                                                                                            |
| Clock nodes activity        | High       | User specified more than 95% of clocks         |                                                                                                            |
| I/O nodes activity          | High       | User specified more than 95% of inputs         |                                                                                                            |
| Internal nodes activity     | Medium     | User specified less than 25% of internal nodes | Provide missing internal nodes activity with simulation results or by editing the "By Resource Type" views |
| Device models               | High       | Device models are Production                   |                                                                                                            |
|                             |            |                                                |                                                                                                            |
| Overall confidence level    | Medium     |                                                |                                                                                                            |
+-----------------------------+------------+------------------------------------------------+------------------------------------------------------------------------------------------------------------+


2. Settings
-----------

2.1 Environment
---------------

+-----------------------+--------------------------+
| Ambient Temp (C)      | 25.0                     |
| ThetaJA (C/W)         | 2.3                      |
| Airflow (LFM)         | 250                      |
| Heat Sink             | medium (Medium Profile)  |
| ThetaSA (C/W)         | 5.5                      |
| Board Selection       | medium (10"x10")         |
| # of Board Layers     | 12to15 (12 to 15 Layers) |
| Board Temperature (C) | 25.0                     |
+-----------------------+--------------------------+


2.2 Clock Constraints
---------------------

+-----------------------------------------------------------------------------------------------------+----------------------------------------------------------------------+-----------------+
| Clock                                                                                               | Domain                                                               | Constraint (ns) |
+-----------------------------------------------------------------------------------------------------+----------------------------------------------------------------------+-----------------+
| USE_DIVIDER.dclk_mmcm                                                                               | dbg_hub/inst/BSCANID.u_xsdbm_id/USE_DIVIDER.dclk_mmcm                |            10.0 |
| dbg_hub/inst/BSCANID.u_xsdbm_id/SWITCH_N_EXT_BSCAN.bscan_inst/SERIES7_BSCAN.bscan_inst/INTERNAL_TCK | dbg_hub/inst/BSCANID.u_xsdbm_id/SWITCH_N_EXT_BSCAN.bscan_inst/DRCK   |            50.0 |
| gth_refclk0_1                                                                                       | gth_refclk0p_i[0]                                                    |             6.4 |
| gth_refclk1_1                                                                                       | gth_refclk1p_i[0]                                                    |             6.4 |
| qpll0outclk_o                                                                                       | u_ibert_gth_core/inst/QUAD[0].u_q/u_common/qpll0outclk_o             |             0.2 |
| qpll0outrefclk_o                                                                                    | u_ibert_gth_core/inst/QUAD[0].u_q/u_common/qpll0outrefclk_o          |             6.4 |
| refclkoutmonitor0_com                                                                               | u_ibert_gth_core/inst/QUAD[0].u_q/u_common/refclkoutmonitor0_com     |             6.4 |
| rxoutclk_o                                                                                          | u_ibert_gth_core/inst/QUAD[0].u_q/CH[0].u_ch/rxoutclk_o              |             3.8 |
| rxoutclk_o[0]                                                                                       | u_ibert_gth_core/inst/QUAD[0].u_q/u_common/u_clocking/rxusrclk_o[0]  |             3.8 |
| rxoutclk_o[1]                                                                                       | u_ibert_gth_core/inst/QUAD[0].u_q/u_common/u_clocking/rxusrclk_o[1]  |             3.8 |
| rxoutclk_o[2]                                                                                       | u_ibert_gth_core/inst/QUAD[0].u_q/u_common/u_clocking/rxusrclk_o[2]  |             3.8 |
| rxoutclk_o[3]                                                                                       | u_ibert_gth_core/inst/QUAD[0].u_q/u_common/u_clocking/rxusrclk_o[3]  |             3.8 |
| rxoutclk_o_1                                                                                        | u_ibert_gth_core/inst/QUAD[0].u_q/CH[1].u_ch/rxoutclk_o              |             3.8 |
| rxoutclk_o_2                                                                                        | u_ibert_gth_core/inst/QUAD[0].u_q/CH[2].u_ch/rxoutclk_o              |             3.8 |
| rxoutclk_o_3                                                                                        | u_ibert_gth_core/inst/QUAD[0].u_q/CH[3].u_ch/rxoutclk_o              |             3.8 |
| rxusrclk2_i[0]                                                                                      | u_ibert_gth_core/inst/QUAD[0].u_q/u_common/u_clocking/rxusrclk2_o[0] |             3.8 |
| rxusrclk2_i[2]                                                                                      | u_ibert_gth_core/inst/QUAD[0].u_q/u_common/u_clocking/rxusrclk2_o[2] |             3.8 |
| rxusrclk2_i[3]                                                                                      | u_ibert_gth_core/inst/QUAD[0].u_q/u_common/u_clocking/rxusrclk2_o[3] |             3.8 |
| rxusrclk2_i__0[1]                                                                                   | u_ibert_gth_core/inst/QUAD[0].u_q/u_common/u_clocking/rxusrclk2_o[1] |             3.8 |
| txoutclk_o                                                                                          | u_ibert_gth_core/inst/QUAD[0].u_q/CH[0].u_ch/txoutclk_o              |             3.8 |
| txoutclk_o[0]                                                                                       | u_ibert_gth_core/inst/QUAD[0].u_q/u_common/u_clocking/txusrclk_o[0]  |             3.8 |
| txoutclk_o[1]                                                                                       | u_ibert_gth_core/inst/QUAD[0].u_q/u_common/u_clocking/txusrclk_o[1]  |             3.8 |
| txoutclk_o[2]                                                                                       | u_ibert_gth_core/inst/QUAD[0].u_q/u_common/u_clocking/txusrclk_o[2]  |             3.8 |
| txoutclk_o[3]                                                                                       | u_ibert_gth_core/inst/QUAD[0].u_q/u_common/u_clocking/txusrclk_o[3]  |             3.8 |
| txoutclk_o_1                                                                                        | u_ibert_gth_core/inst/QUAD[0].u_q/CH[1].u_ch/txoutclk_o              |             3.8 |
| txoutclk_o_2                                                                                        | u_ibert_gth_core/inst/QUAD[0].u_q/CH[2].u_ch/txoutclk_o              |             3.8 |
| txoutclk_o_3                                                                                        | u_ibert_gth_core/inst/QUAD[0].u_q/CH[3].u_ch/txoutclk_o              |             3.8 |
| txusrclk2_i[0]                                                                                      | u_ibert_gth_core/inst/QUAD[0].u_q/u_common/u_clocking/txusrclk2_o[0] |             3.8 |
| txusrclk2_i[2]                                                                                      | u_ibert_gth_core/inst/QUAD[0].u_q/u_common/u_clocking/txusrclk2_o[2] |             3.8 |
| txusrclk2_i[3]                                                                                      | u_ibert_gth_core/inst/QUAD[0].u_q/u_common/u_clocking/txusrclk2_o[3] |             3.8 |
| txusrclk2_i__0[1]                                                                                   | u_ibert_gth_core/inst/QUAD[0].u_q/u_common/u_clocking/txusrclk2_o[1] |             3.8 |
| u_ibert_gth_core/inst/QUAD[0].u_q/CH[0].u_ch/u_gthe4_channel/DMONITOROUTCLK                         | u_ibert_gth_core/inst/QUAD[0].u_q/CH[0].u_ch/dmonitorclk             |             4.0 |
| u_ibert_gth_core/inst/QUAD[0].u_q/CH[1].u_ch/u_gthe4_channel/DMONITOROUTCLK                         | u_ibert_gth_core/inst/QUAD[0].u_q/CH[1].u_ch/dmonitorclk             |             4.0 |
| u_ibert_gth_core/inst/QUAD[0].u_q/CH[2].u_ch/u_gthe4_channel/DMONITOROUTCLK                         | u_ibert_gth_core/inst/QUAD[0].u_q/CH[2].u_ch/dmonitorclk             |             4.0 |
| u_ibert_gth_core/inst/QUAD[0].u_q/CH[3].u_ch/u_gthe4_channel/DMONITOROUTCLK                         | u_ibert_gth_core/inst/QUAD[0].u_q/CH[3].u_ch/dmonitorclk             |             4.0 |
+-----------------------------------------------------------------------------------------------------+----------------------------------------------------------------------+-----------------+


3. Detailed Reports
-------------------

3.1 By Hierarchy
----------------

+--------------------------------+-----------+
| Name                           | Power (W) |
+--------------------------------+-----------+
| example_ibert_ultrascale_gth_0 |     1.176 |
|   dbg_hub                      |     0.099 |
|     inst                       |     0.099 |
|       BSCANID.u_xsdbm_id       |     0.099 |
|   u_ibert_gth_core             |     1.065 |
|     inst                       |     1.065 |
|       QUAD[0].u_q              |     1.065 |
+--------------------------------+-----------+


