Copyright 1986-2022 Xilinx, Inc. All Rights Reserved.
----------------------------------------------------------------------------------------------------------------------------------------------------------------------------------------------
| Tool Version     : Vivado v.2022.2 (win64) Build 3671981 Fri Oct 14 05:00:03 MDT 2022
| Date             : Sat Oct  3 09:22:57 2026
| Host             : LAPTOP-CHCSI1R5 running 64-bit major release  (build 9200)
| Command          : report_power -file eth_mac_loopback_wrapper_power_routed.rpt -pb eth_mac_loopback_wrapper_power_summary_routed.pb -rpx eth_mac_loopback_wrapper_power_routed.rpx
| Design           : eth_mac_loopback_wrapper
| Device           : xck26-sfvc784-2LV-c
| Design State     : routed
| Grade            : commercial
| Process          : typical
| Characterization : Production
----------------------------------------------------------------------------------------------------------------------------------------------------------------------------------------------

Power Report

Table of Contents
-----------------
1. Summary
1.1 On-Chip Components
1.2 Power Supply Summary
1.3 Confidence Level
2. Settings
2.1 Environment
2.2 Clock Constraints
3. Detailed Reports
3.1 By Hierarchy

1. Summary
----------

+--------------------------+--------------+
| Total On-Chip Power (W)  | 2.667        |
| Design Power Budget (W)  | Unspecified* |
| Power Budget Margin (W)  | NA           |
| Dynamic (W)              | 2.367        |
| Device Static (W)        | 0.300        |
| Effective TJA (C/W)      | 2.3          |
| Max Ambient (C)          | 78.8         |
| Junction Temperature (C) | 31.2         |
| Confidence Level         | Medium       |
| Setting File             | ---          |
| Simulation Activity File | ---          |
| Design Nets Matched      | NA           |
+--------------------------+--------------+
* Specify Design Power Budget using, set_operating_conditions -design_power_budget <value in Watts>


1.1 On-Chip Components
----------------------

+--------------------------+-----------+----------+-----------+-----------------+
| On-Chip                  | Power (W) | Used     | Available | Utilization (%) |
+--------------------------+-----------+----------+-----------+-----------------+
| Clocks                   |     0.027 |       10 |       --- |             --- |
| CLB Logic                |     0.011 |    14986 |       --- |             --- |
|   LUT as Logic           |     0.008 |     4451 |    117120 |            3.80 |
|   LUT as Distributed RAM |     0.002 |      346 |     57600 |            0.60 |
|   LUT as Shift Register  |     0.001 |      382 |     57600 |            0.66 |
|   Register               |    <0.001 |     7724 |    234240 |            3.30 |
|   CARRY8                 |    <0.001 |       53 |     14640 |            0.36 |
|   Others                 |     0.000 |      705 |       --- |             --- |
|   F7/F8 Muxes            |     0.000 |       10 |    117120 |           <0.01 |
| Signals                  |     0.013 |    11600 |       --- |             --- |
| Block RAM                |     0.004 |        4 |       144 |            2.78 |
| MMCM                     |     0.088 |        0 |       --- |             --- |
| I/O                      |     0.013 |       16 |       189 |            8.47 |
| PS8                      |     2.210 |        1 |       --- |             --- |
| Static Power             |     0.300 |          |           |                 |
|   PS Static              |     0.000 |          |           |                 |
|   PL Static              |     0.300 |          |           |                 |
| Total                    |     2.667 |          |           |                 |
+--------------------------+-----------+----------+-----------+-----------------+


1.2 Power Supply Summary
------------------------

+-----------------+-------------+-----------+-------------+------------+-------------+-------------+------------+
| Source          | Voltage (V) | Total (A) | Dynamic (A) | Static (A) | Powerup (A) | Budget (A)  | Margin (A) |
+-----------------+-------------+-----------+-------------+------------+-------------+-------------+------------+
| Vccint          |       0.720 |     0.163 |       0.077 |      0.086 |       NA    | Unspecified | NA         |
| Vccint_io       |       0.850 |     0.045 |       0.009 |      0.036 |       NA    | Unspecified | NA         |
| Vccbram         |       0.850 |     0.002 |       0.001 |      0.001 |       NA    | Unspecified | NA         |
| Vccaux          |       1.800 |     0.124 |       0.049 |      0.075 |       NA    | Unspecified | NA         |
| Vccaux_io       |       1.800 |     0.033 |       0.002 |      0.031 |       NA    | Unspecified | NA         |
| Vcco33          |       3.300 |     0.000 |       0.000 |      0.000 |       NA    | Unspecified | NA         |
| Vcco25          |       2.500 |     0.000 |       0.000 |      0.000 |       NA    | Unspecified | NA         |
| Vcco18          |       1.800 |     0.001 |       0.001 |      0.000 |       NA    | Unspecified | NA         |
| Vcco15          |       1.500 |     0.000 |       0.000 |      0.000 |       NA    | Unspecified | NA         |
| Vcco135         |       1.350 |     0.000 |       0.000 |      0.000 |       NA    | Unspecified | NA         |
| Vcco12          |       1.200 |     0.000 |       0.000 |      0.000 |       NA    | Unspecified | NA         |
| Vcco10          |       1.000 |     0.000 |       0.000 |      0.000 |       NA    | Unspecified | NA         |
| Vccadc          |       1.800 |     0.008 |       0.000 |      0.008 |       NA    | Unspecified | NA         |
| VCC_PSINTFP     |       0.850 |     1.044 |       1.044 |      0.000 |       NA    | Unspecified | NA         |
| VCC_PSINTLP     |       0.850 |     0.224 |       0.224 |      0.000 |       NA    | Unspecified | NA         |
| VPS_MGTRAVCC    |       0.850 |     0.000 |       0.000 |      0.000 |       NA    | Unspecified | NA         |
| VCC_PSINTFP_DDR |       0.850 |     0.544 |       0.544 |      0.000 |       NA    | Unspecified | NA         |
| VCC_PSPLL       |       1.200 |     0.067 |       0.067 |      0.000 |       NA    | Unspecified | NA         |
| VPS_MGTRAVTT    |       1.800 |     0.000 |       0.000 |      0.000 |       NA    | Unspecified | NA         |
| VCCO_PSDDR_504  |       1.200 |     0.491 |       0.491 |      0.000 |       NA    | Unspecified | NA         |
| VCC_PSAUX       |       1.800 |     0.000 |       0.000 |      0.000 |       NA    | Unspecified | NA         |
| VCC_PSBATT      |       1.200 |     0.000 |       0.000 |      0.000 |       NA    | Unspecified | NA         |
| VCC_PSDDR_PLL   |       1.800 |     0.000 |       0.000 |      0.000 |       NA    | Unspecified | NA         |
| VCCO_PSIO0_500  |       3.300 |     0.000 |       0.000 |      0.000 |       NA    | Unspecified | NA         |
| VCCO_PSIO1_501  |       3.300 |     0.000 |       0.000 |      0.000 |       NA    | Unspecified | NA         |
| VCCO_PSIO2_502  |       3.300 |     0.000 |       0.000 |      0.000 |       NA    | Unspecified | NA         |
| VCCO_PSIO3_503  |       3.300 |     0.000 |       0.000 |      0.000 |       NA    | Unspecified | NA         |
| VCC_PSADC       |       1.800 |     0.000 |       0.000 |      0.000 |       NA    | Unspecified | NA         |
| MGTAVcc         |       0.900 |     0.000 |       0.000 |      0.000 |       NA    | Unspecified | NA         |
| MGTAVtt         |       1.200 |     0.000 |       0.000 |      0.000 |       NA    | Unspecified | NA         |
| MGTVccaux       |       1.800 |     0.000 |       0.000 |      0.000 |       NA    | Unspecified | NA         |
+-----------------+-------------+-----------+-------------+------------+-------------+-------------+------------+


1.3 Confidence Level
--------------------

+-----------------------------+------------+-------------------------------------------------------+------------------------------------------------------------------------------------------------------------+
| User Input Data             | Confidence | Details                                               | Action                                                                                                     |
+-----------------------------+------------+-------------------------------------------------------+------------------------------------------------------------------------------------------------------------+
| Design implementation state | High       | Design is routed                                      |                                                                                                            |
| Clock nodes activity        | High       | User specified more than 95% of clocks                |                                                                                                            |
| I/O nodes activity          | Medium     | More than 5% of inputs are missing user specification | Provide missing input activity with simulation results or by editing the "By Resource Type -> I/Os" view   |
| Internal nodes activity     | Medium     | User specified less than 25% of internal nodes        | Provide missing internal nodes activity with simulation results or by editing the "By Resource Type" views |
| Device models               | High       | Device models are Production                          |                                                                                                            |
|                             |            |                                                       |                                                                                                            |
| Overall confidence level    | Medium     |                                                       |                                                                                                            |
+-----------------------------+------------+-------------------------------------------------------+------------------------------------------------------------------------------------------------------------+


2. Settings
-----------

2.1 Environment
---------------

+-----------------------+--------------------------+
| Ambient Temp (C)      | 25.0                     |
| ThetaJA (C/W)         | 2.3                      |
| Airflow (LFM)         | 250                      |
| Heat Sink             | medium (Medium Profile)  |
| ThetaSA (C/W)         | 5.5                      |
| Board Selection       | medium (10"x10")         |
| # of Board Layers     | 12to15 (12 to 15 Layers) |
| Board Temperature (C) | 25.0                     |
+-----------------------+--------------------------+


2.2 Clock Constraints
---------------------

+---------------------------------------+-------------------------------------------------------------------------+-----------------+
| Clock                                 | Domain                                                                  | Constraint (ns) |
+---------------------------------------+-------------------------------------------------------------------------+-----------------+
| clk25                                 | clk25                                                                   |            40.0 |
| clk_out1_eth_mac_loopback_clk_wiz_0_0 | eth_mac_loopback_i/clk_wiz_0/inst/clk_out1_eth_mac_loopback_clk_wiz_0_0 |            10.0 |
| clk_out2_eth_mac_loopback_clk_wiz_0_0 | eth_mac_loopback_i/clk_wiz_0/inst/clk_out2_eth_mac_loopback_clk_wiz_0_0 |             8.0 |
| clk_out3_eth_mac_loopback_clk_wiz_0_0 | eth_mac_loopback_i/clk_wiz_0/inst/clk_out3_eth_mac_loopback_clk_wiz_0_0 |             3.0 |
| rgmii_rtl_rxc                         | rgmii_rtl_rxc                                                           |             8.0 |
+---------------------------------------+-------------------------------------------------------------------------+-----------------+


3. Detailed Reports
-------------------

3.1 By Hierarchy
----------------

+--------------------------+-----------+
| Name                     | Power (W) |
+--------------------------+-----------+
| eth_mac_loopback_wrapper |     2.367 |
|   eth_mac_loopback_i     |     2.366 |
|     axi_ethernet_1       |     0.054 |
|       inst               |     0.054 |
|     clk_wiz_0            |     0.088 |
|       inst               |     0.088 |
|     smartconnect_0       |     0.013 |
|       inst               |     0.013 |
|     zynq_ultra_ps_e_0    |     2.210 |
|       inst               |     2.210 |
+--------------------------+-----------+


