
*** Running vivado
    with args -log dbg_hub.vds -m64 -product Vivado -mode batch -messageDb vivado.pb -notrace -source dbg_hub.tcl

!! WARNING !!
"PYTHONPATH" variable is set greater than default max string limit of "519" characters.
Please ignore this, if you have already made changes to your system registry to accept more than
default limit of 519 characters.
!! WARNING !!


****** Vivado v2022.2 (64-bit)
  **** SW Build 3671981 on Fri Oct 14 05:00:03 MDT 2022
  **** IP Build 3669848 on Fri Oct 14 08:30:02 MDT 2022
    ** Copyright 1986-2022 Xilinx, Inc. All Rights Reserved.

source dbg_hub.tcl -notrace
INFO: [IP_Flow 19-6924] IPCACHE: Running cache check for IP inst: dbg_hub
Command: synth_design -top dbg_hub -part xck26-sfvc784-2LV-c -incremental_mode off -mode out_of_context
Starting synth_design
Attempting to get a license for feature 'Synthesis' and/or device 'xck26'
INFO: [Common 17-349] Got license for feature 'Synthesis' and/or device 'xck26'
INFO: [Device 21-403] Loading part xck26-sfvc784-2LV-c
INFO: [Synth 8-7079] Multithreading enabled for synth_design using a maximum of 2 processes.
INFO: [Synth 8-7078] Launching helper process for spawning children vivado processes
INFO: [Synth 8-7075] Helper process launched with PID 24248
INFO: [Synth 8-11241] undeclared symbol 'REGCCE', assumed default net type 'wire' [D:/Xilinx/Vivado/2022.2/data/verilog/src/unimacro/BRAM_SINGLE_MACRO.v:2170]
INFO: [Synth 8-11241] undeclared symbol 'rddata_rst_i', assumed default net type 'wire' [d:/FPGA/Vivaldo Project/INTERFACE/SPI/02_spi_flash_read_jedec_id/Vivado/02_spi_flash_read_jedec_id.runs/impl_1/.Xil/Vivado-7888-LAPTOP-CHCSI1R5/dc_drv.0/dc/prj_ip.gen/sources_1/ip/dbg_hub/hdl/xsdbm_v3_0_vl_rfs.v:2188]
INFO: [Synth 8-11241] undeclared symbol 'datard_overflow', assumed default net type 'wire' [d:/FPGA/Vivaldo Project/INTERFACE/SPI/02_spi_flash_read_jedec_id/Vivado/02_spi_flash_read_jedec_id.runs/impl_1/.Xil/Vivado-7888-LAPTOP-CHCSI1R5/dc_drv.0/dc/prj_ip.gen/sources_1/ip/dbg_hub/hdl/xsdbm_v3_0_vl_rfs.v:2235]
INFO: [Synth 8-11241] undeclared symbol 'datard_underflow', assumed default net type 'wire' [d:/FPGA/Vivaldo Project/INTERFACE/SPI/02_spi_flash_read_jedec_id/Vivado/02_spi_flash_read_jedec_id.runs/impl_1/.Xil/Vivado-7888-LAPTOP-CHCSI1R5/dc_drv.0/dc/prj_ip.gen/sources_1/ip/dbg_hub/hdl/xsdbm_v3_0_vl_rfs.v:2236]
INFO: [Synth 8-11241] undeclared symbol 'tms_int', assumed default net type 'wire' [d:/FPGA/Vivaldo Project/INTERFACE/SPI/02_spi_flash_read_jedec_id/Vivado/02_spi_flash_read_jedec_id.runs/impl_1/.Xil/Vivado-7888-LAPTOP-CHCSI1R5/dc_drv.0/dc/prj_ip.gen/sources_1/ip/dbg_hub/hdl/xsdbm_v3_0_vl_rfs.v:6379]
INFO: [Synth 8-11241] undeclared symbol 'runtest_int', assumed default net type 'wire' [d:/FPGA/Vivaldo Project/INTERFACE/SPI/02_spi_flash_read_jedec_id/Vivado/02_spi_flash_read_jedec_id.runs/impl_1/.Xil/Vivado-7888-LAPTOP-CHCSI1R5/dc_drv.0/dc/prj_ip.gen/sources_1/ip/dbg_hub/hdl/xsdbm_v3_0_vl_rfs.v:6381]
INFO: [Synth 8-11241] undeclared symbol 'tms_int', assumed default net type 'wire' [d:/FPGA/Vivaldo Project/INTERFACE/SPI/02_spi_flash_read_jedec_id/Vivado/02_spi_flash_read_jedec_id.runs/impl_1/.Xil/Vivado-7888-LAPTOP-CHCSI1R5/dc_drv.0/dc/prj_ip.gen/sources_1/ip/dbg_hub/hdl/xsdbm_v3_0_vl_rfs.v:6412]
INFO: [Synth 8-11241] undeclared symbol 'runtest_int', assumed default net type 'wire' [d:/FPGA/Vivaldo Project/INTERFACE/SPI/02_spi_flash_read_jedec_id/Vivado/02_spi_flash_read_jedec_id.runs/impl_1/.Xil/Vivado-7888-LAPTOP-CHCSI1R5/dc_drv.0/dc/prj_ip.gen/sources_1/ip/dbg_hub/hdl/xsdbm_v3_0_vl_rfs.v:6414]
INFO: [Synth 8-11241] undeclared symbol 'tms_int', assumed default net type 'wire' [d:/FPGA/Vivaldo Project/INTERFACE/SPI/02_spi_flash_read_jedec_id/Vivado/02_spi_flash_read_jedec_id.runs/impl_1/.Xil/Vivado-7888-LAPTOP-CHCSI1R5/dc_drv.0/dc/prj_ip.gen/sources_1/ip/dbg_hub/hdl/xsdbm_v3_0_vl_rfs.v:6447]
INFO: [Synth 8-11241] undeclared symbol 'runtest_int', assumed default net type 'wire' [d:/FPGA/Vivaldo Project/INTERFACE/SPI/02_spi_flash_read_jedec_id/Vivado/02_spi_flash_read_jedec_id.runs/impl_1/.Xil/Vivado-7888-LAPTOP-CHCSI1R5/dc_drv.0/dc/prj_ip.gen/sources_1/ip/dbg_hub/hdl/xsdbm_v3_0_vl_rfs.v:6449]
INFO: [Synth 8-11241] undeclared symbol 'tms_int', assumed default net type 'wire' [d:/FPGA/Vivaldo Project/INTERFACE/SPI/02_spi_flash_read_jedec_id/Vivado/02_spi_flash_read_jedec_id.runs/impl_1/.Xil/Vivado-7888-LAPTOP-CHCSI1R5/dc_drv.0/dc/prj_ip.gen/sources_1/ip/dbg_hub/hdl/verilog/xsdbm_v3_0_0_bs_core_ext.vh:30]
INFO: [Synth 8-11241] undeclared symbol 'runtest_int', assumed default net type 'wire' [d:/FPGA/Vivaldo Project/INTERFACE/SPI/02_spi_flash_read_jedec_id/Vivado/02_spi_flash_read_jedec_id.runs/impl_1/.Xil/Vivado-7888-LAPTOP-CHCSI1R5/dc_drv.0/dc/prj_ip.gen/sources_1/ip/dbg_hub/hdl/verilog/xsdbm_v3_0_0_bs_core_ext.vh:32]
INFO: [Synth 8-11241] undeclared symbol 'tms_int', assumed default net type 'wire' [d:/FPGA/Vivaldo Project/INTERFACE/SPI/02_spi_flash_read_jedec_id/Vivado/02_spi_flash_read_jedec_id.runs/impl_1/.Xil/Vivado-7888-LAPTOP-CHCSI1R5/dc_drv.0/dc/prj_ip.gen/sources_1/ip/dbg_hub/hdl/verilog/xsdbm_v3_0_0_bs_core_ext.vh:69]
INFO: [Synth 8-11241] undeclared symbol 'runtest_int', assumed default net type 'wire' [d:/FPGA/Vivaldo Project/INTERFACE/SPI/02_spi_flash_read_jedec_id/Vivado/02_spi_flash_read_jedec_id.runs/impl_1/.Xil/Vivado-7888-LAPTOP-CHCSI1R5/dc_drv.0/dc/prj_ip.gen/sources_1/ip/dbg_hub/hdl/verilog/xsdbm_v3_0_0_bs_core_ext.vh:71]
INFO: [Synth 8-11241] undeclared symbol 'tms_int', assumed default net type 'wire' [d:/FPGA/Vivaldo Project/INTERFACE/SPI/02_spi_flash_read_jedec_id/Vivado/02_spi_flash_read_jedec_id.runs/impl_1/.Xil/Vivado-7888-LAPTOP-CHCSI1R5/dc_drv.0/dc/prj_ip.gen/sources_1/ip/dbg_hub/hdl/verilog/xsdbm_v3_0_0_bs_core_ext.vh:109]
INFO: [Synth 8-11241] undeclared symbol 'runtest_int', assumed default net type 'wire' [d:/FPGA/Vivaldo Project/INTERFACE/SPI/02_spi_flash_read_jedec_id/Vivado/02_spi_flash_read_jedec_id.runs/impl_1/.Xil/Vivado-7888-LAPTOP-CHCSI1R5/dc_drv.0/dc/prj_ip.gen/sources_1/ip/dbg_hub/hdl/verilog/xsdbm_v3_0_0_bs_core_ext.vh:111]
INFO: [Synth 8-11241] undeclared symbol 'tms_int', assumed default net type 'wire' [d:/FPGA/Vivaldo Project/INTERFACE/SPI/02_spi_flash_read_jedec_id/Vivado/02_spi_flash_read_jedec_id.runs/impl_1/.Xil/Vivado-7888-LAPTOP-CHCSI1R5/dc_drv.0/dc/prj_ip.gen/sources_1/ip/dbg_hub/hdl/verilog/xsdbm_v3_0_0_bs_core_ext.vh:150]
INFO: [Synth 8-11241] undeclared symbol 'runtest_int', assumed default net type 'wire' [d:/FPGA/Vivaldo Project/INTERFACE/SPI/02_spi_flash_read_jedec_id/Vivado/02_spi_flash_read_jedec_id.runs/impl_1/.Xil/Vivado-7888-LAPTOP-CHCSI1R5/dc_drv.0/dc/prj_ip.gen/sources_1/ip/dbg_hub/hdl/verilog/xsdbm_v3_0_0_bs_core_ext.vh:152]
INFO: [Synth 8-11241] undeclared symbol 'tms_int', assumed default net type 'wire' [d:/FPGA/Vivaldo Project/INTERFACE/SPI/02_spi_flash_read_jedec_id/Vivado/02_spi_flash_read_jedec_id.runs/impl_1/.Xil/Vivado-7888-LAPTOP-CHCSI1R5/dc_drv.0/dc/prj_ip.gen/sources_1/ip/dbg_hub/hdl/verilog/xsdbm_v3_0_0_bs_core_ext.vh:192]
INFO: [Synth 8-11241] undeclared symbol 'runtest_int', assumed default net type 'wire' [d:/FPGA/Vivaldo Project/INTERFACE/SPI/02_spi_flash_read_jedec_id/Vivado/02_spi_flash_read_jedec_id.runs/impl_1/.Xil/Vivado-7888-LAPTOP-CHCSI1R5/dc_drv.0/dc/prj_ip.gen/sources_1/ip/dbg_hub/hdl/verilog/xsdbm_v3_0_0_bs_core_ext.vh:194]
INFO: [Synth 8-11241] undeclared symbol 'tms_int', assumed default net type 'wire' [d:/FPGA/Vivaldo Project/INTERFACE/SPI/02_spi_flash_read_jedec_id/Vivado/02_spi_flash_read_jedec_id.runs/impl_1/.Xil/Vivado-7888-LAPTOP-CHCSI1R5/dc_drv.0/dc/prj_ip.gen/sources_1/ip/dbg_hub/hdl/verilog/xsdbm_v3_0_0_bs_core_ext.vh:235]
INFO: [Synth 8-11241] undeclared symbol 'runtest_int', assumed default net type 'wire' [d:/FPGA/Vivaldo Project/INTERFACE/SPI/02_spi_flash_read_jedec_id/Vivado/02_spi_flash_read_jedec_id.runs/impl_1/.Xil/Vivado-7888-LAPTOP-CHCSI1R5/dc_drv.0/dc/prj_ip.gen/sources_1/ip/dbg_hub/hdl/verilog/xsdbm_v3_0_0_bs_core_ext.vh:237]
INFO: [Synth 8-11241] undeclared symbol 'tms_int', assumed default net type 'wire' [d:/FPGA/Vivaldo Project/INTERFACE/SPI/02_spi_flash_read_jedec_id/Vivado/02_spi_flash_read_jedec_id.runs/impl_1/.Xil/Vivado-7888-LAPTOP-CHCSI1R5/dc_drv.0/dc/prj_ip.gen/sources_1/ip/dbg_hub/hdl/verilog/xsdbm_v3_0_0_bs_core_ext.vh:279]
INFO: [Synth 8-11241] undeclared symbol 'runtest_int', assumed default net type 'wire' [d:/FPGA/Vivaldo Project/INTERFACE/SPI/02_spi_flash_read_jedec_id/Vivado/02_spi_flash_read_jedec_id.runs/impl_1/.Xil/Vivado-7888-LAPTOP-CHCSI1R5/dc_drv.0/dc/prj_ip.gen/sources_1/ip/dbg_hub/hdl/verilog/xsdbm_v3_0_0_bs_core_ext.vh:281]
INFO: [Synth 8-11241] undeclared symbol 'tms_int', assumed default net type 'wire' [d:/FPGA/Vivaldo Project/INTERFACE/SPI/02_spi_flash_read_jedec_id/Vivado/02_spi_flash_read_jedec_id.runs/impl_1/.Xil/Vivado-7888-LAPTOP-CHCSI1R5/dc_drv.0/dc/prj_ip.gen/sources_1/ip/dbg_hub/hdl/verilog/xsdbm_v3_0_0_bs_core_ext.vh:324]
INFO: [Synth 8-11241] undeclared symbol 'runtest_int', assumed default net type 'wire' [d:/FPGA/Vivaldo Project/INTERFACE/SPI/02_spi_flash_read_jedec_id/Vivado/02_spi_flash_read_jedec_id.runs/impl_1/.Xil/Vivado-7888-LAPTOP-CHCSI1R5/dc_drv.0/dc/prj_ip.gen/sources_1/ip/dbg_hub/hdl/verilog/xsdbm_v3_0_0_bs_core_ext.vh:326]
INFO: [Synth 8-11241] undeclared symbol 'tms_int', assumed default net type 'wire' [d:/FPGA/Vivaldo Project/INTERFACE/SPI/02_spi_flash_read_jedec_id/Vivado/02_spi_flash_read_jedec_id.runs/impl_1/.Xil/Vivado-7888-LAPTOP-CHCSI1R5/dc_drv.0/dc/prj_ip.gen/sources_1/ip/dbg_hub/hdl/verilog/xsdbm_v3_0_0_bs_core_ext.vh:370]
INFO: [Synth 8-11241] undeclared symbol 'runtest_int', assumed default net type 'wire' [d:/FPGA/Vivaldo Project/INTERFACE/SPI/02_spi_flash_read_jedec_id/Vivado/02_spi_flash_read_jedec_id.runs/impl_1/.Xil/Vivado-7888-LAPTOP-CHCSI1R5/dc_drv.0/dc/prj_ip.gen/sources_1/ip/dbg_hub/hdl/verilog/xsdbm_v3_0_0_bs_core_ext.vh:372]
INFO: [Synth 8-11241] undeclared symbol 'tms_int', assumed default net type 'wire' [d:/FPGA/Vivaldo Project/INTERFACE/SPI/02_spi_flash_read_jedec_id/Vivado/02_spi_flash_read_jedec_id.runs/impl_1/.Xil/Vivado-7888-LAPTOP-CHCSI1R5/dc_drv.0/dc/prj_ip.gen/sources_1/ip/dbg_hub/hdl/verilog/xsdbm_v3_0_0_bs_core_ext.vh:417]
INFO: [Synth 8-11241] undeclared symbol 'runtest_int', assumed default net type 'wire' [d:/FPGA/Vivaldo Project/INTERFACE/SPI/02_spi_flash_read_jedec_id/Vivado/02_spi_flash_read_jedec_id.runs/impl_1/.Xil/Vivado-7888-LAPTOP-CHCSI1R5/dc_drv.0/dc/prj_ip.gen/sources_1/ip/dbg_hub/hdl/verilog/xsdbm_v3_0_0_bs_core_ext.vh:419]
INFO: [Synth 8-11241] undeclared symbol 'tms_int', assumed default net type 'wire' [d:/FPGA/Vivaldo Project/INTERFACE/SPI/02_spi_flash_read_jedec_id/Vivado/02_spi_flash_read_jedec_id.runs/impl_1/.Xil/Vivado-7888-LAPTOP-CHCSI1R5/dc_drv.0/dc/prj_ip.gen/sources_1/ip/dbg_hub/hdl/verilog/xsdbm_v3_0_0_bs_core_ext.vh:465]
INFO: [Synth 8-11241] undeclared symbol 'runtest_int', assumed default net type 'wire' [d:/FPGA/Vivaldo Project/INTERFACE/SPI/02_spi_flash_read_jedec_id/Vivado/02_spi_flash_read_jedec_id.runs/impl_1/.Xil/Vivado-7888-LAPTOP-CHCSI1R5/dc_drv.0/dc/prj_ip.gen/sources_1/ip/dbg_hub/hdl/verilog/xsdbm_v3_0_0_bs_core_ext.vh:467]
INFO: [Synth 8-11241] undeclared symbol 'tms_int', assumed default net type 'wire' [d:/FPGA/Vivaldo Project/INTERFACE/SPI/02_spi_flash_read_jedec_id/Vivado/02_spi_flash_read_jedec_id.runs/impl_1/.Xil/Vivado-7888-LAPTOP-CHCSI1R5/dc_drv.0/dc/prj_ip.gen/sources_1/ip/dbg_hub/hdl/verilog/xsdbm_v3_0_0_bs_core_ext.vh:514]
INFO: [Synth 8-11241] undeclared symbol 'runtest_int', assumed default net type 'wire' [d:/FPGA/Vivaldo Project/INTERFACE/SPI/02_spi_flash_read_jedec_id/Vivado/02_spi_flash_read_jedec_id.runs/impl_1/.Xil/Vivado-7888-LAPTOP-CHCSI1R5/dc_drv.0/dc/prj_ip.gen/sources_1/ip/dbg_hub/hdl/verilog/xsdbm_v3_0_0_bs_core_ext.vh:516]
INFO: [Synth 8-11241] undeclared symbol 'tms_int', assumed default net type 'wire' [d:/FPGA/Vivaldo Project/INTERFACE/SPI/02_spi_flash_read_jedec_id/Vivado/02_spi_flash_read_jedec_id.runs/impl_1/.Xil/Vivado-7888-LAPTOP-CHCSI1R5/dc_drv.0/dc/prj_ip.gen/sources_1/ip/dbg_hub/hdl/verilog/xsdbm_v3_0_0_bs_core_ext.vh:564]
INFO: [Synth 8-11241] undeclared symbol 'runtest_int', assumed default net type 'wire' [d:/FPGA/Vivaldo Project/INTERFACE/SPI/02_spi_flash_read_jedec_id/Vivado/02_spi_flash_read_jedec_id.runs/impl_1/.Xil/Vivado-7888-LAPTOP-CHCSI1R5/dc_drv.0/dc/prj_ip.gen/sources_1/ip/dbg_hub/hdl/verilog/xsdbm_v3_0_0_bs_core_ext.vh:566]
INFO: [Synth 8-11241] undeclared symbol 'tms_int', assumed default net type 'wire' [d:/FPGA/Vivaldo Project/INTERFACE/SPI/02_spi_flash_read_jedec_id/Vivado/02_spi_flash_read_jedec_id.runs/impl_1/.Xil/Vivado-7888-LAPTOP-CHCSI1R5/dc_drv.0/dc/prj_ip.gen/sources_1/ip/dbg_hub/hdl/verilog/xsdbm_v3_0_0_bs_core_ext.vh:615]
INFO: [Synth 8-11241] undeclared symbol 'runtest_int', assumed default net type 'wire' [d:/FPGA/Vivaldo Project/INTERFACE/SPI/02_spi_flash_read_jedec_id/Vivado/02_spi_flash_read_jedec_id.runs/impl_1/.Xil/Vivado-7888-LAPTOP-CHCSI1R5/dc_drv.0/dc/prj_ip.gen/sources_1/ip/dbg_hub/hdl/verilog/xsdbm_v3_0_0_bs_core_ext.vh:617]
INFO: [Synth 8-11241] undeclared symbol 'tms_int', assumed default net type 'wire' [d:/FPGA/Vivaldo Project/INTERFACE/SPI/02_spi_flash_read_jedec_id/Vivado/02_spi_flash_read_jedec_id.runs/impl_1/.Xil/Vivado-7888-LAPTOP-CHCSI1R5/dc_drv.0/dc/prj_ip.gen/sources_1/ip/dbg_hub/hdl/xsdbm_v3_0_vl_rfs.v:6554]
INFO: [Synth 8-11241] undeclared symbol 'runtest_int', assumed default net type 'wire' [d:/FPGA/Vivaldo Project/INTERFACE/SPI/02_spi_flash_read_jedec_id/Vivado/02_spi_flash_read_jedec_id.runs/impl_1/.Xil/Vivado-7888-LAPTOP-CHCSI1R5/dc_drv.0/dc/prj_ip.gen/sources_1/ip/dbg_hub/hdl/xsdbm_v3_0_vl_rfs.v:6556]
INFO: [Synth 8-11241] undeclared symbol 'tms_int', assumed default net type 'wire' [d:/FPGA/Vivaldo Project/INTERFACE/SPI/02_spi_flash_read_jedec_id/Vivado/02_spi_flash_read_jedec_id.runs/impl_1/.Xil/Vivado-7888-LAPTOP-CHCSI1R5/dc_drv.0/dc/prj_ip.gen/sources_1/ip/dbg_hub/hdl/xsdbm_v3_0_vl_rfs.v:6589]
INFO: [Synth 8-11241] undeclared symbol 'runtest_int', assumed default net type 'wire' [d:/FPGA/Vivaldo Project/INTERFACE/SPI/02_spi_flash_read_jedec_id/Vivado/02_spi_flash_read_jedec_id.runs/impl_1/.Xil/Vivado-7888-LAPTOP-CHCSI1R5/dc_drv.0/dc/prj_ip.gen/sources_1/ip/dbg_hub/hdl/xsdbm_v3_0_vl_rfs.v:6591]
INFO: [Synth 8-11241] undeclared symbol 'tms_int', assumed default net type 'wire' [d:/FPGA/Vivaldo Project/INTERFACE/SPI/02_spi_flash_read_jedec_id/Vivado/02_spi_flash_read_jedec_id.runs/impl_1/.Xil/Vivado-7888-LAPTOP-CHCSI1R5/dc_drv.0/dc/prj_ip.gen/sources_1/ip/dbg_hub/hdl/verilog/xsdbm_v3_0_0_bs_core.vh:30]
INFO: [Synth 8-11241] undeclared symbol 'runtest_int', assumed default net type 'wire' [d:/FPGA/Vivaldo Project/INTERFACE/SPI/02_spi_flash_read_jedec_id/Vivado/02_spi_flash_read_jedec_id.runs/impl_1/.Xil/Vivado-7888-LAPTOP-CHCSI1R5/dc_drv.0/dc/prj_ip.gen/sources_1/ip/dbg_hub/hdl/verilog/xsdbm_v3_0_0_bs_core.vh:32]
INFO: [Synth 8-11241] undeclared symbol 'tms_int', assumed default net type 'wire' [d:/FPGA/Vivaldo Project/INTERFACE/SPI/02_spi_flash_read_jedec_id/Vivado/02_spi_flash_read_jedec_id.runs/impl_1/.Xil/Vivado-7888-LAPTOP-CHCSI1R5/dc_drv.0/dc/prj_ip.gen/sources_1/ip/dbg_hub/hdl/verilog/xsdbm_v3_0_0_bs_core.vh:69]
INFO: [Synth 8-11241] undeclared symbol 'runtest_int', assumed default net type 'wire' [d:/FPGA/Vivaldo Project/INTERFACE/SPI/02_spi_flash_read_jedec_id/Vivado/02_spi_flash_read_jedec_id.runs/impl_1/.Xil/Vivado-7888-LAPTOP-CHCSI1R5/dc_drv.0/dc/prj_ip.gen/sources_1/ip/dbg_hub/hdl/verilog/xsdbm_v3_0_0_bs_core.vh:71]
INFO: [Synth 8-11241] undeclared symbol 'tms_int', assumed default net type 'wire' [d:/FPGA/Vivaldo Project/INTERFACE/SPI/02_spi_flash_read_jedec_id/Vivado/02_spi_flash_read_jedec_id.runs/impl_1/.Xil/Vivado-7888-LAPTOP-CHCSI1R5/dc_drv.0/dc/prj_ip.gen/sources_1/ip/dbg_hub/hdl/verilog/xsdbm_v3_0_0_bs_core.vh:109]
INFO: [Synth 8-11241] undeclared symbol 'runtest_int', assumed default net type 'wire' [d:/FPGA/Vivaldo Project/INTERFACE/SPI/02_spi_flash_read_jedec_id/Vivado/02_spi_flash_read_jedec_id.runs/impl_1/.Xil/Vivado-7888-LAPTOP-CHCSI1R5/dc_drv.0/dc/prj_ip.gen/sources_1/ip/dbg_hub/hdl/verilog/xsdbm_v3_0_0_bs_core.vh:111]
INFO: [Synth 8-11241] undeclared symbol 'tms_int', assumed default net type 'wire' [d:/FPGA/Vivaldo Project/INTERFACE/SPI/02_spi_flash_read_jedec_id/Vivado/02_spi_flash_read_jedec_id.runs/impl_1/.Xil/Vivado-7888-LAPTOP-CHCSI1R5/dc_drv.0/dc/prj_ip.gen/sources_1/ip/dbg_hub/hdl/verilog/xsdbm_v3_0_0_bs_core.vh:150]
INFO: [Synth 8-11241] undeclared symbol 'runtest_int', assumed default net type 'wire' [d:/FPGA/Vivaldo Project/INTERFACE/SPI/02_spi_flash_read_jedec_id/Vivado/02_spi_flash_read_jedec_id.runs/impl_1/.Xil/Vivado-7888-LAPTOP-CHCSI1R5/dc_drv.0/dc/prj_ip.gen/sources_1/ip/dbg_hub/hdl/verilog/xsdbm_v3_0_0_bs_core.vh:152]
INFO: [Synth 8-11241] undeclared symbol 'tms_int', assumed default net type 'wire' [d:/FPGA/Vivaldo Project/INTERFACE/SPI/02_spi_flash_read_jedec_id/Vivado/02_spi_flash_read_jedec_id.runs/impl_1/.Xil/Vivado-7888-LAPTOP-CHCSI1R5/dc_drv.0/dc/prj_ip.gen/sources_1/ip/dbg_hub/hdl/verilog/xsdbm_v3_0_0_bs_core.vh:192]
INFO: [Synth 8-11241] undeclared symbol 'runtest_int', assumed default net type 'wire' [d:/FPGA/Vivaldo Project/INTERFACE/SPI/02_spi_flash_read_jedec_id/Vivado/02_spi_flash_read_jedec_id.runs/impl_1/.Xil/Vivado-7888-LAPTOP-CHCSI1R5/dc_drv.0/dc/prj_ip.gen/sources_1/ip/dbg_hub/hdl/verilog/xsdbm_v3_0_0_bs_core.vh:194]
INFO: [Synth 8-11241] undeclared symbol 'tms_int', assumed default net type 'wire' [d:/FPGA/Vivaldo Project/INTERFACE/SPI/02_spi_flash_read_jedec_id/Vivado/02_spi_flash_read_jedec_id.runs/impl_1/.Xil/Vivado-7888-LAPTOP-CHCSI1R5/dc_drv.0/dc/prj_ip.gen/sources_1/ip/dbg_hub/hdl/verilog/xsdbm_v3_0_0_bs_core.vh:235]
INFO: [Synth 8-11241] undeclared symbol 'runtest_int', assumed default net type 'wire' [d:/FPGA/Vivaldo Project/INTERFACE/SPI/02_spi_flash_read_jedec_id/Vivado/02_spi_flash_read_jedec_id.runs/impl_1/.Xil/Vivado-7888-LAPTOP-CHCSI1R5/dc_drv.0/dc/prj_ip.gen/sources_1/ip/dbg_hub/hdl/verilog/xsdbm_v3_0_0_bs_core.vh:237]
INFO: [Synth 8-11241] undeclared symbol 'tms_int', assumed default net type 'wire' [d:/FPGA/Vivaldo Project/INTERFACE/SPI/02_spi_flash_read_jedec_id/Vivado/02_spi_flash_read_jedec_id.runs/impl_1/.Xil/Vivado-7888-LAPTOP-CHCSI1R5/dc_drv.0/dc/prj_ip.gen/sources_1/ip/dbg_hub/hdl/verilog/xsdbm_v3_0_0_bs_core.vh:279]
INFO: [Synth 8-11241] undeclared symbol 'runtest_int', assumed default net type 'wire' [d:/FPGA/Vivaldo Project/INTERFACE/SPI/02_spi_flash_read_jedec_id/Vivado/02_spi_flash_read_jedec_id.runs/impl_1/.Xil/Vivado-7888-LAPTOP-CHCSI1R5/dc_drv.0/dc/prj_ip.gen/sources_1/ip/dbg_hub/hdl/verilog/xsdbm_v3_0_0_bs_core.vh:281]
INFO: [Synth 8-11241] undeclared symbol 'tms_int', assumed default net type 'wire' [d:/FPGA/Vivaldo Project/INTERFACE/SPI/02_spi_flash_read_jedec_id/Vivado/02_spi_flash_read_jedec_id.runs/impl_1/.Xil/Vivado-7888-LAPTOP-CHCSI1R5/dc_drv.0/dc/prj_ip.gen/sources_1/ip/dbg_hub/hdl/verilog/xsdbm_v3_0_0_bs_core.vh:324]
INFO: [Synth 8-11241] undeclared symbol 'runtest_int', assumed default net type 'wire' [d:/FPGA/Vivaldo Project/INTERFACE/SPI/02_spi_flash_read_jedec_id/Vivado/02_spi_flash_read_jedec_id.runs/impl_1/.Xil/Vivado-7888-LAPTOP-CHCSI1R5/dc_drv.0/dc/prj_ip.gen/sources_1/ip/dbg_hub/hdl/verilog/xsdbm_v3_0_0_bs_core.vh:326]
INFO: [Synth 8-11241] undeclared symbol 'tms_int', assumed default net type 'wire' [d:/FPGA/Vivaldo Project/INTERFACE/SPI/02_spi_flash_read_jedec_id/Vivado/02_spi_flash_read_jedec_id.runs/impl_1/.Xil/Vivado-7888-LAPTOP-CHCSI1R5/dc_drv.0/dc/prj_ip.gen/sources_1/ip/dbg_hub/hdl/verilog/xsdbm_v3_0_0_bs_core.vh:370]
INFO: [Synth 8-11241] undeclared symbol 'runtest_int', assumed default net type 'wire' [d:/FPGA/Vivaldo Project/INTERFACE/SPI/02_spi_flash_read_jedec_id/Vivado/02_spi_flash_read_jedec_id.runs/impl_1/.Xil/Vivado-7888-LAPTOP-CHCSI1R5/dc_drv.0/dc/prj_ip.gen/sources_1/ip/dbg_hub/hdl/verilog/xsdbm_v3_0_0_bs_core.vh:372]
INFO: [Synth 8-11241] undeclared symbol 'tms_int', assumed default net type 'wire' [d:/FPGA/Vivaldo Project/INTERFACE/SPI/02_spi_flash_read_jedec_id/Vivado/02_spi_flash_read_jedec_id.runs/impl_1/.Xil/Vivado-7888-LAPTOP-CHCSI1R5/dc_drv.0/dc/prj_ip.gen/sources_1/ip/dbg_hub/hdl/verilog/xsdbm_v3_0_0_bs_core.vh:417]
INFO: [Synth 8-11241] undeclared symbol 'runtest_int', assumed default net type 'wire' [d:/FPGA/Vivaldo Project/INTERFACE/SPI/02_spi_flash_read_jedec_id/Vivado/02_spi_flash_read_jedec_id.runs/impl_1/.Xil/Vivado-7888-LAPTOP-CHCSI1R5/dc_drv.0/dc/prj_ip.gen/sources_1/ip/dbg_hub/hdl/verilog/xsdbm_v3_0_0_bs_core.vh:419]
INFO: [Synth 8-11241] undeclared symbol 'tms_int', assumed default net type 'wire' [d:/FPGA/Vivaldo Project/INTERFACE/SPI/02_spi_flash_read_jedec_id/Vivado/02_spi_flash_read_jedec_id.runs/impl_1/.Xil/Vivado-7888-LAPTOP-CHCSI1R5/dc_drv.0/dc/prj_ip.gen/sources_1/ip/dbg_hub/hdl/verilog/xsdbm_v3_0_0_bs_core.vh:465]
INFO: [Synth 8-11241] undeclared symbol 'runtest_int', assumed default net type 'wire' [d:/FPGA/Vivaldo Project/INTERFACE/SPI/02_spi_flash_read_jedec_id/Vivado/02_spi_flash_read_jedec_id.runs/impl_1/.Xil/Vivado-7888-LAPTOP-CHCSI1R5/dc_drv.0/dc/prj_ip.gen/sources_1/ip/dbg_hub/hdl/verilog/xsdbm_v3_0_0_bs_core.vh:467]
INFO: [Synth 8-11241] undeclared symbol 'tms_int', assumed default net type 'wire' [d:/FPGA/Vivaldo Project/INTERFACE/SPI/02_spi_flash_read_jedec_id/Vivado/02_spi_flash_read_jedec_id.runs/impl_1/.Xil/Vivado-7888-LAPTOP-CHCSI1R5/dc_drv.0/dc/prj_ip.gen/sources_1/ip/dbg_hub/hdl/verilog/xsdbm_v3_0_0_bs_core.vh:514]
INFO: [Synth 8-11241] undeclared symbol 'runtest_int', assumed default net type 'wire' [d:/FPGA/Vivaldo Project/INTERFACE/SPI/02_spi_flash_read_jedec_id/Vivado/02_spi_flash_read_jedec_id.runs/impl_1/.Xil/Vivado-7888-LAPTOP-CHCSI1R5/dc_drv.0/dc/prj_ip.gen/sources_1/ip/dbg_hub/hdl/verilog/xsdbm_v3_0_0_bs_core.vh:516]
INFO: [Synth 8-11241] undeclared symbol 'tms_int', assumed default net type 'wire' [d:/FPGA/Vivaldo Project/INTERFACE/SPI/02_spi_flash_read_jedec_id/Vivado/02_spi_flash_read_jedec_id.runs/impl_1/.Xil/Vivado-7888-LAPTOP-CHCSI1R5/dc_drv.0/dc/prj_ip.gen/sources_1/ip/dbg_hub/hdl/verilog/xsdbm_v3_0_0_bs_core.vh:564]
INFO: [Synth 8-11241] undeclared symbol 'runtest_int', assumed default net type 'wire' [d:/FPGA/Vivaldo Project/INTERFACE/SPI/02_spi_flash_read_jedec_id/Vivado/02_spi_flash_read_jedec_id.runs/impl_1/.Xil/Vivado-7888-LAPTOP-CHCSI1R5/dc_drv.0/dc/prj_ip.gen/sources_1/ip/dbg_hub/hdl/verilog/xsdbm_v3_0_0_bs_core.vh:566]
INFO: [Synth 8-11241] undeclared symbol 'tms_int', assumed default net type 'wire' [d:/FPGA/Vivaldo Project/INTERFACE/SPI/02_spi_flash_read_jedec_id/Vivado/02_spi_flash_read_jedec_id.runs/impl_1/.Xil/Vivado-7888-LAPTOP-CHCSI1R5/dc_drv.0/dc/prj_ip.gen/sources_1/ip/dbg_hub/hdl/verilog/xsdbm_v3_0_0_bs_core.vh:615]
INFO: [Synth 8-11241] undeclared symbol 'runtest_int', assumed default net type 'wire' [d:/FPGA/Vivaldo Project/INTERFACE/SPI/02_spi_flash_read_jedec_id/Vivado/02_spi_flash_read_jedec_id.runs/impl_1/.Xil/Vivado-7888-LAPTOP-CHCSI1R5/dc_drv.0/dc/prj_ip.gen/sources_1/ip/dbg_hub/hdl/verilog/xsdbm_v3_0_0_bs_core.vh:617]
INFO: [Synth 8-11241] undeclared symbol 'tms_int', assumed default net type 'wire' [d:/FPGA/Vivaldo Project/INTERFACE/SPI/02_spi_flash_read_jedec_id/Vivado/02_spi_flash_read_jedec_id.runs/impl_1/.Xil/Vivado-7888-LAPTOP-CHCSI1R5/dc_drv.0/dc/prj_ip.gen/sources_1/ip/dbg_hub/hdl/xsdbm_v3_0_vl_rfs.v:10347]
INFO: [Synth 8-11241] undeclared symbol 'runtest_int', assumed default net type 'wire' [d:/FPGA/Vivaldo Project/INTERFACE/SPI/02_spi_flash_read_jedec_id/Vivado/02_spi_flash_read_jedec_id.runs/impl_1/.Xil/Vivado-7888-LAPTOP-CHCSI1R5/dc_drv.0/dc/prj_ip.gen/sources_1/ip/dbg_hub/hdl/xsdbm_v3_0_vl_rfs.v:10349]
INFO: [Synth 8-11241] undeclared symbol 'tms_int', assumed default net type 'wire' [d:/FPGA/Vivaldo Project/INTERFACE/SPI/02_spi_flash_read_jedec_id/Vivado/02_spi_flash_read_jedec_id.runs/impl_1/.Xil/Vivado-7888-LAPTOP-CHCSI1R5/dc_drv.0/dc/prj_ip.gen/sources_1/ip/dbg_hub/hdl/xsdbm_v3_0_vl_rfs.v:10380]
INFO: [Synth 8-11241] undeclared symbol 'runtest_int', assumed default net type 'wire' [d:/FPGA/Vivaldo Project/INTERFACE/SPI/02_spi_flash_read_jedec_id/Vivado/02_spi_flash_read_jedec_id.runs/impl_1/.Xil/Vivado-7888-LAPTOP-CHCSI1R5/dc_drv.0/dc/prj_ip.gen/sources_1/ip/dbg_hub/hdl/xsdbm_v3_0_vl_rfs.v:10382]
INFO: [Synth 8-11241] undeclared symbol 'tms_int', assumed default net type 'wire' [d:/FPGA/Vivaldo Project/INTERFACE/SPI/02_spi_flash_read_jedec_id/Vivado/02_spi_flash_read_jedec_id.runs/impl_1/.Xil/Vivado-7888-LAPTOP-CHCSI1R5/dc_drv.0/dc/prj_ip.gen/sources_1/ip/dbg_hub/hdl/xsdbm_v3_0_vl_rfs.v:10413]
INFO: [Synth 8-11241] undeclared symbol 'runtest_int', assumed default net type 'wire' [d:/FPGA/Vivaldo Project/INTERFACE/SPI/02_spi_flash_read_jedec_id/Vivado/02_spi_flash_read_jedec_id.runs/impl_1/.Xil/Vivado-7888-LAPTOP-CHCSI1R5/dc_drv.0/dc/prj_ip.gen/sources_1/ip/dbg_hub/hdl/xsdbm_v3_0_vl_rfs.v:10415]
INFO: [Synth 8-11241] undeclared symbol 'tms_int', assumed default net type 'wire' [d:/FPGA/Vivaldo Project/INTERFACE/SPI/02_spi_flash_read_jedec_id/Vivado/02_spi_flash_read_jedec_id.runs/impl_1/.Xil/Vivado-7888-LAPTOP-CHCSI1R5/dc_drv.0/dc/prj_ip.gen/sources_1/ip/dbg_hub/hdl/verilog/xsdbm_v3_0_0_bs_core_vec.vh:30]
INFO: [Synth 8-11241] undeclared symbol 'runtest_int', assumed default net type 'wire' [d:/FPGA/Vivaldo Project/INTERFACE/SPI/02_spi_flash_read_jedec_id/Vivado/02_spi_flash_read_jedec_id.runs/impl_1/.Xil/Vivado-7888-LAPTOP-CHCSI1R5/dc_drv.0/dc/prj_ip.gen/sources_1/ip/dbg_hub/hdl/verilog/xsdbm_v3_0_0_bs_core_vec.vh:32]
INFO: [Synth 8-11241] undeclared symbol 'tms_int', assumed default net type 'wire' [d:/FPGA/Vivaldo Project/INTERFACE/SPI/02_spi_flash_read_jedec_id/Vivado/02_spi_flash_read_jedec_id.runs/impl_1/.Xil/Vivado-7888-LAPTOP-CHCSI1R5/dc_drv.0/dc/prj_ip.gen/sources_1/ip/dbg_hub/hdl/verilog/xsdbm_v3_0_0_bs_core_vec.vh:65]
INFO: [Synth 8-11241] undeclared symbol 'runtest_int', assumed default net type 'wire' [d:/FPGA/Vivaldo Project/INTERFACE/SPI/02_spi_flash_read_jedec_id/Vivado/02_spi_flash_read_jedec_id.runs/impl_1/.Xil/Vivado-7888-LAPTOP-CHCSI1R5/dc_drv.0/dc/prj_ip.gen/sources_1/ip/dbg_hub/hdl/verilog/xsdbm_v3_0_0_bs_core_vec.vh:67]
INFO: [Synth 8-11241] undeclared symbol 'tms_int', assumed default net type 'wire' [d:/FPGA/Vivaldo Project/INTERFACE/SPI/02_spi_flash_read_jedec_id/Vivado/02_spi_flash_read_jedec_id.runs/impl_1/.Xil/Vivado-7888-LAPTOP-CHCSI1R5/dc_drv.0/dc/prj_ip.gen/sources_1/ip/dbg_hub/hdl/verilog/xsdbm_v3_0_0_bs_core_vec.vh:100]
INFO: [Synth 8-11241] undeclared symbol 'runtest_int', assumed default net type 'wire' [d:/FPGA/Vivaldo Project/INTERFACE/SPI/02_spi_flash_read_jedec_id/Vivado/02_spi_flash_read_jedec_id.runs/impl_1/.Xil/Vivado-7888-LAPTOP-CHCSI1R5/dc_drv.0/dc/prj_ip.gen/sources_1/ip/dbg_hub/hdl/verilog/xsdbm_v3_0_0_bs_core_vec.vh:102]
INFO: [Synth 8-11241] undeclared symbol 'tms_int', assumed default net type 'wire' [d:/FPGA/Vivaldo Project/INTERFACE/SPI/02_spi_flash_read_jedec_id/Vivado/02_spi_flash_read_jedec_id.runs/impl_1/.Xil/Vivado-7888-LAPTOP-CHCSI1R5/dc_drv.0/dc/prj_ip.gen/sources_1/ip/dbg_hub/hdl/verilog/xsdbm_v3_0_0_bs_core_vec.vh:135]
INFO: [Synth 8-11241] undeclared symbol 'runtest_int', assumed default net type 'wire' [d:/FPGA/Vivaldo Project/INTERFACE/SPI/02_spi_flash_read_jedec_id/Vivado/02_spi_flash_read_jedec_id.runs/impl_1/.Xil/Vivado-7888-LAPTOP-CHCSI1R5/dc_drv.0/dc/prj_ip.gen/sources_1/ip/dbg_hub/hdl/verilog/xsdbm_v3_0_0_bs_core_vec.vh:137]
INFO: [Synth 8-11241] undeclared symbol 'tms_int', assumed default net type 'wire' [d:/FPGA/Vivaldo Project/INTERFACE/SPI/02_spi_flash_read_jedec_id/Vivado/02_spi_flash_read_jedec_id.runs/impl_1/.Xil/Vivado-7888-LAPTOP-CHCSI1R5/dc_drv.0/dc/prj_ip.gen/sources_1/ip/dbg_hub/hdl/verilog/xsdbm_v3_0_0_bs_core_vec.vh:170]
INFO: [Synth 8-11241] undeclared symbol 'runtest_int', assumed default net type 'wire' [d:/FPGA/Vivaldo Project/INTERFACE/SPI/02_spi_flash_read_jedec_id/Vivado/02_spi_flash_read_jedec_id.runs/impl_1/.Xil/Vivado-7888-LAPTOP-CHCSI1R5/dc_drv.0/dc/prj_ip.gen/sources_1/ip/dbg_hub/hdl/verilog/xsdbm_v3_0_0_bs_core_vec.vh:172]
INFO: [Synth 8-11241] undeclared symbol 'tms_int', assumed default net type 'wire' [d:/FPGA/Vivaldo Project/INTERFACE/SPI/02_spi_flash_read_jedec_id/Vivado/02_spi_flash_read_jedec_id.runs/impl_1/.Xil/Vivado-7888-LAPTOP-CHCSI1R5/dc_drv.0/dc/prj_ip.gen/sources_1/ip/dbg_hub/hdl/verilog/xsdbm_v3_0_0_bs_core_vec.vh:205]
INFO: [Synth 8-11241] undeclared symbol 'runtest_int', assumed default net type 'wire' [d:/FPGA/Vivaldo Project/INTERFACE/SPI/02_spi_flash_read_jedec_id/Vivado/02_spi_flash_read_jedec_id.runs/impl_1/.Xil/Vivado-7888-LAPTOP-CHCSI1R5/dc_drv.0/dc/prj_ip.gen/sources_1/ip/dbg_hub/hdl/verilog/xsdbm_v3_0_0_bs_core_vec.vh:207]
INFO: [Synth 8-11241] undeclared symbol 'tms_int', assumed default net type 'wire' [d:/FPGA/Vivaldo Project/INTERFACE/SPI/02_spi_flash_read_jedec_id/Vivado/02_spi_flash_read_jedec_id.runs/impl_1/.Xil/Vivado-7888-LAPTOP-CHCSI1R5/dc_drv.0/dc/prj_ip.gen/sources_1/ip/dbg_hub/hdl/verilog/xsdbm_v3_0_0_bs_core_vec.vh:240]
INFO: [Synth 8-11241] undeclared symbol 'runtest_int', assumed default net type 'wire' [d:/FPGA/Vivaldo Project/INTERFACE/SPI/02_spi_flash_read_jedec_id/Vivado/02_spi_flash_read_jedec_id.runs/impl_1/.Xil/Vivado-7888-LAPTOP-CHCSI1R5/dc_drv.0/dc/prj_ip.gen/sources_1/ip/dbg_hub/hdl/verilog/xsdbm_v3_0_0_bs_core_vec.vh:242]
INFO: [Synth 8-11241] undeclared symbol 'tms_int', assumed default net type 'wire' [d:/FPGA/Vivaldo Project/INTERFACE/SPI/02_spi_flash_read_jedec_id/Vivado/02_spi_flash_read_jedec_id.runs/impl_1/.Xil/Vivado-7888-LAPTOP-CHCSI1R5/dc_drv.0/dc/prj_ip.gen/sources_1/ip/dbg_hub/hdl/verilog/xsdbm_v3_0_0_bs_core_vec.vh:275]
INFO: [Synth 8-11241] undeclared symbol 'runtest_int', assumed default net type 'wire' [d:/FPGA/Vivaldo Project/INTERFACE/SPI/02_spi_flash_read_jedec_id/Vivado/02_spi_flash_read_jedec_id.runs/impl_1/.Xil/Vivado-7888-LAPTOP-CHCSI1R5/dc_drv.0/dc/prj_ip.gen/sources_1/ip/dbg_hub/hdl/verilog/xsdbm_v3_0_0_bs_core_vec.vh:277]
INFO: [Synth 8-11241] undeclared symbol 'tms_int', assumed default net type 'wire' [d:/FPGA/Vivaldo Project/INTERFACE/SPI/02_spi_flash_read_jedec_id/Vivado/02_spi_flash_read_jedec_id.runs/impl_1/.Xil/Vivado-7888-LAPTOP-CHCSI1R5/dc_drv.0/dc/prj_ip.gen/sources_1/ip/dbg_hub/hdl/verilog/xsdbm_v3_0_0_bs_core_vec.vh:310]
INFO: [Synth 8-11241] undeclared symbol 'runtest_int', assumed default net type 'wire' [d:/FPGA/Vivaldo Project/INTERFACE/SPI/02_spi_flash_read_jedec_id/Vivado/02_spi_flash_read_jedec_id.runs/impl_1/.Xil/Vivado-7888-LAPTOP-CHCSI1R5/dc_drv.0/dc/prj_ip.gen/sources_1/ip/dbg_hub/hdl/verilog/xsdbm_v3_0_0_bs_core_vec.vh:312]
INFO: [Synth 8-11241] undeclared symbol 'tms_int', assumed default net type 'wire' [d:/FPGA/Vivaldo Project/INTERFACE/SPI/02_spi_flash_read_jedec_id/Vivado/02_spi_flash_read_jedec_id.runs/impl_1/.Xil/Vivado-7888-LAPTOP-CHCSI1R5/dc_drv.0/dc/prj_ip.gen/sources_1/ip/dbg_hub/hdl/verilog/xsdbm_v3_0_0_bs_core_vec.vh:345]
INFO: [Synth 8-11241] undeclared symbol 'runtest_int', assumed default net type 'wire' [d:/FPGA/Vivaldo Project/INTERFACE/SPI/02_spi_flash_read_jedec_id/Vivado/02_spi_flash_read_jedec_id.runs/impl_1/.Xil/Vivado-7888-LAPTOP-CHCSI1R5/dc_drv.0/dc/prj_ip.gen/sources_1/ip/dbg_hub/hdl/verilog/xsdbm_v3_0_0_bs_core_vec.vh:347]
INFO: [Synth 8-11241] undeclared symbol 'tms_int', assumed default net type 'wire' [d:/FPGA/Vivaldo Project/INTERFACE/SPI/02_spi_flash_read_jedec_id/Vivado/02_spi_flash_read_jedec_id.runs/impl_1/.Xil/Vivado-7888-LAPTOP-CHCSI1R5/dc_drv.0/dc/prj_ip.gen/sources_1/ip/dbg_hub/hdl/verilog/xsdbm_v3_0_0_bs_core_vec.vh:380]
INFO: [Synth 8-11241] undeclared symbol 'runtest_int', assumed default net type 'wire' [d:/FPGA/Vivaldo Project/INTERFACE/SPI/02_spi_flash_read_jedec_id/Vivado/02_spi_flash_read_jedec_id.runs/impl_1/.Xil/Vivado-7888-LAPTOP-CHCSI1R5/dc_drv.0/dc/prj_ip.gen/sources_1/ip/dbg_hub/hdl/verilog/xsdbm_v3_0_0_bs_core_vec.vh:382]
INFO: [Synth 8-11241] undeclared symbol 'tms_int', assumed default net type 'wire' [d:/FPGA/Vivaldo Project/INTERFACE/SPI/02_spi_flash_read_jedec_id/Vivado/02_spi_flash_read_jedec_id.runs/impl_1/.Xil/Vivado-7888-LAPTOP-CHCSI1R5/dc_drv.0/dc/prj_ip.gen/sources_1/ip/dbg_hub/hdl/verilog/xsdbm_v3_0_0_bs_core_vec.vh:415]
INFO: [Synth 8-11241] undeclared symbol 'runtest_int', assumed default net type 'wire' [d:/FPGA/Vivaldo Project/INTERFACE/SPI/02_spi_flash_read_jedec_id/Vivado/02_spi_flash_read_jedec_id.runs/impl_1/.Xil/Vivado-7888-LAPTOP-CHCSI1R5/dc_drv.0/dc/prj_ip.gen/sources_1/ip/dbg_hub/hdl/verilog/xsdbm_v3_0_0_bs_core_vec.vh:417]
INFO: [Common 17-14] Message 'Synth 8-11241' appears 100 times and further instances of the messages will be disabled. Use the Tcl command set_msg_config to change the current settings.
---------------------------------------------------------------------------------
Starting RTL Elaboration : Time (s): cpu = 00:00:10 ; elapsed = 00:00:11 . Memory (MB): peak = 1762.992 ; gain = 332.758
---------------------------------------------------------------------------------
INFO: [Synth 8-6157] synthesizing module 'dbg_hub' [d:/FPGA/Vivaldo Project/INTERFACE/SPI/02_spi_flash_read_jedec_id/Vivado/02_spi_flash_read_jedec_id.runs/impl_1/.Xil/Vivado-7888-LAPTOP-CHCSI1R5/dc_drv.0/dc/prj_ip.gen/sources_1/ip/dbg_hub/synth/dbg_hub.v:53]
INFO: [Synth 8-6157] synthesizing module 'BSCANE2' [D:/Xilinx/Vivado/2022.2/scripts/rt/data/unisim_comp.v:883]
INFO: [Synth 8-6155] done synthesizing module 'BSCANE2' (0#1) [D:/Xilinx/Vivado/2022.2/scripts/rt/data/unisim_comp.v:883]
INFO: [Synth 8-6157] synthesizing module 'BUFG' [D:/Xilinx/Vivado/2022.2/scripts/rt/data/unisim_comp.v:1082]
INFO: [Synth 8-6155] done synthesizing module 'BUFG' (0#1) [D:/Xilinx/Vivado/2022.2/scripts/rt/data/unisim_comp.v:1082]
INFO: [Synth 8-6155] done synthesizing module 'dbg_hub' (0#1) [d:/FPGA/Vivaldo Project/INTERFACE/SPI/02_spi_flash_read_jedec_id/Vivado/02_spi_flash_read_jedec_id.runs/impl_1/.Xil/Vivado-7888-LAPTOP-CHCSI1R5/dc_drv.0/dc/prj_ip.gen/sources_1/ip/dbg_hub/synth/dbg_hub.v:53]
WARNING: [Synth 8-3848] Net update_0 in module/entity xsdbm_v3_0_0_xsdbm_id does not have driver. [d:/FPGA/Vivaldo Project/INTERFACE/SPI/02_spi_flash_read_jedec_id/Vivado/02_spi_flash_read_jedec_id.runs/impl_1/.Xil/Vivado-7888-LAPTOP-CHCSI1R5/dc_drv.0/dc/prj_ip.gen/sources_1/ip/dbg_hub/hdl/verilog/xsdbm_v3_0_0_bs_ports.vh:1]
WARNING: [Synth 8-3848] Net capture_0 in module/entity xsdbm_v3_0_0_xsdbm_id does not have driver. [d:/FPGA/Vivaldo Project/INTERFACE/SPI/02_spi_flash_read_jedec_id/Vivado/02_spi_flash_read_jedec_id.runs/impl_1/.Xil/Vivado-7888-LAPTOP-CHCSI1R5/dc_drv.0/dc/prj_ip.gen/sources_1/ip/dbg_hub/hdl/verilog/xsdbm_v3_0_0_bs_ports.vh:2]
WARNING: [Synth 8-3848] Net reset_0 in module/entity xsdbm_v3_0_0_xsdbm_id does not have driver. [d:/FPGA/Vivaldo Project/INTERFACE/SPI/02_spi_flash_read_jedec_id/Vivado/02_spi_flash_read_jedec_id.runs/impl_1/.Xil/Vivado-7888-LAPTOP-CHCSI1R5/dc_drv.0/dc/prj_ip.gen/sources_1/ip/dbg_hub/hdl/verilog/xsdbm_v3_0_0_bs_ports.vh:3]
WARNING: [Synth 8-3848] Net runtest_0 in module/entity xsdbm_v3_0_0_xsdbm_id does not have driver. [d:/FPGA/Vivaldo Project/INTERFACE/SPI/02_spi_flash_read_jedec_id/Vivado/02_spi_flash_read_jedec_id.runs/impl_1/.Xil/Vivado-7888-LAPTOP-CHCSI1R5/dc_drv.0/dc/prj_ip.gen/sources_1/ip/dbg_hub/hdl/verilog/xsdbm_v3_0_0_bs_ports.vh:4]
WARNING: [Synth 8-3848] Net tms_0 in module/entity xsdbm_v3_0_0_xsdbm_id does not have driver. [d:/FPGA/Vivaldo Project/INTERFACE/SPI/02_spi_flash_read_jedec_id/Vivado/02_spi_flash_read_jedec_id.runs/impl_1/.Xil/Vivado-7888-LAPTOP-CHCSI1R5/dc_drv.0/dc/prj_ip.gen/sources_1/ip/dbg_hub/hdl/verilog/xsdbm_v3_0_0_bs_ports.vh:5]
WARNING: [Synth 8-3848] Net tck_0 in module/entity xsdbm_v3_0_0_xsdbm_id does not have driver. [d:/FPGA/Vivaldo Project/INTERFACE/SPI/02_spi_flash_read_jedec_id/Vivado/02_spi_flash_read_jedec_id.runs/impl_1/.Xil/Vivado-7888-LAPTOP-CHCSI1R5/dc_drv.0/dc/prj_ip.gen/sources_1/ip/dbg_hub/hdl/verilog/xsdbm_v3_0_0_bs_ports.vh:6]
WARNING: [Synth 8-3848] Net tdi_0 in module/entity xsdbm_v3_0_0_xsdbm_id does not have driver. [d:/FPGA/Vivaldo Project/INTERFACE/SPI/02_spi_flash_read_jedec_id/Vivado/02_spi_flash_read_jedec_id.runs/impl_1/.Xil/Vivado-7888-LAPTOP-CHCSI1R5/dc_drv.0/dc/prj_ip.gen/sources_1/ip/dbg_hub/hdl/verilog/xsdbm_v3_0_0_bs_ports.vh:7]
WARNING: [Synth 8-3848] Net sel_0 in module/entity xsdbm_v3_0_0_xsdbm_id does not have driver. [d:/FPGA/Vivaldo Project/INTERFACE/SPI/02_spi_flash_read_jedec_id/Vivado/02_spi_flash_read_jedec_id.runs/impl_1/.Xil/Vivado-7888-LAPTOP-CHCSI1R5/dc_drv.0/dc/prj_ip.gen/sources_1/ip/dbg_hub/hdl/verilog/xsdbm_v3_0_0_bs_ports.vh:8]
WARNING: [Synth 8-3848] Net shift_0 in module/entity xsdbm_v3_0_0_xsdbm_id does not have driver. [d:/FPGA/Vivaldo Project/INTERFACE/SPI/02_spi_flash_read_jedec_id/Vivado/02_spi_flash_read_jedec_id.runs/impl_1/.Xil/Vivado-7888-LAPTOP-CHCSI1R5/dc_drv.0/dc/prj_ip.gen/sources_1/ip/dbg_hub/hdl/verilog/xsdbm_v3_0_0_bs_ports.vh:9]
WARNING: [Synth 8-3848] Net drck_0 in module/entity xsdbm_v3_0_0_xsdbm_id does not have driver. [d:/FPGA/Vivaldo Project/INTERFACE/SPI/02_spi_flash_read_jedec_id/Vivado/02_spi_flash_read_jedec_id.runs/impl_1/.Xil/Vivado-7888-LAPTOP-CHCSI1R5/dc_drv.0/dc/prj_ip.gen/sources_1/ip/dbg_hub/hdl/verilog/xsdbm_v3_0_0_bs_ports.vh:10]
WARNING: [Synth 8-3848] Net update_1 in module/entity xsdbm_v3_0_0_xsdbm_id does not have driver. [d:/FPGA/Vivaldo Project/INTERFACE/SPI/02_spi_flash_read_jedec_id/Vivado/02_spi_flash_read_jedec_id.runs/impl_1/.Xil/Vivado-7888-LAPTOP-CHCSI1R5/dc_drv.0/dc/prj_ip.gen/sources_1/ip/dbg_hub/hdl/verilog/xsdbm_v3_0_0_bs_ports.vh:12]
WARNING: [Synth 8-3848] Net capture_1 in module/entity xsdbm_v3_0_0_xsdbm_id does not have driver. [d:/FPGA/Vivaldo Project/INTERFACE/SPI/02_spi_flash_read_jedec_id/Vivado/02_spi_flash_read_jedec_id.runs/impl_1/.Xil/Vivado-7888-LAPTOP-CHCSI1R5/dc_drv.0/dc/prj_ip.gen/sources_1/ip/dbg_hub/hdl/verilog/xsdbm_v3_0_0_bs_ports.vh:13]
WARNING: [Synth 8-3848] Net reset_1 in module/entity xsdbm_v3_0_0_xsdbm_id does not have driver. [d:/FPGA/Vivaldo Project/INTERFACE/SPI/02_spi_flash_read_jedec_id/Vivado/02_spi_flash_read_jedec_id.runs/impl_1/.Xil/Vivado-7888-LAPTOP-CHCSI1R5/dc_drv.0/dc/prj_ip.gen/sources_1/ip/dbg_hub/hdl/verilog/xsdbm_v3_0_0_bs_ports.vh:14]
WARNING: [Synth 8-3848] Net runtest_1 in module/entity xsdbm_v3_0_0_xsdbm_id does not have driver. [d:/FPGA/Vivaldo Project/INTERFACE/SPI/02_spi_flash_read_jedec_id/Vivado/02_spi_flash_read_jedec_id.runs/impl_1/.Xil/Vivado-7888-LAPTOP-CHCSI1R5/dc_drv.0/dc/prj_ip.gen/sources_1/ip/dbg_hub/hdl/verilog/xsdbm_v3_0_0_bs_ports.vh:15]
WARNING: [Synth 8-3848] Net tms_1 in module/entity xsdbm_v3_0_0_xsdbm_id does not have driver. [d:/FPGA/Vivaldo Project/INTERFACE/SPI/02_spi_flash_read_jedec_id/Vivado/02_spi_flash_read_jedec_id.runs/impl_1/.Xil/Vivado-7888-LAPTOP-CHCSI1R5/dc_drv.0/dc/prj_ip.gen/sources_1/ip/dbg_hub/hdl/verilog/xsdbm_v3_0_0_bs_ports.vh:16]
WARNING: [Synth 8-3848] Net tck_1 in module/entity xsdbm_v3_0_0_xsdbm_id does not have driver. [d:/FPGA/Vivaldo Project/INTERFACE/SPI/02_spi_flash_read_jedec_id/Vivado/02_spi_flash_read_jedec_id.runs/impl_1/.Xil/Vivado-7888-LAPTOP-CHCSI1R5/dc_drv.0/dc/prj_ip.gen/sources_1/ip/dbg_hub/hdl/verilog/xsdbm_v3_0_0_bs_ports.vh:17]
WARNING: [Synth 8-3848] Net tdi_1 in module/entity xsdbm_v3_0_0_xsdbm_id does not have driver. [d:/FPGA/Vivaldo Project/INTERFACE/SPI/02_spi_flash_read_jedec_id/Vivado/02_spi_flash_read_jedec_id.runs/impl_1/.Xil/Vivado-7888-LAPTOP-CHCSI1R5/dc_drv.0/dc/prj_ip.gen/sources_1/ip/dbg_hub/hdl/verilog/xsdbm_v3_0_0_bs_ports.vh:18]
WARNING: [Synth 8-3848] Net sel_1 in module/entity xsdbm_v3_0_0_xsdbm_id does not have driver. [d:/FPGA/Vivaldo Project/INTERFACE/SPI/02_spi_flash_read_jedec_id/Vivado/02_spi_flash_read_jedec_id.runs/impl_1/.Xil/Vivado-7888-LAPTOP-CHCSI1R5/dc_drv.0/dc/prj_ip.gen/sources_1/ip/dbg_hub/hdl/verilog/xsdbm_v3_0_0_bs_ports.vh:19]
WARNING: [Synth 8-3848] Net shift_1 in module/entity xsdbm_v3_0_0_xsdbm_id does not have driver. [d:/FPGA/Vivaldo Project/INTERFACE/SPI/02_spi_flash_read_jedec_id/Vivado/02_spi_flash_read_jedec_id.runs/impl_1/.Xil/Vivado-7888-LAPTOP-CHCSI1R5/dc_drv.0/dc/prj_ip.gen/sources_1/ip/dbg_hub/hdl/verilog/xsdbm_v3_0_0_bs_ports.vh:20]
WARNING: [Synth 8-3848] Net drck_1 in module/entity xsdbm_v3_0_0_xsdbm_id does not have driver. [d:/FPGA/Vivaldo Project/INTERFACE/SPI/02_spi_flash_read_jedec_id/Vivado/02_spi_flash_read_jedec_id.runs/impl_1/.Xil/Vivado-7888-LAPTOP-CHCSI1R5/dc_drv.0/dc/prj_ip.gen/sources_1/ip/dbg_hub/hdl/verilog/xsdbm_v3_0_0_bs_ports.vh:21]
WARNING: [Synth 8-3848] Net update_2 in module/entity xsdbm_v3_0_0_xsdbm_id does not have driver. [d:/FPGA/Vivaldo Project/INTERFACE/SPI/02_spi_flash_read_jedec_id/Vivado/02_spi_flash_read_jedec_id.runs/impl_1/.Xil/Vivado-7888-LAPTOP-CHCSI1R5/dc_drv.0/dc/prj_ip.gen/sources_1/ip/dbg_hub/hdl/verilog/xsdbm_v3_0_0_bs_ports.vh:23]
WARNING: [Synth 8-3848] Net capture_2 in module/entity xsdbm_v3_0_0_xsdbm_id does not have driver. [d:/FPGA/Vivaldo Project/INTERFACE/SPI/02_spi_flash_read_jedec_id/Vivado/02_spi_flash_read_jedec_id.runs/impl_1/.Xil/Vivado-7888-LAPTOP-CHCSI1R5/dc_drv.0/dc/prj_ip.gen/sources_1/ip/dbg_hub/hdl/verilog/xsdbm_v3_0_0_bs_ports.vh:24]
WARNING: [Synth 8-3848] Net reset_2 in module/entity xsdbm_v3_0_0_xsdbm_id does not have driver. [d:/FPGA/Vivaldo Project/INTERFACE/SPI/02_spi_flash_read_jedec_id/Vivado/02_spi_flash_read_jedec_id.runs/impl_1/.Xil/Vivado-7888-LAPTOP-CHCSI1R5/dc_drv.0/dc/prj_ip.gen/sources_1/ip/dbg_hub/hdl/verilog/xsdbm_v3_0_0_bs_ports.vh:25]
WARNING: [Synth 8-3848] Net runtest_2 in module/entity xsdbm_v3_0_0_xsdbm_id does not have driver. [d:/FPGA/Vivaldo Project/INTERFACE/SPI/02_spi_flash_read_jedec_id/Vivado/02_spi_flash_read_jedec_id.runs/impl_1/.Xil/Vivado-7888-LAPTOP-CHCSI1R5/dc_drv.0/dc/prj_ip.gen/sources_1/ip/dbg_hub/hdl/verilog/xsdbm_v3_0_0_bs_ports.vh:26]
WARNING: [Synth 8-3848] Net tms_2 in module/entity xsdbm_v3_0_0_xsdbm_id does not have driver. [d:/FPGA/Vivaldo Project/INTERFACE/SPI/02_spi_flash_read_jedec_id/Vivado/02_spi_flash_read_jedec_id.runs/impl_1/.Xil/Vivado-7888-LAPTOP-CHCSI1R5/dc_drv.0/dc/prj_ip.gen/sources_1/ip/dbg_hub/hdl/verilog/xsdbm_v3_0_0_bs_ports.vh:27]
WARNING: [Synth 8-3848] Net tck_2 in module/entity xsdbm_v3_0_0_xsdbm_id does not have driver. [d:/FPGA/Vivaldo Project/INTERFACE/SPI/02_spi_flash_read_jedec_id/Vivado/02_spi_flash_read_jedec_id.runs/impl_1/.Xil/Vivado-7888-LAPTOP-CHCSI1R5/dc_drv.0/dc/prj_ip.gen/sources_1/ip/dbg_hub/hdl/verilog/xsdbm_v3_0_0_bs_ports.vh:28]
WARNING: [Synth 8-3848] Net tdi_2 in module/entity xsdbm_v3_0_0_xsdbm_id does not have driver. [d:/FPGA/Vivaldo Project/INTERFACE/SPI/02_spi_flash_read_jedec_id/Vivado/02_spi_flash_read_jedec_id.runs/impl_1/.Xil/Vivado-7888-LAPTOP-CHCSI1R5/dc_drv.0/dc/prj_ip.gen/sources_1/ip/dbg_hub/hdl/verilog/xsdbm_v3_0_0_bs_ports.vh:29]
WARNING: [Synth 8-3848] Net sel_2 in module/entity xsdbm_v3_0_0_xsdbm_id does not have driver. [d:/FPGA/Vivaldo Project/INTERFACE/SPI/02_spi_flash_read_jedec_id/Vivado/02_spi_flash_read_jedec_id.runs/impl_1/.Xil/Vivado-7888-LAPTOP-CHCSI1R5/dc_drv.0/dc/prj_ip.gen/sources_1/ip/dbg_hub/hdl/verilog/xsdbm_v3_0_0_bs_ports.vh:30]
WARNING: [Synth 8-3848] Net shift_2 in module/entity xsdbm_v3_0_0_xsdbm_id does not have driver. [d:/FPGA/Vivaldo Project/INTERFACE/SPI/02_spi_flash_read_jedec_id/Vivado/02_spi_flash_read_jedec_id.runs/impl_1/.Xil/Vivado-7888-LAPTOP-CHCSI1R5/dc_drv.0/dc/prj_ip.gen/sources_1/ip/dbg_hub/hdl/verilog/xsdbm_v3_0_0_bs_ports.vh:31]
WARNING: [Synth 8-3848] Net drck_2 in module/entity xsdbm_v3_0_0_xsdbm_id does not have driver. [d:/FPGA/Vivaldo Project/INTERFACE/SPI/02_spi_flash_read_jedec_id/Vivado/02_spi_flash_read_jedec_id.runs/impl_1/.Xil/Vivado-7888-LAPTOP-CHCSI1R5/dc_drv.0/dc/prj_ip.gen/sources_1/ip/dbg_hub/hdl/verilog/xsdbm_v3_0_0_bs_ports.vh:32]
WARNING: [Synth 8-3848] Net update_3 in module/entity xsdbm_v3_0_0_xsdbm_id does not have driver. [d:/FPGA/Vivaldo Project/INTERFACE/SPI/02_spi_flash_read_jedec_id/Vivado/02_spi_flash_read_jedec_id.runs/impl_1/.Xil/Vivado-7888-LAPTOP-CHCSI1R5/dc_drv.0/dc/prj_ip.gen/sources_1/ip/dbg_hub/hdl/verilog/xsdbm_v3_0_0_bs_ports.vh:34]
WARNING: [Synth 8-3848] Net capture_3 in module/entity xsdbm_v3_0_0_xsdbm_id does not have driver. [d:/FPGA/Vivaldo Project/INTERFACE/SPI/02_spi_flash_read_jedec_id/Vivado/02_spi_flash_read_jedec_id.runs/impl_1/.Xil/Vivado-7888-LAPTOP-CHCSI1R5/dc_drv.0/dc/prj_ip.gen/sources_1/ip/dbg_hub/hdl/verilog/xsdbm_v3_0_0_bs_ports.vh:35]
WARNING: [Synth 8-3848] Net reset_3 in module/entity xsdbm_v3_0_0_xsdbm_id does not have driver. [d:/FPGA/Vivaldo Project/INTERFACE/SPI/02_spi_flash_read_jedec_id/Vivado/02_spi_flash_read_jedec_id.runs/impl_1/.Xil/Vivado-7888-LAPTOP-CHCSI1R5/dc_drv.0/dc/prj_ip.gen/sources_1/ip/dbg_hub/hdl/verilog/xsdbm_v3_0_0_bs_ports.vh:36]
WARNING: [Synth 8-3848] Net runtest_3 in module/entity xsdbm_v3_0_0_xsdbm_id does not have driver. [d:/FPGA/Vivaldo Project/INTERFACE/SPI/02_spi_flash_read_jedec_id/Vivado/02_spi_flash_read_jedec_id.runs/impl_1/.Xil/Vivado-7888-LAPTOP-CHCSI1R5/dc_drv.0/dc/prj_ip.gen/sources_1/ip/dbg_hub/hdl/verilog/xsdbm_v3_0_0_bs_ports.vh:37]
WARNING: [Synth 8-3848] Net tms_3 in module/entity xsdbm_v3_0_0_xsdbm_id does not have driver. [d:/FPGA/Vivaldo Project/INTERFACE/SPI/02_spi_flash_read_jedec_id/Vivado/02_spi_flash_read_jedec_id.runs/impl_1/.Xil/Vivado-7888-LAPTOP-CHCSI1R5/dc_drv.0/dc/prj_ip.gen/sources_1/ip/dbg_hub/hdl/verilog/xsdbm_v3_0_0_bs_ports.vh:38]
WARNING: [Synth 8-3848] Net tck_3 in module/entity xsdbm_v3_0_0_xsdbm_id does not have driver. [d:/FPGA/Vivaldo Project/INTERFACE/SPI/02_spi_flash_read_jedec_id/Vivado/02_spi_flash_read_jedec_id.runs/impl_1/.Xil/Vivado-7888-LAPTOP-CHCSI1R5/dc_drv.0/dc/prj_ip.gen/sources_1/ip/dbg_hub/hdl/verilog/xsdbm_v3_0_0_bs_ports.vh:39]
WARNING: [Synth 8-3848] Net tdi_3 in module/entity xsdbm_v3_0_0_xsdbm_id does not have driver. [d:/FPGA/Vivaldo Project/INTERFACE/SPI/02_spi_flash_read_jedec_id/Vivado/02_spi_flash_read_jedec_id.runs/impl_1/.Xil/Vivado-7888-LAPTOP-CHCSI1R5/dc_drv.0/dc/prj_ip.gen/sources_1/ip/dbg_hub/hdl/verilog/xsdbm_v3_0_0_bs_ports.vh:40]
WARNING: [Synth 8-3848] Net sel_3 in module/entity xsdbm_v3_0_0_xsdbm_id does not have driver. [d:/FPGA/Vivaldo Project/INTERFACE/SPI/02_spi_flash_read_jedec_id/Vivado/02_spi_flash_read_jedec_id.runs/impl_1/.Xil/Vivado-7888-LAPTOP-CHCSI1R5/dc_drv.0/dc/prj_ip.gen/sources_1/ip/dbg_hub/hdl/verilog/xsdbm_v3_0_0_bs_ports.vh:41]
WARNING: [Synth 8-3848] Net shift_3 in module/entity xsdbm_v3_0_0_xsdbm_id does not have driver. [d:/FPGA/Vivaldo Project/INTERFACE/SPI/02_spi_flash_read_jedec_id/Vivado/02_spi_flash_read_jedec_id.runs/impl_1/.Xil/Vivado-7888-LAPTOP-CHCSI1R5/dc_drv.0/dc/prj_ip.gen/sources_1/ip/dbg_hub/hdl/verilog/xsdbm_v3_0_0_bs_ports.vh:42]
WARNING: [Synth 8-3848] Net drck_3 in module/entity xsdbm_v3_0_0_xsdbm_id does not have driver. [d:/FPGA/Vivaldo Project/INTERFACE/SPI/02_spi_flash_read_jedec_id/Vivado/02_spi_flash_read_jedec_id.runs/impl_1/.Xil/Vivado-7888-LAPTOP-CHCSI1R5/dc_drv.0/dc/prj_ip.gen/sources_1/ip/dbg_hub/hdl/verilog/xsdbm_v3_0_0_bs_ports.vh:43]
WARNING: [Synth 8-3848] Net update_4 in module/entity xsdbm_v3_0_0_xsdbm_id does not have driver. [d:/FPGA/Vivaldo Project/INTERFACE/SPI/02_spi_flash_read_jedec_id/Vivado/02_spi_flash_read_jedec_id.runs/impl_1/.Xil/Vivado-7888-LAPTOP-CHCSI1R5/dc_drv.0/dc/prj_ip.gen/sources_1/ip/dbg_hub/hdl/verilog/xsdbm_v3_0_0_bs_ports.vh:45]
WARNING: [Synth 8-3848] Net capture_4 in module/entity xsdbm_v3_0_0_xsdbm_id does not have driver. [d:/FPGA/Vivaldo Project/INTERFACE/SPI/02_spi_flash_read_jedec_id/Vivado/02_spi_flash_read_jedec_id.runs/impl_1/.Xil/Vivado-7888-LAPTOP-CHCSI1R5/dc_drv.0/dc/prj_ip.gen/sources_1/ip/dbg_hub/hdl/verilog/xsdbm_v3_0_0_bs_ports.vh:46]
WARNING: [Synth 8-3848] Net reset_4 in module/entity xsdbm_v3_0_0_xsdbm_id does not have driver. [d:/FPGA/Vivaldo Project/INTERFACE/SPI/02_spi_flash_read_jedec_id/Vivado/02_spi_flash_read_jedec_id.runs/impl_1/.Xil/Vivado-7888-LAPTOP-CHCSI1R5/dc_drv.0/dc/prj_ip.gen/sources_1/ip/dbg_hub/hdl/verilog/xsdbm_v3_0_0_bs_ports.vh:47]
WARNING: [Synth 8-3848] Net runtest_4 in module/entity xsdbm_v3_0_0_xsdbm_id does not have driver. [d:/FPGA/Vivaldo Project/INTERFACE/SPI/02_spi_flash_read_jedec_id/Vivado/02_spi_flash_read_jedec_id.runs/impl_1/.Xil/Vivado-7888-LAPTOP-CHCSI1R5/dc_drv.0/dc/prj_ip.gen/sources_1/ip/dbg_hub/hdl/verilog/xsdbm_v3_0_0_bs_ports.vh:48]
WARNING: [Synth 8-3848] Net tms_4 in module/entity xsdbm_v3_0_0_xsdbm_id does not have driver. [d:/FPGA/Vivaldo Project/INTERFACE/SPI/02_spi_flash_read_jedec_id/Vivado/02_spi_flash_read_jedec_id.runs/impl_1/.Xil/Vivado-7888-LAPTOP-CHCSI1R5/dc_drv.0/dc/prj_ip.gen/sources_1/ip/dbg_hub/hdl/verilog/xsdbm_v3_0_0_bs_ports.vh:49]
WARNING: [Synth 8-3848] Net tck_4 in module/entity xsdbm_v3_0_0_xsdbm_id does not have driver. [d:/FPGA/Vivaldo Project/INTERFACE/SPI/02_spi_flash_read_jedec_id/Vivado/02_spi_flash_read_jedec_id.runs/impl_1/.Xil/Vivado-7888-LAPTOP-CHCSI1R5/dc_drv.0/dc/prj_ip.gen/sources_1/ip/dbg_hub/hdl/verilog/xsdbm_v3_0_0_bs_ports.vh:50]
WARNING: [Synth 8-3848] Net tdi_4 in module/entity xsdbm_v3_0_0_xsdbm_id does not have driver. [d:/FPGA/Vivaldo Project/INTERFACE/SPI/02_spi_flash_read_jedec_id/Vivado/02_spi_flash_read_jedec_id.runs/impl_1/.Xil/Vivado-7888-LAPTOP-CHCSI1R5/dc_drv.0/dc/prj_ip.gen/sources_1/ip/dbg_hub/hdl/verilog/xsdbm_v3_0_0_bs_ports.vh:51]
WARNING: [Synth 8-3848] Net sel_4 in module/entity xsdbm_v3_0_0_xsdbm_id does not have driver. [d:/FPGA/Vivaldo Project/INTERFACE/SPI/02_spi_flash_read_jedec_id/Vivado/02_spi_flash_read_jedec_id.runs/impl_1/.Xil/Vivado-7888-LAPTOP-CHCSI1R5/dc_drv.0/dc/prj_ip.gen/sources_1/ip/dbg_hub/hdl/verilog/xsdbm_v3_0_0_bs_ports.vh:52]
WARNING: [Synth 8-3848] Net shift_4 in module/entity xsdbm_v3_0_0_xsdbm_id does not have driver. [d:/FPGA/Vivaldo Project/INTERFACE/SPI/02_spi_flash_read_jedec_id/Vivado/02_spi_flash_read_jedec_id.runs/impl_1/.Xil/Vivado-7888-LAPTOP-CHCSI1R5/dc_drv.0/dc/prj_ip.gen/sources_1/ip/dbg_hub/hdl/verilog/xsdbm_v3_0_0_bs_ports.vh:53]
WARNING: [Synth 8-3848] Net drck_4 in module/entity xsdbm_v3_0_0_xsdbm_id does not have driver. [d:/FPGA/Vivaldo Project/INTERFACE/SPI/02_spi_flash_read_jedec_id/Vivado/02_spi_flash_read_jedec_id.runs/impl_1/.Xil/Vivado-7888-LAPTOP-CHCSI1R5/dc_drv.0/dc/prj_ip.gen/sources_1/ip/dbg_hub/hdl/verilog/xsdbm_v3_0_0_bs_ports.vh:54]
WARNING: [Synth 8-3848] Net update_5 in module/entity xsdbm_v3_0_0_xsdbm_id does not have driver. [d:/FPGA/Vivaldo Project/INTERFACE/SPI/02_spi_flash_read_jedec_id/Vivado/02_spi_flash_read_jedec_id.runs/impl_1/.Xil/Vivado-7888-LAPTOP-CHCSI1R5/dc_drv.0/dc/prj_ip.gen/sources_1/ip/dbg_hub/hdl/verilog/xsdbm_v3_0_0_bs_ports.vh:56]
WARNING: [Synth 8-3848] Net capture_5 in module/entity xsdbm_v3_0_0_xsdbm_id does not have driver. [d:/FPGA/Vivaldo Project/INTERFACE/SPI/02_spi_flash_read_jedec_id/Vivado/02_spi_flash_read_jedec_id.runs/impl_1/.Xil/Vivado-7888-LAPTOP-CHCSI1R5/dc_drv.0/dc/prj_ip.gen/sources_1/ip/dbg_hub/hdl/verilog/xsdbm_v3_0_0_bs_ports.vh:57]
WARNING: [Synth 8-3848] Net reset_5 in module/entity xsdbm_v3_0_0_xsdbm_id does not have driver. [d:/FPGA/Vivaldo Project/INTERFACE/SPI/02_spi_flash_read_jedec_id/Vivado/02_spi_flash_read_jedec_id.runs/impl_1/.Xil/Vivado-7888-LAPTOP-CHCSI1R5/dc_drv.0/dc/prj_ip.gen/sources_1/ip/dbg_hub/hdl/verilog/xsdbm_v3_0_0_bs_ports.vh:58]
WARNING: [Synth 8-3848] Net runtest_5 in module/entity xsdbm_v3_0_0_xsdbm_id does not have driver. [d:/FPGA/Vivaldo Project/INTERFACE/SPI/02_spi_flash_read_jedec_id/Vivado/02_spi_flash_read_jedec_id.runs/impl_1/.Xil/Vivado-7888-LAPTOP-CHCSI1R5/dc_drv.0/dc/prj_ip.gen/sources_1/ip/dbg_hub/hdl/verilog/xsdbm_v3_0_0_bs_ports.vh:59]
WARNING: [Synth 8-3848] Net tms_5 in module/entity xsdbm_v3_0_0_xsdbm_id does not have driver. [d:/FPGA/Vivaldo Project/INTERFACE/SPI/02_spi_flash_read_jedec_id/Vivado/02_spi_flash_read_jedec_id.runs/impl_1/.Xil/Vivado-7888-LAPTOP-CHCSI1R5/dc_drv.0/dc/prj_ip.gen/sources_1/ip/dbg_hub/hdl/verilog/xsdbm_v3_0_0_bs_ports.vh:60]
WARNING: [Synth 8-3848] Net tck_5 in module/entity xsdbm_v3_0_0_xsdbm_id does not have driver. [d:/FPGA/Vivaldo Project/INTERFACE/SPI/02_spi_flash_read_jedec_id/Vivado/02_spi_flash_read_jedec_id.runs/impl_1/.Xil/Vivado-7888-LAPTOP-CHCSI1R5/dc_drv.0/dc/prj_ip.gen/sources_1/ip/dbg_hub/hdl/verilog/xsdbm_v3_0_0_bs_ports.vh:61]
WARNING: [Synth 8-3848] Net tdi_5 in module/entity xsdbm_v3_0_0_xsdbm_id does not have driver. [d:/FPGA/Vivaldo Project/INTERFACE/SPI/02_spi_flash_read_jedec_id/Vivado/02_spi_flash_read_jedec_id.runs/impl_1/.Xil/Vivado-7888-LAPTOP-CHCSI1R5/dc_drv.0/dc/prj_ip.gen/sources_1/ip/dbg_hub/hdl/verilog/xsdbm_v3_0_0_bs_ports.vh:62]
WARNING: [Synth 8-3848] Net sel_5 in module/entity xsdbm_v3_0_0_xsdbm_id does not have driver. [d:/FPGA/Vivaldo Project/INTERFACE/SPI/02_spi_flash_read_jedec_id/Vivado/02_spi_flash_read_jedec_id.runs/impl_1/.Xil/Vivado-7888-LAPTOP-CHCSI1R5/dc_drv.0/dc/prj_ip.gen/sources_1/ip/dbg_hub/hdl/verilog/xsdbm_v3_0_0_bs_ports.vh:63]
WARNING: [Synth 8-3848] Net shift_5 in module/entity xsdbm_v3_0_0_xsdbm_id does not have driver. [d:/FPGA/Vivaldo Project/INTERFACE/SPI/02_spi_flash_read_jedec_id/Vivado/02_spi_flash_read_jedec_id.runs/impl_1/.Xil/Vivado-7888-LAPTOP-CHCSI1R5/dc_drv.0/dc/prj_ip.gen/sources_1/ip/dbg_hub/hdl/verilog/xsdbm_v3_0_0_bs_ports.vh:64]
WARNING: [Synth 8-3848] Net drck_5 in module/entity xsdbm_v3_0_0_xsdbm_id does not have driver. [d:/FPGA/Vivaldo Project/INTERFACE/SPI/02_spi_flash_read_jedec_id/Vivado/02_spi_flash_read_jedec_id.runs/impl_1/.Xil/Vivado-7888-LAPTOP-CHCSI1R5/dc_drv.0/dc/prj_ip.gen/sources_1/ip/dbg_hub/hdl/verilog/xsdbm_v3_0_0_bs_ports.vh:65]
WARNING: [Synth 8-3848] Net update_6 in module/entity xsdbm_v3_0_0_xsdbm_id does not have driver. [d:/FPGA/Vivaldo Project/INTERFACE/SPI/02_spi_flash_read_jedec_id/Vivado/02_spi_flash_read_jedec_id.runs/impl_1/.Xil/Vivado-7888-LAPTOP-CHCSI1R5/dc_drv.0/dc/prj_ip.gen/sources_1/ip/dbg_hub/hdl/verilog/xsdbm_v3_0_0_bs_ports.vh:67]
WARNING: [Synth 8-3848] Net capture_6 in module/entity xsdbm_v3_0_0_xsdbm_id does not have driver. [d:/FPGA/Vivaldo Project/INTERFACE/SPI/02_spi_flash_read_jedec_id/Vivado/02_spi_flash_read_jedec_id.runs/impl_1/.Xil/Vivado-7888-LAPTOP-CHCSI1R5/dc_drv.0/dc/prj_ip.gen/sources_1/ip/dbg_hub/hdl/verilog/xsdbm_v3_0_0_bs_ports.vh:68]
WARNING: [Synth 8-3848] Net reset_6 in module/entity xsdbm_v3_0_0_xsdbm_id does not have driver. [d:/FPGA/Vivaldo Project/INTERFACE/SPI/02_spi_flash_read_jedec_id/Vivado/02_spi_flash_read_jedec_id.runs/impl_1/.Xil/Vivado-7888-LAPTOP-CHCSI1R5/dc_drv.0/dc/prj_ip.gen/sources_1/ip/dbg_hub/hdl/verilog/xsdbm_v3_0_0_bs_ports.vh:69]
WARNING: [Synth 8-3848] Net runtest_6 in module/entity xsdbm_v3_0_0_xsdbm_id does not have driver. [d:/FPGA/Vivaldo Project/INTERFACE/SPI/02_spi_flash_read_jedec_id/Vivado/02_spi_flash_read_jedec_id.runs/impl_1/.Xil/Vivado-7888-LAPTOP-CHCSI1R5/dc_drv.0/dc/prj_ip.gen/sources_1/ip/dbg_hub/hdl/verilog/xsdbm_v3_0_0_bs_ports.vh:70]
WARNING: [Synth 8-3848] Net tms_6 in module/entity xsdbm_v3_0_0_xsdbm_id does not have driver. [d:/FPGA/Vivaldo Project/INTERFACE/SPI/02_spi_flash_read_jedec_id/Vivado/02_spi_flash_read_jedec_id.runs/impl_1/.Xil/Vivado-7888-LAPTOP-CHCSI1R5/dc_drv.0/dc/prj_ip.gen/sources_1/ip/dbg_hub/hdl/verilog/xsdbm_v3_0_0_bs_ports.vh:71]
WARNING: [Synth 8-3848] Net tck_6 in module/entity xsdbm_v3_0_0_xsdbm_id does not have driver. [d:/FPGA/Vivaldo Project/INTERFACE/SPI/02_spi_flash_read_jedec_id/Vivado/02_spi_flash_read_jedec_id.runs/impl_1/.Xil/Vivado-7888-LAPTOP-CHCSI1R5/dc_drv.0/dc/prj_ip.gen/sources_1/ip/dbg_hub/hdl/verilog/xsdbm_v3_0_0_bs_ports.vh:72]
WARNING: [Synth 8-3848] Net tdi_6 in module/entity xsdbm_v3_0_0_xsdbm_id does not have driver. [d:/FPGA/Vivaldo Project/INTERFACE/SPI/02_spi_flash_read_jedec_id/Vivado/02_spi_flash_read_jedec_id.runs/impl_1/.Xil/Vivado-7888-LAPTOP-CHCSI1R5/dc_drv.0/dc/prj_ip.gen/sources_1/ip/dbg_hub/hdl/verilog/xsdbm_v3_0_0_bs_ports.vh:73]
WARNING: [Synth 8-3848] Net sel_6 in module/entity xsdbm_v3_0_0_xsdbm_id does not have driver. [d:/FPGA/Vivaldo Project/INTERFACE/SPI/02_spi_flash_read_jedec_id/Vivado/02_spi_flash_read_jedec_id.runs/impl_1/.Xil/Vivado-7888-LAPTOP-CHCSI1R5/dc_drv.0/dc/prj_ip.gen/sources_1/ip/dbg_hub/hdl/verilog/xsdbm_v3_0_0_bs_ports.vh:74]
WARNING: [Synth 8-3848] Net shift_6 in module/entity xsdbm_v3_0_0_xsdbm_id does not have driver. [d:/FPGA/Vivaldo Project/INTERFACE/SPI/02_spi_flash_read_jedec_id/Vivado/02_spi_flash_read_jedec_id.runs/impl_1/.Xil/Vivado-7888-LAPTOP-CHCSI1R5/dc_drv.0/dc/prj_ip.gen/sources_1/ip/dbg_hub/hdl/verilog/xsdbm_v3_0_0_bs_ports.vh:75]
WARNING: [Synth 8-3848] Net drck_6 in module/entity xsdbm_v3_0_0_xsdbm_id does not have driver. [d:/FPGA/Vivaldo Project/INTERFACE/SPI/02_spi_flash_read_jedec_id/Vivado/02_spi_flash_read_jedec_id.runs/impl_1/.Xil/Vivado-7888-LAPTOP-CHCSI1R5/dc_drv.0/dc/prj_ip.gen/sources_1/ip/dbg_hub/hdl/verilog/xsdbm_v3_0_0_bs_ports.vh:76]
WARNING: [Synth 8-3848] Net update_7 in module/entity xsdbm_v3_0_0_xsdbm_id does not have driver. [d:/FPGA/Vivaldo Project/INTERFACE/SPI/02_spi_flash_read_jedec_id/Vivado/02_spi_flash_read_jedec_id.runs/impl_1/.Xil/Vivado-7888-LAPTOP-CHCSI1R5/dc_drv.0/dc/prj_ip.gen/sources_1/ip/dbg_hub/hdl/verilog/xsdbm_v3_0_0_bs_ports.vh:78]
WARNING: [Synth 8-3848] Net capture_7 in module/entity xsdbm_v3_0_0_xsdbm_id does not have driver. [d:/FPGA/Vivaldo Project/INTERFACE/SPI/02_spi_flash_read_jedec_id/Vivado/02_spi_flash_read_jedec_id.runs/impl_1/.Xil/Vivado-7888-LAPTOP-CHCSI1R5/dc_drv.0/dc/prj_ip.gen/sources_1/ip/dbg_hub/hdl/verilog/xsdbm_v3_0_0_bs_ports.vh:79]
WARNING: [Synth 8-3848] Net reset_7 in module/entity xsdbm_v3_0_0_xsdbm_id does not have driver. [d:/FPGA/Vivaldo Project/INTERFACE/SPI/02_spi_flash_read_jedec_id/Vivado/02_spi_flash_read_jedec_id.runs/impl_1/.Xil/Vivado-7888-LAPTOP-CHCSI1R5/dc_drv.0/dc/prj_ip.gen/sources_1/ip/dbg_hub/hdl/verilog/xsdbm_v3_0_0_bs_ports.vh:80]
WARNING: [Synth 8-3848] Net runtest_7 in module/entity xsdbm_v3_0_0_xsdbm_id does not have driver. [d:/FPGA/Vivaldo Project/INTERFACE/SPI/02_spi_flash_read_jedec_id/Vivado/02_spi_flash_read_jedec_id.runs/impl_1/.Xil/Vivado-7888-LAPTOP-CHCSI1R5/dc_drv.0/dc/prj_ip.gen/sources_1/ip/dbg_hub/hdl/verilog/xsdbm_v3_0_0_bs_ports.vh:81]
WARNING: [Synth 8-3848] Net tms_7 in module/entity xsdbm_v3_0_0_xsdbm_id does not have driver. [d:/FPGA/Vivaldo Project/INTERFACE/SPI/02_spi_flash_read_jedec_id/Vivado/02_spi_flash_read_jedec_id.runs/impl_1/.Xil/Vivado-7888-LAPTOP-CHCSI1R5/dc_drv.0/dc/prj_ip.gen/sources_1/ip/dbg_hub/hdl/verilog/xsdbm_v3_0_0_bs_ports.vh:82]
WARNING: [Synth 8-3848] Net tck_7 in module/entity xsdbm_v3_0_0_xsdbm_id does not have driver. [d:/FPGA/Vivaldo Project/INTERFACE/SPI/02_spi_flash_read_jedec_id/Vivado/02_spi_flash_read_jedec_id.runs/impl_1/.Xil/Vivado-7888-LAPTOP-CHCSI1R5/dc_drv.0/dc/prj_ip.gen/sources_1/ip/dbg_hub/hdl/verilog/xsdbm_v3_0_0_bs_ports.vh:83]
WARNING: [Synth 8-3848] Net tdi_7 in module/entity xsdbm_v3_0_0_xsdbm_id does not have driver. [d:/FPGA/Vivaldo Project/INTERFACE/SPI/02_spi_flash_read_jedec_id/Vivado/02_spi_flash_read_jedec_id.runs/impl_1/.Xil/Vivado-7888-LAPTOP-CHCSI1R5/dc_drv.0/dc/prj_ip.gen/sources_1/ip/dbg_hub/hdl/verilog/xsdbm_v3_0_0_bs_ports.vh:84]
WARNING: [Synth 8-3848] Net sel_7 in module/entity xsdbm_v3_0_0_xsdbm_id does not have driver. [d:/FPGA/Vivaldo Project/INTERFACE/SPI/02_spi_flash_read_jedec_id/Vivado/02_spi_flash_read_jedec_id.runs/impl_1/.Xil/Vivado-7888-LAPTOP-CHCSI1R5/dc_drv.0/dc/prj_ip.gen/sources_1/ip/dbg_hub/hdl/verilog/xsdbm_v3_0_0_bs_ports.vh:85]
WARNING: [Synth 8-3848] Net shift_7 in module/entity xsdbm_v3_0_0_xsdbm_id does not have driver. [d:/FPGA/Vivaldo Project/INTERFACE/SPI/02_spi_flash_read_jedec_id/Vivado/02_spi_flash_read_jedec_id.runs/impl_1/.Xil/Vivado-7888-LAPTOP-CHCSI1R5/dc_drv.0/dc/prj_ip.gen/sources_1/ip/dbg_hub/hdl/verilog/xsdbm_v3_0_0_bs_ports.vh:86]
WARNING: [Synth 8-3848] Net drck_7 in module/entity xsdbm_v3_0_0_xsdbm_id does not have driver. [d:/FPGA/Vivaldo Project/INTERFACE/SPI/02_spi_flash_read_jedec_id/Vivado/02_spi_flash_read_jedec_id.runs/impl_1/.Xil/Vivado-7888-LAPTOP-CHCSI1R5/dc_drv.0/dc/prj_ip.gen/sources_1/ip/dbg_hub/hdl/verilog/xsdbm_v3_0_0_bs_ports.vh:87]
WARNING: [Synth 8-3848] Net update_8 in module/entity xsdbm_v3_0_0_xsdbm_id does not have driver. [d:/FPGA/Vivaldo Project/INTERFACE/SPI/02_spi_flash_read_jedec_id/Vivado/02_spi_flash_read_jedec_id.runs/impl_1/.Xil/Vivado-7888-LAPTOP-CHCSI1R5/dc_drv.0/dc/prj_ip.gen/sources_1/ip/dbg_hub/hdl/verilog/xsdbm_v3_0_0_bs_ports.vh:89]
WARNING: [Synth 8-3848] Net capture_8 in module/entity xsdbm_v3_0_0_xsdbm_id does not have driver. [d:/FPGA/Vivaldo Project/INTERFACE/SPI/02_spi_flash_read_jedec_id/Vivado/02_spi_flash_read_jedec_id.runs/impl_1/.Xil/Vivado-7888-LAPTOP-CHCSI1R5/dc_drv.0/dc/prj_ip.gen/sources_1/ip/dbg_hub/hdl/verilog/xsdbm_v3_0_0_bs_ports.vh:90]
WARNING: [Synth 8-3848] Net reset_8 in module/entity xsdbm_v3_0_0_xsdbm_id does not have driver. [d:/FPGA/Vivaldo Project/INTERFACE/SPI/02_spi_flash_read_jedec_id/Vivado/02_spi_flash_read_jedec_id.runs/impl_1/.Xil/Vivado-7888-LAPTOP-CHCSI1R5/dc_drv.0/dc/prj_ip.gen/sources_1/ip/dbg_hub/hdl/verilog/xsdbm_v3_0_0_bs_ports.vh:91]
WARNING: [Synth 8-3848] Net runtest_8 in module/entity xsdbm_v3_0_0_xsdbm_id does not have driver. [d:/FPGA/Vivaldo Project/INTERFACE/SPI/02_spi_flash_read_jedec_id/Vivado/02_spi_flash_read_jedec_id.runs/impl_1/.Xil/Vivado-7888-LAPTOP-CHCSI1R5/dc_drv.0/dc/prj_ip.gen/sources_1/ip/dbg_hub/hdl/verilog/xsdbm_v3_0_0_bs_ports.vh:92]
WARNING: [Synth 8-3848] Net tms_8 in module/entity xsdbm_v3_0_0_xsdbm_id does not have driver. [d:/FPGA/Vivaldo Project/INTERFACE/SPI/02_spi_flash_read_jedec_id/Vivado/02_spi_flash_read_jedec_id.runs/impl_1/.Xil/Vivado-7888-LAPTOP-CHCSI1R5/dc_drv.0/dc/prj_ip.gen/sources_1/ip/dbg_hub/hdl/verilog/xsdbm_v3_0_0_bs_ports.vh:93]
WARNING: [Synth 8-3848] Net tck_8 in module/entity xsdbm_v3_0_0_xsdbm_id does not have driver. [d:/FPGA/Vivaldo Project/INTERFACE/SPI/02_spi_flash_read_jedec_id/Vivado/02_spi_flash_read_jedec_id.runs/impl_1/.Xil/Vivado-7888-LAPTOP-CHCSI1R5/dc_drv.0/dc/prj_ip.gen/sources_1/ip/dbg_hub/hdl/verilog/xsdbm_v3_0_0_bs_ports.vh:94]
WARNING: [Synth 8-3848] Net tdi_8 in module/entity xsdbm_v3_0_0_xsdbm_id does not have driver. [d:/FPGA/Vivaldo Project/INTERFACE/SPI/02_spi_flash_read_jedec_id/Vivado/02_spi_flash_read_jedec_id.runs/impl_1/.Xil/Vivado-7888-LAPTOP-CHCSI1R5/dc_drv.0/dc/prj_ip.gen/sources_1/ip/dbg_hub/hdl/verilog/xsdbm_v3_0_0_bs_ports.vh:95]
WARNING: [Synth 8-3848] Net sel_8 in module/entity xsdbm_v3_0_0_xsdbm_id does not have driver. [d:/FPGA/Vivaldo Project/INTERFACE/SPI/02_spi_flash_read_jedec_id/Vivado/02_spi_flash_read_jedec_id.runs/impl_1/.Xil/Vivado-7888-LAPTOP-CHCSI1R5/dc_drv.0/dc/prj_ip.gen/sources_1/ip/dbg_hub/hdl/verilog/xsdbm_v3_0_0_bs_ports.vh:96]
WARNING: [Synth 8-3848] Net shift_8 in module/entity xsdbm_v3_0_0_xsdbm_id does not have driver. [d:/FPGA/Vivaldo Project/INTERFACE/SPI/02_spi_flash_read_jedec_id/Vivado/02_spi_flash_read_jedec_id.runs/impl_1/.Xil/Vivado-7888-LAPTOP-CHCSI1R5/dc_drv.0/dc/prj_ip.gen/sources_1/ip/dbg_hub/hdl/verilog/xsdbm_v3_0_0_bs_ports.vh:97]
WARNING: [Synth 8-3848] Net drck_8 in module/entity xsdbm_v3_0_0_xsdbm_id does not have driver. [d:/FPGA/Vivaldo Project/INTERFACE/SPI/02_spi_flash_read_jedec_id/Vivado/02_spi_flash_read_jedec_id.runs/impl_1/.Xil/Vivado-7888-LAPTOP-CHCSI1R5/dc_drv.0/dc/prj_ip.gen/sources_1/ip/dbg_hub/hdl/verilog/xsdbm_v3_0_0_bs_ports.vh:98]
WARNING: [Synth 8-3848] Net update_9 in module/entity xsdbm_v3_0_0_xsdbm_id does not have driver. [d:/FPGA/Vivaldo Project/INTERFACE/SPI/02_spi_flash_read_jedec_id/Vivado/02_spi_flash_read_jedec_id.runs/impl_1/.Xil/Vivado-7888-LAPTOP-CHCSI1R5/dc_drv.0/dc/prj_ip.gen/sources_1/ip/dbg_hub/hdl/verilog/xsdbm_v3_0_0_bs_ports.vh:100]
WARNING: [Synth 8-3848] Net capture_9 in module/entity xsdbm_v3_0_0_xsdbm_id does not have driver. [d:/FPGA/Vivaldo Project/INTERFACE/SPI/02_spi_flash_read_jedec_id/Vivado/02_spi_flash_read_jedec_id.runs/impl_1/.Xil/Vivado-7888-LAPTOP-CHCSI1R5/dc_drv.0/dc/prj_ip.gen/sources_1/ip/dbg_hub/hdl/verilog/xsdbm_v3_0_0_bs_ports.vh:101]
WARNING: [Synth 8-3848] Net reset_9 in module/entity xsdbm_v3_0_0_xsdbm_id does not have driver. [d:/FPGA/Vivaldo Project/INTERFACE/SPI/02_spi_flash_read_jedec_id/Vivado/02_spi_flash_read_jedec_id.runs/impl_1/.Xil/Vivado-7888-LAPTOP-CHCSI1R5/dc_drv.0/dc/prj_ip.gen/sources_1/ip/dbg_hub/hdl/verilog/xsdbm_v3_0_0_bs_ports.vh:102]
WARNING: [Synth 8-3848] Net runtest_9 in module/entity xsdbm_v3_0_0_xsdbm_id does not have driver. [d:/FPGA/Vivaldo Project/INTERFACE/SPI/02_spi_flash_read_jedec_id/Vivado/02_spi_flash_read_jedec_id.runs/impl_1/.Xil/Vivado-7888-LAPTOP-CHCSI1R5/dc_drv.0/dc/prj_ip.gen/sources_1/ip/dbg_hub/hdl/verilog/xsdbm_v3_0_0_bs_ports.vh:103]
WARNING: [Synth 8-3848] Net tms_9 in module/entity xsdbm_v3_0_0_xsdbm_id does not have driver. [d:/FPGA/Vivaldo Project/INTERFACE/SPI/02_spi_flash_read_jedec_id/Vivado/02_spi_flash_read_jedec_id.runs/impl_1/.Xil/Vivado-7888-LAPTOP-CHCSI1R5/dc_drv.0/dc/prj_ip.gen/sources_1/ip/dbg_hub/hdl/verilog/xsdbm_v3_0_0_bs_ports.vh:104]
WARNING: [Synth 8-3848] Net tck_9 in module/entity xsdbm_v3_0_0_xsdbm_id does not have driver. [d:/FPGA/Vivaldo Project/INTERFACE/SPI/02_spi_flash_read_jedec_id/Vivado/02_spi_flash_read_jedec_id.runs/impl_1/.Xil/Vivado-7888-LAPTOP-CHCSI1R5/dc_drv.0/dc/prj_ip.gen/sources_1/ip/dbg_hub/hdl/verilog/xsdbm_v3_0_0_bs_ports.vh:105]
WARNING: [Synth 8-3848] Net tdi_9 in module/entity xsdbm_v3_0_0_xsdbm_id does not have driver. [d:/FPGA/Vivaldo Project/INTERFACE/SPI/02_spi_flash_read_jedec_id/Vivado/02_spi_flash_read_jedec_id.runs/impl_1/.Xil/Vivado-7888-LAPTOP-CHCSI1R5/dc_drv.0/dc/prj_ip.gen/sources_1/ip/dbg_hub/hdl/verilog/xsdbm_v3_0_0_bs_ports.vh:106]
WARNING: [Synth 8-3848] Net sel_9 in module/entity xsdbm_v3_0_0_xsdbm_id does not have driver. [d:/FPGA/Vivaldo Project/INTERFACE/SPI/02_spi_flash_read_jedec_id/Vivado/02_spi_flash_read_jedec_id.runs/impl_1/.Xil/Vivado-7888-LAPTOP-CHCSI1R5/dc_drv.0/dc/prj_ip.gen/sources_1/ip/dbg_hub/hdl/verilog/xsdbm_v3_0_0_bs_ports.vh:107]
WARNING: [Synth 8-3848] Net shift_9 in module/entity xsdbm_v3_0_0_xsdbm_id does not have driver. [d:/FPGA/Vivaldo Project/INTERFACE/SPI/02_spi_flash_read_jedec_id/Vivado/02_spi_flash_read_jedec_id.runs/impl_1/.Xil/Vivado-7888-LAPTOP-CHCSI1R5/dc_drv.0/dc/prj_ip.gen/sources_1/ip/dbg_hub/hdl/verilog/xsdbm_v3_0_0_bs_ports.vh:108]
WARNING: [Synth 8-3848] Net drck_9 in module/entity xsdbm_v3_0_0_xsdbm_id does not have driver. [d:/FPGA/Vivaldo Project/INTERFACE/SPI/02_spi_flash_read_jedec_id/Vivado/02_spi_flash_read_jedec_id.runs/impl_1/.Xil/Vivado-7888-LAPTOP-CHCSI1R5/dc_drv.0/dc/prj_ip.gen/sources_1/ip/dbg_hub/hdl/verilog/xsdbm_v3_0_0_bs_ports.vh:109]
INFO: [Common 17-14] Message 'Synth 8-3848' appears 100 times and further instances of the messages will be disabled. Use the Tcl command set_msg_config to change the current settings.
WARNING: [Synth 8-7129] Port SL_SEL_I[7] in module xsdbm_v3_0_0_bus_ctl is either unconnected or has no load
WARNING: [Synth 8-7129] Port SL_SEL_I[6] in module xsdbm_v3_0_0_bus_ctl is either unconnected or has no load
WARNING: [Synth 8-7129] Port SL_SEL_I[5] in module xsdbm_v3_0_0_bus_ctl is either unconnected or has no load
WARNING: [Synth 8-7129] Port SL_SEL_I[4] in module xsdbm_v3_0_0_bus_ctl is either unconnected or has no load
WARNING: [Synth 8-7129] Port SL_SEL_I[3] in module xsdbm_v3_0_0_bus_ctl is either unconnected or has no load
WARNING: [Synth 8-7129] Port SL_SEL_I[2] in module xsdbm_v3_0_0_bus_ctl is either unconnected or has no load
WARNING: [Synth 8-7129] Port SL_SEL_I[1] in module xsdbm_v3_0_0_bus_ctl is either unconnected or has no load
WARNING: [Synth 8-7129] Port SL_MULT_DRDY_I in module xsdbm_v3_0_0_bus_ctl is either unconnected or has no load
WARNING: [Synth 8-7129] Port ALMOST_FULL_I in module output_blk__parameterized0 is either unconnected or has no load
WARNING: [Synth 8-7129] Port PROG_FULL_I in module output_blk__parameterized0 is either unconnected or has no load
WARNING: [Synth 8-7129] Port ALMOST_EMPTY_I in module output_blk__parameterized0 is either unconnected or has no load
WARNING: [Synth 8-7129] Port PROG_EMPTY_I in module output_blk__parameterized0 is either unconnected or has no load
WARNING: [Synth 8-7129] Port WR_ACK_I in module output_blk__parameterized0 is either unconnected or has no load
WARNING: [Synth 8-7129] Port DATA_COUNT_I[4] in module output_blk__parameterized0 is either unconnected or has no load
WARNING: [Synth 8-7129] Port DATA_COUNT_I[3] in module output_blk__parameterized0 is either unconnected or has no load
WARNING: [Synth 8-7129] Port DATA_COUNT_I[2] in module output_blk__parameterized0 is either unconnected or has no load
WARNING: [Synth 8-7129] Port DATA_COUNT_I[1] in module output_blk__parameterized0 is either unconnected or has no load
WARNING: [Synth 8-7129] Port DATA_COUNT_I[0] in module output_blk__parameterized0 is either unconnected or has no load
WARNING: [Synth 8-7129] Port WR_DATA_COUNT_I[4] in module output_blk__parameterized0 is either unconnected or has no load
WARNING: [Synth 8-7129] Port WR_DATA_COUNT_I[3] in module output_blk__parameterized0 is either unconnected or has no load
WARNING: [Synth 8-7129] Port WR_DATA_COUNT_I[2] in module output_blk__parameterized0 is either unconnected or has no load
WARNING: [Synth 8-7129] Port WR_DATA_COUNT_I[1] in module output_blk__parameterized0 is either unconnected or has no load
WARNING: [Synth 8-7129] Port WR_DATA_COUNT_I[0] in module output_blk__parameterized0 is either unconnected or has no load
WARNING: [Synth 8-7129] Port RD_DATA_COUNT_I[4] in module output_blk__parameterized0 is either unconnected or has no load
WARNING: [Synth 8-7129] Port RD_DATA_COUNT_I[3] in module output_blk__parameterized0 is either unconnected or has no load
WARNING: [Synth 8-7129] Port RD_DATA_COUNT_I[2] in module output_blk__parameterized0 is either unconnected or has no load
WARNING: [Synth 8-7129] Port RD_DATA_COUNT_I[1] in module output_blk__parameterized0 is either unconnected or has no load
WARNING: [Synth 8-7129] Port RD_DATA_COUNT_I[0] in module output_blk__parameterized0 is either unconnected or has no load
WARNING: [Synth 8-7129] Port SBITERR_I in module output_blk__parameterized0 is either unconnected or has no load
WARNING: [Synth 8-7129] Port DBITERR_I in module output_blk__parameterized0 is either unconnected or has no load
WARNING: [Synth 8-7129] Port WR_ACK in module wr_handshaking_flags is either unconnected or has no load
WARNING: [Synth 8-7129] Port WR_RST in module wr_handshaking_flags is either unconnected or has no load
WARNING: [Synth 8-7129] Port SRST in module wr_handshaking_flags is either unconnected or has no load
WARNING: [Synth 8-7129] Port WR_RST in module wr_status_flags_as is either unconnected or has no load
WARNING: [Synth 8-7129] Port SAFETY_CKT_WR_RST in module wr_status_flags_as is either unconnected or has no load
WARNING: [Synth 8-7129] Port WR_PNTR_PLUS3[3] in module wr_status_flags_as is either unconnected or has no load
WARNING: [Synth 8-7129] Port WR_PNTR_PLUS3[2] in module wr_status_flags_as is either unconnected or has no load
WARNING: [Synth 8-7129] Port WR_PNTR_PLUS3[1] in module wr_status_flags_as is either unconnected or has no load
WARNING: [Synth 8-7129] Port WR_PNTR_PLUS3[0] in module wr_status_flags_as is either unconnected or has no load
WARNING: [Synth 8-7129] Port SRST in module wr_bin_cntr is either unconnected or has no load
WARNING: [Synth 8-7129] Port WR_EN_INTO_LOGIC in module wr_logic__parameterized0 is either unconnected or has no load
WARNING: [Synth 8-7129] Port WR_RST_INTO_LOGIC in module wr_logic__parameterized0 is either unconnected or has no load
WARNING: [Synth 8-7129] Port RD_EN in module wr_logic__parameterized0 is either unconnected or has no load
WARNING: [Synth 8-7129] Port SRST_FULL_FF in module wr_logic__parameterized0 is either unconnected or has no load
WARNING: [Synth 8-7129] Port EMPTY in module wr_logic__parameterized0 is either unconnected or has no load
WARNING: [Synth 8-7129] Port RAM_RD_EN in module wr_logic__parameterized0 is either unconnected or has no load
WARNING: [Synth 8-7129] Port ALMOST_EMPTY in module wr_logic__parameterized0 is either unconnected or has no load
WARNING: [Synth 8-7129] Port PROG_FULL_THRESH[3] in module wr_logic__parameterized0 is either unconnected or has no load
WARNING: [Synth 8-7129] Port PROG_FULL_THRESH[2] in module wr_logic__parameterized0 is either unconnected or has no load
WARNING: [Synth 8-7129] Port PROG_FULL_THRESH[1] in module wr_logic__parameterized0 is either unconnected or has no load
WARNING: [Synth 8-7129] Port PROG_FULL_THRESH[0] in module wr_logic__parameterized0 is either unconnected or has no load
WARNING: [Synth 8-7129] Port PROG_FULL_THRESH_ASSERT[3] in module wr_logic__parameterized0 is either unconnected or has no load
WARNING: [Synth 8-7129] Port PROG_FULL_THRESH_ASSERT[2] in module wr_logic__parameterized0 is either unconnected or has no load
WARNING: [Synth 8-7129] Port PROG_FULL_THRESH_ASSERT[1] in module wr_logic__parameterized0 is either unconnected or has no load
WARNING: [Synth 8-7129] Port PROG_FULL_THRESH_ASSERT[0] in module wr_logic__parameterized0 is either unconnected or has no load
WARNING: [Synth 8-7129] Port PROG_FULL_THRESH_NEGATE[3] in module wr_logic__parameterized0 is either unconnected or has no load
WARNING: [Synth 8-7129] Port PROG_FULL_THRESH_NEGATE[2] in module wr_logic__parameterized0 is either unconnected or has no load
WARNING: [Synth 8-7129] Port PROG_FULL_THRESH_NEGATE[1] in module wr_logic__parameterized0 is either unconnected or has no load
WARNING: [Synth 8-7129] Port PROG_FULL_THRESH_NEGATE[0] in module wr_logic__parameterized0 is either unconnected or has no load
WARNING: [Synth 8-7129] Port SRST in module rd_fwft is either unconnected or has no load
WARNING: [Synth 8-7129] Port SAFETY_CKT_RD_RST in module rd_fwft is either unconnected or has no load
WARNING: [Synth 8-7129] Port RAM_ALMOST_EMPTY in module rd_fwft is either unconnected or has no load
WARNING: [Synth 8-7129] Port SRST in module rd_handshaking_flags__parameterized0 is either unconnected or has no load
WARNING: [Synth 8-7129] Port SAFETY_CKT_RD_RST in module rd_status_flags_as is either unconnected or has no load
WARNING: [Synth 8-7129] Port RD_PNTR_PLUS2[3] in module rd_status_flags_as is either unconnected or has no load
WARNING: [Synth 8-7129] Port RD_PNTR_PLUS2[2] in module rd_status_flags_as is either unconnected or has no load
WARNING: [Synth 8-7129] Port RD_PNTR_PLUS2[1] in module rd_status_flags_as is either unconnected or has no load
WARNING: [Synth 8-7129] Port RD_PNTR_PLUS2[0] in module rd_status_flags_as is either unconnected or has no load
WARNING: [Synth 8-7129] Port SRST in module rd_bin_cntr is either unconnected or has no load
WARNING: [Synth 8-7129] Port RD_EN_INTO_LOGIC in module rd_logic__parameterized0 is either unconnected or has no load
WARNING: [Synth 8-7129] Port RD_RST_INTO_LOGIC in module rd_logic__parameterized0 is either unconnected or has no load
WARNING: [Synth 8-7129] Port RAM_WR_EN in module rd_logic__parameterized0 is either unconnected or has no load
WARNING: [Synth 8-7129] Port RST_FULL_FF in module rd_logic__parameterized0 is either unconnected or has no load
WARNING: [Synth 8-7129] Port ALMOST_FULL_FB in module rd_logic__parameterized0 is either unconnected or has no load
WARNING: [Synth 8-7129] Port FULL in module rd_logic__parameterized0 is either unconnected or has no load
WARNING: [Synth 8-7129] Port WR_PNTR_PLUS1_RD[3] in module rd_logic__parameterized0 is either unconnected or has no load
WARNING: [Synth 8-7129] Port WR_PNTR_PLUS1_RD[2] in module rd_logic__parameterized0 is either unconnected or has no load
WARNING: [Synth 8-7129] Port WR_PNTR_PLUS1_RD[1] in module rd_logic__parameterized0 is either unconnected or has no load
WARNING: [Synth 8-7129] Port WR_PNTR_PLUS1_RD[0] in module rd_logic__parameterized0 is either unconnected or has no load
WARNING: [Synth 8-7129] Port PROG_EMPTY_THRESH[3] in module rd_logic__parameterized0 is either unconnected or has no load
WARNING: [Synth 8-7129] Port PROG_EMPTY_THRESH[2] in module rd_logic__parameterized0 is either unconnected or has no load
WARNING: [Synth 8-7129] Port PROG_EMPTY_THRESH[1] in module rd_logic__parameterized0 is either unconnected or has no load
WARNING: [Synth 8-7129] Port PROG_EMPTY_THRESH[0] in module rd_logic__parameterized0 is either unconnected or has no load
WARNING: [Synth 8-7129] Port PROG_EMPTY_THRESH_ASSERT[3] in module rd_logic__parameterized0 is either unconnected or has no load
WARNING: [Synth 8-7129] Port PROG_EMPTY_THRESH_ASSERT[2] in module rd_logic__parameterized0 is either unconnected or has no load
WARNING: [Synth 8-7129] Port PROG_EMPTY_THRESH_ASSERT[1] in module rd_logic__parameterized0 is either unconnected or has no load
WARNING: [Synth 8-7129] Port PROG_EMPTY_THRESH_ASSERT[0] in module rd_logic__parameterized0 is either unconnected or has no load
WARNING: [Synth 8-7129] Port PROG_EMPTY_THRESH_NEGATE[3] in module rd_logic__parameterized0 is either unconnected or has no load
WARNING: [Synth 8-7129] Port PROG_EMPTY_THRESH_NEGATE[2] in module rd_logic__parameterized0 is either unconnected or has no load
WARNING: [Synth 8-7129] Port PROG_EMPTY_THRESH_NEGATE[1] in module rd_logic__parameterized0 is either unconnected or has no load
WARNING: [Synth 8-7129] Port PROG_EMPTY_THRESH_NEGATE[0] in module rd_logic__parameterized0 is either unconnected or has no load
WARNING: [Synth 8-7129] Port SRST in module dmem is either unconnected or has no load
WARNING: [Synth 8-7129] Port FAB_REGOUT_EN in module memory__parameterized0 is either unconnected or has no load
WARNING: [Synth 8-7129] Port SFT_RST in module memory__parameterized0 is either unconnected or has no load
WARNING: [Synth 8-7129] Port SRST in module memory__parameterized0 is either unconnected or has no load
WARNING: [Synth 8-7129] Port SAFETY_CKT_RD_RST in module memory__parameterized0 is either unconnected or has no load
WARNING: [Synth 8-7129] Port SLEEP in module memory__parameterized0 is either unconnected or has no load
WARNING: [Synth 8-7129] Port INJECTDBITERR in module memory__parameterized0 is either unconnected or has no load
WARNING: [Synth 8-7129] Port INJECTSBITERR in module memory__parameterized0 is either unconnected or has no load
WARNING: [Synth 8-7129] Port CLK in module input_blk is either unconnected or has no load
INFO: [Common 17-14] Message 'Synth 8-7129' appears 100 times and further instances of the messages will be disabled. Use the Tcl command set_msg_config to change the current settings.
---------------------------------------------------------------------------------
Finished RTL Elaboration : Time (s): cpu = 00:00:19 ; elapsed = 00:00:21 . Memory (MB): peak = 2009.539 ; gain = 579.305
---------------------------------------------------------------------------------
---------------------------------------------------------------------------------
Start Handling Custom Attributes
---------------------------------------------------------------------------------
---------------------------------------------------------------------------------
Finished Handling Custom Attributes : Time (s): cpu = 00:00:19 ; elapsed = 00:00:21 . Memory (MB): peak = 2009.539 ; gain = 579.305
---------------------------------------------------------------------------------
---------------------------------------------------------------------------------
Finished RTL Optimization Phase 1 : Time (s): cpu = 00:00:19 ; elapsed = 00:00:21 . Memory (MB): peak = 2009.539 ; gain = 579.305
---------------------------------------------------------------------------------
Netlist sorting complete. Time (s): cpu = 00:00:00 ; elapsed = 00:00:00.043 . Memory (MB): peak = 2009.539 ; gain = 0.000
INFO: [Netlist 29-17] Analyzing 1 Unisim elements for replacement
INFO: [Netlist 29-28] Unisim Transformation completed in 0 CPU seconds
INFO: [Project 1-570] Preparing netlist for logic optimization

Processing XDC Constraints
Initializing timing engine
Parsing XDC File [d:/FPGA/Vivaldo Project/INTERFACE/SPI/02_spi_flash_read_jedec_id/Vivado/02_spi_flash_read_jedec_id.runs/impl_1/.Xil/Vivado-7888-LAPTOP-CHCSI1R5/dc_drv.0/dc/prj_ip.gen/sources_1/ip/dbg_hub/dbg_hub_ooc.xdc] for cell 'inst'
Finished Parsing XDC File [d:/FPGA/Vivaldo Project/INTERFACE/SPI/02_spi_flash_read_jedec_id/Vivado/02_spi_flash_read_jedec_id.runs/impl_1/.Xil/Vivado-7888-LAPTOP-CHCSI1R5/dc_drv.0/dc/prj_ip.gen/sources_1/ip/dbg_hub/dbg_hub_ooc.xdc] for cell 'inst'
Parsing XDC File [d:/FPGA/Vivaldo Project/INTERFACE/SPI/02_spi_flash_read_jedec_id/Vivado/02_spi_flash_read_jedec_id.runs/impl_1/.Xil/Vivado-7888-LAPTOP-CHCSI1R5/dc_drv.0/dc/prj_ip.gen/sources_1/ip/dbg_hub/constraints/xsdbm_cc_early.xdc] for cell 'inst'
Finished Parsing XDC File [d:/FPGA/Vivaldo Project/INTERFACE/SPI/02_spi_flash_read_jedec_id/Vivado/02_spi_flash_read_jedec_id.runs/impl_1/.Xil/Vivado-7888-LAPTOP-CHCSI1R5/dc_drv.0/dc/prj_ip.gen/sources_1/ip/dbg_hub/constraints/xsdbm_cc_early.xdc] for cell 'inst'
Parsing XDC File [d:/FPGA/Vivaldo Project/INTERFACE/SPI/02_spi_flash_read_jedec_id/Vivado/02_spi_flash_read_jedec_id.runs/impl_1/.Xil/Vivado-7888-LAPTOP-CHCSI1R5/dc_drv.0/dc/prj_ip.runs/dbg_hub_synth_1/dont_touch.xdc]
Finished Parsing XDC File [d:/FPGA/Vivaldo Project/INTERFACE/SPI/02_spi_flash_read_jedec_id/Vivado/02_spi_flash_read_jedec_id.runs/impl_1/.Xil/Vivado-7888-LAPTOP-CHCSI1R5/dc_drv.0/dc/prj_ip.runs/dbg_hub_synth_1/dont_touch.xdc]
Parsing XDC File [d:/FPGA/Vivaldo Project/INTERFACE/SPI/02_spi_flash_read_jedec_id/Vivado/02_spi_flash_read_jedec_id.runs/impl_1/.Xil/Vivado-7888-LAPTOP-CHCSI1R5/dc_drv.0/dc/prj_ip.gen/sources_1/ip/dbg_hub/constraints/xsdbm_cc_late.xdc] for cell 'inst'
Finished Parsing XDC File [d:/FPGA/Vivaldo Project/INTERFACE/SPI/02_spi_flash_read_jedec_id/Vivado/02_spi_flash_read_jedec_id.runs/impl_1/.Xil/Vivado-7888-LAPTOP-CHCSI1R5/dc_drv.0/dc/prj_ip.gen/sources_1/ip/dbg_hub/constraints/xsdbm_cc_late.xdc] for cell 'inst'
INFO: [Project 1-236] Implementation specific constraints were found while reading constraint file [d:/FPGA/Vivaldo Project/INTERFACE/SPI/02_spi_flash_read_jedec_id/Vivado/02_spi_flash_read_jedec_id.runs/impl_1/.Xil/Vivado-7888-LAPTOP-CHCSI1R5/dc_drv.0/dc/prj_ip.gen/sources_1/ip/dbg_hub/constraints/xsdbm_cc_late.xdc]. These constraints will be ignored for synthesis but will be used in implementation. Impacted constraints are listed in the file [.Xil/dbg_hub_propImpl.xdc].
Resolution: To avoid this warning, move constraints listed in [.Xil/dbg_hub_propImpl.xdc] to another XDC file and exclude this new file from synthesis with the used_in_synthesis property (File Properties dialog in GUI) and re-run elaboration/synthesis.
Parsing XDC File [d:/FPGA/Vivaldo Project/INTERFACE/SPI/02_spi_flash_read_jedec_id/Vivado/02_spi_flash_read_jedec_id.runs/impl_1/.Xil/Vivado-7888-LAPTOP-CHCSI1R5/dc_drv.0/dc/prj_ip.gen/sources_1/ip/dbg_hub/constraints/xsdbm_gc_late.xdc] for cell 'inst'
Finished Parsing XDC File [d:/FPGA/Vivaldo Project/INTERFACE/SPI/02_spi_flash_read_jedec_id/Vivado/02_spi_flash_read_jedec_id.runs/impl_1/.Xil/Vivado-7888-LAPTOP-CHCSI1R5/dc_drv.0/dc/prj_ip.gen/sources_1/ip/dbg_hub/constraints/xsdbm_gc_late.xdc] for cell 'inst'
Completed Processing XDC Constraints

Netlist sorting complete. Time (s): cpu = 00:00:00 ; elapsed = 00:00:00.001 . Memory (MB): peak = 2018.633 ; gain = 0.000
INFO: [Project 1-111] Unisim Transformation Summary:
  A total of 1 instances were transformed.
  BUFG => BUFGCE: 1 instance 

Constraint Validation Runtime : Time (s): cpu = 00:00:00 ; elapsed = 00:00:00.044 . Memory (MB): peak = 2018.633 ; gain = 0.000
INFO: [Designutils 20-5008] Incremental synthesis strategy off
