#-----------------------------------------------------------
# Vivado v2022.2 (64-bit)
# SW Build 3671981 on Fri Oct 14 05:00:03 MDT 2022
# IP Build 3669848 on Fri Oct 14 08:30:02 MDT 2022
# Start of session at: Wed Sep 30 16:22:05 2026
# Process ID: 40776
# Current directory: D:/FPGA/Vivaldo Project/INTERFACE/DDR/ddr_axi_dma_stream_processor/ddr_axi_dma_stream_processor.runs/ddr_block_design_zynq_ultra_ps_e_0_0_synth_1
# Command line: vivado.exe -log ddr_block_design_zynq_ultra_ps_e_0_0.vds -product Vivado -mode batch -messageDb vivado.pb -notrace -source ddr_block_design_zynq_ultra_ps_e_0_0.tcl
# Log file: D:/FPGA/Vivaldo Project/INTERFACE/DDR/ddr_axi_dma_stream_processor/ddr_axi_dma_stream_processor.runs/ddr_block_design_zynq_ultra_ps_e_0_0_synth_1/ddr_block_design_zynq_ultra_ps_e_0_0.vds
# Journal file: D:/FPGA/Vivaldo Project/INTERFACE/DDR/ddr_axi_dma_stream_processor/ddr_axi_dma_stream_processor.runs/ddr_block_design_zynq_ultra_ps_e_0_0_synth_1\vivado.jou
# Running On: LAPTOP-CHCSI1R5, OS: Windows, CPU Frequency: 3194 MHz, CPU Physical cores: 16, Host memory: 21319 MB
#-----------------------------------------------------------
source ddr_block_design_zynq_ultra_ps_e_0_0.tcl -notrace
