
*** Running vivado
    with args -log udp_parser_in_pl_udp_parser_0_0.vds -m64 -product Vivado -mode batch -messageDb vivado.pb -notrace -source udp_parser_in_pl_udp_parser_0_0.tcl



****** Vivado v2022.2 (64-bit)
  **** SW Build 3671981 on Fri Oct 14 05:00:03 MDT 2022
  **** IP Build 3669848 on Fri Oct 14 08:30:02 MDT 2022
    ** Copyright 1986-2022 Xilinx, Inc. All Rights Reserved.

source udp_parser_in_pl_udp_parser_0_0.tcl -notrace
INFO: [IP_Flow 19-234] Refreshing IP repositories
INFO: [IP_Flow 19-1704] No user IP repositories specified
INFO: [IP_Flow 19-2313] Loaded Vivado IP repository 'D:/Xilinx/Vivado/2022.2/data/ip'.
WARNING: [IP_Flow 19-4995] The host OS only allows 260 characters in a normal path. The IP cache path is more than 80 characters. If you experience issues with IP caching, please consider changing the IP cache to a location with a shorter path. Alternately consider using the OS subst command to map part of the path to a drive letter. 
Current IP cache path is d:/FPGA/Vivaldo Project/INTERFACE/PL Ethernet/03_udp_parser_in_pl/Vivado/udp_parser_in_pl.cache/ip 
INFO: [IP_Flow 19-6924] IPCACHE: Running cache check for IP inst: udp_parser_in_pl_udp_parser_0_0
Command: synth_design -top udp_parser_in_pl_udp_parser_0_0 -part xck26-sfvc784-2LV-c -incremental_mode off -mode out_of_context
Starting synth_design
Attempting to get a license for feature 'Synthesis' and/or device 'xck26'
INFO: [Common 17-349] Got license for feature 'Synthesis' and/or device 'xck26'
INFO: [Device 21-403] Loading part xck26-sfvc784-2LV-c
INFO: [Synth 8-7079] Multithreading enabled for synth_design using a maximum of 2 processes.
INFO: [Synth 8-7078] Launching helper process for spawning children vivado processes
INFO: [Synth 8-7075] Helper process launched with PID 8896
INFO: [Synth 8-11241] undeclared symbol 'REGCCE', assumed default net type 'wire' [D:/Xilinx/Vivado/2022.2/data/verilog/src/unimacro/BRAM_SINGLE_MACRO.v:2170]
---------------------------------------------------------------------------------
Starting RTL Elaboration : Time (s): cpu = 00:00:05 ; elapsed = 00:00:07 . Memory (MB): peak = 1758.137 ; gain = 332.715
---------------------------------------------------------------------------------
INFO: [Synth 8-6157] synthesizing module 'udp_parser_in_pl_udp_parser_0_0' [d:/FPGA/Vivaldo Project/INTERFACE/PL Ethernet/03_udp_parser_in_pl/Vivado/udp_parser_in_pl.gen/sources_1/bd/udp_parser_in_pl/ip/udp_parser_in_pl_udp_parser_0_0/synth/udp_parser_in_pl_udp_parser_0_0.v:53]
INFO: [Synth 8-6157] synthesizing module 'udp_parser' [D:/FPGA/Vivaldo Project/INTERFACE/PL Ethernet/03_udp_parser_in_pl/Vivado/udp_parser_in_pl.srcs/sources_1/new/udp_parser.v:23]
INFO: [Synth 8-155] case statement is not full and has no default [D:/FPGA/Vivaldo Project/INTERFACE/PL Ethernet/03_udp_parser_in_pl/Vivado/udp_parser_in_pl.srcs/sources_1/new/udp_parser.v:116]
INFO: [Synth 8-6155] done synthesizing module 'udp_parser' (0#1) [D:/FPGA/Vivaldo Project/INTERFACE/PL Ethernet/03_udp_parser_in_pl/Vivado/udp_parser_in_pl.srcs/sources_1/new/udp_parser.v:23]
INFO: [Synth 8-6155] done synthesizing module 'udp_parser_in_pl_udp_parser_0_0' (0#1) [d:/FPGA/Vivaldo Project/INTERFACE/PL Ethernet/03_udp_parser_in_pl/Vivado/udp_parser_in_pl.gen/sources_1/bd/udp_parser_in_pl/ip/udp_parser_in_pl_udp_parser_0_0/synth/udp_parser_in_pl_udp_parser_0_0.v:53]
---------------------------------------------------------------------------------
Finished RTL Elaboration : Time (s): cpu = 00:00:07 ; elapsed = 00:00:09 . Memory (MB): peak = 1854.422 ; gain = 429.000
---------------------------------------------------------------------------------
---------------------------------------------------------------------------------
Start Handling Custom Attributes
---------------------------------------------------------------------------------
---------------------------------------------------------------------------------
Finished Handling Custom Attributes : Time (s): cpu = 00:00:07 ; elapsed = 00:00:09 . Memory (MB): peak = 1854.422 ; gain = 429.000
---------------------------------------------------------------------------------
---------------------------------------------------------------------------------
Finished RTL Optimization Phase 1 : Time (s): cpu = 00:00:07 ; elapsed = 00:00:09 . Memory (MB): peak = 1854.422 ; gain = 429.000
---------------------------------------------------------------------------------
Netlist sorting complete. Time (s): cpu = 00:00:00 ; elapsed = 00:00:00.007 . Memory (MB): peak = 1854.422 ; gain = 0.000
INFO: [Project 1-570] Preparing netlist for logic optimization

Processing XDC Constraints
Initializing timing engine
Completed Processing XDC Constraints

Netlist sorting complete. Time (s): cpu = 00:00:00 ; elapsed = 00:00:00 . Memory (MB): peak = 1928.914 ; gain = 0.000
INFO: [Project 1-111] Unisim Transformation Summary:
No Unisim elements were transformed.

Constraint Validation Runtime : Time (s): cpu = 00:00:00 ; elapsed = 00:00:00.048 . Memory (MB): peak = 1946.820 ; gain = 17.906
INFO: [Designutils 20-5008] Incremental synthesis strategy off
INFO: [Synth 8-11241] undeclared symbol 'REGCCE', assumed default net type 'wire' [D:/Xilinx/Vivado/2022.2/data/verilog/src/unimacro/BRAM_SINGLE_MACRO.v:2170]
---------------------------------------------------------------------------------
Finished Constraint Validation : Time (s): cpu = 00:00:15 ; elapsed = 00:00:17 . Memory (MB): peak = 1946.820 ; gain = 521.398
---------------------------------------------------------------------------------
---------------------------------------------------------------------------------
Start Loading Part and Timing Information
---------------------------------------------------------------------------------
Loading part: xck26-sfvc784-2LV-c
INFO: [Synth 8-6742] Reading net delay rules and data
---------------------------------------------------------------------------------
Finished Loading Part and Timing Information : Time (s): cpu = 00:00:15 ; elapsed = 00:00:17 . Memory (MB): peak = 1946.820 ; gain = 521.398
---------------------------------------------------------------------------------
---------------------------------------------------------------------------------
Start Applying 'set_property' XDC Constraints
---------------------------------------------------------------------------------
---------------------------------------------------------------------------------
Finished applying 'set_property' XDC Constraints : Time (s): cpu = 00:00:15 ; elapsed = 00:00:17 . Memory (MB): peak = 1946.820 ; gain = 521.398
---------------------------------------------------------------------------------
---------------------------------------------------------------------------------
Finished RTL Optimization Phase 2 : Time (s): cpu = 00:00:15 ; elapsed = 00:00:17 . Memory (MB): peak = 1946.820 ; gain = 521.398
---------------------------------------------------------------------------------
---------------------------------------------------------------------------------
Start RTL Component Statistics 
---------------------------------------------------------------------------------
Detailed RTL Component Info : 
+---Adders : 
	   2 Input   16 Bit       Adders := 1     
+---Registers : 
	               48 Bit    Registers := 2     
	               32 Bit    Registers := 2     
	               16 Bit    Registers := 5     
	                8 Bit    Registers := 1     
	                1 Bit    Registers := 4     
+---Muxes : 
	  11 Input   48 Bit        Muxes := 2     
	  11 Input   32 Bit        Muxes := 2     
	   2 Input   16 Bit        Muxes := 1     
	   2 Input    1 Bit        Muxes := 5     
	  10 Input    1 Bit        Muxes := 4     
---------------------------------------------------------------------------------
Finished RTL Component Statistics 
---------------------------------------------------------------------------------
---------------------------------------------------------------------------------
Start Part Resource Summary
---------------------------------------------------------------------------------
Part Resources:
DSPs: 1248 (col length:96)
BRAMs: 288 (col length: RAMB18 96 RAMB36 48)
---------------------------------------------------------------------------------
Finished Part Resource Summary
---------------------------------------------------------------------------------
---------------------------------------------------------------------------------
Start Cross Boundary and Area Optimization
---------------------------------------------------------------------------------
WARNING: [Synth 8-7080] Parallel synthesis criteria is not met
---------------------------------------------------------------------------------
Finished Cross Boundary and Area Optimization : Time (s): cpu = 00:00:17 ; elapsed = 00:00:19 . Memory (MB): peak = 1946.820 ; gain = 521.398
---------------------------------------------------------------------------------
---------------------------------------------------------------------------------
Start Applying XDC Timing Constraints
---------------------------------------------------------------------------------
---------------------------------------------------------------------------------
Finished Applying XDC Timing Constraints : Time (s): cpu = 00:00:29 ; elapsed = 00:00:33 . Memory (MB): peak = 2419.906 ; gain = 994.484
---------------------------------------------------------------------------------
---------------------------------------------------------------------------------
Start Timing Optimization
---------------------------------------------------------------------------------
---------------------------------------------------------------------------------
Finished Timing Optimization : Time (s): cpu = 00:00:29 ; elapsed = 00:00:33 . Memory (MB): peak = 2420.129 ; gain = 994.707
---------------------------------------------------------------------------------
---------------------------------------------------------------------------------
Start Technology Mapping
---------------------------------------------------------------------------------
---------------------------------------------------------------------------------
Finished Technology Mapping : Time (s): cpu = 00:00:29 ; elapsed = 00:00:33 . Memory (MB): peak = 2439.238 ; gain = 1013.816
---------------------------------------------------------------------------------
---------------------------------------------------------------------------------
Start IO Insertion
---------------------------------------------------------------------------------
---------------------------------------------------------------------------------
Start Flattening Before IO Insertion
---------------------------------------------------------------------------------
---------------------------------------------------------------------------------
Finished Flattening Before IO Insertion
---------------------------------------------------------------------------------
---------------------------------------------------------------------------------
Start Final Netlist Cleanup
---------------------------------------------------------------------------------
---------------------------------------------------------------------------------
Finished Final Netlist Cleanup
---------------------------------------------------------------------------------
---------------------------------------------------------------------------------
Finished IO Insertion : Time (s): cpu = 00:00:34 ; elapsed = 00:00:38 . Memory (MB): peak = 2446.477 ; gain = 1021.055
---------------------------------------------------------------------------------
---------------------------------------------------------------------------------
Start Renaming Generated Instances
---------------------------------------------------------------------------------
---------------------------------------------------------------------------------
Finished Renaming Generated Instances : Time (s): cpu = 00:00:34 ; elapsed = 00:00:38 . Memory (MB): peak = 2446.477 ; gain = 1021.055
---------------------------------------------------------------------------------
---------------------------------------------------------------------------------
Start Rebuilding User Hierarchy
---------------------------------------------------------------------------------
---------------------------------------------------------------------------------
Finished Rebuilding User Hierarchy : Time (s): cpu = 00:00:34 ; elapsed = 00:00:38 . Memory (MB): peak = 2446.477 ; gain = 1021.055
---------------------------------------------------------------------------------
---------------------------------------------------------------------------------
Start Renaming Generated Ports
---------------------------------------------------------------------------------
---------------------------------------------------------------------------------
Finished Renaming Generated Ports : Time (s): cpu = 00:00:34 ; elapsed = 00:00:38 . Memory (MB): peak = 2446.477 ; gain = 1021.055
---------------------------------------------------------------------------------
---------------------------------------------------------------------------------
Start Handling Custom Attributes
---------------------------------------------------------------------------------
---------------------------------------------------------------------------------
Finished Handling Custom Attributes : Time (s): cpu = 00:00:34 ; elapsed = 00:00:38 . Memory (MB): peak = 2446.477 ; gain = 1021.055
---------------------------------------------------------------------------------
---------------------------------------------------------------------------------
Start Renaming Generated Nets
---------------------------------------------------------------------------------
---------------------------------------------------------------------------------
Finished Renaming Generated Nets : Time (s): cpu = 00:00:34 ; elapsed = 00:00:38 . Memory (MB): peak = 2446.477 ; gain = 1021.055
---------------------------------------------------------------------------------
---------------------------------------------------------------------------------
Start Writing Synthesis Report
---------------------------------------------------------------------------------

Report BlackBoxes: 
+-+--------------+----------+
| |BlackBox name |Instances |
+-+--------------+----------+
+-+--------------+----------+

Report Cell Usage: 
+------+-------+------+
|      |Cell   |Count |
+------+-------+------+
|1     |CARRY8 |     2|
|2     |LUT1   |     2|
|3     |LUT2   |    33|
|4     |LUT3   |     1|
|5     |LUT4   |    10|
|6     |LUT5   |     2|
|7     |LUT6   |    12|
|8     |FDRE   |   252|
+------+-------+------+
---------------------------------------------------------------------------------
Finished Writing Synthesis Report : Time (s): cpu = 00:00:34 ; elapsed = 00:00:38 . Memory (MB): peak = 2446.477 ; gain = 1021.055
---------------------------------------------------------------------------------
Synthesis finished with 0 errors, 0 critical warnings and 1 warnings.
Synthesis Optimization Runtime : Time (s): cpu = 00:00:25 ; elapsed = 00:00:36 . Memory (MB): peak = 2446.477 ; gain = 928.656
Synthesis Optimization Complete : Time (s): cpu = 00:00:34 ; elapsed = 00:00:38 . Memory (MB): peak = 2446.477 ; gain = 1021.055
INFO: [Project 1-571] Translating synthesized netlist
Netlist sorting complete. Time (s): cpu = 00:00:00 ; elapsed = 00:00:00.005 . Memory (MB): peak = 2458.559 ; gain = 0.000
INFO: [Netlist 29-17] Analyzing 2 Unisim elements for replacement
INFO: [Netlist 29-28] Unisim Transformation completed in 0 CPU seconds
INFO: [Project 1-570] Preparing netlist for logic optimization
INFO: [Opt 31-138] Pushed 0 inverter(s) to 0 load pin(s).
Netlist sorting complete. Time (s): cpu = 00:00:00 ; elapsed = 00:00:00 . Memory (MB): peak = 2482.926 ; gain = 0.000
INFO: [Project 1-111] Unisim Transformation Summary:
No Unisim elements were transformed.

Synth Design complete, checksum: ae5f5aaa
INFO: [Common 17-83] Releasing license: Synthesis
27 Infos, 2 Warnings, 0 Critical Warnings and 0 Errors encountered.
synth_design completed successfully
INFO: [Common 17-600] The following parameters have non-default value.
tcl.statsThreshold
INFO: [Common 17-1381] The checkpoint 'D:/FPGA/Vivaldo Project/INTERFACE/PL Ethernet/03_udp_parser_in_pl/Vivado/udp_parser_in_pl.runs/udp_parser_in_pl_udp_parser_0_0_synth_1/udp_parser_in_pl_udp_parser_0_0.dcp' has been generated.
INFO: [Coretcl 2-1648] Added synthesis output to IP cache for IP udp_parser_in_pl_udp_parser_0_0, cache-ID = 4f7cf5517bc4176b
INFO: [Common 17-1381] The checkpoint 'D:/FPGA/Vivaldo Project/INTERFACE/PL Ethernet/03_udp_parser_in_pl/Vivado/udp_parser_in_pl.runs/udp_parser_in_pl_udp_parser_0_0_synth_1/udp_parser_in_pl_udp_parser_0_0.dcp' has been generated.
INFO: [runtcl-4] Executing : report_utilization -file udp_parser_in_pl_udp_parser_0_0_utilization_synth.rpt -pb udp_parser_in_pl_udp_parser_0_0_utilization_synth.pb
INFO: [Common 17-206] Exiting Vivado at Mon Oct  5 14:15:09 2026...
