
*** Running vivado
    with args -log udp_parser_in_pl_wrapper.vdi -applog -m64 -product Vivado -messageDb vivado.pb -mode batch -source udp_parser_in_pl_wrapper.tcl -notrace



****** Vivado v2022.2 (64-bit)
  **** SW Build 3671981 on Fri Oct 14 05:00:03 MDT 2022
  **** IP Build 3669848 on Fri Oct 14 08:30:02 MDT 2022
    ** Copyright 1986-2022 Xilinx, Inc. All Rights Reserved.

source udp_parser_in_pl_wrapper.tcl -notrace
INFO: [IP_Flow 19-234] Refreshing IP repositories
INFO: [IP_Flow 19-1704] No user IP repositories specified
INFO: [IP_Flow 19-2313] Loaded Vivado IP repository 'D:/Xilinx/Vivado/2022.2/data/ip'.
Command: link_design -top udp_parser_in_pl_wrapper -part xck26-sfvc784-2LV-c
Design is defaulting to srcset: sources_1
Design is defaulting to constrset: constrs_1
INFO: [Device 21-403] Loading part xck26-sfvc784-2LV-c
INFO: [Project 1-454] Reading design checkpoint 'd:/FPGA/Vivaldo Project/INTERFACE/PL Ethernet/03_udp_parser_in_pl/Vivado/udp_parser_in_pl.gen/sources_1/bd/udp_parser_in_pl/ip/udp_parser_in_pl_axi_ethernet_1_0/udp_parser_in_pl_axi_ethernet_1_0.dcp' for cell 'udp_parser_in_pl_i/axi_ethernet_1'
INFO: [Project 1-454] Reading design checkpoint 'd:/FPGA/Vivaldo Project/INTERFACE/PL Ethernet/03_udp_parser_in_pl/Vivado/udp_parser_in_pl.gen/sources_1/bd/udp_parser_in_pl/ip/udp_parser_in_pl_clk_wiz_0_0/udp_parser_in_pl_clk_wiz_0_0.dcp' for cell 'udp_parser_in_pl_i/clk_wiz_0'
INFO: [Project 1-454] Reading design checkpoint 'd:/FPGA/Vivaldo Project/INTERFACE/PL Ethernet/03_udp_parser_in_pl/Vivado/udp_parser_in_pl.gen/sources_1/bd/udp_parser_in_pl/ip/udp_parser_in_pl_proc_sys_reset_0_0/udp_parser_in_pl_proc_sys_reset_0_0.dcp' for cell 'udp_parser_in_pl_i/proc_sys_reset_0'
INFO: [Project 1-454] Reading design checkpoint 'd:/FPGA/Vivaldo Project/INTERFACE/PL Ethernet/03_udp_parser_in_pl/Vivado/udp_parser_in_pl.gen/sources_1/bd/udp_parser_in_pl/ip/udp_parser_in_pl_smartconnect_0_0/udp_parser_in_pl_smartconnect_0_0.dcp' for cell 'udp_parser_in_pl_i/smartconnect_0'
INFO: [Project 1-454] Reading design checkpoint 'd:/FPGA/Vivaldo Project/INTERFACE/PL Ethernet/03_udp_parser_in_pl/Vivado/udp_parser_in_pl.gen/sources_1/bd/udp_parser_in_pl/ip/udp_parser_in_pl_system_ila_0_0/udp_parser_in_pl_system_ila_0_0.dcp' for cell 'udp_parser_in_pl_i/system_ila_0'
INFO: [Project 1-454] Reading design checkpoint 'd:/FPGA/Vivaldo Project/INTERFACE/PL Ethernet/03_udp_parser_in_pl/Vivado/udp_parser_in_pl.gen/sources_1/bd/udp_parser_in_pl/ip/udp_parser_in_pl_udp_parser_0_0/udp_parser_in_pl_udp_parser_0_0.dcp' for cell 'udp_parser_in_pl_i/udp_parser_0'
INFO: [Project 1-454] Reading design checkpoint 'd:/FPGA/Vivaldo Project/INTERFACE/PL Ethernet/03_udp_parser_in_pl/Vivado/udp_parser_in_pl.gen/sources_1/bd/udp_parser_in_pl/ip/udp_parser_in_pl_zynq_ultra_ps_e_0_0/udp_parser_in_pl_zynq_ultra_ps_e_0_0.dcp' for cell 'udp_parser_in_pl_i/zynq_ultra_ps_e_0'
INFO: [Project 1-454] Reading design checkpoint 'd:/FPGA/Vivaldo Project/INTERFACE/PL Ethernet/03_udp_parser_in_pl/Vivado/udp_parser_in_pl.gen/sources_1/bd/udp_parser_in_pl/ip/udp_parser_in_pl_axi_ethernet_1_0/bd_0/ip/ip_3/bd_8679_c_counter_binary_0_0.dcp' for cell 'udp_parser_in_pl_i/axi_ethernet_1/inst/c_counter_binary_0'
INFO: [Project 1-454] Reading design checkpoint 'd:/FPGA/Vivaldo Project/INTERFACE/PL Ethernet/03_udp_parser_in_pl/Vivado/udp_parser_in_pl.gen/sources_1/bd/udp_parser_in_pl/ip/udp_parser_in_pl_axi_ethernet_1_0/bd_0/ip/ip_2/bd_8679_c_shift_ram_0_0.dcp' for cell 'udp_parser_in_pl_i/axi_ethernet_1/inst/c_shift_ram_0'
INFO: [Project 1-454] Reading design checkpoint 'd:/FPGA/Vivaldo Project/INTERFACE/PL Ethernet/03_udp_parser_in_pl/Vivado/udp_parser_in_pl.gen/sources_1/bd/udp_parser_in_pl/ip/udp_parser_in_pl_axi_ethernet_1_0/bd_0/ip/ip_0/bd_8679_eth_buf_0.dcp' for cell 'udp_parser_in_pl_i/axi_ethernet_1/inst/eth_buf'
INFO: [Project 1-454] Reading design checkpoint 'd:/FPGA/Vivaldo Project/INTERFACE/PL Ethernet/03_udp_parser_in_pl/Vivado/udp_parser_in_pl.gen/sources_1/bd/udp_parser_in_pl/ip/udp_parser_in_pl_axi_ethernet_1_0/bd_0/ip/ip_1/bd_8679_mac_0.dcp' for cell 'udp_parser_in_pl_i/axi_ethernet_1/inst/mac'
INFO: [Project 1-454] Reading design checkpoint 'd:/FPGA/Vivaldo Project/INTERFACE/PL Ethernet/03_udp_parser_in_pl/Vivado/udp_parser_in_pl.gen/sources_1/bd/udp_parser_in_pl/ip/udp_parser_in_pl_axi_ethernet_1_0/bd_0/ip/ip_5/bd_8679_util_vector_logic_0_0.dcp' for cell 'udp_parser_in_pl_i/axi_ethernet_1/inst/util_vector_logic_0'
Netlist sorting complete. Time (s): cpu = 00:00:01 ; elapsed = 00:00:00.641 . Memory (MB): peak = 1561.422 ; gain = 0.000
INFO: [Netlist 29-17] Analyzing 528 Unisim elements for replacement
INFO: [Netlist 29-28] Unisim Transformation completed in 0 CPU seconds
INFO: [Project 1-479] Netlist was created with Vivado 2022.2
INFO: [Project 1-570] Preparing netlist for logic optimization
INFO: [Chipscope 16-324] Core: udp_parser_in_pl_i/system_ila_0/inst/ila_lib UUID: 28bfbdda-9fc2-58fa-a687-3989ab6ec77b 
Parsing XDC File [d:/FPGA/Vivaldo Project/INTERFACE/PL Ethernet/03_udp_parser_in_pl/Vivado/udp_parser_in_pl.gen/sources_1/bd/udp_parser_in_pl/ip/udp_parser_in_pl_axi_ethernet_1_0/bd_0/ip/ip_0/bd_8679_eth_buf_0_board.xdc] for cell 'udp_parser_in_pl_i/axi_ethernet_1/inst/eth_buf/U0'
Finished Parsing XDC File [d:/FPGA/Vivaldo Project/INTERFACE/PL Ethernet/03_udp_parser_in_pl/Vivado/udp_parser_in_pl.gen/sources_1/bd/udp_parser_in_pl/ip/udp_parser_in_pl_axi_ethernet_1_0/bd_0/ip/ip_0/bd_8679_eth_buf_0_board.xdc] for cell 'udp_parser_in_pl_i/axi_ethernet_1/inst/eth_buf/U0'
Parsing XDC File [d:/FPGA/Vivaldo Project/INTERFACE/PL Ethernet/03_udp_parser_in_pl/Vivado/udp_parser_in_pl.gen/sources_1/bd/udp_parser_in_pl/ip/udp_parser_in_pl_axi_ethernet_1_0/bd_0/ip/ip_1/synth/bd_8679_mac_0_board.xdc] for cell 'udp_parser_in_pl_i/axi_ethernet_1/inst/mac/inst'
Finished Parsing XDC File [d:/FPGA/Vivaldo Project/INTERFACE/PL Ethernet/03_udp_parser_in_pl/Vivado/udp_parser_in_pl.gen/sources_1/bd/udp_parser_in_pl/ip/udp_parser_in_pl_axi_ethernet_1_0/bd_0/ip/ip_1/synth/bd_8679_mac_0_board.xdc] for cell 'udp_parser_in_pl_i/axi_ethernet_1/inst/mac/inst'
Parsing XDC File [d:/FPGA/Vivaldo Project/INTERFACE/PL Ethernet/03_udp_parser_in_pl/Vivado/udp_parser_in_pl.gen/sources_1/bd/udp_parser_in_pl/ip/udp_parser_in_pl_axi_ethernet_1_0/bd_0/ip/ip_1/synth/bd_8679_mac_0.xdc] for cell 'udp_parser_in_pl_i/axi_ethernet_1/inst/mac/inst'
Finished Parsing XDC File [d:/FPGA/Vivaldo Project/INTERFACE/PL Ethernet/03_udp_parser_in_pl/Vivado/udp_parser_in_pl.gen/sources_1/bd/udp_parser_in_pl/ip/udp_parser_in_pl_axi_ethernet_1_0/bd_0/ip/ip_1/synth/bd_8679_mac_0.xdc] for cell 'udp_parser_in_pl_i/axi_ethernet_1/inst/mac/inst'
Parsing XDC File [d:/FPGA/Vivaldo Project/INTERFACE/PL Ethernet/03_udp_parser_in_pl/Vivado/udp_parser_in_pl.gen/sources_1/bd/udp_parser_in_pl/ip/udp_parser_in_pl_axi_ethernet_1_0/udp_parser_in_pl_axi_ethernet_1_0_board.xdc] for cell 'udp_parser_in_pl_i/axi_ethernet_1/inst'
Finished Parsing XDC File [d:/FPGA/Vivaldo Project/INTERFACE/PL Ethernet/03_udp_parser_in_pl/Vivado/udp_parser_in_pl.gen/sources_1/bd/udp_parser_in_pl/ip/udp_parser_in_pl_axi_ethernet_1_0/udp_parser_in_pl_axi_ethernet_1_0_board.xdc] for cell 'udp_parser_in_pl_i/axi_ethernet_1/inst'
Parsing XDC File [d:/FPGA/Vivaldo Project/INTERFACE/PL Ethernet/03_udp_parser_in_pl/Vivado/udp_parser_in_pl.gen/sources_1/bd/udp_parser_in_pl/ip/udp_parser_in_pl_axi_ethernet_1_0/synth/udp_parser_in_pl_axi_ethernet_1_0.xdc] for cell 'udp_parser_in_pl_i/axi_ethernet_1/inst'
Finished Parsing XDC File [d:/FPGA/Vivaldo Project/INTERFACE/PL Ethernet/03_udp_parser_in_pl/Vivado/udp_parser_in_pl.gen/sources_1/bd/udp_parser_in_pl/ip/udp_parser_in_pl_axi_ethernet_1_0/synth/udp_parser_in_pl_axi_ethernet_1_0.xdc] for cell 'udp_parser_in_pl_i/axi_ethernet_1/inst'
Parsing XDC File [d:/FPGA/Vivaldo Project/INTERFACE/PL Ethernet/03_udp_parser_in_pl/Vivado/udp_parser_in_pl.gen/sources_1/bd/udp_parser_in_pl/ip/udp_parser_in_pl_clk_wiz_0_0/udp_parser_in_pl_clk_wiz_0_0_board.xdc] for cell 'udp_parser_in_pl_i/clk_wiz_0/inst'
Finished Parsing XDC File [d:/FPGA/Vivaldo Project/INTERFACE/PL Ethernet/03_udp_parser_in_pl/Vivado/udp_parser_in_pl.gen/sources_1/bd/udp_parser_in_pl/ip/udp_parser_in_pl_clk_wiz_0_0/udp_parser_in_pl_clk_wiz_0_0_board.xdc] for cell 'udp_parser_in_pl_i/clk_wiz_0/inst'
Parsing XDC File [d:/FPGA/Vivaldo Project/INTERFACE/PL Ethernet/03_udp_parser_in_pl/Vivado/udp_parser_in_pl.gen/sources_1/bd/udp_parser_in_pl/ip/udp_parser_in_pl_clk_wiz_0_0/udp_parser_in_pl_clk_wiz_0_0.xdc] for cell 'udp_parser_in_pl_i/clk_wiz_0/inst'
INFO: [Timing 38-35] Done setting XDC timing constraints. [d:/FPGA/Vivaldo Project/INTERFACE/PL Ethernet/03_udp_parser_in_pl/Vivado/udp_parser_in_pl.gen/sources_1/bd/udp_parser_in_pl/ip/udp_parser_in_pl_clk_wiz_0_0/udp_parser_in_pl_clk_wiz_0_0.xdc:57]
INFO: [Timing 38-2] Deriving generated clocks [d:/FPGA/Vivaldo Project/INTERFACE/PL Ethernet/03_udp_parser_in_pl/Vivado/udp_parser_in_pl.gen/sources_1/bd/udp_parser_in_pl/ip/udp_parser_in_pl_clk_wiz_0_0/udp_parser_in_pl_clk_wiz_0_0.xdc:57]
Finished Parsing XDC File [d:/FPGA/Vivaldo Project/INTERFACE/PL Ethernet/03_udp_parser_in_pl/Vivado/udp_parser_in_pl.gen/sources_1/bd/udp_parser_in_pl/ip/udp_parser_in_pl_clk_wiz_0_0/udp_parser_in_pl_clk_wiz_0_0.xdc] for cell 'udp_parser_in_pl_i/clk_wiz_0/inst'
Parsing XDC File [d:/FPGA/Vivaldo Project/INTERFACE/PL Ethernet/03_udp_parser_in_pl/Vivado/udp_parser_in_pl.gen/sources_1/bd/udp_parser_in_pl/ip/udp_parser_in_pl_proc_sys_reset_0_0/udp_parser_in_pl_proc_sys_reset_0_0_board.xdc] for cell 'udp_parser_in_pl_i/proc_sys_reset_0/U0'
Finished Parsing XDC File [d:/FPGA/Vivaldo Project/INTERFACE/PL Ethernet/03_udp_parser_in_pl/Vivado/udp_parser_in_pl.gen/sources_1/bd/udp_parser_in_pl/ip/udp_parser_in_pl_proc_sys_reset_0_0/udp_parser_in_pl_proc_sys_reset_0_0_board.xdc] for cell 'udp_parser_in_pl_i/proc_sys_reset_0/U0'
Parsing XDC File [d:/FPGA/Vivaldo Project/INTERFACE/PL Ethernet/03_udp_parser_in_pl/Vivado/udp_parser_in_pl.gen/sources_1/bd/udp_parser_in_pl/ip/udp_parser_in_pl_proc_sys_reset_0_0/udp_parser_in_pl_proc_sys_reset_0_0.xdc] for cell 'udp_parser_in_pl_i/proc_sys_reset_0/U0'
Finished Parsing XDC File [d:/FPGA/Vivaldo Project/INTERFACE/PL Ethernet/03_udp_parser_in_pl/Vivado/udp_parser_in_pl.gen/sources_1/bd/udp_parser_in_pl/ip/udp_parser_in_pl_proc_sys_reset_0_0/udp_parser_in_pl_proc_sys_reset_0_0.xdc] for cell 'udp_parser_in_pl_i/proc_sys_reset_0/U0'
Parsing XDC File [d:/FPGA/Vivaldo Project/INTERFACE/PL Ethernet/03_udp_parser_in_pl/Vivado/udp_parser_in_pl.gen/sources_1/bd/udp_parser_in_pl/ip/udp_parser_in_pl_smartconnect_0_0/bd_0/ip/ip_1/bd_9c1f_psr_aclk_0_board.xdc] for cell 'udp_parser_in_pl_i/smartconnect_0/inst/clk_map/psr_aclk/U0'
Finished Parsing XDC File [d:/FPGA/Vivaldo Project/INTERFACE/PL Ethernet/03_udp_parser_in_pl/Vivado/udp_parser_in_pl.gen/sources_1/bd/udp_parser_in_pl/ip/udp_parser_in_pl_smartconnect_0_0/bd_0/ip/ip_1/bd_9c1f_psr_aclk_0_board.xdc] for cell 'udp_parser_in_pl_i/smartconnect_0/inst/clk_map/psr_aclk/U0'
Parsing XDC File [d:/FPGA/Vivaldo Project/INTERFACE/PL Ethernet/03_udp_parser_in_pl/Vivado/udp_parser_in_pl.gen/sources_1/bd/udp_parser_in_pl/ip/udp_parser_in_pl_smartconnect_0_0/bd_0/ip/ip_1/bd_9c1f_psr_aclk_0.xdc] for cell 'udp_parser_in_pl_i/smartconnect_0/inst/clk_map/psr_aclk/U0'
Finished Parsing XDC File [d:/FPGA/Vivaldo Project/INTERFACE/PL Ethernet/03_udp_parser_in_pl/Vivado/udp_parser_in_pl.gen/sources_1/bd/udp_parser_in_pl/ip/udp_parser_in_pl_smartconnect_0_0/bd_0/ip/ip_1/bd_9c1f_psr_aclk_0.xdc] for cell 'udp_parser_in_pl_i/smartconnect_0/inst/clk_map/psr_aclk/U0'
Parsing XDC File [d:/FPGA/Vivaldo Project/INTERFACE/PL Ethernet/03_udp_parser_in_pl/Vivado/udp_parser_in_pl.gen/sources_1/bd/udp_parser_in_pl/ip/udp_parser_in_pl_system_ila_0_0/bd_0/ip/ip_0/ila_v6_2/constraints/ila_impl.xdc] for cell 'udp_parser_in_pl_i/system_ila_0/inst/ila_lib/inst'
Finished Parsing XDC File [d:/FPGA/Vivaldo Project/INTERFACE/PL Ethernet/03_udp_parser_in_pl/Vivado/udp_parser_in_pl.gen/sources_1/bd/udp_parser_in_pl/ip/udp_parser_in_pl_system_ila_0_0/bd_0/ip/ip_0/ila_v6_2/constraints/ila_impl.xdc] for cell 'udp_parser_in_pl_i/system_ila_0/inst/ila_lib/inst'
Parsing XDC File [d:/FPGA/Vivaldo Project/INTERFACE/PL Ethernet/03_udp_parser_in_pl/Vivado/udp_parser_in_pl.gen/sources_1/bd/udp_parser_in_pl/ip/udp_parser_in_pl_system_ila_0_0/bd_0/ip/ip_0/ila_v6_2/constraints/ila.xdc] for cell 'udp_parser_in_pl_i/system_ila_0/inst/ila_lib/inst'
Finished Parsing XDC File [d:/FPGA/Vivaldo Project/INTERFACE/PL Ethernet/03_udp_parser_in_pl/Vivado/udp_parser_in_pl.gen/sources_1/bd/udp_parser_in_pl/ip/udp_parser_in_pl_system_ila_0_0/bd_0/ip/ip_0/ila_v6_2/constraints/ila.xdc] for cell 'udp_parser_in_pl_i/system_ila_0/inst/ila_lib/inst'
Parsing XDC File [d:/FPGA/Vivaldo Project/INTERFACE/PL Ethernet/03_udp_parser_in_pl/Vivado/udp_parser_in_pl.gen/sources_1/bd/udp_parser_in_pl/ip/udp_parser_in_pl_zynq_ultra_ps_e_0_0/udp_parser_in_pl_zynq_ultra_ps_e_0_0.xdc] for cell 'udp_parser_in_pl_i/zynq_ultra_ps_e_0/inst'
Finished Parsing XDC File [d:/FPGA/Vivaldo Project/INTERFACE/PL Ethernet/03_udp_parser_in_pl/Vivado/udp_parser_in_pl.gen/sources_1/bd/udp_parser_in_pl/ip/udp_parser_in_pl_zynq_ultra_ps_e_0_0/udp_parser_in_pl_zynq_ultra_ps_e_0_0.xdc] for cell 'udp_parser_in_pl_i/zynq_ultra_ps_e_0/inst'
Parsing XDC File [D:/FPGA/Vivaldo Project/INTERFACE/PL Ethernet/03_udp_parser_in_pl/Vivado/udp_parser_in_pl.srcs/constrs_1/new/eth_mac_cons.xdc]
WARNING: [Constraints 18-619] A clock with name 'clk25' already exists, overwriting the previous clock with the same name. [D:/FPGA/Vivaldo Project/INTERFACE/PL Ethernet/03_udp_parser_in_pl/Vivado/udp_parser_in_pl.srcs/constrs_1/new/eth_mac_cons.xdc:5]
Finished Parsing XDC File [D:/FPGA/Vivaldo Project/INTERFACE/PL Ethernet/03_udp_parser_in_pl/Vivado/udp_parser_in_pl.srcs/constrs_1/new/eth_mac_cons.xdc]
Parsing XDC File [d:/FPGA/Vivaldo Project/INTERFACE/PL Ethernet/03_udp_parser_in_pl/Vivado/udp_parser_in_pl.gen/sources_1/bd/udp_parser_in_pl/ip/udp_parser_in_pl_axi_ethernet_1_0/bd_0/ip/ip_0/synth/bd_8679_eth_buf_0.xdc] for cell 'udp_parser_in_pl_i/axi_ethernet_1/inst/eth_buf/U0'
Finished Parsing XDC File [d:/FPGA/Vivaldo Project/INTERFACE/PL Ethernet/03_udp_parser_in_pl/Vivado/udp_parser_in_pl.gen/sources_1/bd/udp_parser_in_pl/ip/udp_parser_in_pl_axi_ethernet_1_0/bd_0/ip/ip_0/synth/bd_8679_eth_buf_0.xdc] for cell 'udp_parser_in_pl_i/axi_ethernet_1/inst/eth_buf/U0'
Parsing XDC File [d:/FPGA/Vivaldo Project/INTERFACE/PL Ethernet/03_udp_parser_in_pl/Vivado/udp_parser_in_pl.gen/sources_1/bd/udp_parser_in_pl/ip/udp_parser_in_pl_axi_ethernet_1_0/bd_0/ip/ip_1/synth/bd_8679_mac_0_clocks.xdc] for cell 'udp_parser_in_pl_i/axi_ethernet_1/inst/mac/inst'
INFO: [Vivado 12-3272] Current instance is the top level cell 'udp_parser_in_pl_i/axi_ethernet_1/inst/mac/inst' of design 'design_1' [d:/FPGA/Vivaldo Project/INTERFACE/PL Ethernet/03_udp_parser_in_pl/Vivado/udp_parser_in_pl.gen/sources_1/bd/udp_parser_in_pl/ip/udp_parser_in_pl_axi_ethernet_1_0/bd_0/ip/ip_1/synth/bd_8679_mac_0_clocks.xdc:28]
INFO: [Constraints 18-483] create_clock: no pin(s)/port(s)/net(s) specified as objects, only virtual clock 'udp_parser_in_pl_i/axi_ethernet_1/inst/mac/inst_rgmii_rx_clk' will be created. If you don't want this, please specify pin(s)/ports(s)/net(s) as objects to the command. [d:/FPGA/Vivaldo Project/INTERFACE/PL Ethernet/03_udp_parser_in_pl/Vivado/udp_parser_in_pl.gen/sources_1/bd/udp_parser_in_pl/ip/udp_parser_in_pl_axi_ethernet_1_0/bd_0/ip/ip_1/synth/bd_8679_mac_0_clocks.xdc:28]
INFO: [Vivado 12-3272] Current instance is the top level cell 'udp_parser_in_pl_i/axi_ethernet_1/inst/mac/inst' of design 'design_1' [d:/FPGA/Vivaldo Project/INTERFACE/PL Ethernet/03_udp_parser_in_pl/Vivado/udp_parser_in_pl.gen/sources_1/bd/udp_parser_in_pl/ip/udp_parser_in_pl_axi_ethernet_1_0/bd_0/ip/ip_1/synth/bd_8679_mac_0_clocks.xdc:29]
INFO: [Vivado 12-3272] Current instance is the top level cell 'udp_parser_in_pl_i/axi_ethernet_1/inst/mac/inst' of design 'design_1' [d:/FPGA/Vivaldo Project/INTERFACE/PL Ethernet/03_udp_parser_in_pl/Vivado/udp_parser_in_pl.gen/sources_1/bd/udp_parser_in_pl/ip/udp_parser_in_pl_axi_ethernet_1_0/bd_0/ip/ip_1/synth/bd_8679_mac_0_clocks.xdc:52]
INFO: [Vivado 12-3272] Current instance is the top level cell 'udp_parser_in_pl_i/axi_ethernet_1/inst/mac/inst' of design 'design_1' [d:/FPGA/Vivaldo Project/INTERFACE/PL Ethernet/03_udp_parser_in_pl/Vivado/udp_parser_in_pl.gen/sources_1/bd/udp_parser_in_pl/ip/udp_parser_in_pl_axi_ethernet_1_0/bd_0/ip/ip_1/synth/bd_8679_mac_0_clocks.xdc:53]
Finished Parsing XDC File [d:/FPGA/Vivaldo Project/INTERFACE/PL Ethernet/03_udp_parser_in_pl/Vivado/udp_parser_in_pl.gen/sources_1/bd/udp_parser_in_pl/ip/udp_parser_in_pl_axi_ethernet_1_0/bd_0/ip/ip_1/synth/bd_8679_mac_0_clocks.xdc] for cell 'udp_parser_in_pl_i/axi_ethernet_1/inst/mac/inst'
INFO: [Project 1-1714] 40 XPM XDC files have been applied to the design.
INFO: [Opt 31-138] Pushed 0 inverter(s) to 0 load pin(s).
INFO: [Project 1-1687] 51 scoped IP constraints or related sub-commands were skipped due to synthesis logic optimizations usually triggered by constant connectivity or unconnected output pins. To review the skipped constraints and messages, run the command 'set_param netlist.IPMsgFiltering false' before opening the design.
Netlist sorting complete. Time (s): cpu = 00:00:00 ; elapsed = 00:00:00.022 . Memory (MB): peak = 2072.680 ; gain = 0.000
INFO: [Project 1-111] Unisim Transformation Summary:
  A total of 372 instances were transformed.
  CFGLUT5 => CFGLUT5 (SRL16E, SRLC32E): 200 instances
  IBUF => IBUF (IBUFCTRL, INBUF): 7 instances
  IOBUF => IOBUF (IBUFCTRL, INBUF, OBUFT): 1 instance 
  RAM16X1D => RAM32X1D (RAMD32(x2)): 1 instance 
  RAM32M16 => RAM32M16 (RAMD32(x14), RAMS32(x2)): 3 instances
  RAM64X1D => RAM64X1D (RAMD64E(x2)): 160 instances

32 Infos, 1 Warnings, 0 Critical Warnings and 0 Errors encountered.
link_design completed successfully
INFO: [Common 17-600] The following parameters have non-default value.
tcl.statsThreshold
Command: opt_design
Attempting to get a license for feature 'Implementation' and/or device 'xck26'
INFO: [Common 17-349] Got license for feature 'Implementation' and/or device 'xck26'
Running DRC as a precondition to command opt_design

Starting DRC Task
INFO: [DRC 23-27] Running DRC with 2 threads
INFO: [Project 1-461] DRC finished with 0 Errors
INFO: [Project 1-462] Please refer to the DRC report (report_drc) for more information.

Time (s): cpu = 00:00:03 ; elapsed = 00:00:02 . Memory (MB): peak = 2072.680 ; gain = 0.000

Starting Cache Timing Information Task
INFO: [Constraints 18-483] create_clock: no pin(s)/port(s)/net(s) specified as objects, only virtual clock 'udp_parser_in_pl_i/axi_ethernet_1/inst/mac/inst_rgmii_rx_clk' will be created. If you don't want this, please specify pin(s)/ports(s)/net(s) as objects to the command. [d:/FPGA/Vivaldo Project/INTERFACE/PL Ethernet/03_udp_parser_in_pl/Vivado/udp_parser_in_pl.gen/sources_1/bd/udp_parser_in_pl/ip/udp_parser_in_pl_axi_ethernet_1_0/bd_0/ip/ip_1/synth/bd_8679_mac_0_clocks.xdc:28]
INFO: [Timing 38-35] Done setting XDC timing constraints.
Ending Cache Timing Information Task | Checksum: 1f6259338

Time (s): cpu = 00:00:03 ; elapsed = 00:00:02 . Memory (MB): peak = 2072.680 ; gain = 0.000

Starting Logic Optimization Task

Phase 1 Generate And Synthesize Debug Cores
INFO: [Chipscope 16-329] Generating Script for core instance : dbg_hub 
INFO: [IP_Flow 19-3806] Processing IP xilinx.com:ip:xsdbm:3.0 for cell dbg_hub_CV.
Netlist sorting complete. Time (s): cpu = 00:00:00 ; elapsed = 00:00:00.058 . Memory (MB): peak = 2395.867 ; gain = 0.000
Phase 1 Generate And Synthesize Debug Cores | Checksum: bfa459e6

Time (s): cpu = 00:00:06 ; elapsed = 00:02:32 . Memory (MB): peak = 2395.867 ; gain = 19.734

Phase 2 Retarget
INFO: [Opt 31-1287] Pulled Inverter udp_parser_in_pl_i/axi_ethernet_1/inst/eth_buf/U0/TX_INTFCE_I/TX_AXISTREAM_INTERFACE/GEN_BASIC.TX_BASIC_INTERFACE/addr_2_en_i_1 into driver instance udp_parser_in_pl_i/axi_ethernet_1/inst/eth_buf/U0/TX_INTFCE_I/TX_AXISTREAM_INTERFACE/GEN_BASIC.TX_BASIC_INTERFACE/addr_2_en_i_2, which resulted in an inversion of 5 pins
INFO: [Opt 31-1287] Pulled Inverter udp_parser_in_pl_i/axi_ethernet_1/inst/eth_buf/U0/TX_INTFCE_I/TX_EMAC_INTERFACE/txc_mem_rd_addr_1[9]_i_2 into driver instance udp_parser_in_pl_i/axi_ethernet_1/inst/eth_buf/U0/TX_INTFCE_I/TX_EMAC_INTERFACE/txc_mem_rd_addr_1[9]_i_4, which resulted in an inversion of 12 pins
INFO: [Opt 31-1287] Pulled Inverter udp_parser_in_pl_i/axi_ethernet_1/inst/mac/inst/tri_mode_ethernet_mac_i/bd_8679_mac_0_core/sync_axi_rx_rstn_rx_clk/async_rst0_i_1__0 into driver instance udp_parser_in_pl_i/axi_ethernet_1/inst/eth_buf/U0/COMBINE_RESETS/RESET2TEMACn_INST_0, which resulted in an inversion of 4 pins
INFO: [Opt 31-1287] Pulled Inverter udp_parser_in_pl_i/smartconnect_0/inst/s00_entry_pipeline/s00_si_converter/inst/converter.wrap_narrow_inst/ar_reg_slice/skid_buffer[1129]_i_1__0 into driver instance udp_parser_in_pl_i/smartconnect_0/inst/s00_entry_pipeline/s00_si_converter/inst/converter.wrap_narrow_inst/ar_reg_slice/skid_buffer[1129]_i_2, which resulted in an inversion of 5 pins
INFO: [Opt 31-1287] Pulled Inverter udp_parser_in_pl_i/smartconnect_0/inst/s00_entry_pipeline/s00_si_converter/inst/converter.wrap_narrow_inst/gen_thread_loop[0].r_payld_fifo/cmd_fifo/cmd_len_qq[7]_i_1 into driver instance udp_parser_in_pl_i/smartconnect_0/inst/s00_entry_pipeline/s00_si_converter/inst/converter.wrap_narrow_inst/gen_thread_loop[0].r_payld_fifo/cmd_fifo/gen_pipelined.state[2]_i_3__0, which resulted in an inversion of 6 pins
INFO: [Opt 31-1287] Pulled Inverter udp_parser_in_pl_i/smartconnect_0/inst/s00_entry_pipeline/s00_si_converter/inst/converter.wrap_narrow_inst/w_payld_fifo/cmd_fifo/cmd_len_qq[7]_i_1__0 into driver instance udp_parser_in_pl_i/smartconnect_0/inst/s00_entry_pipeline/s00_si_converter/inst/converter.wrap_narrow_inst/w_payld_fifo/cmd_fifo/gen_pipelined.state[2]_i_3__1, which resulted in an inversion of 6 pins
INFO: [Opt 31-1287] Pulled Inverter udp_parser_in_pl_i/system_ila_0/inst/ila_lib/inst/ila_core_inst/xsdb_memory_read_inst/current_state[0]_i_1 into driver instance udp_parser_in_pl_i/system_ila_0/inst/ila_lib/inst/ila_core_inst/xsdb_memory_read_inst/read_addr[9]_i_3, which resulted in an inversion of 14 pins
INFO: [Opt 31-138] Pushed 61 inverter(s) to 635 load pin(s).
INFO: [Opt 31-422] The CLOCK_DOMAINS attribute on the BRAM cell udp_parser_in_pl_i/system_ila_0/inst/ila_lib/inst/ila_core_inst/ila_trace_memory_inst/SUBCORE_RAM_BLK_MEM_1.trace_block_memory/inst_blk_mem_gen/gnbram.gnativebmg.native_blk_mem_gen/valid.cstr/ramloop[0].ram.r/prim_noinit.ram/DEVICE_8SERIES.NO_BMM_INFO.SDP.SIMPLE_PRIM36.ram has been changed from INDEPENDENT to COMMON to match the clocking topology used for the BRAM.
INFO: [Opt 31-422] The CLOCK_DOMAINS attribute on the BRAM cell udp_parser_in_pl_i/system_ila_0/inst/ila_lib/inst/ila_core_inst/ila_trace_memory_inst/SUBCORE_RAM_BLK_MEM_1.trace_block_memory/inst_blk_mem_gen/gnbram.gnativebmg.native_blk_mem_gen/valid.cstr/ramloop[1].ram.r/prim_noinit.ram/DEVICE_8SERIES.NO_BMM_INFO.SDP.SIMPLE_PRIM36.ram has been changed from INDEPENDENT to COMMON to match the clocking topology used for the BRAM.
INFO: [Opt 31-422] The CLOCK_DOMAINS attribute on the BRAM cell udp_parser_in_pl_i/system_ila_0/inst/ila_lib/inst/ila_core_inst/ila_trace_memory_inst/SUBCORE_RAM_BLK_MEM_1.trace_block_memory/inst_blk_mem_gen/gnbram.gnativebmg.native_blk_mem_gen/valid.cstr/ramloop[2].ram.r/prim_noinit.ram/DEVICE_8SERIES.NO_BMM_INFO.SDP.SIMPLE_PRIM36.ram has been changed from INDEPENDENT to COMMON to match the clocking topology used for the BRAM.
INFO: [Opt 31-422] The CLOCK_DOMAINS attribute on the BRAM cell udp_parser_in_pl_i/system_ila_0/inst/ila_lib/inst/ila_core_inst/ila_trace_memory_inst/SUBCORE_RAM_BLK_MEM_1.trace_block_memory/inst_blk_mem_gen/gnbram.gnativebmg.native_blk_mem_gen/valid.cstr/ramloop[3].ram.r/prim_noinit.ram/DEVICE_8SERIES.NO_BMM_INFO.SDP.SIMPLE_PRIM36.ram has been changed from INDEPENDENT to COMMON to match the clocking topology used for the BRAM.
INFO: [Opt 31-422] The CLOCK_DOMAINS attribute on the BRAM cell udp_parser_in_pl_i/system_ila_0/inst/ila_lib/inst/ila_core_inst/ila_trace_memory_inst/SUBCORE_RAM_BLK_MEM_1.trace_block_memory/inst_blk_mem_gen/gnbram.gnativebmg.native_blk_mem_gen/valid.cstr/ramloop[4].ram.r/prim_noinit.ram/DEVICE_8SERIES.NO_BMM_INFO.SDP.SIMPLE_PRIM36.ram has been changed from INDEPENDENT to COMMON to match the clocking topology used for the BRAM.
INFO: [Opt 31-422] The CLOCK_DOMAINS attribute on the BRAM cell udp_parser_in_pl_i/system_ila_0/inst/ila_lib/inst/ila_core_inst/ila_trace_memory_inst/SUBCORE_RAM_BLK_MEM_1.trace_block_memory/inst_blk_mem_gen/gnbram.gnativebmg.native_blk_mem_gen/valid.cstr/ramloop[5].ram.r/prim_noinit.ram/DEVICE_8SERIES.NO_BMM_INFO.SDP.SIMPLE_PRIM36.ram has been changed from INDEPENDENT to COMMON to match the clocking topology used for the BRAM.
INFO: [Opt 31-422] The CLOCK_DOMAINS attribute on the BRAM cell udp_parser_in_pl_i/system_ila_0/inst/ila_lib/inst/ila_core_inst/ila_trace_memory_inst/SUBCORE_RAM_BLK_MEM_1.trace_block_memory/inst_blk_mem_gen/gnbram.gnativebmg.native_blk_mem_gen/valid.cstr/ramloop[6].ram.r/prim_noinit.ram/DEVICE_8SERIES.NO_BMM_INFO.SDP.SIMPLE_PRIM36.ram has been changed from INDEPENDENT to COMMON to match the clocking topology used for the BRAM.
INFO: [Opt 31-422] The CLOCK_DOMAINS attribute on the BRAM cell udp_parser_in_pl_i/system_ila_0/inst/ila_lib/inst/ila_core_inst/ila_trace_memory_inst/SUBCORE_RAM_BLK_MEM_1.trace_block_memory/inst_blk_mem_gen/gnbram.gnativebmg.native_blk_mem_gen/valid.cstr/ramloop[7].ram.r/prim_noinit.ram/DEVICE_8SERIES.NO_BMM_INFO.SDP.SIMPLE_PRIM36.ram has been changed from INDEPENDENT to COMMON to match the clocking topology used for the BRAM.
INFO: [Opt 31-49] Retargeted 0 cell(s).
Phase 2 Retarget | Checksum: 1551f0bc1

Time (s): cpu = 00:00:08 ; elapsed = 00:02:34 . Memory (MB): peak = 2395.867 ; gain = 19.734
INFO: [Opt 31-389] Phase Retarget created 24 cells and removed 949 cells
INFO: [Opt 31-1021] In phase Retarget, 129 netlist objects are constrained preventing optimization. Please run opt_design with -debug_log to get more detail. 

Phase 3 Constant propagation
INFO: [Opt 31-138] Pushed 0 inverter(s) to 0 load pin(s).
Phase 3 Constant propagation | Checksum: 1a2392adf

Time (s): cpu = 00:00:09 ; elapsed = 00:02:35 . Memory (MB): peak = 2395.867 ; gain = 19.734
INFO: [Opt 31-389] Phase Constant propagation created 10 cells and removed 50 cells
INFO: [Opt 31-1021] In phase Constant propagation, 109 netlist objects are constrained preventing optimization. Please run opt_design with -debug_log to get more detail. 

Phase 4 Sweep
Phase 4 Sweep | Checksum: 12136ee22

Time (s): cpu = 00:00:10 ; elapsed = 00:02:36 . Memory (MB): peak = 2395.867 ; gain = 19.734
INFO: [Opt 31-389] Phase Sweep created 0 cells and removed 675 cells
INFO: [Opt 31-1021] In phase Sweep, 1252 netlist objects are constrained preventing optimization. Please run opt_design with -debug_log to get more detail. 

Phase 5 BUFG optimization
INFO: [Opt 31-1077] Phase BUFG optimization inserted 0 global clock buffer(s) for CLOCK_LOW_FANOUT.
Phase 5 BUFG optimization | Checksum: 12136ee22

Time (s): cpu = 00:00:11 ; elapsed = 00:02:37 . Memory (MB): peak = 2395.867 ; gain = 19.734
INFO: [Opt 31-662] Phase BUFG optimization created 0 cells of which 0 are BUFGs and removed 0 cells.
INFO: [Opt 31-1021] In phase BUFG optimization, 2 netlist objects are constrained preventing optimization. Please run opt_design with -debug_log to get more detail. 

Phase 6 Shift Register Optimization
INFO: [Opt 31-1064] SRL Remap converted 0 SRLs to 0 registers and converted 0 registers of register chains to 0 SRLs
Phase 6 Shift Register Optimization | Checksum: 12136ee22

Time (s): cpu = 00:00:11 ; elapsed = 00:02:37 . Memory (MB): peak = 2395.867 ; gain = 19.734
INFO: [Opt 31-389] Phase Shift Register Optimization created 0 cells and removed 0 cells

Phase 7 Post Processing Netlist
Phase 7 Post Processing Netlist | Checksum: 1cffe4f6d

Time (s): cpu = 00:00:11 ; elapsed = 00:02:37 . Memory (MB): peak = 2395.867 ; gain = 19.734
INFO: [Opt 31-389] Phase Post Processing Netlist created 0 cells and removed 0 cells
INFO: [Opt 31-1021] In phase Post Processing Netlist, 112 netlist objects are constrained preventing optimization. Please run opt_design with -debug_log to get more detail. 
Opt_design Change Summary
=========================


-------------------------------------------------------------------------------------------------------------------------
|  Phase                        |  #Cells created  |  #Cells Removed  |  #Constrained objects preventing optimizations  |
-------------------------------------------------------------------------------------------------------------------------
|  Retarget                     |              24  |             949  |                                            129  |
|  Constant propagation         |              10  |              50  |                                            109  |
|  Sweep                        |               0  |             675  |                                           1252  |
|  BUFG optimization            |               0  |               0  |                                              2  |
|  Shift Register Optimization  |               0  |               0  |                                              0  |
|  Post Processing Netlist      |               0  |               0  |                                            112  |
-------------------------------------------------------------------------------------------------------------------------



Starting Connectivity Check Task

Time (s): cpu = 00:00:00 ; elapsed = 00:00:00.077 . Memory (MB): peak = 2395.867 ; gain = 0.000
Ending Logic Optimization Task | Checksum: 1ee8e781b

Time (s): cpu = 00:00:12 ; elapsed = 00:02:38 . Memory (MB): peak = 2395.867 ; gain = 19.734

Starting Power Optimization Task
INFO: [Pwropt 34-132] Skipping clock gating for clocks with a period < 2.00 ns.
INFO: [Pwropt 34-9] Applying IDT optimizations ...
INFO: [Pwropt 34-10] Applying ODC optimizations ...
INFO: [Constraints 18-483] create_clock: no pin(s)/port(s)/net(s) specified as objects, only virtual clock 'udp_parser_in_pl_i/axi_ethernet_1/inst/mac/inst_rgmii_rx_clk' will be created. If you don't want this, please specify pin(s)/ports(s)/net(s) as objects to the command. [d:/FPGA/Vivaldo Project/INTERFACE/PL Ethernet/03_udp_parser_in_pl/Vivado/udp_parser_in_pl.gen/sources_1/bd/udp_parser_in_pl/ip/udp_parser_in_pl_axi_ethernet_1_0/bd_0/ip/ip_1/synth/bd_8679_mac_0_clocks.xdc:28]
INFO: [Timing 38-35] Done setting XDC timing constraints.
Running Vector-less Activity Propagation...

Finished Running Vector-less Activity Propagation


Starting PowerOpt Patch Enables Task
INFO: [Pwropt 34-162] WRITE_MODE attribute of 1 BRAM(s) out of a total of 12 has been updated to save power. Run report_power_opt to get a complete listing of the BRAMs updated.
INFO: [Constraints 18-483] create_clock: no pin(s)/port(s)/net(s) specified as objects, only virtual clock 'udp_parser_in_pl_i/axi_ethernet_1/inst/mac/inst_rgmii_rx_clk' will be created. If you don't want this, please specify pin(s)/ports(s)/net(s) as objects to the command. [d:/FPGA/Vivaldo Project/INTERFACE/PL Ethernet/03_udp_parser_in_pl/Vivado/udp_parser_in_pl.gen/sources_1/bd/udp_parser_in_pl/ip/udp_parser_in_pl_axi_ethernet_1_0/bd_0/ip/ip_1/synth/bd_8679_mac_0_clocks.xdc:28]
INFO: [Timing 38-35] Done setting XDC timing constraints.
INFO: [Pwropt 34-201] Structural ODC has moved 3 WE to EN ports
Number of BRAM Ports augmented: 9 newly gated: 3 Total Ports: 24
Ending PowerOpt Patch Enables Task | Checksum: 45480e73

Time (s): cpu = 00:00:03 ; elapsed = 00:00:02 . Memory (MB): peak = 3085.477 ; gain = 0.000
Ending Power Optimization Task | Checksum: 45480e73

Time (s): cpu = 00:00:28 ; elapsed = 00:00:23 . Memory (MB): peak = 3085.477 ; gain = 689.609

Starting Final Cleanup Task

Starting Logic Optimization Task
INFO: [Constraints 18-483] create_clock: no pin(s)/port(s)/net(s) specified as objects, only virtual clock 'udp_parser_in_pl_i/axi_ethernet_1/inst/mac/inst_rgmii_rx_clk' will be created. If you don't want this, please specify pin(s)/ports(s)/net(s) as objects to the command. [d:/FPGA/Vivaldo Project/INTERFACE/PL Ethernet/03_udp_parser_in_pl/Vivado/udp_parser_in_pl.gen/sources_1/bd/udp_parser_in_pl/ip/udp_parser_in_pl_axi_ethernet_1_0/bd_0/ip/ip_1/synth/bd_8679_mac_0_clocks.xdc:28]
INFO: [Timing 38-35] Done setting XDC timing constraints.
Ending Logic Optimization Task | Checksum: b79a282f

Time (s): cpu = 00:00:05 ; elapsed = 00:00:03 . Memory (MB): peak = 3085.477 ; gain = 0.000
Ending Final Cleanup Task | Checksum: b79a282f

Time (s): cpu = 00:00:09 ; elapsed = 00:00:08 . Memory (MB): peak = 3085.477 ; gain = 0.000

Starting Netlist Obfuscation Task
Netlist sorting complete. Time (s): cpu = 00:00:00 ; elapsed = 00:00:00.017 . Memory (MB): peak = 3085.477 ; gain = 0.000
Ending Netlist Obfuscation Task | Checksum: b79a282f

Time (s): cpu = 00:00:00 ; elapsed = 00:00:00.021 . Memory (MB): peak = 3085.477 ; gain = 0.000
INFO: [Common 17-83] Releasing license: Implementation
88 Infos, 1 Warnings, 0 Critical Warnings and 0 Errors encountered.
opt_design completed successfully
INFO: [Common 17-600] The following parameters have non-default value.
tcl.statsThreshold
INFO: [Constraints 18-483] create_clock: no pin(s)/port(s)/net(s) specified as objects, only virtual clock 'udp_parser_in_pl_i/axi_ethernet_1/inst/mac/inst_rgmii_rx_clk' will be created. If you don't want this, please specify pin(s)/ports(s)/net(s) as objects to the command. [d:/FPGA/Vivaldo Project/INTERFACE/PL Ethernet/03_udp_parser_in_pl/Vivado/udp_parser_in_pl.gen/sources_1/bd/udp_parser_in_pl/ip/udp_parser_in_pl_axi_ethernet_1_0/bd_0/ip/ip_1/synth/bd_8679_mac_0_clocks.xdc:28]
INFO: [Timing 38-35] Done setting XDC timing constraints.
INFO: [Timing 38-480] Writing timing data to binary archive.
Writing XDEF routing.
Writing XDEF routing logical nets.
Writing XDEF routing special nets.
Write XDEF Complete: Time (s): cpu = 00:00:01 ; elapsed = 00:00:00.164 . Memory (MB): peak = 3085.477 ; gain = 0.000
INFO: [Common 17-1381] The checkpoint 'D:/FPGA/Vivaldo Project/INTERFACE/PL Ethernet/03_udp_parser_in_pl/Vivado/udp_parser_in_pl.runs/impl_1/udp_parser_in_pl_wrapper_opt.dcp' has been generated.
INFO: [runtcl-4] Executing : report_drc -file udp_parser_in_pl_wrapper_drc_opted.rpt -pb udp_parser_in_pl_wrapper_drc_opted.pb -rpx udp_parser_in_pl_wrapper_drc_opted.rpx
Command: report_drc -file udp_parser_in_pl_wrapper_drc_opted.rpt -pb udp_parser_in_pl_wrapper_drc_opted.pb -rpx udp_parser_in_pl_wrapper_drc_opted.rpx
INFO: [IP_Flow 19-1839] IP Catalog is up to date.
INFO: [DRC 23-27] Running DRC with 2 threads
INFO: [Vivado_Tcl 2-168] The results of DRC are in file D:/FPGA/Vivaldo Project/INTERFACE/PL Ethernet/03_udp_parser_in_pl/Vivado/udp_parser_in_pl.runs/impl_1/udp_parser_in_pl_wrapper_drc_opted.rpt.
report_drc completed successfully
INFO: [Chipscope 16-240] Debug cores have already been implemented
Command: place_design
Attempting to get a license for feature 'Implementation' and/or device 'xck26'
INFO: [Common 17-349] Got license for feature 'Implementation' and/or device 'xck26'
INFO: [DRC 23-27] Running DRC with 2 threads
INFO: [Vivado_Tcl 4-198] DRC finished with 0 Errors
INFO: [Vivado_Tcl 4-199] Please refer to the DRC report (report_drc) for more information.
Running DRC as a precondition to command place_design
INFO: [DRC 23-27] Running DRC with 2 threads
INFO: [Vivado_Tcl 4-198] DRC finished with 0 Errors
INFO: [Vivado_Tcl 4-199] Please refer to the DRC report (report_drc) for more information.

Starting Placer Task
INFO: [Place 30-611] Multithreading enabled for place_design using a maximum of 2 CPUs

Phase 1 Placer Initialization

Phase 1.1 Placer Initialization Netlist Sorting
Netlist sorting complete. Time (s): cpu = 00:00:00 ; elapsed = 00:00:00.020 . Memory (MB): peak = 4102.602 ; gain = 0.000
Phase 1.1 Placer Initialization Netlist Sorting | Checksum: 72047a61

Time (s): cpu = 00:00:00 ; elapsed = 00:00:00.048 . Memory (MB): peak = 4102.602 ; gain = 0.000
Netlist sorting complete. Time (s): cpu = 00:00:00 ; elapsed = 00:00:00.015 . Memory (MB): peak = 4102.602 ; gain = 0.000

Phase 1.2 IO Placement/ Clock Placement/ Build Placer Device
INFO: [Place 30-1907] udp_parser_in_pl_i/axi_ethernet_1/inst/mac/inst/tri_mode_ethernet_mac_idelayctrl_common_i_REPLICATED_0 replication was created for udp_parser_in_pl_i/axi_ethernet_1/inst/mac/inst/tri_mode_ethernet_mac_idelayctrl_common_i IDELAYCTRL
INFO: [Place 30-1907] udp_parser_in_pl_i/axi_ethernet_1/inst/mac/inst/tri_mode_ethernet_mac_idelayctrl_common_i_REPLICATED_0_1 replication was created for udp_parser_in_pl_i/axi_ethernet_1/inst/mac/inst/tri_mode_ethernet_mac_idelayctrl_common_i IDELAYCTRL
INFO: [Constraints 18-483] create_clock: no pin(s)/port(s)/net(s) specified as objects, only virtual clock 'udp_parser_in_pl_i/axi_ethernet_1/inst/mac/inst_rgmii_rx_clk' will be created. If you don't want this, please specify pin(s)/ports(s)/net(s) as objects to the command. [d:/FPGA/Vivaldo Project/INTERFACE/PL Ethernet/03_udp_parser_in_pl/Vivado/udp_parser_in_pl.gen/sources_1/bd/udp_parser_in_pl/ip/udp_parser_in_pl_axi_ethernet_1_0/bd_0/ip/ip_1/synth/bd_8679_mac_0_clocks.xdc:28]
INFO: [Timing 38-35] Done setting XDC timing constraints.
Phase 1.2 IO Placement/ Clock Placement/ Build Placer Device | Checksum: 142ada8f6

Time (s): cpu = 00:00:06 ; elapsed = 00:00:04 . Memory (MB): peak = 4102.602 ; gain = 0.000

Phase 1.3 Build Placer Netlist Model
Phase 1.3 Build Placer Netlist Model | Checksum: 188214382

Time (s): cpu = 00:00:16 ; elapsed = 00:00:11 . Memory (MB): peak = 4102.602 ; gain = 0.000

Phase 1.4 Constrain Clocks/Macros
Phase 1.4 Constrain Clocks/Macros | Checksum: 188214382

Time (s): cpu = 00:00:16 ; elapsed = 00:00:11 . Memory (MB): peak = 4102.602 ; gain = 0.000
Phase 1 Placer Initialization | Checksum: 188214382

Time (s): cpu = 00:00:16 ; elapsed = 00:00:12 . Memory (MB): peak = 4102.602 ; gain = 0.000

Phase 2 Global Placement

Phase 2.1 Floorplanning

Phase 2.1.1 Partition Driven Placement

Phase 2.1.1.1 PBP: Partition Driven Placement
Phase 2.1.1.1 PBP: Partition Driven Placement | Checksum: 1e991c697

Time (s): cpu = 00:00:25 ; elapsed = 00:00:17 . Memory (MB): peak = 4102.602 ; gain = 0.000

Phase 2.1.1.2 PBP: Clock Region Placement
Phase 2.1.1.2 PBP: Clock Region Placement | Checksum: 1c7a5767b

Time (s): cpu = 00:00:26 ; elapsed = 00:00:19 . Memory (MB): peak = 4102.602 ; gain = 0.000

Phase 2.1.1.3 PBP: Compute Congestion
Phase 2.1.1.3 PBP: Compute Congestion | Checksum: 1c7a5767b

Time (s): cpu = 00:00:27 ; elapsed = 00:00:19 . Memory (MB): peak = 4102.602 ; gain = 0.000

Phase 2.1.1.4 PBP: UpdateTiming
Phase 2.1.1.4 PBP: UpdateTiming | Checksum: 1bd3f9f99

Time (s): cpu = 00:00:29 ; elapsed = 00:00:20 . Memory (MB): peak = 4102.602 ; gain = 0.000

Phase 2.1.1.5 PBP: Add part constraints
Phase 2.1.1.5 PBP: Add part constraints | Checksum: 1bd3f9f99

Time (s): cpu = 00:00:29 ; elapsed = 00:00:20 . Memory (MB): peak = 4102.602 ; gain = 0.000
Phase 2.1.1 Partition Driven Placement | Checksum: 1bd3f9f99

Time (s): cpu = 00:00:29 ; elapsed = 00:00:20 . Memory (MB): peak = 4102.602 ; gain = 0.000
Phase 2.1 Floorplanning | Checksum: 1bd3f9f99

Time (s): cpu = 00:00:29 ; elapsed = 00:00:20 . Memory (MB): peak = 4102.602 ; gain = 0.000

Phase 2.2 Update Timing before SLR Path Opt
Phase 2.2 Update Timing before SLR Path Opt | Checksum: 1bd3f9f99

Time (s): cpu = 00:00:29 ; elapsed = 00:00:20 . Memory (MB): peak = 4102.602 ; gain = 0.000

Phase 2.3 Post-Processing in Floorplanning
Phase 2.3 Post-Processing in Floorplanning | Checksum: 1bd3f9f99

Time (s): cpu = 00:00:29 ; elapsed = 00:00:20 . Memory (MB): peak = 4102.602 ; gain = 0.000

Phase 2.4 Global Placement Core

Phase 2.4.1 UpdateTiming Before Physical Synthesis
Phase 2.4.1 UpdateTiming Before Physical Synthesis | Checksum: 12c7e64d4

Time (s): cpu = 00:00:59 ; elapsed = 00:00:40 . Memory (MB): peak = 4102.602 ; gain = 0.000

Phase 2.4.2 Physical Synthesis In Placer
INFO: [Physopt 32-1035] Found 0 LUTNM shape to break, 491 LUT instances to create LUTNM shape
INFO: [Physopt 32-1044] Break lutnm for timing: one critical 0, two critical 0, total 0, new lutff created 0
INFO: [Physopt 32-1138] End 1 Pass. Optimized 199 nets or LUTs. Breaked 0 LUT, combined 199 existing LUTs and moved 0 existing LUT
INFO: [Physopt 32-1030] Pass 1. Identified 1 candidate driver set for equivalent driver rewiring.
INFO: [Physopt 32-661] Optimized 0 net.  Re-placed 0 instance.
INFO: [Physopt 32-775] End 1 Pass. Optimized 0 net or cell. Created 0 new cell, deleted 0 existing cell and moved 0 existing cell
INFO: [Physopt 32-65] No nets found for high-fanout optimization.
INFO: [Physopt 32-232] Optimized 0 net. Created 0 new instance.
INFO: [Physopt 32-775] End 1 Pass. Optimized 0 net or cell. Created 0 new cell, deleted 0 existing cell and moved 0 existing cell
INFO: [Physopt 32-456] No candidate cells for DSP register optimization found in the design.
INFO: [Physopt 32-775] End 2 Pass. Optimized 0 net or cell. Created 0 new cell, deleted 0 existing cell and moved 0 existing cell
INFO: [Physopt 32-1123] No candidate cells found for Shift Register to Pipeline optimization
INFO: [Physopt 32-775] End 2 Pass. Optimized 0 net or cell. Created 0 new cell, deleted 0 existing cell and moved 0 existing cell
INFO: [Physopt 32-677] No candidate cells for Shift Register optimization found in the design
INFO: [Physopt 32-775] End 1 Pass. Optimized 0 net or cell. Created 0 new cell, deleted 0 existing cell and moved 0 existing cell
INFO: [Physopt 32-526] No candidate cells for BRAM register optimization found in the design
INFO: [Physopt 32-775] End 1 Pass. Optimized 0 net or cell. Created 0 new cell, deleted 0 existing cell and moved 0 existing cell
INFO: [Physopt 32-846] No candidate cells for URAM register optimization found in the design
INFO: [Physopt 32-775] End 2 Pass. Optimized 0 net or cell. Created 0 new cell, deleted 0 existing cell and moved 0 existing cell
INFO: [Physopt 32-949] No candidate nets found for dynamic/static region interface net replication
INFO: [Physopt 32-775] End 1 Pass. Optimized 0 net or cell. Created 0 new cell, deleted 0 existing cell and moved 0 existing cell
Netlist sorting complete. Time (s): cpu = 00:00:00 ; elapsed = 00:00:00.020 . Memory (MB): peak = 4102.602 ; gain = 0.000

Summary of Physical Synthesis Optimizations
============================================


-----------------------------------------------------------------------------------------------------------------------------------------------------------
|  Optimization                                     |  Added Cells  |  Removed Cells  |  Optimized Cells/Nets  |  Dont Touch  |  Iterations  |  Elapsed   |
-----------------------------------------------------------------------------------------------------------------------------------------------------------
|  LUT Combining                                    |            0  |            199  |                   199  |           0  |           1  |  00:00:01  |
|  Retime                                           |            0  |              0  |                     0  |           0  |           1  |  00:00:00  |
|  Equivalent Driver Rewiring                       |            0  |              0  |                     0  |           0  |           1  |  00:00:00  |
|  Very High Fanout                                 |            0  |              0  |                     0  |           0  |           1  |  00:00:00  |
|  DSP Register                                     |            0  |              0  |                     0  |           0  |           1  |  00:00:00  |
|  Shift Register to Pipeline                       |            0  |              0  |                     0  |           0  |           1  |  00:00:00  |
|  Shift Register                                   |            0  |              0  |                     0  |           0  |           1  |  00:00:00  |
|  BRAM Register                                    |            0  |              0  |                     0  |           0  |           1  |  00:00:00  |
|  URAM Register                                    |            0  |              0  |                     0  |           0  |           1  |  00:00:00  |
|  Dynamic/Static Region Interface Net Replication  |            0  |              0  |                     0  |           0  |           1  |  00:00:00  |
|  Total                                            |            0  |            199  |                   199  |           0  |          10  |  00:00:01  |
-----------------------------------------------------------------------------------------------------------------------------------------------------------


Phase 2.4.2 Physical Synthesis In Placer | Checksum: 14b8bd48c

Time (s): cpu = 00:01:02 ; elapsed = 00:00:43 . Memory (MB): peak = 4102.602 ; gain = 0.000
Phase 2.4 Global Placement Core | Checksum: 18425cdd8

Time (s): cpu = 00:01:03 ; elapsed = 00:00:44 . Memory (MB): peak = 4102.602 ; gain = 0.000
Phase 2 Global Placement | Checksum: 18425cdd8

Time (s): cpu = 00:01:03 ; elapsed = 00:00:44 . Memory (MB): peak = 4102.602 ; gain = 0.000

Phase 3 Detail Placement

Phase 3.1 Commit Multi Column Macros
Phase 3.1 Commit Multi Column Macros | Checksum: 130355d50

Time (s): cpu = 00:01:06 ; elapsed = 00:00:46 . Memory (MB): peak = 4102.602 ; gain = 0.000

Phase 3.2 Commit Most Macros & LUTRAMs
Phase 3.2 Commit Most Macros & LUTRAMs | Checksum: 178b9a208

Time (s): cpu = 00:01:09 ; elapsed = 00:00:49 . Memory (MB): peak = 4102.602 ; gain = 0.000

Phase 3.3 Small Shape DP

Phase 3.3.1 Small Shape Clustering
Phase 3.3.1 Small Shape Clustering | Checksum: 1af8636b4

Time (s): cpu = 00:01:15 ; elapsed = 00:00:53 . Memory (MB): peak = 4102.602 ; gain = 0.000

Phase 3.3.2 Flow Legalize Slice Clusters
Phase 3.3.2 Flow Legalize Slice Clusters | Checksum: 1a582c757

Time (s): cpu = 00:01:16 ; elapsed = 00:00:53 . Memory (MB): peak = 4102.602 ; gain = 0.000

Phase 3.3.3 Slice Area Swap

Phase 3.3.3.1 Slice Area Swap Initial
Phase 3.3.3.1 Slice Area Swap Initial | Checksum: 17a727f49

Time (s): cpu = 00:01:20 ; elapsed = 00:00:57 . Memory (MB): peak = 4102.602 ; gain = 0.000
Phase 3.3.3 Slice Area Swap | Checksum: 17a727f49

Time (s): cpu = 00:01:20 ; elapsed = 00:00:57 . Memory (MB): peak = 4102.602 ; gain = 0.000
Phase 3.3 Small Shape DP | Checksum: 15d44e625

Time (s): cpu = 00:01:25 ; elapsed = 00:01:00 . Memory (MB): peak = 4102.602 ; gain = 0.000

Phase 3.4 Re-assign LUT pins
Phase 3.4 Re-assign LUT pins | Checksum: 1fd65be23

Time (s): cpu = 00:01:26 ; elapsed = 00:01:02 . Memory (MB): peak = 4102.602 ; gain = 0.000

Phase 3.5 Pipeline Register Optimization
Phase 3.5 Pipeline Register Optimization | Checksum: 18a5d86f0

Time (s): cpu = 00:01:27 ; elapsed = 00:01:02 . Memory (MB): peak = 4102.602 ; gain = 0.000
Phase 3 Detail Placement | Checksum: 18a5d86f0

Time (s): cpu = 00:01:27 ; elapsed = 00:01:02 . Memory (MB): peak = 4102.602 ; gain = 0.000

Phase 4 Post Placement Optimization and Clean-Up

Phase 4.1 Post Commit Optimization
INFO: [Constraints 18-483] create_clock: no pin(s)/port(s)/net(s) specified as objects, only virtual clock 'udp_parser_in_pl_i/axi_ethernet_1/inst/mac/inst_rgmii_rx_clk' will be created. If you don't want this, please specify pin(s)/ports(s)/net(s) as objects to the command. [d:/FPGA/Vivaldo Project/INTERFACE/PL Ethernet/03_udp_parser_in_pl/Vivado/udp_parser_in_pl.gen/sources_1/bd/udp_parser_in_pl/ip/udp_parser_in_pl_axi_ethernet_1_0/bd_0/ip/ip_1/synth/bd_8679_mac_0_clocks.xdc:28]
INFO: [Timing 38-35] Done setting XDC timing constraints.

Phase 4.1.1 Post Placement Optimization
Post Placement Optimization Initialization | Checksum: 17290da7e

Phase 4.1.1.1 BUFG Insertion

Starting Physical Synthesis Task

Phase 1 Physical Synthesis Initialization
INFO: [Physopt 32-721] Multithreading enabled for phys_opt_design using a maximum of 2 CPUs
INFO: [Physopt 32-619] Estimated Timing Summary | WNS=0.027 | TNS=0.000 |
Phase 1 Physical Synthesis Initialization | Checksum: 1a0a5c37a

Time (s): cpu = 00:00:01 ; elapsed = 00:00:00.558 . Memory (MB): peak = 4102.602 ; gain = 0.000
INFO: [Place 46-56] BUFG insertion identified 0 candidate nets. Inserted BUFG: 0, Replicated BUFG Driver: 0, Skipped due to Placement/Routing Conflicts: 0, Skipped due to Timing Degradation: 0, Skipped due to Illegal Netlist: 0.
Ending Physical Synthesis Task | Checksum: 1c93491d5

Time (s): cpu = 00:00:01 ; elapsed = 00:00:00.723 . Memory (MB): peak = 4102.602 ; gain = 0.000
Phase 4.1.1.1 BUFG Insertion | Checksum: 17290da7e

Time (s): cpu = 00:01:39 ; elapsed = 00:01:10 . Memory (MB): peak = 4102.602 ; gain = 0.000

Phase 4.1.1.2 Post Placement Timing Optimization
INFO: [Place 30-746] Post Placement Timing Summary WNS=0.027. For the most accurate timing information please run report_timing.
Phase 4.1.1.2 Post Placement Timing Optimization | Checksum: 1e8717e92

Time (s): cpu = 00:01:40 ; elapsed = 00:01:11 . Memory (MB): peak = 4102.602 ; gain = 0.000

Time (s): cpu = 00:01:40 ; elapsed = 00:01:11 . Memory (MB): peak = 4102.602 ; gain = 0.000
Phase 4.1 Post Commit Optimization | Checksum: 1e8717e92

Time (s): cpu = 00:01:40 ; elapsed = 00:01:11 . Memory (MB): peak = 4102.602 ; gain = 0.000
Netlist sorting complete. Time (s): cpu = 00:00:00 ; elapsed = 00:00:00.018 . Memory (MB): peak = 4102.602 ; gain = 0.000

Phase 4.2 Post Placement Cleanup
Phase 4.2 Post Placement Cleanup | Checksum: 2045a0d22

Time (s): cpu = 00:01:43 ; elapsed = 00:01:15 . Memory (MB): peak = 4102.602 ; gain = 0.000

Phase 4.3 Placer Reporting

Phase 4.3.1 Print Estimated Congestion
INFO: [Place 30-612] Post-Placement Estimated Congestion 
 ________________________________________________________________________
|           | Global Congestion | Long Congestion   | Short Congestion  |
| Direction | Region Size       | Region Size       | Region Size       |
|___________|___________________|___________________|___________________|
|      North|                1x1|                1x1|                2x2|
|___________|___________________|___________________|___________________|
|      South|                1x1|                1x1|                2x2|
|___________|___________________|___________________|___________________|
|       East|                1x1|                1x1|                4x4|
|___________|___________________|___________________|___________________|
|       West|                2x2|                1x1|                4x4|
|___________|___________________|___________________|___________________|

Phase 4.3.1 Print Estimated Congestion | Checksum: 2045a0d22

Time (s): cpu = 00:01:43 ; elapsed = 00:01:15 . Memory (MB): peak = 4102.602 ; gain = 0.000
Phase 4.3 Placer Reporting | Checksum: 2045a0d22

Time (s): cpu = 00:01:43 ; elapsed = 00:01:15 . Memory (MB): peak = 4102.602 ; gain = 0.000

Phase 4.4 Final Placement Cleanup
Netlist sorting complete. Time (s): cpu = 00:00:00 ; elapsed = 00:00:00.014 . Memory (MB): peak = 4102.602 ; gain = 0.000

Time (s): cpu = 00:01:43 ; elapsed = 00:01:15 . Memory (MB): peak = 4102.602 ; gain = 0.000
Phase 4 Post Placement Optimization and Clean-Up | Checksum: 193bc5d52

Time (s): cpu = 00:01:44 ; elapsed = 00:01:15 . Memory (MB): peak = 4102.602 ; gain = 0.000
Ending Placer Task | Checksum: dd09f80d

Time (s): cpu = 00:01:44 ; elapsed = 00:01:15 . Memory (MB): peak = 4102.602 ; gain = 0.000
INFO: [Common 17-83] Releasing license: Implementation
139 Infos, 1 Warnings, 0 Critical Warnings and 0 Errors encountered.
place_design completed successfully
INFO: [Common 17-600] The following parameters have non-default value.
tcl.statsThreshold
INFO: [Timing 38-480] Writing timing data to binary archive.
Writing XDEF routing.
Writing XDEF routing logical nets.
Writing XDEF routing special nets.
Write XDEF Complete: Time (s): cpu = 00:00:05 ; elapsed = 00:00:02 . Memory (MB): peak = 4102.602 ; gain = 0.000
INFO: [Common 17-1381] The checkpoint 'D:/FPGA/Vivaldo Project/INTERFACE/PL Ethernet/03_udp_parser_in_pl/Vivado/udp_parser_in_pl.runs/impl_1/udp_parser_in_pl_wrapper_placed.dcp' has been generated.
INFO: [runtcl-4] Executing : report_io -file udp_parser_in_pl_wrapper_io_placed.rpt
report_io: Time (s): cpu = 00:00:00 ; elapsed = 00:00:00.125 . Memory (MB): peak = 4102.602 ; gain = 0.000
INFO: [runtcl-4] Executing : report_utilization -file udp_parser_in_pl_wrapper_utilization_placed.rpt -pb udp_parser_in_pl_wrapper_utilization_placed.pb
INFO: [runtcl-4] Executing : report_control_sets -verbose -file udp_parser_in_pl_wrapper_control_sets_placed.rpt
report_control_sets: Time (s): cpu = 00:00:00 ; elapsed = 00:00:00.087 . Memory (MB): peak = 4102.602 ; gain = 0.000
Command: phys_opt_design
Attempting to get a license for feature 'Implementation' and/or device 'xck26'
INFO: [Common 17-349] Got license for feature 'Implementation' and/or device 'xck26'

Starting Initial Update Timing Task

Time (s): cpu = 00:00:08 ; elapsed = 00:00:04 . Memory (MB): peak = 4102.602 ; gain = 0.000
INFO: [Vivado_Tcl 4-383] Design worst setup slack (WNS) is greater than or equal to 0.000 ns. Skipping all physical synthesis optimizations.
INFO: [Vivado_Tcl 4-232] No setup violation found. The netlist was not modified.
INFO: [Common 17-83] Releasing license: Implementation
149 Infos, 1 Warnings, 0 Critical Warnings and 0 Errors encountered.
phys_opt_design completed successfully
INFO: [Common 17-600] The following parameters have non-default value.
tcl.statsThreshold
INFO: [Timing 38-480] Writing timing data to binary archive.
Writing XDEF routing.
Writing XDEF routing logical nets.
Writing XDEF routing special nets.
Write XDEF Complete: Time (s): cpu = 00:00:06 ; elapsed = 00:00:02 . Memory (MB): peak = 4102.602 ; gain = 0.000
INFO: [Common 17-1381] The checkpoint 'D:/FPGA/Vivaldo Project/INTERFACE/PL Ethernet/03_udp_parser_in_pl/Vivado/udp_parser_in_pl.runs/impl_1/udp_parser_in_pl_wrapper_physopt.dcp' has been generated.
Command: route_design
Attempting to get a license for feature 'Implementation' and/or device 'xck26'
INFO: [Common 17-349] Got license for feature 'Implementation' and/or device 'xck26'
Running DRC as a precondition to command route_design
INFO: [DRC 23-27] Running DRC with 2 threads
INFO: [Vivado_Tcl 4-198] DRC finished with 0 Errors
INFO: [Vivado_Tcl 4-199] Please refer to the DRC report (report_drc) for more information.


Starting Routing Task
INFO: [Route 35-254] Multithreading enabled for route_design using a maximum of 2 CPUs

Phase 1 Build RT Design
Checksum: PlaceDB: 69608f8c ConstDB: 0 ShapeSum: 57c0d9f1 RouteDB: 1be88e90
Nodegraph reading from file.  Time (s): cpu = 00:00:01 ; elapsed = 00:00:01 . Memory (MB): peak = 4102.602 ; gain = 0.000
Post Restoration Checksum: NetGraph: 860f68dd NumContArr: 1069485c Constraints: 9f152b6e Timing: 0
Phase 1 Build RT Design | Checksum: 1358ddca7

Time (s): cpu = 00:00:13 ; elapsed = 00:00:09 . Memory (MB): peak = 4102.602 ; gain = 0.000

Phase 2 Router Initialization

Phase 2.1 Fix Topology Constraints
Phase 2.1 Fix Topology Constraints | Checksum: 1358ddca7

Time (s): cpu = 00:00:13 ; elapsed = 00:00:10 . Memory (MB): peak = 4102.602 ; gain = 0.000

Phase 2.2 Pre Route Cleanup
Phase 2.2 Pre Route Cleanup | Checksum: 1358ddca7

Time (s): cpu = 00:00:13 ; elapsed = 00:00:10 . Memory (MB): peak = 4102.602 ; gain = 0.000

Phase 2.3 Global Clock Net Routing
 Number of Nodes with overlaps = 0
Phase 2.3 Global Clock Net Routing | Checksum: 1bc4bbc72

Time (s): cpu = 00:00:15 ; elapsed = 00:00:12 . Memory (MB): peak = 4102.602 ; gain = 0.000

Phase 2.4 Update Timing
Phase 2.4 Update Timing | Checksum: 10c99bc64

Time (s): cpu = 00:00:20 ; elapsed = 00:00:15 . Memory (MB): peak = 4102.602 ; gain = 0.000
INFO: [Route 35-416] Intermediate Timing Summary | WNS=0.081  | TNS=0.000  | WHS=-0.603 | THS=-53.465|


Phase 2.5 Update Timing for Bus Skew

Phase 2.5.1 Update Timing
Phase 2.5.1 Update Timing | Checksum: 1851dc264

Time (s): cpu = 00:00:32 ; elapsed = 00:00:22 . Memory (MB): peak = 4102.602 ; gain = 0.000
INFO: [Route 35-416] Intermediate Timing Summary | WNS=0.081  | TNS=0.000  | WHS=N/A    | THS=N/A    |

Phase 2.5 Update Timing for Bus Skew | Checksum: 1db685b21

Time (s): cpu = 00:00:32 ; elapsed = 00:00:22 . Memory (MB): peak = 4102.602 ; gain = 0.000

Router Utilization Summary
  Global Vertical Routing Utilization    = 0.00128045 %
  Global Horizontal Routing Utilization  = 0.00084957 %
  Routable Net Status*
  *Does not include unroutable nets such as driverless and loadless.
  Run report_route_status for detailed report.
  Number of Failed Nets               = 17251
    (Failed Nets is the sum of unrouted and partially routed nets)
  Number of Unrouted Nets             = 14896
  Number of Partially Routed Nets     = 2355
  Number of Node Overlaps             = 0

Phase 2 Router Initialization | Checksum: 15847ac0a

Time (s): cpu = 00:00:33 ; elapsed = 00:00:23 . Memory (MB): peak = 4102.602 ; gain = 0.000

Phase 3 Initial Routing

Phase 3.1 Global Routing
Phase 3.1 Global Routing | Checksum: 15847ac0a

Time (s): cpu = 00:00:33 ; elapsed = 00:00:23 . Memory (MB): peak = 4102.602 ; gain = 0.000
Phase 3 Initial Routing | Checksum: 2a7112567

Time (s): cpu = 00:00:40 ; elapsed = 00:00:28 . Memory (MB): peak = 4102.602 ; gain = 0.000

Phase 4 Rip-up And Reroute

Phase 4.1 Global Iteration 0
 Number of Nodes with overlaps = 2878
 Number of Nodes with overlaps = 196
 Number of Nodes with overlaps = 20
 Number of Nodes with overlaps = 6
 Number of Nodes with overlaps = 3
 Number of Nodes with overlaps = 1
 Number of Nodes with overlaps = 1
 Number of Nodes with overlaps = 0
INFO: [Route 35-416] Intermediate Timing Summary | WNS=0.027  | TNS=0.000  | WHS=-0.040 | THS=-0.228 |

Phase 4.1 Global Iteration 0 | Checksum: 267890ee1

Time (s): cpu = 00:01:44 ; elapsed = 00:01:21 . Memory (MB): peak = 4102.602 ; gain = 0.000

Phase 4.2 Additional Iteration for Hold
Phase 4.2 Additional Iteration for Hold | Checksum: 241e83e18

Time (s): cpu = 00:01:44 ; elapsed = 00:01:21 . Memory (MB): peak = 4102.602 ; gain = 0.000
Phase 4 Rip-up And Reroute | Checksum: 241e83e18

Time (s): cpu = 00:01:44 ; elapsed = 00:01:21 . Memory (MB): peak = 4102.602 ; gain = 0.000

Phase 5 Delay and Skew Optimization

Phase 5.1 Delay CleanUp

Phase 5.1.1 Update Timing
Phase 5.1.1 Update Timing | Checksum: 21d0a350b

Time (s): cpu = 00:01:49 ; elapsed = 00:01:24 . Memory (MB): peak = 4102.602 ; gain = 0.000
INFO: [Route 35-416] Intermediate Timing Summary | WNS=0.027  | TNS=0.000  | WHS=0.010  | THS=0.000  |


Phase 5.1.2 Update Timing
Phase 5.1.2 Update Timing | Checksum: 1b863a890

Time (s): cpu = 00:01:52 ; elapsed = 00:01:26 . Memory (MB): peak = 4102.602 ; gain = 0.000
INFO: [Route 35-416] Intermediate Timing Summary | WNS=0.027  | TNS=0.000  | WHS=0.010  | THS=0.000  |

Phase 5.1 Delay CleanUp | Checksum: 17d66b62e

Time (s): cpu = 00:01:52 ; elapsed = 00:01:26 . Memory (MB): peak = 4102.602 ; gain = 0.000

Phase 5.2 Clock Skew Optimization
Phase 5.2 Clock Skew Optimization | Checksum: 17d66b62e

Time (s): cpu = 00:01:53 ; elapsed = 00:01:26 . Memory (MB): peak = 4102.602 ; gain = 0.000
Phase 5 Delay and Skew Optimization | Checksum: 17d66b62e

Time (s): cpu = 00:01:53 ; elapsed = 00:01:26 . Memory (MB): peak = 4102.602 ; gain = 0.000

Phase 6 Post Hold Fix

Phase 6.1 Hold Fix Iter

Phase 6.1.1 Update Timing
Phase 6.1.1 Update Timing | Checksum: 179b7d1d1

Time (s): cpu = 00:01:56 ; elapsed = 00:01:28 . Memory (MB): peak = 4102.602 ; gain = 0.000
INFO: [Route 35-416] Intermediate Timing Summary | WNS=0.027  | TNS=0.000  | WHS=0.010  | THS=0.000  |

Phase 6.1 Hold Fix Iter | Checksum: 198176fe6

Time (s): cpu = 00:01:56 ; elapsed = 00:01:28 . Memory (MB): peak = 4102.602 ; gain = 0.000
Phase 6 Post Hold Fix | Checksum: 198176fe6

Time (s): cpu = 00:01:56 ; elapsed = 00:01:28 . Memory (MB): peak = 4102.602 ; gain = 0.000

Phase 7 Route finalize

Router Utilization Summary
  Global Vertical Routing Utilization    = 1.19175 %
  Global Horizontal Routing Utilization  = 1.53933 %
  Routable Net Status*
  *Does not include unroutable nets such as driverless and loadless.
  Run report_route_status for detailed report.
  Number of Failed Nets               = 0
    (Failed Nets is the sum of unrouted and partially routed nets)
  Number of Unrouted Nets             = 0
  Number of Partially Routed Nets     = 0
  Number of Node Overlaps             = 0

Phase 7 Route finalize | Checksum: 1aa4da16d

Time (s): cpu = 00:01:56 ; elapsed = 00:01:29 . Memory (MB): peak = 4102.602 ; gain = 0.000

Phase 8 Verifying routed nets

 Verification completed successfully
Phase 8 Verifying routed nets | Checksum: 1aa4da16d

Time (s): cpu = 00:01:56 ; elapsed = 00:01:29 . Memory (MB): peak = 4102.602 ; gain = 0.000

Phase 9 Depositing Routes
Phase 9 Depositing Routes | Checksum: 1aa4da16d

Time (s): cpu = 00:01:58 ; elapsed = 00:01:31 . Memory (MB): peak = 4102.602 ; gain = 0.000

Phase 10 Resolve XTalk
Phase 10 Resolve XTalk | Checksum: 1aa4da16d

Time (s): cpu = 00:01:58 ; elapsed = 00:01:31 . Memory (MB): peak = 4102.602 ; gain = 0.000

Phase 11 Post Router Timing
INFO: [Route 35-57] Estimated Timing Summary | WNS=0.027  | TNS=0.000  | WHS=0.010  | THS=0.000  |

INFO: [Route 35-327] The final timing numbers are based on the router estimated timing analysis. For a complete and accurate timing signoff, please run report_timing_summary.
Phase 11 Post Router Timing | Checksum: 1aa4da16d

Time (s): cpu = 00:02:00 ; elapsed = 00:01:32 . Memory (MB): peak = 4102.602 ; gain = 0.000
INFO: [Route 35-16] Router Completed Successfully

Time (s): cpu = 00:02:00 ; elapsed = 00:01:32 . Memory (MB): peak = 4102.602 ; gain = 0.000

Routing Is Done.
INFO: [Common 17-83] Releasing license: Implementation
167 Infos, 1 Warnings, 0 Critical Warnings and 0 Errors encountered.
route_design completed successfully
INFO: [Common 17-600] The following parameters have non-default value.
tcl.statsThreshold
INFO: [Timing 38-480] Writing timing data to binary archive.
Writing XDEF routing.
Writing XDEF routing logical nets.
Writing XDEF routing special nets.
Write XDEF Complete: Time (s): cpu = 00:00:06 ; elapsed = 00:00:02 . Memory (MB): peak = 4102.602 ; gain = 0.000
INFO: [Common 17-1381] The checkpoint 'D:/FPGA/Vivaldo Project/INTERFACE/PL Ethernet/03_udp_parser_in_pl/Vivado/udp_parser_in_pl.runs/impl_1/udp_parser_in_pl_wrapper_routed.dcp' has been generated.
INFO: [runtcl-4] Executing : report_drc -file udp_parser_in_pl_wrapper_drc_routed.rpt -pb udp_parser_in_pl_wrapper_drc_routed.pb -rpx udp_parser_in_pl_wrapper_drc_routed.rpx
Command: report_drc -file udp_parser_in_pl_wrapper_drc_routed.rpt -pb udp_parser_in_pl_wrapper_drc_routed.pb -rpx udp_parser_in_pl_wrapper_drc_routed.rpx
INFO: [IP_Flow 19-1839] IP Catalog is up to date.
INFO: [DRC 23-27] Running DRC with 2 threads
INFO: [Vivado_Tcl 2-168] The results of DRC are in file D:/FPGA/Vivaldo Project/INTERFACE/PL Ethernet/03_udp_parser_in_pl/Vivado/udp_parser_in_pl.runs/impl_1/udp_parser_in_pl_wrapper_drc_routed.rpt.
report_drc completed successfully
INFO: [runtcl-4] Executing : report_methodology -file udp_parser_in_pl_wrapper_methodology_drc_routed.rpt -pb udp_parser_in_pl_wrapper_methodology_drc_routed.pb -rpx udp_parser_in_pl_wrapper_methodology_drc_routed.rpx
Command: report_methodology -file udp_parser_in_pl_wrapper_methodology_drc_routed.rpt -pb udp_parser_in_pl_wrapper_methodology_drc_routed.pb -rpx udp_parser_in_pl_wrapper_methodology_drc_routed.rpx
INFO: [Constraints 18-483] create_clock: no pin(s)/port(s)/net(s) specified as objects, only virtual clock 'udp_parser_in_pl_i/axi_ethernet_1/inst/mac/inst_rgmii_rx_clk' will be created. If you don't want this, please specify pin(s)/ports(s)/net(s) as objects to the command. [d:/FPGA/Vivaldo Project/INTERFACE/PL Ethernet/03_udp_parser_in_pl/Vivado/udp_parser_in_pl.gen/sources_1/bd/udp_parser_in_pl/ip/udp_parser_in_pl_axi_ethernet_1_0/bd_0/ip/ip_1/synth/bd_8679_mac_0_clocks.xdc:28]
INFO: [Timing 38-35] Done setting XDC timing constraints.
INFO: [DRC 23-133] Running Methodology with 2 threads
INFO: [Vivado_Tcl 2-1520] The results of Report Methodology are in file D:/FPGA/Vivaldo Project/INTERFACE/PL Ethernet/03_udp_parser_in_pl/Vivado/udp_parser_in_pl.runs/impl_1/udp_parser_in_pl_wrapper_methodology_drc_routed.rpt.
report_methodology completed successfully
INFO: [runtcl-4] Executing : report_power -file udp_parser_in_pl_wrapper_power_routed.rpt -pb udp_parser_in_pl_wrapper_power_summary_routed.pb -rpx udp_parser_in_pl_wrapper_power_routed.rpx
Command: report_power -file udp_parser_in_pl_wrapper_power_routed.rpt -pb udp_parser_in_pl_wrapper_power_summary_routed.pb -rpx udp_parser_in_pl_wrapper_power_routed.rpx
INFO: [Constraints 18-483] create_clock: no pin(s)/port(s)/net(s) specified as objects, only virtual clock 'udp_parser_in_pl_i/axi_ethernet_1/inst/mac/inst_rgmii_rx_clk' will be created. If you don't want this, please specify pin(s)/ports(s)/net(s) as objects to the command. [d:/FPGA/Vivaldo Project/INTERFACE/PL Ethernet/03_udp_parser_in_pl/Vivado/udp_parser_in_pl.gen/sources_1/bd/udp_parser_in_pl/ip/udp_parser_in_pl_axi_ethernet_1_0/bd_0/ip/ip_1/synth/bd_8679_mac_0_clocks.xdc:28]
INFO: [Timing 38-35] Done setting XDC timing constraints.
Running Vector-less Activity Propagation...

Finished Running Vector-less Activity Propagation
182 Infos, 1 Warnings, 0 Critical Warnings and 0 Errors encountered.
report_power completed successfully
INFO: [runtcl-4] Executing : report_route_status -file udp_parser_in_pl_wrapper_route_status.rpt -pb udp_parser_in_pl_wrapper_route_status.pb
INFO: [runtcl-4] Executing : report_timing_summary -max_paths 10 -report_unconstrained -file udp_parser_in_pl_wrapper_timing_summary_routed.rpt -pb udp_parser_in_pl_wrapper_timing_summary_routed.pb -rpx udp_parser_in_pl_wrapper_timing_summary_routed.rpx -warn_on_violation 
INFO: [Timing 38-91] UpdateTimingParams: Speed grade: -2LV, Temperature grade: C, Delay Type: min_max.
INFO: [Timing 38-191] Multithreading enabled for timing update using a maximum of 2 CPUs
WARNING: [Timing 38-436] There are set_bus_skew constraint(s) in this design. Please run report_bus_skew to ensure that bus skew requirements are met.
INFO: [runtcl-4] Executing : report_incremental_reuse -file udp_parser_in_pl_wrapper_incremental_reuse_routed.rpt
INFO: [Vivado_Tcl 4-1062] Incremental flow is disabled. No incremental reuse Info to report.
INFO: [runtcl-4] Executing : report_clock_utilization -file udp_parser_in_pl_wrapper_clock_utilization_routed.rpt
INFO: [runtcl-4] Executing : report_bus_skew -warn_on_violation -file udp_parser_in_pl_wrapper_bus_skew_routed.rpt -pb udp_parser_in_pl_wrapper_bus_skew_routed.pb -rpx udp_parser_in_pl_wrapper_bus_skew_routed.rpx
INFO: [Timing 38-91] UpdateTimingParams: Speed grade: -2LV, Temperature grade: C, Delay Type: min_max.
INFO: [Timing 38-191] Multithreading enabled for timing update using a maximum of 2 CPUs

WARNING::74 - Unsupported FPGA device name 'xck26-sfvc784-2LV-c'. Verify that the specified device is a valid customer supported device.
-p xck26-sfvc784-2LV-c
   ^

INFO: [Memdata 28-167] Found XPM memory block udp_parser_in_pl_i/smartconnect_0/inst/switchboards/i_nodes/i_w_node/inst/inst_si_handler/gen_si_handler.gen_request_fifos.gen_req_fifo[0].inst_req_fifo/gen_xpm_memory_fifo.inst_fifo/gen_mem_rep[0].inst_xpm_memory/xpm_memory_base_inst with a P_MEMORY_PRIMITIVE property set to distributed. A value of block is required. You will not be able to use the updatemem program to update the bitstream with new data for the udp_parser_in_pl_i/smartconnect_0/inst/switchboards/i_nodes/i_w_node/inst/inst_si_handler/gen_si_handler.gen_request_fifos.gen_req_fifo[0].inst_req_fifo/gen_xpm_memory_fifo.inst_fifo/gen_mem_rep[0].inst_xpm_memory/xpm_memory_base_inst block.
INFO: [Memdata 28-208] The XPM instance: <udp_parser_in_pl_i/axi_ethernet_1/inst/eth_buf/U0/TX_INTFCE_I/TX_MEM_INTERFACE/TXD_MEM/xpm_memory_base_inst> is part of IP: <udp_parser_in_pl_i/axi_ethernet_1/inst/eth_buf>. This XPM instance will be excluded from the .mmi because updatemem is prohibited from making changes to an XPM that is part of an IP.
INFO: [Memdata 28-208] The XPM instance: <udp_parser_in_pl_i/axi_ethernet_1/inst/eth_buf/U0/TX_INTFCE_I/TX_MEM_INTERFACE/TXC_MEM/xpm_memory_base_inst> is part of IP: <udp_parser_in_pl_i/axi_ethernet_1/inst/eth_buf>. This XPM instance will be excluded from the .mmi because updatemem is prohibited from making changes to an XPM that is part of an IP.
INFO: [Memdata 28-208] The XPM instance: <udp_parser_in_pl_i/axi_ethernet_1/inst/eth_buf/U0/RCV_INTFCE_I/RX_DP_MEM_IF_I/I_RXS_MEM/xpm_memory_base_inst> is part of IP: <udp_parser_in_pl_i/axi_ethernet_1/inst/eth_buf>. This XPM instance will be excluded from the .mmi because updatemem is prohibited from making changes to an XPM that is part of an IP.
INFO: [Memdata 28-208] The XPM instance: <udp_parser_in_pl_i/axi_ethernet_1/inst/eth_buf/U0/RCV_INTFCE_I/RX_DP_MEM_IF_I/I_RXD_MEM/xpm_memory_base_inst> is part of IP: <udp_parser_in_pl_i/axi_ethernet_1/inst/eth_buf>. This XPM instance will be excluded from the .mmi because updatemem is prohibited from making changes to an XPM that is part of an IP.
INFO: [Memdata 28-167] Found XPM memory block udp_parser_in_pl_i/axi_ethernet_1/inst/eth_buf/U0/RCV_INTFCE_I/RX_AXISTREAM_IF_I/ELASTIC_FIFO/I_BASIC_SFIFO/xpm_fifo_base_inst/gen_sdpram.xpm_memory_base_inst with a P_MEMORY_PRIMITIVE property set to distributed. A value of block is required. You will not be able to use the updatemem program to update the bitstream with new data for the udp_parser_in_pl_i/axi_ethernet_1/inst/eth_buf/U0/RCV_INTFCE_I/RX_AXISTREAM_IF_I/ELASTIC_FIFO/I_BASIC_SFIFO/xpm_fifo_base_inst/gen_sdpram.xpm_memory_base_inst block.
Command: write_bitstream -force udp_parser_in_pl_wrapper.bit
Attempting to get a license for feature 'Implementation' and/or device 'xck26'
INFO: [Common 17-349] Got license for feature 'Implementation' and/or device 'xck26'
CRITICAL WARNING: [Vivado 12-1790] Evaluation License Warning: This design contains one or more IP cores that use separately licensed features. If the design has been configured to make use of evaluation features, please note that these features will cease to function after a certain period of time. Please consult the core datasheet to determine whether the core which you have configured will be affected. Evaluation features should NOT be used in production systems.

Evaluation cores found in this design:
    IP core 'udp_parser_in_pl_axi_ethernet_1_0' (bd_8679) was generated with multiple features:
        IP feature 'eth_avb_endpoint@2015.04' was enabled using a design_linking license.
        IP feature 'tri_mode_eth_mac@2015.04' was enabled using a hardware_evaluation license.
    IP core 'bd_8679_mac_0' (bd_8679_mac_0_support) was generated with multiple features:
        IP feature 'eth_avb_endpoint@2015.04' was enabled using a design_linking license.
        IP feature 'tri_mode_eth_mac@2015.04' was enabled using a hardware_evaluation license.

Resolution: If a new IP Core license was added, in order for the new license to be picked up, the current netlist needs to be updated by resetting and re-generating the IP output products before bitstream generation.
Running DRC as a precondition to command write_bitstream
INFO: [IP_Flow 19-1839] IP Catalog is up to date.
INFO: [DRC 23-27] Running DRC with 2 threads
WARNING: [DRC PDCN-1569] LUT equation term check: Used physical LUT pin 'A1' of cell dbg_hub/inst/BSCANID.u_xsdbm_id/SWITCH_N_EXT_BSCAN.bscan_switch/temp_curid[31]_i_1 (pin dbg_hub/inst/BSCANID.u_xsdbm_id/SWITCH_N_EXT_BSCAN.bscan_switch/temp_curid[31]_i_1/I0) is not included in the LUT equation: 'O5=(A2*A5)+(A2*(~A5)*(~A4))+((~A2))'. If this cell is a user instantiated LUT in the design, please remove connectivity to the pin or change the equation and/or INIT string of the LUT to prevent this issue. If the cell is inferred or IP created LUT, please regenerate the IP and/or resynthesize the design to attempt to correct the issue.
WARNING: [DRC PDCN-1569] LUT equation term check: Used physical LUT pin 'A3' of cell dbg_hub/inst/BSCANID.u_xsdbm_id/SWITCH_N_EXT_BSCAN.bscan_switch/temp_curid[31]_i_1 (pin dbg_hub/inst/BSCANID.u_xsdbm_id/SWITCH_N_EXT_BSCAN.bscan_switch/temp_curid[31]_i_1/I1) is not included in the LUT equation: 'O5=(A2*A5)+(A2*(~A5)*(~A4))+((~A2))'. If this cell is a user instantiated LUT in the design, please remove connectivity to the pin or change the equation and/or INIT string of the LUT to prevent this issue. If the cell is inferred or IP created LUT, please regenerate the IP and/or resynthesize the design to attempt to correct the issue.
WARNING: [DRC PDCN-1569] LUT equation term check: Used physical LUT pin 'A3' of cell dbg_hub/inst/BSCANID.u_xsdbm_id/SWITCH_N_EXT_BSCAN.id_state[0]_i_1 (pin dbg_hub/inst/BSCANID.u_xsdbm_id/SWITCH_N_EXT_BSCAN.id_state[0]_i_1/I0) is not included in the LUT equation: 'O6=(A6+~A6)*((A1))'. If this cell is a user instantiated LUT in the design, please remove connectivity to the pin or change the equation and/or INIT string of the LUT to prevent this issue. If the cell is inferred or IP created LUT, please regenerate the IP and/or resynthesize the design to attempt to correct the issue.
WARNING: [DRC RTSTAT-10] No routable loads: 35 net(s) have no routable loads. The problem bus(es) and/or net(s) are dbg_hub/inst/BSCANID.u_xsdbm_id/SWITCH_N_EXT_BSCAN.bscan_inst/TMS, dbg_hub/inst/BSCANID.u_xsdbm_id/CORE_XSDB.UUT_MASTER/U_ICON_INTERFACE/U_CMD6_RD/U_RD_FIFO/SUBCORE_FIFO.xsdbm_v3_0_0_rdfifo_inst/inst_fifo_gen/gconvfifo.rf/grf.rf/gntv_or_sync_fifo.gl0.rd/gr1.gr1_int.rfwft/aempty_fwft_i, dbg_hub/inst/BSCANID.u_xsdbm_id/CORE_XSDB.UUT_MASTER/U_ICON_INTERFACE/U_CMD7_CTL/ctl_reg[2:0], dbg_hub/inst/BSCANID.u_xsdbm_id/CORE_XSDB.UUT_MASTER/U_ICON_INTERFACE/U_CMD7_CTL/ctl_reg_en_2[1], dbg_hub/inst/BSCANID.u_xsdbm_id/CORE_XSDB.UUT_MASTER/U_ICON_INTERFACE/U_CMD1/ctl_reg_en_2[1], dbg_hub/inst/BSCANID.u_xsdbm_id/SWITCH_N_EXT_BSCAN.bscan_switch/m_bscan_capture[0], dbg_hub/inst/BSCANID.u_xsdbm_id/SWITCH_N_EXT_BSCAN.bscan_switch/m_bscan_drck[0], dbg_hub/inst/BSCANID.u_xsdbm_id/SWITCH_N_EXT_BSCAN.bscan_switch/m_bscan_runtest[0], udp_parser_in_pl_i/smartconnect_0/inst/m00_nodes/m00_b_node/inst/mi_handler_m_sc_areset_pipe, udp_parser_in_pl_i/smartconnect_0/inst/s00_nodes/s00_w_node/inst/mi_handler_m_sc_areset_pipe, udp_parser_in_pl_i/smartconnect_0/inst/m00_nodes/m00_w_node/inst/mi_handler_m_sc_areset_pipe, udp_parser_in_pl_i/smartconnect_0/inst/m00_nodes/m00_aw_node/inst/mi_handler_m_sc_areset_pipe, udp_parser_in_pl_i/smartconnect_0/inst/m00_nodes/m00_ar_node/inst/mi_handler_m_sc_areset_pipe, udp_parser_in_pl_i/smartconnect_0/inst/s00_nodes/s00_aw_node/inst/mi_handler_m_sc_areset_pipe, udp_parser_in_pl_i/smartconnect_0/inst/m00_nodes/m00_r_node/inst/mi_handler_m_sc_areset_pipe... and (the first 15 of 33 listed).
INFO: [Vivado 12-3199] DRC finished with 0 Errors, 4 Warnings
INFO: [Vivado 12-3200] Please refer to the DRC report (report_drc) for more information.
INFO: [Designutils 20-2272] Running write_bitstream with 2 threads.
Loading data files...
Loading site data...
Loading route data...
Processing options...
Creating bitmap...
Creating bitstream...
Writing bitstream ./udp_parser_in_pl_wrapper.bit...
INFO: [Vivado 12-1842] Bitgen Completed Successfully.
INFO: [Project 1-1876] WebTalk data collection is mandatory when using a ULT device. To see the specific WebTalk data collected for your design, open the usage_statistics_webtalk.html or usage_statistics_webtalk.xml file in the implementation directory.
INFO: [Common 17-83] Releasing license: Implementation
18 Infos, 4 Warnings, 1 Critical Warnings and 0 Errors encountered.
write_bitstream completed successfully
INFO: [Common 17-206] Exiting Vivado at Mon Oct  5 14:25:46 2026...
