Copyright 1986-2022 Xilinx, Inc. All Rights Reserved.
---------------------------------------------------------------------------------------------------------------------------------------------
| Tool Version : Vivado v.2022.2 (win64) Build 3671981 Fri Oct 14 05:00:03 MDT 2022
| Date         : Mon Oct  5 14:22:58 2026
| Host         : LAPTOP-CHCSI1R5 running 64-bit major release  (build 9200)
| Command      : report_utilization -file udp_parser_in_pl_wrapper_utilization_placed.rpt -pb udp_parser_in_pl_wrapper_utilization_placed.pb
| Design       : udp_parser_in_pl_wrapper
| Device       : xck26-sfvc784-2LV-c
| Speed File   : -2LV
| Design State : Fully Placed
---------------------------------------------------------------------------------------------------------------------------------------------

Utilization Design Information

Table of Contents
-----------------
1. CLB Logic
1.1 Summary of Registers by Type
2. CLB Logic Distribution
3. BLOCKRAM
4. ARITHMETIC
5. I/O
6. CLOCK
7. ADVANCED
8. CONFIGURATION
9. Primitives
10. Black Boxes
11. Instantiated Netlists

1. CLB Logic
------------

+----------------------------+-------+-------+------------+-----------+-------+
|          Site Type         |  Used | Fixed | Prohibited | Available | Util% |
+----------------------------+-------+-------+------------+-----------+-------+
| CLB LUTs                   |  7507 |     0 |          0 |    117120 |  6.41 |
|   LUT as Logic             |  6375 |     0 |          0 |    117120 |  5.44 |
|   LUT as Memory            |  1132 |     0 |          0 |     57600 |  1.97 |
|     LUT as Distributed RAM |   366 |     0 |            |           |       |
|     LUT as Shift Register  |   766 |     0 |            |           |       |
| CLB Registers              | 11814 |     0 |          0 |    234240 |  5.04 |
|   Register as Flip Flop    | 11814 |     0 |          0 |    234240 |  5.04 |
|   Register as Latch        |     0 |     0 |          0 |    234240 |  0.00 |
| CARRY8                     |   104 |     0 |          0 |     14640 |  0.71 |
| F7 Muxes                   |    48 |     0 |          0 |     58560 |  0.08 |
| F8 Muxes                   |     4 |     0 |          0 |     29280 |  0.01 |
| F9 Muxes                   |     0 |     0 |          0 |     14640 |  0.00 |
+----------------------------+-------+-------+------------+-----------+-------+
* Warning! LUT value is adjusted to account for LUT combining.


1.1 Summary of Registers by Type
--------------------------------

+-------+--------------+-------------+--------------+
| Total | Clock Enable | Synchronous | Asynchronous |
+-------+--------------+-------------+--------------+
| 0     |            _ |           - |            - |
| 0     |            _ |           - |          Set |
| 0     |            _ |           - |        Reset |
| 0     |            _ |         Set |            - |
| 0     |            _ |       Reset |            - |
| 0     |          Yes |           - |            - |
| 181   |          Yes |           - |          Set |
| 349   |          Yes |           - |        Reset |
| 371   |          Yes |         Set |            - |
| 10913 |          Yes |       Reset |            - |
+-------+--------------+-------------+--------------+


2. CLB Logic Distribution
-------------------------

+--------------------------------------------+-------+-------+------------+-----------+-------+
|                  Site Type                 |  Used | Fixed | Prohibited | Available | Util% |
+--------------------------------------------+-------+-------+------------+-----------+-------+
| CLB                                        |  1812 |     0 |          0 |     14640 | 12.38 |
|   CLBL                                     |   837 |     0 |            |           |       |
|   CLBM                                     |   975 |     0 |            |           |       |
| LUT as Logic                               |  6375 |     0 |          0 |    117120 |  5.44 |
|   using O5 output only                     |   231 |       |            |           |       |
|   using O6 output only                     |  4426 |       |            |           |       |
|   using O5 and O6                          |  1718 |       |            |           |       |
| LUT as Memory                              |  1132 |     0 |          0 |     57600 |  1.97 |
|   LUT as Distributed RAM                   |   366 |     0 |            |           |       |
|     using O5 output only                   |     0 |       |            |           |       |
|     using O6 output only                   |   322 |       |            |           |       |
|     using O5 and O6                        |    44 |       |            |           |       |
|   LUT as Shift Register                    |   766 |     0 |            |           |       |
|     using O5 output only                   |     0 |       |            |           |       |
|     using O6 output only                   |   430 |       |            |           |       |
|     using O5 and O6                        |   336 |       |            |           |       |
| CLB Registers                              | 11814 |     0 |          0 |    234240 |  5.04 |
|   Register driven from within the CLB      |  5542 |       |            |           |       |
|   Register driven from outside the CLB     |  6272 |       |            |           |       |
|     LUT in front of the register is unused |  4596 |       |            |           |       |
|     LUT in front of the register is used   |  1676 |       |            |           |       |
| Unique Control Sets                        |   721 |       |          0 |     29280 |  2.46 |
+--------------------------------------------+-------+-------+------------+-----------+-------+
* * Note: Available Control Sets calculated as Slices * 2, Review the Control Sets Report for more information regarding control sets.


3. BLOCKRAM
-----------

+-------------------+------+-------+------------+-----------+-------+
|     Site Type     | Used | Fixed | Prohibited | Available | Util% |
+-------------------+------+-------+------------+-----------+-------+
| Block RAM Tile    |   12 |     0 |          0 |       144 |  8.33 |
|   RAMB36/FIFO*    |   12 |     0 |          0 |       144 |  8.33 |
|     RAMB36E2 only |   12 |       |            |           |       |
|   RAMB18          |    0 |     0 |          0 |       288 |  0.00 |
| URAM              |    0 |     0 |          0 |        64 |  0.00 |
+-------------------+------+-------+------------+-----------+-------+
* Note: Each Block RAM Tile only has one FIFO logic available and therefore can accommodate only one FIFO36E2 or one FIFO18E2. However, if a FIFO18E2 occupies a Block RAM Tile, that tile can still accommodate a RAMB18E2


4. ARITHMETIC
-------------

+-----------+------+-------+------------+-----------+-------+
| Site Type | Used | Fixed | Prohibited | Available | Util% |
+-----------+------+-------+------------+-----------+-------+
| DSPs      |    0 |     0 |          0 |      1248 |  0.00 |
+-----------+------+-------+------------+-----------+-------+


5. I/O
------

+------------------+------+-------+------------+-----------+-------+
|     Site Type    | Used | Fixed | Prohibited | Available | Util% |
+------------------+------+-------+------------+-----------+-------+
| Bonded IOB       |   16 |    16 |          0 |       189 |  8.47 |
| HPIOB_M          |    8 |     8 |          0 |        58 | 13.79 |
|   INPUT          |    4 |       |            |           |       |
|   OUTPUT         |    4 |       |            |           |       |
|   BIDIR          |    0 |       |            |           |       |
| HPIOB_S          |    8 |     8 |          0 |        58 | 13.79 |
|   INPUT          |    3 |       |            |           |       |
|   OUTPUT         |    4 |       |            |           |       |
|   BIDIR          |    1 |       |            |           |       |
| HDIOB_M          |    0 |     0 |          0 |        35 |  0.00 |
| HDIOB_S          |    0 |     0 |          0 |        35 |  0.00 |
| HPIOB_SNGL       |    0 |     0 |          0 |         3 |  0.00 |
| HPIOBDIFFINBUF   |    0 |     0 |          0 |        82 |  0.00 |
| HPIOBDIFFOUTBUF  |    0 |     0 |          0 |        82 |  0.00 |
| HDIOBDIFFINBUF   |    0 |     0 |          0 |        35 |  0.00 |
| BITSLICE_CONTROL |    3 |     0 |          0 |        32 |  9.38 |
| BITSLICE_RX_TX   |   23 |    23 |          0 |      1248 |  1.84 |
|   IDELAY         |    6 |     6 |            |           |       |
|   ODELAY         |    6 |     6 |            |           |       |
|   OSERDES        |    6 |     6 |            |           |       |
|   IDDR           |    5 |     5 |            |           |       |
| BITSLICE_TX      |    0 |     0 |          0 |        32 |  0.00 |
| RIU_OR           |    0 |     0 |          0 |        16 |  0.00 |
+------------------+------+-------+------------+-----------+-------+


6. CLOCK
--------

+----------------------+------+-------+------------+-----------+-------+
|       Site Type      | Used | Fixed | Prohibited | Available | Util% |
+----------------------+------+-------+------------+-----------+-------+
| GLOBAL CLOCK BUFFERs |    6 |     0 |          0 |       352 |  1.70 |
|   BUFGCE             |    6 |     0 |          0 |       112 |  5.36 |
|   BUFGCE_DIV         |    0 |     0 |          0 |        16 |  0.00 |
|   BUFG_GT            |    0 |     0 |          0 |        96 |  0.00 |
|   BUFG_PS            |    0 |     0 |          0 |        96 |  0.00 |
|   BUFGCTRL*          |    0 |     0 |          0 |        32 |  0.00 |
| PLL                  |    0 |     0 |          0 |         8 |  0.00 |
| MMCM                 |    1 |     0 |          0 |         4 | 25.00 |
+----------------------+------+-------+------------+-----------+-------+
* Note: Each used BUFGCTRL counts as two GLOBAL CLOCK BUFFERs. This table does not include global clocking resources, only buffer cell usage. See the Clock Utilization Report (report_clock_utilization) for detailed accounting of global clocking resource availability.


7. ADVANCED
-----------

+-----------------+------+-------+------------+-----------+--------+
|    Site Type    | Used | Fixed | Prohibited | Available |  Util% |
+-----------------+------+-------+------------+-----------+--------+
| GTHE4_CHANNEL   |    0 |     0 |          0 |         4 |   0.00 |
| GTHE4_COMMON    |    0 |     0 |          0 |         1 |   0.00 |
| OBUFDS_GTE4     |    0 |     0 |          0 |         2 |   0.00 |
| OBUFDS_GTE4_ADV |    0 |     0 |          0 |         2 |   0.00 |
| PCIE40E4        |    0 |     0 |          0 |         2 |   0.00 |
| PS8             |    1 |     0 |          0 |         1 | 100.00 |
| SYSMONE4        |    0 |     0 |          0 |         1 |   0.00 |
| VCU             |    0 |     0 |          0 |         1 |   0.00 |
+-----------------+------+-------+------------+-----------+--------+


8. CONFIGURATION
----------------

+-------------+------+-------+------------+-----------+-------+
|  Site Type  | Used | Fixed | Prohibited | Available | Util% |
+-------------+------+-------+------------+-----------+-------+
| BSCANE2     |    1 |     0 |          0 |         4 | 25.00 |
| DNA_PORTE2  |    0 |     0 |          0 |         1 |  0.00 |
| EFUSE_USR   |    0 |     0 |          0 |         1 |  0.00 |
| FRAME_ECCE4 |    0 |     0 |          0 |         1 |  0.00 |
| ICAPE3      |    0 |     0 |          0 |         2 |  0.00 |
| MASTER_JTAG |    0 |     0 |          0 |         1 |  0.00 |
| STARTUPE3   |    0 |     0 |          0 |         1 |  0.00 |
+-------------+------+-------+------------+-----------+-------+


9. Primitives
-------------

+------------+-------+---------------------+
|  Ref Name  |  Used | Functional Category |
+------------+-------+---------------------+
| FDRE       | 10913 |            Register |
| LUT6       |  2582 |                 CLB |
| LUT2       |  1497 |                 CLB |
| LUT4       |  1312 |                 CLB |
| LUT5       |  1292 |                 CLB |
| LUT3       |  1200 |                 CLB |
| SRL16E     |   588 |                 CLB |
| SRLC32E    |   512 |                 CLB |
| FDSE       |   371 |            Register |
| FDCE       |   349 |            Register |
| RAMD64E    |   320 |                 CLB |
| LUT1       |   210 |                 CLB |
| FDPE       |   181 |            Register |
| CARRY8     |   104 |                 CLB |
| RAMD32     |    80 |                 CLB |
| MUXF7      |    48 |                 CLB |
| RAMB36E2   |    12 |            BLOCKRAM |
| RAMS32     |    10 |                 CLB |
| OBUF       |     8 |                 I/O |
| INBUF      |     8 |                 I/O |
| IBUFCTRL   |     8 |              Others |
| OSERDESE3  |     6 |                 I/O |
| ODELAYE3   |     6 |                 I/O |
| IDELAYE3   |     6 |                 I/O |
| BUFGCE     |     6 |               Clock |
| IDDRE1     |     5 |            Register |
| MUXF8      |     4 |                 CLB |
| IDELAYCTRL |     3 |                 I/O |
| SRLC16E    |     2 |                 CLB |
| PS8        |     1 |            Advanced |
| OBUFT      |     1 |                 I/O |
| MMCME4_ADV |     1 |               Clock |
| BSCANE2    |     1 |       Configuration |
+------------+-------+---------------------+


10. Black Boxes
---------------

+----------+------+
| Ref Name | Used |
+----------+------+


11. Instantiated Netlists
-------------------------

+--------------------------------------+------+
|               Ref Name               | Used |
+--------------------------------------+------+
| udp_parser_in_pl_zynq_ultra_ps_e_0_0 |    1 |
| udp_parser_in_pl_udp_parser_0_0      |    1 |
| udp_parser_in_pl_system_ila_0_0      |    1 |
| udp_parser_in_pl_smartconnect_0_0    |    1 |
| udp_parser_in_pl_proc_sys_reset_0_0  |    1 |
| udp_parser_in_pl_clk_wiz_0_0         |    1 |
| udp_parser_in_pl_axi_ethernet_1_0    |    1 |
| dbg_hub                              |    1 |
| bd_8679_util_vector_logic_0_0        |    1 |
| bd_8679_mac_0                        |    1 |
| bd_8679_eth_buf_0                    |    1 |
| bd_8679_c_shift_ram_0_0              |    1 |
| bd_8679_c_counter_binary_0_0         |    1 |
+--------------------------------------+------+


