#-----------------------------------------------------------
# Vivado v2022.2 (64-bit)
# SW Build 3671981 on Fri Oct 14 05:00:03 MDT 2022
# IP Build 3669848 on Fri Oct 14 08:30:02 MDT 2022
# Start of session at: Tue Aug  4 11:29:46 2026
# Process ID: 14780
# Current directory: D:/FPGA/Vivaldo Project/INTERFACE/SPI/03_spi_flash_read_status/Vivado
# Command line: vivado.exe -gui_launcher_event rodinguilauncherevent7560 D:\FPGA\Vivaldo Project\INTERFACE\SPI\03_spi_flash_read_status\Vivado\03_spi_flash_read_status.xpr
# Log file: D:/FPGA/Vivaldo Project/INTERFACE/SPI/03_spi_flash_read_status/Vivado/vivado.log
# Journal file: D:/FPGA/Vivaldo Project/INTERFACE/SPI/03_spi_flash_read_status/Vivado\vivado.jou
# Running On: LAPTOP-CHCSI1R5, OS: Windows, CPU Frequency: 3194 MHz, CPU Physical cores: 16, Host memory: 21319 MB
#-----------------------------------------------------------
start_gui
open_project {D:/FPGA/Vivaldo Project/INTERFACE/SPI/03_spi_flash_read_status/Vivado/03_spi_flash_read_status.xpr}
WARNING: [Board 49-26] cannot add Board Part xilinx.com:ac701:part0:1.4 available at D:/Xilinx/Vivado/2022.2/data/xhub/boards/XilinxBoardStore/boards/Xilinx/ac701/1.4/board.xml as part xc7a200tfbg676-2 specified in board_part file is either invalid or not available
WARNING: [Board 49-26] cannot add Board Part xilinx.com:kc705:part0:1.6 available at D:/Xilinx/Vivado/2022.2/data/xhub/boards/XilinxBoardStore/boards/Xilinx/kc705/1.6/board.xml as part xc7k325tffg900-2 specified in board_part file is either invalid or not available
WARNING: [Board 49-26] cannot add Board Part xilinx.com:kcu105:part0:1.6 available at D:/Xilinx/Vivado/2022.2/data/xhub/boards/XilinxBoardStore/boards/Xilinx/kcu105/1.6/board.xml as part xcku040-ffva1156-2-e specified in board_part file is either invalid or not available
WARNING: [Board 49-26] cannot add Board Part xilinx.com:kcu105:part0:1.7 available at D:/Xilinx/Vivado/2022.2/data/xhub/boards/XilinxBoardStore/boards/Xilinx/kcu105/1.7/board.xml as part xcku040-ffva1156-2-e specified in board_part file is either invalid or not available
WARNING: [Board 49-26] cannot add Board Part xilinx.com:kcu116:part0:1.4 available at D:/Xilinx/Vivado/2022.2/data/xhub/boards/XilinxBoardStore/boards/Xilinx/kcu116/1.4/board.xml as part xcku5p-ffvb676-2-e specified in board_part file is either invalid or not available
WARNING: [Board 49-26] cannot add Board Part xilinx.com:kcu116:part0:1.5 available at D:/Xilinx/Vivado/2022.2/data/xhub/boards/XilinxBoardStore/boards/Xilinx/kcu116/1.5/board.xml as part xcku5p-ffvb676-2-e specified in board_part file is either invalid or not available
WARNING: [Board 49-26] cannot add Board Part xilinx.com:kcu1500:part0:1.2 available at D:/Xilinx/Vivado/2022.2/data/xhub/boards/XilinxBoardStore/boards/Xilinx/kcu1500/1.2/board.xml as part xcku115-flvb2104-2-e specified in board_part file is either invalid or not available
WARNING: [Board 49-26] cannot add Board Part xilinx.com:sp701:part0:1.0 available at D:/Xilinx/Vivado/2022.2/data/xhub/boards/XilinxBoardStore/boards/Xilinx/sp701/1.0/board.xml as part xc7s100fgga676-2 specified in board_part file is either invalid or not available
WARNING: [Board 49-26] cannot add Board Part xilinx.com:sp701:part0:1.1 available at D:/Xilinx/Vivado/2022.2/data/xhub/boards/XilinxBoardStore/boards/Xilinx/sp701/1.1/board.xml as part xc7s100fgga676-2 specified in board_part file is either invalid or not available
WARNING: [Board 49-26] cannot add Board Part xilinx.com:vc707:part0:1.4 available at D:/Xilinx/Vivado/2022.2/data/xhub/boards/XilinxBoardStore/boards/Xilinx/vc707/1.4/board.xml as part xc7vx485tffg1761-2 specified in board_part file is either invalid or not available
WARNING: [Board 49-26] cannot add Board Part xilinx.com:vc709:part0:1.8 available at D:/Xilinx/Vivado/2022.2/data/xhub/boards/XilinxBoardStore/boards/Xilinx/vc709/1.8/board.xml as part xc7vx690tffg1761-2 specified in board_part file is either invalid or not available
WARNING: [Board 49-26] cannot add Board Part xilinx.com:vck190:part0:2.2 available at D:/Xilinx/Vivado/2022.2/data/xhub/boards/XilinxBoardStore/boards/Xilinx/vck190/production/2.2/board.xml as part xcvc1902-vsva2197-2mp-e-s specified in board_part file is either invalid or not available
WARNING: [Board 49-26] cannot add Board Part xilinx.com:vck190:part0:3.0 available at D:/Xilinx/Vivado/2022.2/data/xhub/boards/XilinxBoardStore/boards/Xilinx/vck190/production/3.0/board.xml as part xcvc1902-vsva2197-2mp-e-s specified in board_part file is either invalid or not available
WARNING: [Board 49-26] cannot add Board Part xilinx.com:vck190:part0:3.1 available at D:/Xilinx/Vivado/2022.2/data/xhub/boards/XilinxBoardStore/boards/Xilinx/vck190/production/3.1/board.xml as part xcvc1902-vsva2197-2mp-e-s specified in board_part file is either invalid or not available
WARNING: [Board 49-26] cannot add Board Part xilinx.com:vck190_newl:part0:1.0 available at D:/Xilinx/Vivado/2022.2/data/xhub/boards/XilinxBoardStore/boards/Xilinx/vck190_newl/production/1.0/board.xml as part xcvc1902-vsva2197-2mp-e-s specified in board_part file is either invalid or not available
WARNING: [Board 49-26] cannot add Board Part xilinx.com:vcu108:part0:1.6 available at D:/Xilinx/Vivado/2022.2/data/xhub/boards/XilinxBoardStore/boards/Xilinx/vcu108/1.6/board.xml as part xcvu095-ffva2104-2-e specified in board_part file is either invalid or not available
WARNING: [Board 49-26] cannot add Board Part xilinx.com:vcu108:part0:1.7 available at D:/Xilinx/Vivado/2022.2/data/xhub/boards/XilinxBoardStore/boards/Xilinx/vcu108/1.7/board.xml as part xcvu095-ffva2104-2-e specified in board_part file is either invalid or not available
WARNING: [Board 49-26] cannot add Board Part xilinx.com:vcu110:part0:1.4 available at D:/Xilinx/Vivado/2022.2/data/xhub/boards/XilinxBoardStore/boards/Xilinx/vcu110/1.4/board.xml as part xcvu190-flgc2104-2-e specified in board_part file is either invalid or not available
WARNING: [Board 49-26] cannot add Board Part xilinx.com:vcu118:part0:2.0 available at D:/Xilinx/Vivado/2022.2/data/xhub/boards/XilinxBoardStore/boards/Xilinx/vcu118/2.0/board.xml as part xcvu9p-flga2104-2l-e specified in board_part file is either invalid or not available
WARNING: [Board 49-26] cannot add Board Part xilinx.com:vcu118:part0:2.3 available at D:/Xilinx/Vivado/2022.2/data/xhub/boards/XilinxBoardStore/boards/Xilinx/vcu118/2.3/board.xml as part xcvu9p-flga2104-2l-e specified in board_part file is either invalid or not available
WARNING: [Board 49-26] cannot add Board Part xilinx.com:vcu118:part0:2.4 available at D:/Xilinx/Vivado/2022.2/data/xhub/boards/XilinxBoardStore/boards/Xilinx/vcu118/2.4/board.xml as part xcvu9p-flga2104-2l-e specified in board_part file is either invalid or not available
WARNING: [Board 49-26] cannot add Board Part xilinx.com:vcu128:part0:1.0 available at D:/Xilinx/Vivado/2022.2/data/xhub/boards/XilinxBoardStore/boards/Xilinx/vcu128/production/1.0/board.xml as part xcvu37p-fsvh2892-2l-e specified in board_part file is either invalid or not available
WARNING: [Board 49-26] cannot add Board Part xilinx.com:vcu129:part0:1.0 available at D:/Xilinx/Vivado/2022.2/data/xhub/boards/XilinxBoardStore/boards/Xilinx/vcu129/production/1.0/board.xml as part xcvu29p-fsga2577-2l-e specified in board_part file is either invalid or not available
WARNING: [Board 49-26] cannot add Board Part xilinx.com:vcu1525:part0:1.3 available at D:/Xilinx/Vivado/2022.2/data/xhub/boards/XilinxBoardStore/boards/Xilinx/vcu1525/1.3/board.xml as part xcvu9p-fsgd2104-2l-e specified in board_part file is either invalid or not available
WARNING: [Board 49-26] cannot add Board Part xilinx.com:vek280_es:part0:1.0 available at D:/Xilinx/Vivado/2022.2/data/xhub/boards/XilinxBoardStore/boards/Xilinx/vek280/es/1.0/board.xml as part xcve2802-vsvh1760-2lp-e-s-es1 specified in board_part file is either invalid or not available
WARNING: [Board 49-26] cannot add Board Part xilinx.com:vermeo_t1_rfsoc:part0:1.0 available at D:/Xilinx/Vivado/2022.2/data/xhub/boards/XilinxBoardStore/boards/Xilinx/vermeo_t1_rfsoc/1.0/board.xml as part xczu21dr-ffvd1156-2l-e specified in board_part file is either invalid or not available
WARNING: [Board 49-26] cannot add Board Part xilinx.com:vhk158_es:part0:1.0 available at D:/Xilinx/Vivado/2022.2/data/xhub/boards/XilinxBoardStore/boards/Xilinx/vhk158/es/1.0/board.xml as part xcvh1582-vsva3697-2mp-e-s-es1 specified in board_part file is either invalid or not available
WARNING: [Board 49-26] cannot add Board Part xilinx.com:vmk180:part0:2.2 available at D:/Xilinx/Vivado/2022.2/data/xhub/boards/XilinxBoardStore/boards/Xilinx/vmk180/production/2.2/board.xml as part xcvm1802-vsva2197-2mp-e-s specified in board_part file is either invalid or not available
WARNING: [Board 49-26] cannot add Board Part xilinx.com:vmk180:part0:3.0 available at D:/Xilinx/Vivado/2022.2/data/xhub/boards/XilinxBoardStore/boards/Xilinx/vmk180/production/3.0/board.xml as part xcvm1802-vsva2197-2mp-e-s specified in board_part file is either invalid or not available
WARNING: [Board 49-26] cannot add Board Part xilinx.com:vmk180:part0:3.1 available at D:/Xilinx/Vivado/2022.2/data/xhub/boards/XilinxBoardStore/boards/Xilinx/vmk180/production/3.1/board.xml as part xcvm1802-vsva2197-2mp-e-s specified in board_part file is either invalid or not available
WARNING: [Board 49-26] cannot add Board Part xilinx.com:vmk180_newl:part0:1.0 available at D:/Xilinx/Vivado/2022.2/data/xhub/boards/XilinxBoardStore/boards/Xilinx/vmk180_newl/production/1.0/board.xml as part xcvm1802-vsva2197-2mp-e-s specified in board_part file is either invalid or not available
WARNING: [Board 49-26] cannot add Board Part xilinx.com:vpk120:part0:1.0 available at D:/Xilinx/Vivado/2022.2/data/xhub/boards/XilinxBoardStore/boards/Xilinx/vpk120/production/1.0/board.xml as part xcvp1202-vsva2785-2mp-e-s specified in board_part file is either invalid or not available
WARNING: [Board 49-26] cannot add Board Part xilinx.com:vpk120_es:part0:1.2 available at D:/Xilinx/Vivado/2022.2/data/xhub/boards/XilinxBoardStore/boards/Xilinx/vpk120/es/1.2/board.xml as part xcvp1202-vsva2785-2mp-e-s-es1 specified in board_part file is either invalid or not available
WARNING: [Board 49-26] cannot add Board Part xilinx.com:vpk120_es_revb:part0:1.0 available at D:/Xilinx/Vivado/2022.2/data/xhub/boards/XilinxBoardStore/boards/Xilinx/vpk120_revb/es/1.0/board.xml as part xcvp1202-vsva2785-2mp-e-s-es1 specified in board_part file is either invalid or not available
WARNING: [Board 49-26] cannot add Board Part xilinx.com:vpk180_es:part0:1.0 available at D:/Xilinx/Vivado/2022.2/data/xhub/boards/XilinxBoardStore/boards/Xilinx/vpk180/es/1.0/board.xml as part xcvp1802-lsvc4072-2mp-e-s-es1 specified in board_part file is either invalid or not available
WARNING: [Board 49-26] cannot add Board Part xilinx.com:zc702:part0:1.4 available at D:/Xilinx/Vivado/2022.2/data/xhub/boards/XilinxBoardStore/boards/Xilinx/zc702/1.4/board.xml as part xc7z020clg484-1 specified in board_part file is either invalid or not available
WARNING: [Board 49-26] cannot add Board Part xilinx.com:zc706:part0:1.4 available at D:/Xilinx/Vivado/2022.2/data/xhub/boards/XilinxBoardStore/boards/Xilinx/zc706/1.4/board.xml as part xc7z045ffg900-2 specified in board_part file is either invalid or not available
WARNING: [Board 49-26] cannot add Board Part xilinx.com:zcu111:part0:1.2 available at D:/Xilinx/Vivado/2022.2/data/xhub/boards/XilinxBoardStore/boards/Xilinx/zcu111/1.2/board.xml as part xczu28dr-ffvg1517-2-e specified in board_part file is either invalid or not available
WARNING: [Board 49-26] cannot add Board Part xilinx.com:zcu111:part0:1.3 available at D:/Xilinx/Vivado/2022.2/data/xhub/boards/XilinxBoardStore/boards/Xilinx/zcu111/1.3/board.xml as part xczu28dr-ffvg1517-2-e specified in board_part file is either invalid or not available
WARNING: [Board 49-26] cannot add Board Part xilinx.com:zcu111:part0:1.4 available at D:/Xilinx/Vivado/2022.2/data/xhub/boards/XilinxBoardStore/boards/Xilinx/zcu111/1.4/board.xml as part xczu28dr-ffvg1517-2-e specified in board_part file is either invalid or not available
WARNING: [Board 49-26] cannot add Board Part xilinx.com:zcu1275:part0:1.0 available at D:/Xilinx/Vivado/2022.2/data/xhub/boards/XilinxBoardStore/boards/Xilinx/zcu1275/1.0/board.xml as part xczu29dr-ffvf1760-2-e specified in board_part file is either invalid or not available
WARNING: [Board 49-26] cannot add Board Part xilinx.com:zcu1285:part0:1.0 available at D:/Xilinx/Vivado/2022.2/data/xhub/boards/XilinxBoardStore/boards/Xilinx/zcu1285/1.0/board.xml as part xczu39dr-ffvf1760-2-i specified in board_part file is either invalid or not available
WARNING: [Board 49-26] cannot add Board Part xilinx.com:zcu208:part0:2.0 available at D:/Xilinx/Vivado/2022.2/data/xhub/boards/XilinxBoardStore/boards/Xilinx/zcu208/production/2.0/board.xml as part xczu48dr-fsvg1517-2-e specified in board_part file is either invalid or not available
WARNING: [Board 49-26] cannot add Board Part xilinx.com:zcu208ld:part0:2.0 available at D:/Xilinx/Vivado/2022.2/data/xhub/boards/XilinxBoardStore/boards/Xilinx/zcu208ld/production/2.0/board.xml as part xczu58dr-fsvg1517-2-i specified in board_part file is either invalid or not available
WARNING: [Board 49-26] cannot add Board Part xilinx.com:zcu216:part0:2.0 available at D:/Xilinx/Vivado/2022.2/data/xhub/boards/XilinxBoardStore/boards/Xilinx/zcu216/production/2.0/board.xml as part xczu49dr-ffvf1760-2-e specified in board_part file is either invalid or not available
WARNING: [Board 49-26] cannot add Board Part xilinx.com:zcu216ld:part0:2.0 available at D:/Xilinx/Vivado/2022.2/data/xhub/boards/XilinxBoardStore/boards/Xilinx/zcu216ld/production/2.0/board.xml as part xczu59dr-ffvf1760-2-i specified in board_part file is either invalid or not available
WARNING: [Board 49-26] cannot add Board Part xilinx.com:zcu670:part0:2.0 available at D:/Xilinx/Vivado/2022.2/data/xhub/boards/XilinxBoardStore/boards/Xilinx/zcu670/2.0/board.xml as part xczu67dr-fsve1156-2-i specified in board_part file is either invalid or not available
WARNING: [Board 49-26] cannot add Board Part xilinx.com:zcu670ld:part0:1.0 available at D:/Xilinx/Vivado/2022.2/data/xhub/boards/XilinxBoardStore/boards/Xilinx/zcu670ld/1.0/board.xml as part xczu57dr-fsve1156-2-i specified in board_part file is either invalid or not available
INFO: [Project 1-313] Project file moved from 'D:/FPGA/Vivaldo Project/INTERFACE/SPI/03_spi_flash_read_status/Vivado/03_spi_flash_read_status' since last save.
Scanning sources...
Finished scanning sources
INFO: [IP_Flow 19-234] Refreshing IP repositories
INFO: [IP_Flow 19-1704] No user IP repositories specified
INFO: [IP_Flow 19-2313] Loaded Vivado IP repository 'D:/Xilinx/Vivado/2022.2/data/ip'.
open_project: Time (s): cpu = 00:00:29 ; elapsed = 00:00:12 . Memory (MB): peak = 1301.188 ; gain = 467.125
update_compile_order -fileset sources_1
reset_run impl_1
launch_runs impl_1 -to_step write_bitstream -jobs 8
[Tue Aug  4 11:30:22 2026] Launched impl_1...
Run output will be captured here: D:/FPGA/Vivaldo Project/INTERFACE/SPI/03_spi_flash_read_status/Vivado/03_spi_flash_read_status.runs/impl_1/runme.log
set_property -dict [list \
  CONFIG.C_NUM_PROBE_OUT {2} \
  CONFIG.C_PROBE_OUT0_WIDTH {32} \
  CONFIG.C_PROBE_OUT1_WIDTH {3} \
] [get_ips vio_0]
generate_target all [get_files  {{D:/FPGA/Vivaldo Project/INTERFACE/SPI/03_spi_flash_read_status/Vivado/03_spi_flash_read_status.srcs/sources_1/ip/vio_0/vio_0.xci}}]
INFO: [IP_Flow 19-1686] Generating 'Instantiation Template' target for IP 'vio_0'...
INFO: [IP_Flow 19-1686] Generating 'Synthesis' target for IP 'vio_0'...
INFO: [IP_Flow 19-1686] Generating 'Simulation' target for IP 'vio_0'...
INFO: [IP_Flow 19-1686] Generating 'Change Log' target for IP 'vio_0'...
export_ip_user_files -of_objects [get_files {{D:/FPGA/Vivaldo Project/INTERFACE/SPI/03_spi_flash_read_status/Vivado/03_spi_flash_read_status.srcs/sources_1/ip/vio_0/vio_0.xci}}] -no_script -sync -force -quiet
export_simulation -of_objects [get_files {{D:/FPGA/Vivaldo Project/INTERFACE/SPI/03_spi_flash_read_status/Vivado/03_spi_flash_read_status.srcs/sources_1/ip/vio_0/vio_0.xci}}] -directory {D:/FPGA/Vivaldo Project/INTERFACE/SPI/03_spi_flash_read_status/Vivado/03_spi_flash_read_status.ip_user_files/sim_scripts} -ip_user_files_dir {D:/FPGA/Vivaldo Project/INTERFACE/SPI/03_spi_flash_read_status/Vivado/03_spi_flash_read_status.ip_user_files} -ipstatic_source_dir {D:/FPGA/Vivaldo Project/INTERFACE/SPI/03_spi_flash_read_status/Vivado/03_spi_flash_read_status.ip_user_files/ipstatic} -lib_map_path [list {modelsim=D:/FPGA/Vivaldo Project/INTERFACE/SPI/03_spi_flash_read_status/Vivado/03_spi_flash_read_status.cache/compile_simlib/modelsim} {questa=D:/FPGA/Vivaldo Project/INTERFACE/SPI/03_spi_flash_read_status/Vivado/03_spi_flash_read_status.cache/compile_simlib/questa} {riviera=D:/FPGA/Vivaldo Project/INTERFACE/SPI/03_spi_flash_read_status/Vivado/03_spi_flash_read_status.cache/compile_simlib/riviera} {activehdl=D:/FPGA/Vivaldo Project/INTERFACE/SPI/03_spi_flash_read_status/Vivado/03_spi_flash_read_status.cache/compile_simlib/activehdl}] -use_ip_compiled_libs -force -quiet
WARNING: [IP_Flow 19-4067] Ignoring invalid widget type specified checkbox.Providing a default widget
set_property -dict [list \
  CONFIG.C_NUM_OF_PROBES {11} \
  CONFIG.C_PROBE10_WIDTH {32} \
  CONFIG.C_PROBE8_WIDTH {3} \
  CONFIG.C_PROBE9_WIDTH {32} \
] [get_ips ila_0]
generate_target all [get_files  {{D:/FPGA/Vivaldo Project/INTERFACE/SPI/03_spi_flash_read_status/Vivado/03_spi_flash_read_status.srcs/sources_1/ip/ila_0/ila_0.xci}}]
INFO: [IP_Flow 19-1686] Generating 'Instantiation Template' target for IP 'ila_0'...
INFO: [IP_Flow 19-1686] Generating 'Synthesis' target for IP 'ila_0'...
INFO: [IP_Flow 19-1686] Generating 'Simulation' target for IP 'ila_0'...
INFO: [IP_Flow 19-1686] Generating 'Implementation' target for IP 'ila_0'...
INFO: [IP_Flow 19-1686] Generating 'Change Log' target for IP 'ila_0'...
export_ip_user_files -of_objects [get_files {{D:/FPGA/Vivaldo Project/INTERFACE/SPI/03_spi_flash_read_status/Vivado/03_spi_flash_read_status.srcs/sources_1/ip/ila_0/ila_0.xci}}] -no_script -sync -force -quiet
export_simulation -of_objects [get_files {{D:/FPGA/Vivaldo Project/INTERFACE/SPI/03_spi_flash_read_status/Vivado/03_spi_flash_read_status.srcs/sources_1/ip/ila_0/ila_0.xci}}] -directory {D:/FPGA/Vivaldo Project/INTERFACE/SPI/03_spi_flash_read_status/Vivado/03_spi_flash_read_status.ip_user_files/sim_scripts} -ip_user_files_dir {D:/FPGA/Vivaldo Project/INTERFACE/SPI/03_spi_flash_read_status/Vivado/03_spi_flash_read_status.ip_user_files} -ipstatic_source_dir {D:/FPGA/Vivaldo Project/INTERFACE/SPI/03_spi_flash_read_status/Vivado/03_spi_flash_read_status.ip_user_files/ipstatic} -lib_map_path [list {modelsim=D:/FPGA/Vivaldo Project/INTERFACE/SPI/03_spi_flash_read_status/Vivado/03_spi_flash_read_status.cache/compile_simlib/modelsim} {questa=D:/FPGA/Vivaldo Project/INTERFACE/SPI/03_spi_flash_read_status/Vivado/03_spi_flash_read_status.cache/compile_simlib/questa} {riviera=D:/FPGA/Vivaldo Project/INTERFACE/SPI/03_spi_flash_read_status/Vivado/03_spi_flash_read_status.cache/compile_simlib/riviera} {activehdl=D:/FPGA/Vivaldo Project/INTERFACE/SPI/03_spi_flash_read_status/Vivado/03_spi_flash_read_status.cache/compile_simlib/activehdl}] -use_ip_compiled_libs -force -quiet
reset_run synth_1
INFO: [Project 1-1160] Copying file D:/FPGA/Vivaldo Project/INTERFACE/SPI/03_spi_flash_read_status/Vivado/03_spi_flash_read_status.runs/synth_1/top_spi_master_mode0.dcp to D:/FPGA/Vivaldo Project/INTERFACE/SPI/03_spi_flash_read_status/Vivado/03_spi_flash_read_status.srcs/utils_1/imports/synth_1 and adding it to utils fileset
launch_runs impl_1 -to_step write_bitstream -jobs 8
[Wed Aug  5 11:39:02 2026] Launched synth_1...
Run output will be captured here: D:/FPGA/Vivaldo Project/INTERFACE/SPI/03_spi_flash_read_status/Vivado/03_spi_flash_read_status.runs/synth_1/runme.log
[Wed Aug  5 11:39:02 2026] Launched impl_1...
Run output will be captured here: D:/FPGA/Vivaldo Project/INTERFACE/SPI/03_spi_flash_read_status/Vivado/03_spi_flash_read_status.runs/impl_1/runme.log
set_property -dict [list \
  CONFIG.C_PROBE_OUT0_WIDTH {80} \
  CONFIG.C_PROBE_OUT1_WIDTH {4} \
] [get_ips vio_0]
generate_target all [get_files  {{D:/FPGA/Vivaldo Project/INTERFACE/SPI/03_spi_flash_read_status/Vivado/03_spi_flash_read_status.srcs/sources_1/ip/vio_0/vio_0.xci}}]
INFO: [IP_Flow 19-1686] Generating 'Instantiation Template' target for IP 'vio_0'...
INFO: [IP_Flow 19-1686] Generating 'Synthesis' target for IP 'vio_0'...
INFO: [IP_Flow 19-1686] Generating 'Simulation' target for IP 'vio_0'...
INFO: [IP_Flow 19-1686] Generating 'Change Log' target for IP 'vio_0'...
export_ip_user_files -of_objects [get_files {{D:/FPGA/Vivaldo Project/INTERFACE/SPI/03_spi_flash_read_status/Vivado/03_spi_flash_read_status.srcs/sources_1/ip/vio_0/vio_0.xci}}] -no_script -sync -force -quiet
export_simulation -of_objects [get_files {{D:/FPGA/Vivaldo Project/INTERFACE/SPI/03_spi_flash_read_status/Vivado/03_spi_flash_read_status.srcs/sources_1/ip/vio_0/vio_0.xci}}] -directory {D:/FPGA/Vivaldo Project/INTERFACE/SPI/03_spi_flash_read_status/Vivado/03_spi_flash_read_status.ip_user_files/sim_scripts} -ip_user_files_dir {D:/FPGA/Vivaldo Project/INTERFACE/SPI/03_spi_flash_read_status/Vivado/03_spi_flash_read_status.ip_user_files} -ipstatic_source_dir {D:/FPGA/Vivaldo Project/INTERFACE/SPI/03_spi_flash_read_status/Vivado/03_spi_flash_read_status.ip_user_files/ipstatic} -lib_map_path [list {modelsim=D:/FPGA/Vivaldo Project/INTERFACE/SPI/03_spi_flash_read_status/Vivado/03_spi_flash_read_status.cache/compile_simlib/modelsim} {questa=D:/FPGA/Vivaldo Project/INTERFACE/SPI/03_spi_flash_read_status/Vivado/03_spi_flash_read_status.cache/compile_simlib/questa} {riviera=D:/FPGA/Vivaldo Project/INTERFACE/SPI/03_spi_flash_read_status/Vivado/03_spi_flash_read_status.cache/compile_simlib/riviera} {activehdl=D:/FPGA/Vivaldo Project/INTERFACE/SPI/03_spi_flash_read_status/Vivado/03_spi_flash_read_status.cache/compile_simlib/activehdl}] -use_ip_compiled_libs -force -quiet
WARNING: [IP_Flow 19-4067] Ignoring invalid widget type specified checkbox.Providing a default widget
set_property -dict [list \
  CONFIG.C_PROBE10_WIDTH {80} \
  CONFIG.C_PROBE8_WIDTH {4} \
  CONFIG.C_PROBE9_WIDTH {80} \
] [get_ips ila_0]
generate_target all [get_files  {{D:/FPGA/Vivaldo Project/INTERFACE/SPI/03_spi_flash_read_status/Vivado/03_spi_flash_read_status.srcs/sources_1/ip/ila_0/ila_0.xci}}]
INFO: [IP_Flow 19-1686] Generating 'Instantiation Template' target for IP 'ila_0'...
INFO: [IP_Flow 19-1686] Generating 'Synthesis' target for IP 'ila_0'...
INFO: [IP_Flow 19-1686] Generating 'Simulation' target for IP 'ila_0'...
INFO: [IP_Flow 19-1686] Generating 'Implementation' target for IP 'ila_0'...
INFO: [IP_Flow 19-1686] Generating 'Change Log' target for IP 'ila_0'...
export_ip_user_files -of_objects [get_files {{D:/FPGA/Vivaldo Project/INTERFACE/SPI/03_spi_flash_read_status/Vivado/03_spi_flash_read_status.srcs/sources_1/ip/ila_0/ila_0.xci}}] -no_script -sync -force -quiet
export_simulation -of_objects [get_files {{D:/FPGA/Vivaldo Project/INTERFACE/SPI/03_spi_flash_read_status/Vivado/03_spi_flash_read_status.srcs/sources_1/ip/ila_0/ila_0.xci}}] -directory {D:/FPGA/Vivaldo Project/INTERFACE/SPI/03_spi_flash_read_status/Vivado/03_spi_flash_read_status.ip_user_files/sim_scripts} -ip_user_files_dir {D:/FPGA/Vivaldo Project/INTERFACE/SPI/03_spi_flash_read_status/Vivado/03_spi_flash_read_status.ip_user_files} -ipstatic_source_dir {D:/FPGA/Vivaldo Project/INTERFACE/SPI/03_spi_flash_read_status/Vivado/03_spi_flash_read_status.ip_user_files/ipstatic} -lib_map_path [list {modelsim=D:/FPGA/Vivaldo Project/INTERFACE/SPI/03_spi_flash_read_status/Vivado/03_spi_flash_read_status.cache/compile_simlib/modelsim} {questa=D:/FPGA/Vivaldo Project/INTERFACE/SPI/03_spi_flash_read_status/Vivado/03_spi_flash_read_status.cache/compile_simlib/questa} {riviera=D:/FPGA/Vivaldo Project/INTERFACE/SPI/03_spi_flash_read_status/Vivado/03_spi_flash_read_status.cache/compile_simlib/riviera} {activehdl=D:/FPGA/Vivaldo Project/INTERFACE/SPI/03_spi_flash_read_status/Vivado/03_spi_flash_read_status.cache/compile_simlib/activehdl}] -use_ip_compiled_libs -force -quiet
reset_run synth_1
INFO: [Project 1-1161] Replacing file D:/FPGA/Vivaldo Project/INTERFACE/SPI/03_spi_flash_read_status/Vivado/03_spi_flash_read_status.srcs/utils_1/imports/synth_1/top_spi_master_mode0.dcp with file D:/FPGA/Vivaldo Project/INTERFACE/SPI/03_spi_flash_read_status/Vivado/03_spi_flash_read_status.runs/synth_1/top_spi_master_mode0.dcp
launch_runs impl_1 -to_step write_bitstream -jobs 8
[Thu Aug  6 08:24:02 2026] Launched synth_1...
Run output will be captured here: D:/FPGA/Vivaldo Project/INTERFACE/SPI/03_spi_flash_read_status/Vivado/03_spi_flash_read_status.runs/synth_1/runme.log
[Thu Aug  6 08:24:02 2026] Launched impl_1...
Run output will be captured here: D:/FPGA/Vivaldo Project/INTERFACE/SPI/03_spi_flash_read_status/Vivado/03_spi_flash_read_status.runs/impl_1/runme.log
launch_simulation
Command: launch_simulation 
INFO: [Vivado 12-12493] Simulation top is 'top_spi_master_mode0'
WARNING: [Vivado 12-13340] Unable to auto find GCC executables from simulator install path! (path not set)
WARNING: [Vivado 12-13277] Compiled library path does not exist: ''
INFO: [Vivado 12-5698] Checking validity of IPs in the design for the 'XSim' simulator...
INFO: [Vivado 12-5682] Launching behavioral simulation in 'D:/FPGA/Vivaldo Project/INTERFACE/SPI/03_spi_flash_read_status/Vivado/03_spi_flash_read_status.sim/sim_1/behav/xsim'
INFO: [Vivado 12-13660] Precompiled IP simulation library mode is enabled (default). The design IP libraries will be referenced from the compiled library path. Please note that if the precompiled version of the library is not found from the path or the IP is in locked state, then the library source files for these IPs will be compiled locally as part of the compile order.
INFO: [Vivado 12-4795] Using compiled simulation libraries for IPs
INFO: [SIM-utils-51] Simulation object is 'sim_1'
INFO: [SIM-utils-72] Using boost library from 'D:/Xilinx/Vivado/2022.2/tps/boost_1_72_0'
INFO: [USF-XSim-7] Finding pre-compiled libraries...
INFO: [USF-XSim-11] File 'D:/Xilinx/Vivado/2022.2/data/xsim/xsim.ini' copied to run dir:'D:/FPGA/Vivaldo Project/INTERFACE/SPI/03_spi_flash_read_status/Vivado/03_spi_flash_read_status.sim/sim_1/behav/xsim'
INFO: [SIM-utils-54] Inspecting design source files for 'top_spi_master_mode0' in fileset 'sim_1'...
INFO: [USF-XSim-97] Finding global include files...
INFO: [USF-XSim-98] Fetching design files from 'sim_1'...
INFO: [USF-XSim-2] XSim::Compile design
INFO: [USF-XSim-61] Executing 'COMPILE and ANALYZE' step in 'D:/FPGA/Vivaldo Project/INTERFACE/SPI/03_spi_flash_read_status/Vivado/03_spi_flash_read_status.sim/sim_1/behav/xsim'
"xvlog --incr --relax -prj top_spi_master_mode0_vlog.prj"
INFO: [VRFC 10-2263] Analyzing Verilog file "D:/FPGA/Vivaldo Project/INTERFACE/SPI/03_spi_flash_read_status/Vivado/03_spi_flash_read_status.gen/sources_1/ip/ila_0/sim/ila_0.v" into library xil_defaultlib
INFO: [VRFC 10-311] analyzing module ila_0
INFO: [VRFC 10-2263] Analyzing Verilog file "D:/FPGA/Vivaldo Project/INTERFACE/SPI/03_spi_flash_read_status/Vivado/03_spi_flash_read_status.gen/sources_1/ip/vio_0/sim/vio_0.v" into library xil_defaultlib
INFO: [VRFC 10-311] analyzing module vio_0
INFO: [VRFC 10-2263] Analyzing Verilog file "D:/FPGA/Vivaldo Project/INTERFACE/SPI/03_spi_flash_read_status/Vivado/03_spi_flash_read_status.gen/sources_1/ip/clk_wiz_0/clk_wiz_0_clk_wiz.v" into library xil_defaultlib
INFO: [VRFC 10-311] analyzing module clk_wiz_0_clk_wiz
INFO: [VRFC 10-2263] Analyzing Verilog file "D:/FPGA/Vivaldo Project/INTERFACE/SPI/03_spi_flash_read_status/Vivado/03_spi_flash_read_status.gen/sources_1/ip/clk_wiz_0/clk_wiz_0.v" into library xil_defaultlib
INFO: [VRFC 10-311] analyzing module clk_wiz_0
INFO: [VRFC 10-2263] Analyzing Verilog file "D:/FPGA/Vivaldo Project/INTERFACE/SPI/03_spi_flash_read_status/Vivado/03_spi_flash_read_status.srcs/sources_1/new/03_spi_flash_read_status.v" into library xil_defaultlib
INFO: [VRFC 10-311] analyzing module spi_master_mode0
WARNING: [VRFC 10-8497] literal value 'd10 truncated to fit in 3 bits [D:/FPGA/Vivaldo Project/INTERFACE/SPI/03_spi_flash_read_status/Vivado/03_spi_flash_read_status.srcs/sources_1/new/03_spi_flash_read_status.v:41]
WARNING: [VRFC 10-3380] identifier 'MAX_BYTE_SEND' is used before its declaration [D:/FPGA/Vivaldo Project/INTERFACE/SPI/03_spi_flash_read_status/Vivado/03_spi_flash_read_status.srcs/sources_1/new/03_spi_flash_read_status.v:30]
WARNING: [VRFC 10-3380] identifier 'MAX_BYTE_SEND' is used before its declaration [D:/FPGA/Vivaldo Project/INTERFACE/SPI/03_spi_flash_read_status/Vivado/03_spi_flash_read_status.srcs/sources_1/new/03_spi_flash_read_status.v:34]
INFO: [VRFC 10-2263] Analyzing Verilog file "D:/FPGA/Vivaldo Project/INTERFACE/SPI/03_spi_flash_read_status/Vivado/03_spi_flash_read_status.srcs/sources_1/new/top_spi_master_mode0.v" into library xil_defaultlib
INFO: [VRFC 10-311] analyzing module top_spi_master_mode0
INFO: [VRFC 10-2263] Analyzing Verilog file "D:/FPGA/Vivaldo Project/INTERFACE/SPI/03_spi_flash_read_status/Vivado/03_spi_flash_read_status.sim/sim_1/behav/xsim/glbl.v" into library xil_defaultlib
INFO: [VRFC 10-311] analyzing module glbl
INFO: [USF-XSim-69] 'compile' step finished in '2' seconds
INFO: [USF-XSim-3] XSim::Elaborate design
INFO: [USF-XSim-61] Executing 'ELABORATE' step in 'D:/FPGA/Vivaldo Project/INTERFACE/SPI/03_spi_flash_read_status/Vivado/03_spi_flash_read_status.sim/sim_1/behav/xsim'
"xelab --incr --debug typical --relax --mt 2 -L xil_defaultlib -L unisims_ver -L unimacro_ver -L secureip -L xpm --snapshot top_spi_master_mode0_behav xil_defaultlib.top_spi_master_mode0 xil_defaultlib.glbl -log elaborate.log"
Vivado Simulator v2022.2
Copyright 1986-1999, 2001-2022 Xilinx, Inc. All Rights Reserved.
Running: D:/Xilinx/Vivado/2022.2/bin/unwrapped/win64.o/xelab.exe --incr --debug typical --relax --mt 2 -L xil_defaultlib -L unisims_ver -L unimacro_ver -L secureip -L xpm --snapshot top_spi_master_mode0_behav xil_defaultlib.top_spi_master_mode0 xil_defaultlib.glbl -log elaborate.log 
Using 2 slave threads.
Starting static elaboration
Pass Through NonSizing Optimizer
WARNING: [VRFC 10-3091] actual bit length 80 differs from formal bit length 16 for port 'data_in' [D:/FPGA/Vivaldo Project/INTERFACE/SPI/03_spi_flash_read_status/Vivado/03_spi_flash_read_status.srcs/sources_1/new/top_spi_master_mode0.v:53]
Completed static elaboration
Starting simulation data flow analysis
Completed simulation data flow analysis
Time Resolution for simulation is 1ps
Compiling module unisims_ver.IBUF
Compiling module unisims_ver.MMCME4_ADV(CLKFBOUT_MULT_F=48.0,...
Compiling module unisims_ver.BUFG
Compiling module xil_defaultlib.clk_wiz_0_clk_wiz
Compiling module xil_defaultlib.clk_wiz_0
Compiling module xil_defaultlib.spi_master_mode0(CLK_DIV=5000000...
Compiling module xil_defaultlib.vio_0
Compiling module xil_defaultlib.ila_0
Compiling module xil_defaultlib.top_spi_master_mode0
Compiling module xil_defaultlib.glbl
Built simulation snapshot top_spi_master_mode0_behav
INFO: [USF-XSim-69] 'elaborate' step finished in '8' seconds
INFO: [USF-XSim-4] XSim::Simulate design
INFO: [USF-XSim-61] Executing 'SIMULATE' step in 'D:/FPGA/Vivaldo Project/INTERFACE/SPI/03_spi_flash_read_status/Vivado/03_spi_flash_read_status.sim/sim_1/behav/xsim'
INFO: [USF-XSim-98] *** Running xsim
   with args "top_spi_master_mode0_behav -key {Behavioral:sim_1:Functional:top_spi_master_mode0} -tclbatch {top_spi_master_mode0.tcl} -log {simulate.log}"
INFO: [USF-XSim-8] Loading simulator feature
Time resolution is 1 ps
source top_spi_master_mode0.tcl
# set curr_wave [current_wave_config]
# if { [string length $curr_wave] == 0 } {
#   if { [llength [get_objects]] > 0} {
#     add_wave /
#     set_property needs_save false [current_wave_config]
#   } else {
#      send_msg_id Add_Wave-1 WARNING "No top level signals found. Simulator will start without a wave window. If you want to open a wave window go to 'File->New Waveform Configuration' or type 'create_wave_config' in the TCL console."
#   }
# }
# run 1000ns
INFO: [USF-XSim-96] XSim completed. Design snapshot 'top_spi_master_mode0_behav' loaded.
INFO: [USF-XSim-97] XSim simulation ran for 1000ns
set_property top spi_master_mode0 [get_filesets sim_1]
set_property top_lib xil_defaultlib [get_filesets sim_1]
relaunch_sim
Command: launch_simulation -step compile -simset sim_1 -mode behavioral
INFO: [Vivado 12-12493] Simulation top is 'spi_master_mode0'
WARNING: [Vivado 12-13340] Unable to auto find GCC executables from simulator install path! (path not set)
WARNING: [Vivado 12-13277] Compiled library path does not exist: ''
INFO: [Vivado 12-5698] Checking validity of IPs in the design for the 'XSim' simulator...
INFO: [Vivado 12-5682] Launching behavioral simulation in 'D:/FPGA/Vivaldo Project/INTERFACE/SPI/03_spi_flash_read_status/Vivado/03_spi_flash_read_status.sim/sim_1/behav/xsim'
INFO: [Vivado 12-13660] Precompiled IP simulation library mode is enabled (default). The design IP libraries will be referenced from the compiled library path. Please note that if the precompiled version of the library is not found from the path or the IP is in locked state, then the library source files for these IPs will be compiled locally as part of the compile order.
INFO: [Vivado 12-4795] Using compiled simulation libraries for IPs
INFO: [SIM-utils-51] Simulation object is 'sim_1'
INFO: [SIM-utils-72] Using boost library from 'D:/Xilinx/Vivado/2022.2/tps/boost_1_72_0'
INFO: [USF-XSim-7] Finding pre-compiled libraries...
INFO: [USF-XSim-11] File 'D:/Xilinx/Vivado/2022.2/data/xsim/xsim.ini' copied to run dir:'D:/FPGA/Vivaldo Project/INTERFACE/SPI/03_spi_flash_read_status/Vivado/03_spi_flash_read_status.sim/sim_1/behav/xsim'
INFO: [SIM-utils-54] Inspecting design source files for 'spi_master_mode0' in fileset 'sim_1'...
INFO: [USF-XSim-97] Finding global include files...
INFO: [USF-XSim-98] Fetching design files from 'sim_1'...
INFO: [USF-XSim-2] XSim::Compile design
INFO: [USF-XSim-61] Executing 'COMPILE and ANALYZE' step in 'D:/FPGA/Vivaldo Project/INTERFACE/SPI/03_spi_flash_read_status/Vivado/03_spi_flash_read_status.sim/sim_1/behav/xsim'
"xvlog --incr --relax -prj spi_master_mode0_vlog.prj"
INFO: [USF-XSim-69] 'compile' step finished in '1' seconds
Command: launch_simulation -step elaborate -simset sim_1 -mode behavioral
INFO: [Vivado 12-12493] Simulation top is 'spi_master_mode0'
WARNING: [Vivado 12-13340] Unable to auto find GCC executables from simulator install path! (path not set)
WARNING: [Vivado 12-13277] Compiled library path does not exist: ''
INFO: [Vivado 12-5698] Checking validity of IPs in the design for the 'XSim' simulator...
INFO: [Vivado 12-5682] Launching behavioral simulation in 'D:/FPGA/Vivaldo Project/INTERFACE/SPI/03_spi_flash_read_status/Vivado/03_spi_flash_read_status.sim/sim_1/behav/xsim'
INFO: [Vivado 12-13660] Precompiled IP simulation library mode is enabled (default). The design IP libraries will be referenced from the compiled library path. Please note that if the precompiled version of the library is not found from the path or the IP is in locked state, then the library source files for these IPs will be compiled locally as part of the compile order.
INFO: [Vivado 12-4795] Using compiled simulation libraries for IPs
INFO: [SIM-utils-51] Simulation object is 'sim_1'
INFO: [USF-XSim-3] XSim::Elaborate design
INFO: [USF-XSim-61] Executing 'ELABORATE' step in 'D:/FPGA/Vivaldo Project/INTERFACE/SPI/03_spi_flash_read_status/Vivado/03_spi_flash_read_status.sim/sim_1/behav/xsim'
"xelab --incr --debug typical --relax --mt 2 -L xil_defaultlib -L unisims_ver -L unimacro_ver -L secureip -L xpm --snapshot spi_master_mode0_behav xil_defaultlib.spi_master_mode0 xil_defaultlib.glbl -log elaborate.log"
Vivado Simulator v2022.2
Copyright 1986-1999, 2001-2022 Xilinx, Inc. All Rights Reserved.
Running: D:/Xilinx/Vivado/2022.2/bin/unwrapped/win64.o/xelab.exe --incr --debug typical --relax --mt 2 -L xil_defaultlib -L unisims_ver -L unimacro_ver -L secureip -L xpm --snapshot spi_master_mode0_behav xil_defaultlib.spi_master_mode0 xil_defaultlib.glbl -log elaborate.log 
Using 2 slave threads.
Starting static elaboration
Pass Through NonSizing Optimizer
Completed static elaboration
Starting simulation data flow analysis
Completed simulation data flow analysis
Time Resolution for simulation is 1ps
Compiling module xil_defaultlib.spi_master_mode0
Compiling module xil_defaultlib.glbl
Built simulation snapshot spi_master_mode0_behav
INFO: [USF-XSim-69] 'elaborate' step finished in '2' seconds
Time resolution is 1 ps
launch_simulation
Command: launch_simulation 
INFO: [Vivado 12-12493] Simulation top is 'spi_master_mode0'
WARNING: [Vivado 12-13340] Unable to auto find GCC executables from simulator install path! (path not set)
boost::filesystem::remove: The process cannot access the file because it is being used by another process: "D:/FPGA/Vivaldo Project/INTERFACE/SPI/03_spi_flash_read_status/Vivado/03_spi_flash_read_status.sim/sim_1/behav/xsim/simulate.log"
reset_simulation -simset sim_1 -mode behavioral
INFO: [Vivado 12-2266] Removing simulation data...
WARNING: [Vivado 12-3661] Failed to remove file:D:/FPGA/Vivaldo Project/INTERFACE/SPI/03_spi_flash_read_status/Vivado/03_spi_flash_read_status.sim/sim_1/behav/xsim/simulate.log
WARNING: [Vivado 12-3661] Failed to remove file:D:/FPGA/Vivaldo Project/INTERFACE/SPI/03_spi_flash_read_status/Vivado/03_spi_flash_read_status.sim/sim_1/behav/xsim/top_spi_master_mode0_behav.wdb
WARNING: [Vivado 12-3661] Failed to remove file:D:/FPGA/Vivaldo Project/INTERFACE/SPI/03_spi_flash_read_status/Vivado/03_spi_flash_read_status.sim/sim_1/behav/xsim/xsim.dir/top_spi_master_mode0_behav/xsim.xdbg
WARNING: [Vivado 12-3661] Failed to remove file:D:/FPGA/Vivaldo Project/INTERFACE/SPI/03_spi_flash_read_status/Vivado/03_spi_flash_read_status.sim/sim_1/behav/xsim/xsim.dir/top_spi_master_mode0_behav/xsimcrash.log
WARNING: [Vivado 12-3661] Failed to remove file:D:/FPGA/Vivaldo Project/INTERFACE/SPI/03_spi_flash_read_status/Vivado/03_spi_flash_read_status.sim/sim_1/behav/xsim/xsim.dir/top_spi_master_mode0_behav/xsimk.exe
WARNING: [Vivado 12-3661] Failed to remove file:D:/FPGA/Vivaldo Project/INTERFACE/SPI/03_spi_flash_read_status/Vivado/03_spi_flash_read_status.sim/sim_1/behav/xsim/xsim.dir/top_spi_master_mode0_behav/xsimkernel.log
WARNING: [Vivado 12-4421] Failed to remove directory:D:/FPGA/Vivaldo Project/INTERFACE/SPI/03_spi_flash_read_status/Vivado/03_spi_flash_read_status.sim/sim_1/behav/xsim/xsim.dir/top_spi_master_mode0_behav
WARNING: [Vivado 12-4421] Failed to remove directory:D:/FPGA/Vivaldo Project/INTERFACE/SPI/03_spi_flash_read_status/Vivado/03_spi_flash_read_status.sim/sim_1/behav/xsim/xsim.dir
INFO: [Vivado 12-2267] Reset complete
launch_simulation
Command: launch_simulation 
INFO: [Vivado 12-12493] Simulation top is 'spi_master_mode0'
WARNING: [Vivado 12-13340] Unable to auto find GCC executables from simulator install path! (path not set)
boost::filesystem::remove: The process cannot access the file because it is being used by another process: "D:/FPGA/Vivaldo Project/INTERFACE/SPI/03_spi_flash_read_status/Vivado/03_spi_flash_read_status.sim/sim_1/behav/xsim/simulate.log"
close_sim
INFO: [Simtcl 6-16] Simulation closed
launch_simulation
Command: launch_simulation 
INFO: [Vivado 12-12493] Simulation top is 'spi_master_mode0'
WARNING: [Vivado 12-13340] Unable to auto find GCC executables from simulator install path! (path not set)
WARNING: [Vivado 12-13277] Compiled library path does not exist: ''
INFO: [Vivado 12-5698] Checking validity of IPs in the design for the 'XSim' simulator...
INFO: [Vivado 12-5682] Launching behavioral simulation in 'D:/FPGA/Vivaldo Project/INTERFACE/SPI/03_spi_flash_read_status/Vivado/03_spi_flash_read_status.sim/sim_1/behav/xsim'
INFO: [Vivado 12-13660] Precompiled IP simulation library mode is enabled (default). The design IP libraries will be referenced from the compiled library path. Please note that if the precompiled version of the library is not found from the path or the IP is in locked state, then the library source files for these IPs will be compiled locally as part of the compile order.
INFO: [Vivado 12-4795] Using compiled simulation libraries for IPs
INFO: [SIM-utils-51] Simulation object is 'sim_1'
INFO: [SIM-utils-72] Using boost library from 'D:/Xilinx/Vivado/2022.2/tps/boost_1_72_0'
INFO: [USF-XSim-7] Finding pre-compiled libraries...
INFO: [USF-XSim-11] File 'D:/Xilinx/Vivado/2022.2/data/xsim/xsim.ini' copied to run dir:'D:/FPGA/Vivaldo Project/INTERFACE/SPI/03_spi_flash_read_status/Vivado/03_spi_flash_read_status.sim/sim_1/behav/xsim'
INFO: [SIM-utils-54] Inspecting design source files for 'spi_master_mode0' in fileset 'sim_1'...
INFO: [USF-XSim-97] Finding global include files...
INFO: [USF-XSim-98] Fetching design files from 'sim_1'...
INFO: [USF-XSim-2] XSim::Compile design
INFO: [USF-XSim-61] Executing 'COMPILE and ANALYZE' step in 'D:/FPGA/Vivaldo Project/INTERFACE/SPI/03_spi_flash_read_status/Vivado/03_spi_flash_read_status.sim/sim_1/behav/xsim'
"xvlog --incr --relax -prj spi_master_mode0_vlog.prj"
INFO: [VRFC 10-2263] Analyzing Verilog file "D:/FPGA/Vivaldo Project/INTERFACE/SPI/03_spi_flash_read_status/Vivado/03_spi_flash_read_status.srcs/sources_1/new/03_spi_flash_read_status.v" into library xil_defaultlib
INFO: [VRFC 10-311] analyzing module spi_master_mode0
WARNING: [VRFC 10-8497] literal value 'd10 truncated to fit in 3 bits [D:/FPGA/Vivaldo Project/INTERFACE/SPI/03_spi_flash_read_status/Vivado/03_spi_flash_read_status.srcs/sources_1/new/03_spi_flash_read_status.v:41]
WARNING: [VRFC 10-3380] identifier 'MAX_BYTE_SEND' is used before its declaration [D:/FPGA/Vivaldo Project/INTERFACE/SPI/03_spi_flash_read_status/Vivado/03_spi_flash_read_status.srcs/sources_1/new/03_spi_flash_read_status.v:30]
WARNING: [VRFC 10-3380] identifier 'MAX_BYTE_SEND' is used before its declaration [D:/FPGA/Vivaldo Project/INTERFACE/SPI/03_spi_flash_read_status/Vivado/03_spi_flash_read_status.srcs/sources_1/new/03_spi_flash_read_status.v:34]
INFO: [VRFC 10-2263] Analyzing Verilog file "D:/FPGA/Vivaldo Project/INTERFACE/SPI/03_spi_flash_read_status/Vivado/03_spi_flash_read_status.sim/sim_1/behav/xsim/glbl.v" into library xil_defaultlib
INFO: [VRFC 10-311] analyzing module glbl
INFO: [USF-XSim-69] 'compile' step finished in '2' seconds
INFO: [USF-XSim-3] XSim::Elaborate design
INFO: [USF-XSim-61] Executing 'ELABORATE' step in 'D:/FPGA/Vivaldo Project/INTERFACE/SPI/03_spi_flash_read_status/Vivado/03_spi_flash_read_status.sim/sim_1/behav/xsim'
"xelab --incr --debug typical --relax --mt 2 -L xil_defaultlib -L unisims_ver -L unimacro_ver -L secureip -L xpm --snapshot spi_master_mode0_behav xil_defaultlib.spi_master_mode0 xil_defaultlib.glbl -log elaborate.log"
Vivado Simulator v2022.2
Copyright 1986-1999, 2001-2022 Xilinx, Inc. All Rights Reserved.
Running: D:/Xilinx/Vivado/2022.2/bin/unwrapped/win64.o/xelab.exe --incr --debug typical --relax --mt 2 -L xil_defaultlib -L unisims_ver -L unimacro_ver -L secureip -L xpm --snapshot spi_master_mode0_behav xil_defaultlib.spi_master_mode0 xil_defaultlib.glbl -log elaborate.log 
Using 2 slave threads.
Starting static elaboration
Pass Through NonSizing Optimizer
Completed static elaboration
Starting simulation data flow analysis
Completed simulation data flow analysis
Time Resolution for simulation is 1ps
Compiling module xil_defaultlib.spi_master_mode0
Compiling module xil_defaultlib.glbl
Built simulation snapshot spi_master_mode0_behav
INFO: [USF-XSim-69] 'elaborate' step finished in '2' seconds
INFO: [USF-XSim-4] XSim::Simulate design
INFO: [USF-XSim-61] Executing 'SIMULATE' step in 'D:/FPGA/Vivaldo Project/INTERFACE/SPI/03_spi_flash_read_status/Vivado/03_spi_flash_read_status.sim/sim_1/behav/xsim'
INFO: [USF-XSim-98] *** Running xsim
   with args "spi_master_mode0_behav -key {Behavioral:sim_1:Functional:spi_master_mode0} -tclbatch {spi_master_mode0.tcl} -log {simulate.log}"
INFO: [USF-XSim-8] Loading simulator feature
Time resolution is 1 ps
source spi_master_mode0.tcl
# set curr_wave [current_wave_config]
# if { [string length $curr_wave] == 0 } {
#   if { [llength [get_objects]] > 0} {
#     add_wave /
#     set_property needs_save false [current_wave_config]
#   } else {
#      send_msg_id Add_Wave-1 WARNING "No top level signals found. Simulator will start without a wave window. If you want to open a wave window go to 'File->New Waveform Configuration' or type 'create_wave_config' in the TCL console."
#   }
# }
# run 1000ns
INFO: [USF-XSim-96] XSim completed. Design snapshot 'spi_master_mode0_behav' loaded.
INFO: [USF-XSim-97] XSim simulation ran for 1000ns
file mkdir D:/FPGA/Vivaldo Project/INTERFACE/SPI/03_spi_flash_read_status/Vivado/03_spi_flash_read_status.srcs/sim_1/new
file mkdir D:/FPGA/Vivaldo Project/INTERFACE/SPI/03_spi_flash_read_status/Vivado/03_spi_flash_read_status.srcs/sim_1/new
file mkdir D:/FPGA/Vivaldo Project/INTERFACE/SPI/03_spi_flash_read_status/Vivado/03_spi_flash_read_status.srcs/sim_1/new
file mkdir D:/FPGA/Vivaldo Project/INTERFACE/SPI/03_spi_flash_read_status/Vivado/03_spi_flash_read_status.srcs/sim_1/new
file mkdir D:/FPGA/Vivaldo Project/INTERFACE/SPI/03_spi_flash_read_status/Vivado/03_spi_flash_read_status.srcs/sim_1/new
set_property SOURCE_SET sources_1 [get_filesets sim_1]
file mkdir D:/FPGA/Vivaldo Project/INTERFACE/SPI/03_spi_flash_read_status/Vivado/03_spi_flash_read_status.srcs/sim_1/new
file mkdir {D:/FPGA/Vivaldo Project/INTERFACE/SPI/03_spi_flash_read_status/Vivado/03_spi_flash_read_status.srcs/sim_1/new}
close [ open {D:/FPGA/Vivaldo Project/INTERFACE/SPI/03_spi_flash_read_status/Vivado/03_spi_flash_read_status.srcs/sim_1/new/tb.v} w ]
add_files -fileset sim_1 {{D:/FPGA/Vivaldo Project/INTERFACE/SPI/03_spi_flash_read_status/Vivado/03_spi_flash_read_status.srcs/sim_1/new/tb.v}}
update_compile_order -fileset sim_1
close_sim
INFO: [Simtcl 6-16] Simulation closed
launch_simulation
Command: launch_simulation 
INFO: [Vivado 12-12493] Simulation top is 'spi_master_mode0'
WARNING: [Vivado 12-13340] Unable to auto find GCC executables from simulator install path! (path not set)
WARNING: [Vivado 12-13277] Compiled library path does not exist: ''
INFO: [Vivado 12-5698] Checking validity of IPs in the design for the 'XSim' simulator...
INFO: [Vivado 12-5682] Launching behavioral simulation in 'D:/FPGA/Vivaldo Project/INTERFACE/SPI/03_spi_flash_read_status/Vivado/03_spi_flash_read_status.sim/sim_1/behav/xsim'
INFO: [Vivado 12-13660] Precompiled IP simulation library mode is enabled (default). The design IP libraries will be referenced from the compiled library path. Please note that if the precompiled version of the library is not found from the path or the IP is in locked state, then the library source files for these IPs will be compiled locally as part of the compile order.
INFO: [Vivado 12-4795] Using compiled simulation libraries for IPs
INFO: [SIM-utils-51] Simulation object is 'sim_1'
INFO: [SIM-utils-72] Using boost library from 'D:/Xilinx/Vivado/2022.2/tps/boost_1_72_0'
INFO: [USF-XSim-7] Finding pre-compiled libraries...
INFO: [USF-XSim-11] File 'D:/Xilinx/Vivado/2022.2/data/xsim/xsim.ini' copied to run dir:'D:/FPGA/Vivaldo Project/INTERFACE/SPI/03_spi_flash_read_status/Vivado/03_spi_flash_read_status.sim/sim_1/behav/xsim'
INFO: [SIM-utils-54] Inspecting design source files for 'spi_master_mode0' in fileset 'sim_1'...
INFO: [USF-XSim-97] Finding global include files...
INFO: [USF-XSim-98] Fetching design files from 'sim_1'...
INFO: [USF-XSim-2] XSim::Compile design
INFO: [USF-XSim-61] Executing 'COMPILE and ANALYZE' step in 'D:/FPGA/Vivaldo Project/INTERFACE/SPI/03_spi_flash_read_status/Vivado/03_spi_flash_read_status.sim/sim_1/behav/xsim'
"xvlog --incr --relax -prj spi_master_mode0_vlog.prj"
INFO: [USF-XSim-69] 'compile' step finished in '2' seconds
INFO: [USF-XSim-3] XSim::Elaborate design
INFO: [USF-XSim-61] Executing 'ELABORATE' step in 'D:/FPGA/Vivaldo Project/INTERFACE/SPI/03_spi_flash_read_status/Vivado/03_spi_flash_read_status.sim/sim_1/behav/xsim'
"xelab --incr --debug typical --relax --mt 2 -L xil_defaultlib -L unisims_ver -L unimacro_ver -L secureip -L xpm --snapshot spi_master_mode0_behav xil_defaultlib.spi_master_mode0 xil_defaultlib.glbl -log elaborate.log"
Vivado Simulator v2022.2
Copyright 1986-1999, 2001-2022 Xilinx, Inc. All Rights Reserved.
Running: D:/Xilinx/Vivado/2022.2/bin/unwrapped/win64.o/xelab.exe --incr --debug typical --relax --mt 2 -L xil_defaultlib -L unisims_ver -L unimacro_ver -L secureip -L xpm --snapshot spi_master_mode0_behav xil_defaultlib.spi_master_mode0 xil_defaultlib.glbl -log elaborate.log 
Using 2 slave threads.
Starting static elaboration
Pass Through NonSizing Optimizer
Completed static elaboration
INFO: [XSIM 43-4323] No Change in HDL. Linking previously generated obj files to create kernel
INFO: [USF-XSim-69] 'elaborate' step finished in '1' seconds
INFO: [USF-XSim-4] XSim::Simulate design
INFO: [USF-XSim-61] Executing 'SIMULATE' step in 'D:/FPGA/Vivaldo Project/INTERFACE/SPI/03_spi_flash_read_status/Vivado/03_spi_flash_read_status.sim/sim_1/behav/xsim'
INFO: [USF-XSim-98] *** Running xsim
   with args "spi_master_mode0_behav -key {Behavioral:sim_1:Functional:spi_master_mode0} -tclbatch {spi_master_mode0.tcl} -log {simulate.log}"
INFO: [USF-XSim-8] Loading simulator feature
Time resolution is 1 ps
source spi_master_mode0.tcl
# set curr_wave [current_wave_config]
# if { [string length $curr_wave] == 0 } {
#   if { [llength [get_objects]] > 0} {
#     add_wave /
#     set_property needs_save false [current_wave_config]
#   } else {
#      send_msg_id Add_Wave-1 WARNING "No top level signals found. Simulator will start without a wave window. If you want to open a wave window go to 'File->New Waveform Configuration' or type 'create_wave_config' in the TCL console."
#   }
# }
# run 1000ns
INFO: [USF-XSim-96] XSim completed. Design snapshot 'spi_master_mode0_behav' loaded.
INFO: [USF-XSim-97] XSim simulation ran for 1000ns
current_wave_config {Untitled 3}
Untitled 3
add_wave {{/spi_master_mode0/clk}} {{/spi_master_mode0/rst_n}} {{/spi_master_mode0/start}} {{/spi_master_mode0/byte_transfer}} {{/spi_master_mode0/data_in}} {{/spi_master_mode0/done}} {{/spi_master_mode0/busy}} {{/spi_master_mode0/data_out}} {{/spi_master_mode0/spi_clk}} {{/spi_master_mode0/spi_mosi}} {{/spi_master_mode0/spi_cs_n}} {{/spi_master_mode0/spi_miso}} {{/spi_master_mode0/d_start}} {{/spi_master_mode0/rasing_edge_start}} {{/spi_master_mode0/reg_data_in}} {{/spi_master_mode0/state}} {{/spi_master_mode0/next_state}} {{/spi_master_mode0/cnt_clk}} {{/spi_master_mode0/cnt_bit}} {{/spi_master_mode0/data_shift}} {{/spi_master_mode0/CLK_DIV}} {{/spi_master_mode0/MAX_BYTE_SEND}} {{/spi_master_mode0/IDLE}} {{/spi_master_mode0/INSE}} {{/spi_master_mode0/TRAN}} {{/spi_master_mode0/FINI}} 
set_property top tb [get_filesets sim_1]
set_property top_lib xil_defaultlib [get_filesets sim_1]
update_compile_order -fileset sim_1
close_sim
INFO: [Simtcl 6-16] Simulation closed
launch_simulation
Command: launch_simulation 
INFO: [Vivado 12-12493] Simulation top is 'tb'
WARNING: [Vivado 12-13340] Unable to auto find GCC executables from simulator install path! (path not set)
WARNING: [Vivado 12-13277] Compiled library path does not exist: ''
INFO: [Vivado 12-5698] Checking validity of IPs in the design for the 'XSim' simulator...
INFO: [Vivado 12-5682] Launching behavioral simulation in 'D:/FPGA/Vivaldo Project/INTERFACE/SPI/03_spi_flash_read_status/Vivado/03_spi_flash_read_status.sim/sim_1/behav/xsim'
INFO: [Vivado 12-13660] Precompiled IP simulation library mode is enabled (default). The design IP libraries will be referenced from the compiled library path. Please note that if the precompiled version of the library is not found from the path or the IP is in locked state, then the library source files for these IPs will be compiled locally as part of the compile order.
INFO: [Vivado 12-4795] Using compiled simulation libraries for IPs
INFO: [SIM-utils-51] Simulation object is 'sim_1'
INFO: [SIM-utils-72] Using boost library from 'D:/Xilinx/Vivado/2022.2/tps/boost_1_72_0'
INFO: [USF-XSim-7] Finding pre-compiled libraries...
INFO: [USF-XSim-11] File 'D:/Xilinx/Vivado/2022.2/data/xsim/xsim.ini' copied to run dir:'D:/FPGA/Vivaldo Project/INTERFACE/SPI/03_spi_flash_read_status/Vivado/03_spi_flash_read_status.sim/sim_1/behav/xsim'
INFO: [SIM-utils-54] Inspecting design source files for 'tb' in fileset 'sim_1'...
INFO: [USF-XSim-97] Finding global include files...
INFO: [USF-XSim-98] Fetching design files from 'sim_1'...
INFO: [USF-XSim-2] XSim::Compile design
INFO: [USF-XSim-61] Executing 'COMPILE and ANALYZE' step in 'D:/FPGA/Vivaldo Project/INTERFACE/SPI/03_spi_flash_read_status/Vivado/03_spi_flash_read_status.sim/sim_1/behav/xsim'
"xvlog --incr --relax -prj tb_vlog.prj"
INFO: [VRFC 10-2263] Analyzing Verilog file "D:/FPGA/Vivaldo Project/INTERFACE/SPI/03_spi_flash_read_status/Vivado/03_spi_flash_read_status.srcs/sim_1/new/tb.v" into library xil_defaultlib
INFO: [VRFC 10-311] analyzing module tb
INFO: [USF-XSim-69] 'compile' step finished in '2' seconds
INFO: [USF-XSim-3] XSim::Elaborate design
INFO: [USF-XSim-61] Executing 'ELABORATE' step in 'D:/FPGA/Vivaldo Project/INTERFACE/SPI/03_spi_flash_read_status/Vivado/03_spi_flash_read_status.sim/sim_1/behav/xsim'
"xelab --incr --debug typical --relax --mt 2 -L xil_defaultlib -L unisims_ver -L unimacro_ver -L secureip -L xpm --snapshot tb_behav xil_defaultlib.tb xil_defaultlib.glbl -log elaborate.log"
Vivado Simulator v2022.2
Copyright 1986-1999, 2001-2022 Xilinx, Inc. All Rights Reserved.
Running: D:/Xilinx/Vivado/2022.2/bin/unwrapped/win64.o/xelab.exe --incr --debug typical --relax --mt 2 -L xil_defaultlib -L unisims_ver -L unimacro_ver -L secureip -L xpm --snapshot tb_behav xil_defaultlib.tb xil_defaultlib.glbl -log elaborate.log 
Using 2 slave threads.
Starting static elaboration
Pass Through NonSizing Optimizer
WARNING: [VRFC 10-3091] actual bit length 1 differs from formal bit length 4 for port 'byte_transfer' [D:/FPGA/Vivaldo Project/INTERFACE/SPI/03_spi_flash_read_status/Vivado/03_spi_flash_read_status.srcs/sim_1/new/tb.v:42]
Completed static elaboration
Starting simulation data flow analysis
Completed simulation data flow analysis
Time Resolution for simulation is 1ps
Compiling module xil_defaultlib.spi_master_mode0(CLK_DIV=5000000...
Compiling module xil_defaultlib.tb
Compiling module xil_defaultlib.glbl
Built simulation snapshot tb_behav
INFO: [USF-XSim-69] 'elaborate' step finished in '2' seconds
INFO: [USF-XSim-4] XSim::Simulate design
INFO: [USF-XSim-61] Executing 'SIMULATE' step in 'D:/FPGA/Vivaldo Project/INTERFACE/SPI/03_spi_flash_read_status/Vivado/03_spi_flash_read_status.sim/sim_1/behav/xsim'
INFO: [USF-XSim-98] *** Running xsim
   with args "tb_behav -key {Behavioral:sim_1:Functional:tb} -tclbatch {tb.tcl} -log {simulate.log}"
INFO: [USF-XSim-8] Loading simulator feature
Time resolution is 1 ps
source tb.tcl
# set curr_wave [current_wave_config]
# if { [string length $curr_wave] == 0 } {
#   if { [llength [get_objects]] > 0} {
#     add_wave /
#     set_property needs_save false [current_wave_config]
#   } else {
#      send_msg_id Add_Wave-1 WARNING "No top level signals found. Simulator will start without a wave window. If you want to open a wave window go to 'File->New Waveform Configuration' or type 'create_wave_config' in the TCL console."
#   }
# }
# run 1000ns
INFO: [USF-XSim-96] XSim completed. Design snapshot 'tb_behav' loaded.
INFO: [USF-XSim-97] XSim simulation ran for 1000ns
current_wave_config {Untitled 4}
Untitled 4
add_wave {{/tb/spi_master_mode0/clk}} {{/tb/spi_master_mode0/rst_n}} {{/tb/spi_master_mode0/start}} {{/tb/spi_master_mode0/byte_transfer}} {{/tb/spi_master_mode0/data_in}} {{/tb/spi_master_mode0/done}} {{/tb/spi_master_mode0/busy}} {{/tb/spi_master_mode0/data_out}} {{/tb/spi_master_mode0/spi_clk}} {{/tb/spi_master_mode0/spi_mosi}} {{/tb/spi_master_mode0/spi_cs_n}} {{/tb/spi_master_mode0/spi_miso}} {{/tb/spi_master_mode0/d_start}} {{/tb/spi_master_mode0/rasing_edge_start}} {{/tb/spi_master_mode0/reg_data_in}} {{/tb/spi_master_mode0/state}} {{/tb/spi_master_mode0/next_state}} {{/tb/spi_master_mode0/cnt_clk}} {{/tb/spi_master_mode0/cnt_bit}} {{/tb/spi_master_mode0/data_shift}} {{/tb/spi_master_mode0/CLK_DIV}} {{/tb/spi_master_mode0/MAX_BYTE_SEND}} {{/tb/spi_master_mode0/IDLE}} {{/tb/spi_master_mode0/INSE}} {{/tb/spi_master_mode0/TRAN}} {{/tb/spi_master_mode0/FINI}} 
relaunch_sim
Command: launch_simulation -step compile -simset sim_1 -mode behavioral
INFO: [Vivado 12-12493] Simulation top is 'tb'
WARNING: [Vivado 12-13340] Unable to auto find GCC executables from simulator install path! (path not set)
WARNING: [Vivado 12-13277] Compiled library path does not exist: ''
INFO: [Vivado 12-5698] Checking validity of IPs in the design for the 'XSim' simulator...
INFO: [Vivado 12-5682] Launching behavioral simulation in 'D:/FPGA/Vivaldo Project/INTERFACE/SPI/03_spi_flash_read_status/Vivado/03_spi_flash_read_status.sim/sim_1/behav/xsim'
INFO: [Vivado 12-13660] Precompiled IP simulation library mode is enabled (default). The design IP libraries will be referenced from the compiled library path. Please note that if the precompiled version of the library is not found from the path or the IP is in locked state, then the library source files for these IPs will be compiled locally as part of the compile order.
INFO: [Vivado 12-4795] Using compiled simulation libraries for IPs
INFO: [SIM-utils-51] Simulation object is 'sim_1'
INFO: [USF-XSim-2] XSim::Compile design
INFO: [USF-XSim-61] Executing 'COMPILE and ANALYZE' step in 'D:/FPGA/Vivaldo Project/INTERFACE/SPI/03_spi_flash_read_status/Vivado/03_spi_flash_read_status.sim/sim_1/behav/xsim'
"xvlog --incr --relax -prj tb_vlog.prj"
INFO: [USF-XSim-69] 'compile' step finished in '1' seconds
Command: launch_simulation -step elaborate -simset sim_1 -mode behavioral
INFO: [Vivado 12-12493] Simulation top is 'tb'
WARNING: [Vivado 12-13340] Unable to auto find GCC executables from simulator install path! (path not set)
WARNING: [Vivado 12-13277] Compiled library path does not exist: ''
INFO: [Vivado 12-5698] Checking validity of IPs in the design for the 'XSim' simulator...
INFO: [Vivado 12-5682] Launching behavioral simulation in 'D:/FPGA/Vivaldo Project/INTERFACE/SPI/03_spi_flash_read_status/Vivado/03_spi_flash_read_status.sim/sim_1/behav/xsim'
INFO: [Vivado 12-13660] Precompiled IP simulation library mode is enabled (default). The design IP libraries will be referenced from the compiled library path. Please note that if the precompiled version of the library is not found from the path or the IP is in locked state, then the library source files for these IPs will be compiled locally as part of the compile order.
INFO: [Vivado 12-4795] Using compiled simulation libraries for IPs
INFO: [SIM-utils-51] Simulation object is 'sim_1'
INFO: [USF-XSim-3] XSim::Elaborate design
INFO: [USF-XSim-61] Executing 'ELABORATE' step in 'D:/FPGA/Vivaldo Project/INTERFACE/SPI/03_spi_flash_read_status/Vivado/03_spi_flash_read_status.sim/sim_1/behav/xsim'
"xelab --incr --debug typical --relax --mt 2 -L xil_defaultlib -L unisims_ver -L unimacro_ver -L secureip -L xpm --snapshot tb_behav xil_defaultlib.tb xil_defaultlib.glbl -log elaborate.log"
Vivado Simulator v2022.2
Copyright 1986-1999, 2001-2022 Xilinx, Inc. All Rights Reserved.
Running: D:/Xilinx/Vivado/2022.2/bin/unwrapped/win64.o/xelab.exe --incr --debug typical --relax --mt 2 -L xil_defaultlib -L unisims_ver -L unimacro_ver -L secureip -L xpm --snapshot tb_behav xil_defaultlib.tb xil_defaultlib.glbl -log elaborate.log 
Using 2 slave threads.
Starting static elaboration
Pass Through NonSizing Optimizer
WARNING: [VRFC 10-3091] actual bit length 1 differs from formal bit length 4 for port 'byte_transfer' [D:/FPGA/Vivaldo Project/INTERFACE/SPI/03_spi_flash_read_status/Vivado/03_spi_flash_read_status.srcs/sim_1/new/tb.v:42]
Completed static elaboration
INFO: [XSIM 43-4323] No Change in HDL. Linking previously generated obj files to create kernel
INFO: [USF-XSim-69] 'elaborate' step finished in '2' seconds
Time resolution is 1 ps
save_wave_config {D:/FPGA/Vivaldo Project/INTERFACE/SPI/03_spi_flash_read_status/Vivado/tb_behav.wcfg}
add_files -fileset sim_1 -norecurse {{D:/FPGA/Vivaldo Project/INTERFACE/SPI/03_spi_flash_read_status/Vivado/tb_behav.wcfg}}
set_property xsim.view {{D:/FPGA/Vivaldo Project/INTERFACE/SPI/03_spi_flash_read_status/Vivado/tb_behav.wcfg}} [get_filesets sim_1]
relaunch_sim
Command: launch_simulation -step compile -simset sim_1 -mode behavioral
INFO: [Vivado 12-12493] Simulation top is 'tb'
WARNING: [Vivado 12-13340] Unable to auto find GCC executables from simulator install path! (path not set)
WARNING: [Vivado 12-13277] Compiled library path does not exist: ''
INFO: [Vivado 12-5698] Checking validity of IPs in the design for the 'XSim' simulator...
INFO: [Vivado 12-5682] Launching behavioral simulation in 'D:/FPGA/Vivaldo Project/INTERFACE/SPI/03_spi_flash_read_status/Vivado/03_spi_flash_read_status.sim/sim_1/behav/xsim'
INFO: [Vivado 12-13660] Precompiled IP simulation library mode is enabled (default). The design IP libraries will be referenced from the compiled library path. Please note that if the precompiled version of the library is not found from the path or the IP is in locked state, then the library source files for these IPs will be compiled locally as part of the compile order.
INFO: [Vivado 12-4795] Using compiled simulation libraries for IPs
INFO: [SIM-utils-51] Simulation object is 'sim_1'
INFO: [USF-XSim-2] XSim::Compile design
INFO: [USF-XSim-61] Executing 'COMPILE and ANALYZE' step in 'D:/FPGA/Vivaldo Project/INTERFACE/SPI/03_spi_flash_read_status/Vivado/03_spi_flash_read_status.sim/sim_1/behav/xsim'
"xvlog --incr --relax -prj tb_vlog.prj"
INFO: [VRFC 10-2263] Analyzing Verilog file "D:/FPGA/Vivaldo Project/INTERFACE/SPI/03_spi_flash_read_status/Vivado/03_spi_flash_read_status.srcs/sources_1/new/03_spi_flash_read_status.v" into library xil_defaultlib
INFO: [VRFC 10-311] analyzing module spi_master_mode0
WARNING: [VRFC 10-8497] literal value 'd10 truncated to fit in 3 bits [D:/FPGA/Vivaldo Project/INTERFACE/SPI/03_spi_flash_read_status/Vivado/03_spi_flash_read_status.srcs/sources_1/new/03_spi_flash_read_status.v:41]
WARNING: [VRFC 10-3380] identifier 'MAX_BYTE_SEND' is used before its declaration [D:/FPGA/Vivaldo Project/INTERFACE/SPI/03_spi_flash_read_status/Vivado/03_spi_flash_read_status.srcs/sources_1/new/03_spi_flash_read_status.v:30]
WARNING: [VRFC 10-3380] identifier 'MAX_BYTE_SEND' is used before its declaration [D:/FPGA/Vivaldo Project/INTERFACE/SPI/03_spi_flash_read_status/Vivado/03_spi_flash_read_status.srcs/sources_1/new/03_spi_flash_read_status.v:34]
INFO: [VRFC 10-2263] Analyzing Verilog file "D:/FPGA/Vivaldo Project/INTERFACE/SPI/03_spi_flash_read_status/Vivado/03_spi_flash_read_status.srcs/sim_1/new/tb.v" into library xil_defaultlib
INFO: [VRFC 10-311] analyzing module tb
INFO: [USF-XSim-69] 'compile' step finished in '2' seconds
Command: launch_simulation -step elaborate -simset sim_1 -mode behavioral
INFO: [Vivado 12-12493] Simulation top is 'tb'
WARNING: [Vivado 12-13340] Unable to auto find GCC executables from simulator install path! (path not set)
WARNING: [Vivado 12-13277] Compiled library path does not exist: ''
INFO: [Vivado 12-5698] Checking validity of IPs in the design for the 'XSim' simulator...
INFO: [Vivado 12-5682] Launching behavioral simulation in 'D:/FPGA/Vivaldo Project/INTERFACE/SPI/03_spi_flash_read_status/Vivado/03_spi_flash_read_status.sim/sim_1/behav/xsim'
INFO: [Vivado 12-13660] Precompiled IP simulation library mode is enabled (default). The design IP libraries will be referenced from the compiled library path. Please note that if the precompiled version of the library is not found from the path or the IP is in locked state, then the library source files for these IPs will be compiled locally as part of the compile order.
INFO: [Vivado 12-4795] Using compiled simulation libraries for IPs
INFO: [SIM-utils-51] Simulation object is 'sim_1'
INFO: [USF-XSim-3] XSim::Elaborate design
INFO: [USF-XSim-61] Executing 'ELABORATE' step in 'D:/FPGA/Vivaldo Project/INTERFACE/SPI/03_spi_flash_read_status/Vivado/03_spi_flash_read_status.sim/sim_1/behav/xsim'
"xelab --incr --debug typical --relax --mt 2 -L xil_defaultlib -L unisims_ver -L unimacro_ver -L secureip -L xpm --snapshot tb_behav xil_defaultlib.tb xil_defaultlib.glbl -log elaborate.log"
Vivado Simulator v2022.2
Copyright 1986-1999, 2001-2022 Xilinx, Inc. All Rights Reserved.
Running: D:/Xilinx/Vivado/2022.2/bin/unwrapped/win64.o/xelab.exe --incr --debug typical --relax --mt 2 -L xil_defaultlib -L unisims_ver -L unimacro_ver -L secureip -L xpm --snapshot tb_behav xil_defaultlib.tb xil_defaultlib.glbl -log elaborate.log 
Using 2 slave threads.
Starting static elaboration
Pass Through NonSizing Optimizer
WARNING: [VRFC 10-3091] actual bit length 64 differs from formal bit length 16 for port 'data_in' [D:/FPGA/Vivaldo Project/INTERFACE/SPI/03_spi_flash_read_status/Vivado/03_spi_flash_read_status.srcs/sim_1/new/tb.v:42]
Completed static elaboration
Starting simulation data flow analysis
Completed simulation data flow analysis
Time Resolution for simulation is 1ps
Compiling module xil_defaultlib.spi_master_mode0(CLK_DIV=5000000...
Compiling module xil_defaultlib.tb
Compiling module xil_defaultlib.glbl
Built simulation snapshot tb_behav
INFO: [USF-XSim-69] 'elaborate' step finished in '2' seconds
Time resolution is 1 ps
relaunch_sim
Command: launch_simulation -step compile -simset sim_1 -mode behavioral
INFO: [Vivado 12-12493] Simulation top is 'tb'
WARNING: [Vivado 12-13340] Unable to auto find GCC executables from simulator install path! (path not set)
WARNING: [Vivado 12-13277] Compiled library path does not exist: ''
INFO: [Vivado 12-5698] Checking validity of IPs in the design for the 'XSim' simulator...
INFO: [Vivado 12-5682] Launching behavioral simulation in 'D:/FPGA/Vivaldo Project/INTERFACE/SPI/03_spi_flash_read_status/Vivado/03_spi_flash_read_status.sim/sim_1/behav/xsim'
INFO: [Vivado 12-13660] Precompiled IP simulation library mode is enabled (default). The design IP libraries will be referenced from the compiled library path. Please note that if the precompiled version of the library is not found from the path or the IP is in locked state, then the library source files for these IPs will be compiled locally as part of the compile order.
INFO: [Vivado 12-4795] Using compiled simulation libraries for IPs
INFO: [SIM-utils-51] Simulation object is 'sim_1'
INFO: [USF-XSim-2] XSim::Compile design
INFO: [USF-XSim-61] Executing 'COMPILE and ANALYZE' step in 'D:/FPGA/Vivaldo Project/INTERFACE/SPI/03_spi_flash_read_status/Vivado/03_spi_flash_read_status.sim/sim_1/behav/xsim'
"xvlog --incr --relax -prj tb_vlog.prj"
INFO: [VRFC 10-2263] Analyzing Verilog file "D:/FPGA/Vivaldo Project/INTERFACE/SPI/03_spi_flash_read_status/Vivado/03_spi_flash_read_status.srcs/sources_1/new/03_spi_flash_read_status.v" into library xil_defaultlib
INFO: [VRFC 10-311] analyzing module spi_master_mode0
WARNING: [VRFC 10-3380] identifier 'MAX_BYTE_SEND' is used before its declaration [D:/FPGA/Vivaldo Project/INTERFACE/SPI/03_spi_flash_read_status/Vivado/03_spi_flash_read_status.srcs/sources_1/new/03_spi_flash_read_status.v:30]
WARNING: [VRFC 10-3380] identifier 'MAX_BYTE_SEND' is used before its declaration [D:/FPGA/Vivaldo Project/INTERFACE/SPI/03_spi_flash_read_status/Vivado/03_spi_flash_read_status.srcs/sources_1/new/03_spi_flash_read_status.v:34]
INFO: [VRFC 10-2263] Analyzing Verilog file "D:/FPGA/Vivaldo Project/INTERFACE/SPI/03_spi_flash_read_status/Vivado/03_spi_flash_read_status.srcs/sim_1/new/tb.v" into library xil_defaultlib
INFO: [VRFC 10-311] analyzing module tb
INFO: [USF-XSim-69] 'compile' step finished in '2' seconds
Command: launch_simulation -step elaborate -simset sim_1 -mode behavioral
INFO: [Vivado 12-12493] Simulation top is 'tb'
WARNING: [Vivado 12-13340] Unable to auto find GCC executables from simulator install path! (path not set)
WARNING: [Vivado 12-13277] Compiled library path does not exist: ''
INFO: [Vivado 12-5698] Checking validity of IPs in the design for the 'XSim' simulator...
INFO: [Vivado 12-5682] Launching behavioral simulation in 'D:/FPGA/Vivaldo Project/INTERFACE/SPI/03_spi_flash_read_status/Vivado/03_spi_flash_read_status.sim/sim_1/behav/xsim'
INFO: [Vivado 12-13660] Precompiled IP simulation library mode is enabled (default). The design IP libraries will be referenced from the compiled library path. Please note that if the precompiled version of the library is not found from the path or the IP is in locked state, then the library source files for these IPs will be compiled locally as part of the compile order.
INFO: [Vivado 12-4795] Using compiled simulation libraries for IPs
INFO: [SIM-utils-51] Simulation object is 'sim_1'
INFO: [USF-XSim-3] XSim::Elaborate design
INFO: [USF-XSim-61] Executing 'ELABORATE' step in 'D:/FPGA/Vivaldo Project/INTERFACE/SPI/03_spi_flash_read_status/Vivado/03_spi_flash_read_status.sim/sim_1/behav/xsim'
"xelab --incr --debug typical --relax --mt 2 -L xil_defaultlib -L unisims_ver -L unimacro_ver -L secureip -L xpm --snapshot tb_behav xil_defaultlib.tb xil_defaultlib.glbl -log elaborate.log"
Vivado Simulator v2022.2
Copyright 1986-1999, 2001-2022 Xilinx, Inc. All Rights Reserved.
Running: D:/Xilinx/Vivado/2022.2/bin/unwrapped/win64.o/xelab.exe --incr --debug typical --relax --mt 2 -L xil_defaultlib -L unisims_ver -L unimacro_ver -L secureip -L xpm --snapshot tb_behav xil_defaultlib.tb xil_defaultlib.glbl -log elaborate.log 
Using 2 slave threads.
Starting static elaboration
Pass Through NonSizing Optimizer
WARNING: [VRFC 10-3091] actual bit length 64 differs from formal bit length 80 for port 'data_in' [D:/FPGA/Vivaldo Project/INTERFACE/SPI/03_spi_flash_read_status/Vivado/03_spi_flash_read_status.srcs/sim_1/new/tb.v:42]
Completed static elaboration
Starting simulation data flow analysis
Completed simulation data flow analysis
Time Resolution for simulation is 1ps
Compiling module xil_defaultlib.spi_master_mode0(CLK_DIV=5000000...
Compiling module xil_defaultlib.tb
Compiling module xil_defaultlib.glbl
Built simulation snapshot tb_behav
INFO: [USF-XSim-69] 'elaborate' step finished in '3' seconds
Time resolution is 1 ps
reset_run synth_1
INFO: [Project 1-1161] Replacing file D:/FPGA/Vivaldo Project/INTERFACE/SPI/03_spi_flash_read_status/Vivado/03_spi_flash_read_status.srcs/utils_1/imports/synth_1/top_spi_master_mode0.dcp with file D:/FPGA/Vivaldo Project/INTERFACE/SPI/03_spi_flash_read_status/Vivado/03_spi_flash_read_status.runs/synth_1/top_spi_master_mode0.dcp
WARNING: [Vivado 12-1017] Problems encountered:
1. Failed to delete one or more files in run directory D:/FPGA/Vivaldo Project/INTERFACE/SPI/03_spi_flash_read_status/Vivado/03_spi_flash_read_status.runs/synth_1

launch_runs impl_1 -to_step write_bitstream -jobs 8
[Thu Aug  6 09:29:33 2026] Launched synth_1...
Run output will be captured here: D:/FPGA/Vivaldo Project/INTERFACE/SPI/03_spi_flash_read_status/Vivado/03_spi_flash_read_status.runs/synth_1/runme.log
[Thu Aug  6 09:29:33 2026] Launched impl_1...
Run output will be captured here: D:/FPGA/Vivaldo Project/INTERFACE/SPI/03_spi_flash_read_status/Vivado/03_spi_flash_read_status.runs/impl_1/runme.log
close_sim
INFO: [Simtcl 6-16] Simulation closed
exit
INFO: [Common 17-206] Exiting Vivado at Thu Aug  6 09:58:51 2026...
