Copyright 1986-2022 Xilinx, Inc. All Rights Reserved.
---------------------------------------------------------------------------------------------------------------------------------------------
| Tool Version : Vivado v.2022.2 (win64) Build 3671981 Fri Oct 14 05:00:03 MDT 2022
| Date         : Sat Oct  3 12:23:01 2026
| Host         : LAPTOP-CHCSI1R5 running 64-bit major release  (build 9200)
| Command      : report_utilization -file eth_mac_loopback_wrapper_utilization_placed.rpt -pb eth_mac_loopback_wrapper_utilization_placed.pb
| Design       : eth_mac_loopback_wrapper
| Device       : xck26-sfvc784-2LV-c
| Speed File   : -2LV
| Design State : Fully Placed
---------------------------------------------------------------------------------------------------------------------------------------------

Utilization Design Information

Table of Contents
-----------------
1. CLB Logic
1.1 Summary of Registers by Type
2. CLB Logic Distribution
3. BLOCKRAM
4. ARITHMETIC
5. I/O
6. CLOCK
7. ADVANCED
8. CONFIGURATION
9. Primitives
10. Black Boxes
11. Instantiated Netlists

1. CLB Logic
------------

+----------------------------+-------+-------+------------+-----------+-------+
|          Site Type         |  Used | Fixed | Prohibited | Available | Util% |
+----------------------------+-------+-------+------------+-----------+-------+
| CLB LUTs                   |  6858 |     0 |          0 |    117120 |  5.86 |
|   LUT as Logic             |  5865 |     0 |          0 |    117120 |  5.01 |
|   LUT as Memory            |   993 |     0 |          0 |     57600 |  1.72 |
|     LUT as Distributed RAM |   366 |     0 |            |           |       |
|     LUT as Shift Register  |   627 |     0 |            |           |       |
| CLB Registers              | 10656 |     0 |          0 |    234240 |  4.55 |
|   Register as Flip Flop    | 10656 |     0 |          0 |    234240 |  4.55 |
|   Register as Latch        |     0 |     0 |          0 |    234240 |  0.00 |
| CARRY8                     |    89 |     0 |          0 |     14640 |  0.61 |
| F7 Muxes                   |    14 |     0 |          0 |     58560 |  0.02 |
| F8 Muxes                   |     0 |     0 |          0 |     29280 |  0.00 |
| F9 Muxes                   |     0 |     0 |          0 |     14640 |  0.00 |
+----------------------------+-------+-------+------------+-----------+-------+
* Warning! LUT value is adjusted to account for LUT combining.


1.1 Summary of Registers by Type
--------------------------------

+-------+--------------+-------------+--------------+
| Total | Clock Enable | Synchronous | Asynchronous |
+-------+--------------+-------------+--------------+
| 0     |            _ |           - |            - |
| 0     |            _ |           - |          Set |
| 0     |            _ |           - |        Reset |
| 0     |            _ |         Set |            - |
| 0     |            _ |       Reset |            - |
| 0     |          Yes |           - |            - |
| 181   |          Yes |           - |          Set |
| 349   |          Yes |           - |        Reset |
| 365   |          Yes |         Set |            - |
| 9761  |          Yes |       Reset |            - |
+-------+--------------+-------------+--------------+


2. CLB Logic Distribution
-------------------------

+--------------------------------------------+-------+-------+------------+-----------+-------+
|                  Site Type                 |  Used | Fixed | Prohibited | Available | Util% |
+--------------------------------------------+-------+-------+------------+-----------+-------+
| CLB                                        |  1708 |     0 |          0 |     14640 | 11.67 |
|   CLBL                                     |   768 |     0 |            |           |       |
|   CLBM                                     |   940 |     0 |            |           |       |
| LUT as Logic                               |  5865 |     0 |          0 |    117120 |  5.01 |
|   using O5 output only                     |   229 |       |            |           |       |
|   using O6 output only                     |  4008 |       |            |           |       |
|   using O5 and O6                          |  1628 |       |            |           |       |
| LUT as Memory                              |   993 |     0 |          0 |     57600 |  1.72 |
|   LUT as Distributed RAM                   |   366 |     0 |            |           |       |
|     using O5 output only                   |     0 |       |            |           |       |
|     using O6 output only                   |   322 |       |            |           |       |
|     using O5 and O6                        |    44 |       |            |           |       |
|   LUT as Shift Register                    |   627 |     0 |            |           |       |
|     using O5 output only                   |     0 |       |            |           |       |
|     using O6 output only                   |   426 |       |            |           |       |
|     using O5 and O6                        |   201 |       |            |           |       |
| CLB Registers                              | 10656 |     0 |          0 |    234240 |  4.55 |
|   Register driven from within the CLB      |  4963 |       |            |           |       |
|   Register driven from outside the CLB     |  5693 |       |            |           |       |
|     LUT in front of the register is unused |  4216 |       |            |           |       |
|     LUT in front of the register is used   |  1477 |       |            |           |       |
| Unique Control Sets                        |   698 |       |          0 |     29280 |  2.38 |
+--------------------------------------------+-------+-------+------------+-----------+-------+
* * Note: Available Control Sets calculated as Slices * 2, Review the Control Sets Report for more information regarding control sets.


3. BLOCKRAM
-----------

+-------------------+------+-------+------------+-----------+-------+
|     Site Type     | Used | Fixed | Prohibited | Available | Util% |
+-------------------+------+-------+------------+-----------+-------+
| Block RAM Tile    |  8.5 |     0 |          0 |       144 |  5.90 |
|   RAMB36/FIFO*    |    8 |     0 |          0 |       144 |  5.56 |
|     RAMB36E2 only |    8 |       |            |           |       |
|   RAMB18          |    1 |     0 |          0 |       288 |  0.35 |
|     RAMB18E2 only |    1 |       |            |           |       |
| URAM              |    0 |     0 |          0 |        64 |  0.00 |
+-------------------+------+-------+------------+-----------+-------+
* Note: Each Block RAM Tile only has one FIFO logic available and therefore can accommodate only one FIFO36E2 or one FIFO18E2. However, if a FIFO18E2 occupies a Block RAM Tile, that tile can still accommodate a RAMB18E2


4. ARITHMETIC
-------------

+-----------+------+-------+------------+-----------+-------+
| Site Type | Used | Fixed | Prohibited | Available | Util% |
+-----------+------+-------+------------+-----------+-------+
| DSPs      |    0 |     0 |          0 |      1248 |  0.00 |
+-----------+------+-------+------------+-----------+-------+


5. I/O
------

+------------------+------+-------+------------+-----------+-------+
|     Site Type    | Used | Fixed | Prohibited | Available | Util% |
+------------------+------+-------+------------+-----------+-------+
| Bonded IOB       |   16 |    16 |          0 |       189 |  8.47 |
| HPIOB_M          |    8 |     8 |          0 |        58 | 13.79 |
|   INPUT          |    4 |       |            |           |       |
|   OUTPUT         |    4 |       |            |           |       |
|   BIDIR          |    0 |       |            |           |       |
| HPIOB_S          |    8 |     8 |          0 |        58 | 13.79 |
|   INPUT          |    3 |       |            |           |       |
|   OUTPUT         |    4 |       |            |           |       |
|   BIDIR          |    1 |       |            |           |       |
| HDIOB_M          |    0 |     0 |          0 |        35 |  0.00 |
| HDIOB_S          |    0 |     0 |          0 |        35 |  0.00 |
| HPIOB_SNGL       |    0 |     0 |          0 |         3 |  0.00 |
| HPIOBDIFFINBUF   |    0 |     0 |          0 |        82 |  0.00 |
| HPIOBDIFFOUTBUF  |    0 |     0 |          0 |        82 |  0.00 |
| HDIOBDIFFINBUF   |    0 |     0 |          0 |        35 |  0.00 |
| BITSLICE_CONTROL |    3 |     0 |          0 |        32 |  9.38 |
| BITSLICE_RX_TX   |   23 |    23 |          0 |      1248 |  1.84 |
|   IDELAY         |    6 |     6 |            |           |       |
|   ODELAY         |    6 |     6 |            |           |       |
|   OSERDES        |    6 |     6 |            |           |       |
|   IDDR           |    5 |     5 |            |           |       |
| BITSLICE_TX      |    0 |     0 |          0 |        32 |  0.00 |
| RIU_OR           |    0 |     0 |          0 |        16 |  0.00 |
+------------------+------+-------+------------+-----------+-------+


6. CLOCK
--------

+----------------------+------+-------+------------+-----------+-------+
|       Site Type      | Used | Fixed | Prohibited | Available | Util% |
+----------------------+------+-------+------------+-----------+-------+
| GLOBAL CLOCK BUFFERs |    6 |     0 |          0 |       352 |  1.70 |
|   BUFGCE             |    6 |     0 |          0 |       112 |  5.36 |
|   BUFGCE_DIV         |    0 |     0 |          0 |        16 |  0.00 |
|   BUFG_GT            |    0 |     0 |          0 |        96 |  0.00 |
|   BUFG_PS            |    0 |     0 |          0 |        96 |  0.00 |
|   BUFGCTRL*          |    0 |     0 |          0 |        32 |  0.00 |
| PLL                  |    0 |     0 |          0 |         8 |  0.00 |
| MMCM                 |    1 |     0 |          0 |         4 | 25.00 |
+----------------------+------+-------+------------+-----------+-------+
* Note: Each used BUFGCTRL counts as two GLOBAL CLOCK BUFFERs. This table does not include global clocking resources, only buffer cell usage. See the Clock Utilization Report (report_clock_utilization) for detailed accounting of global clocking resource availability.


7. ADVANCED
-----------

+-----------------+------+-------+------------+-----------+--------+
|    Site Type    | Used | Fixed | Prohibited | Available |  Util% |
+-----------------+------+-------+------------+-----------+--------+
| GTHE4_CHANNEL   |    0 |     0 |          0 |         4 |   0.00 |
| GTHE4_COMMON    |    0 |     0 |          0 |         1 |   0.00 |
| OBUFDS_GTE4     |    0 |     0 |          0 |         2 |   0.00 |
| OBUFDS_GTE4_ADV |    0 |     0 |          0 |         2 |   0.00 |
| PCIE40E4        |    0 |     0 |          0 |         2 |   0.00 |
| PS8             |    1 |     0 |          0 |         1 | 100.00 |
| SYSMONE4        |    0 |     0 |          0 |         1 |   0.00 |
| VCU             |    0 |     0 |          0 |         1 |   0.00 |
+-----------------+------+-------+------------+-----------+--------+


8. CONFIGURATION
----------------

+-------------+------+-------+------------+-----------+-------+
|  Site Type  | Used | Fixed | Prohibited | Available | Util% |
+-------------+------+-------+------------+-----------+-------+
| BSCANE2     |    1 |     0 |          0 |         4 | 25.00 |
| DNA_PORTE2  |    0 |     0 |          0 |         1 |  0.00 |
| EFUSE_USR   |    0 |     0 |          0 |         1 |  0.00 |
| FRAME_ECCE4 |    0 |     0 |          0 |         1 |  0.00 |
| ICAPE3      |    0 |     0 |          0 |         2 |  0.00 |
| MASTER_JTAG |    0 |     0 |          0 |         1 |  0.00 |
| STARTUPE3   |    0 |     0 |          0 |         1 |  0.00 |
+-------------+------+-------+------------+-----------+-------+


9. Primitives
-------------

+------------+------+---------------------+
|  Ref Name  | Used | Functional Category |
+------------+------+---------------------+
| FDRE       | 9761 |            Register |
| LUT6       | 2278 |                 CLB |
| LUT2       | 1349 |                 CLB |
| LUT5       | 1265 |                 CLB |
| LUT4       | 1234 |                 CLB |
| LUT3       | 1165 |                 CLB |
| SRLC32E    |  432 |                 CLB |
| SRL16E     |  394 |                 CLB |
| FDSE       |  365 |            Register |
| FDCE       |  349 |            Register |
| RAMD64E    |  320 |                 CLB |
| LUT1       |  202 |                 CLB |
| FDPE       |  181 |            Register |
| CARRY8     |   89 |                 CLB |
| RAMD32     |   80 |                 CLB |
| MUXF7      |   14 |                 CLB |
| RAMS32     |   10 |                 CLB |
| RAMB36E2   |    8 |            BLOCKRAM |
| OBUF       |    8 |                 I/O |
| INBUF      |    8 |                 I/O |
| IBUFCTRL   |    8 |              Others |
| OSERDESE3  |    6 |                 I/O |
| ODELAYE3   |    6 |                 I/O |
| IDELAYE3   |    6 |                 I/O |
| BUFGCE     |    6 |               Clock |
| IDDRE1     |    5 |            Register |
| IDELAYCTRL |    3 |                 I/O |
| SRLC16E    |    2 |                 CLB |
| RAMB18E2   |    1 |            BLOCKRAM |
| PS8        |    1 |            Advanced |
| OBUFT      |    1 |                 I/O |
| MMCME4_ADV |    1 |               Clock |
| BSCANE2    |    1 |       Configuration |
+------------+------+---------------------+


10. Black Boxes
---------------

+----------+------+
| Ref Name | Used |
+----------+------+


11. Instantiated Netlists
-------------------------

+----------+------+
| Ref Name | Used |
+----------+------+
| dbg_hub  |    1 |
+----------+------+


