
*** Running vivado
    with args -log eth_mac_loopback_wrapper.vdi -applog -m64 -product Vivado -messageDb vivado.pb -mode batch -source eth_mac_loopback_wrapper.tcl -notrace



****** Vivado v2022.2 (64-bit)
  **** SW Build 3671981 on Fri Oct 14 05:00:03 MDT 2022
  **** IP Build 3669848 on Fri Oct 14 08:30:02 MDT 2022
    ** Copyright 1986-2022 Xilinx, Inc. All Rights Reserved.

source eth_mac_loopback_wrapper.tcl -notrace
INFO: [IP_Flow 19-234] Refreshing IP repositories
INFO: [IP_Flow 19-1704] No user IP repositories specified
INFO: [IP_Flow 19-2313] Loaded Vivado IP repository 'D:/Xilinx/Vivado/2022.2/data/ip'.
add_files: Time (s): cpu = 00:00:07 ; elapsed = 00:00:10 . Memory (MB): peak = 513.148 ; gain = 130.484
Command: link_design -top eth_mac_loopback_wrapper -part xck26-sfvc784-2LV-c
Design is defaulting to srcset: sources_1
Design is defaulting to constrset: constrs_1
INFO: [Device 21-403] Loading part xck26-sfvc784-2LV-c
Netlist sorting complete. Time (s): cpu = 00:00:01 ; elapsed = 00:00:00.339 . Memory (MB): peak = 1519.297 ; gain = 0.000
INFO: [Netlist 29-17] Analyzing 403 Unisim elements for replacement
INFO: [Netlist 29-28] Unisim Transformation completed in 0 CPU seconds
INFO: [Project 1-479] Netlist was created with Vivado 2022.2
INFO: [Project 1-570] Preparing netlist for logic optimization
Parsing XDC File [d:/FPGA/Vivaldo Project/INTERFACE/PL Ethernet/02_ethernet_frame_parser/Vivado/01_eth_mac_loopback.gen/sources_1/bd/eth_mac_loopback/ip/eth_mac_loopback_zynq_ultra_ps_e_0_0/eth_mac_loopback_zynq_ultra_ps_e_0_0.xdc] for cell 'eth_mac_loopback_i/zynq_ultra_ps_e_0/inst'
Finished Parsing XDC File [d:/FPGA/Vivaldo Project/INTERFACE/PL Ethernet/02_ethernet_frame_parser/Vivado/01_eth_mac_loopback.gen/sources_1/bd/eth_mac_loopback/ip/eth_mac_loopback_zynq_ultra_ps_e_0_0/eth_mac_loopback_zynq_ultra_ps_e_0_0.xdc] for cell 'eth_mac_loopback_i/zynq_ultra_ps_e_0/inst'
Parsing XDC File [d:/FPGA/Vivaldo Project/INTERFACE/PL Ethernet/02_ethernet_frame_parser/Vivado/01_eth_mac_loopback.gen/sources_1/bd/eth_mac_loopback/ip/eth_mac_loopback_proc_sys_reset_0_0/eth_mac_loopback_proc_sys_reset_0_0_board.xdc] for cell 'eth_mac_loopback_i/proc_sys_reset_0/U0'
Finished Parsing XDC File [d:/FPGA/Vivaldo Project/INTERFACE/PL Ethernet/02_ethernet_frame_parser/Vivado/01_eth_mac_loopback.gen/sources_1/bd/eth_mac_loopback/ip/eth_mac_loopback_proc_sys_reset_0_0/eth_mac_loopback_proc_sys_reset_0_0_board.xdc] for cell 'eth_mac_loopback_i/proc_sys_reset_0/U0'
Parsing XDC File [d:/FPGA/Vivaldo Project/INTERFACE/PL Ethernet/02_ethernet_frame_parser/Vivado/01_eth_mac_loopback.gen/sources_1/bd/eth_mac_loopback/ip/eth_mac_loopback_proc_sys_reset_0_0/eth_mac_loopback_proc_sys_reset_0_0.xdc] for cell 'eth_mac_loopback_i/proc_sys_reset_0/U0'
Finished Parsing XDC File [d:/FPGA/Vivaldo Project/INTERFACE/PL Ethernet/02_ethernet_frame_parser/Vivado/01_eth_mac_loopback.gen/sources_1/bd/eth_mac_loopback/ip/eth_mac_loopback_proc_sys_reset_0_0/eth_mac_loopback_proc_sys_reset_0_0.xdc] for cell 'eth_mac_loopback_i/proc_sys_reset_0/U0'
Parsing XDC File [d:/FPGA/Vivaldo Project/INTERFACE/PL Ethernet/02_ethernet_frame_parser/Vivado/01_eth_mac_loopback.gen/sources_1/bd/eth_mac_loopback/ip/eth_mac_loopback_smartconnect_0_0/bd_0/ip/ip_1/bd_4aa7_psr_aclk_0_board.xdc] for cell 'eth_mac_loopback_i/smartconnect_0/inst/clk_map/psr_aclk/U0'
Finished Parsing XDC File [d:/FPGA/Vivaldo Project/INTERFACE/PL Ethernet/02_ethernet_frame_parser/Vivado/01_eth_mac_loopback.gen/sources_1/bd/eth_mac_loopback/ip/eth_mac_loopback_smartconnect_0_0/bd_0/ip/ip_1/bd_4aa7_psr_aclk_0_board.xdc] for cell 'eth_mac_loopback_i/smartconnect_0/inst/clk_map/psr_aclk/U0'
Parsing XDC File [d:/FPGA/Vivaldo Project/INTERFACE/PL Ethernet/02_ethernet_frame_parser/Vivado/01_eth_mac_loopback.gen/sources_1/bd/eth_mac_loopback/ip/eth_mac_loopback_smartconnect_0_0/bd_0/ip/ip_1/bd_4aa7_psr_aclk_0.xdc] for cell 'eth_mac_loopback_i/smartconnect_0/inst/clk_map/psr_aclk/U0'
Finished Parsing XDC File [d:/FPGA/Vivaldo Project/INTERFACE/PL Ethernet/02_ethernet_frame_parser/Vivado/01_eth_mac_loopback.gen/sources_1/bd/eth_mac_loopback/ip/eth_mac_loopback_smartconnect_0_0/bd_0/ip/ip_1/bd_4aa7_psr_aclk_0.xdc] for cell 'eth_mac_loopback_i/smartconnect_0/inst/clk_map/psr_aclk/U0'
Parsing XDC File [d:/FPGA/Vivaldo Project/INTERFACE/PL Ethernet/02_ethernet_frame_parser/Vivado/01_eth_mac_loopback.gen/sources_1/bd/eth_mac_loopback/ip/eth_mac_loopback_clk_wiz_0_0/eth_mac_loopback_clk_wiz_0_0_board.xdc] for cell 'eth_mac_loopback_i/clk_wiz_0/inst'
Finished Parsing XDC File [d:/FPGA/Vivaldo Project/INTERFACE/PL Ethernet/02_ethernet_frame_parser/Vivado/01_eth_mac_loopback.gen/sources_1/bd/eth_mac_loopback/ip/eth_mac_loopback_clk_wiz_0_0/eth_mac_loopback_clk_wiz_0_0_board.xdc] for cell 'eth_mac_loopback_i/clk_wiz_0/inst'
Parsing XDC File [d:/FPGA/Vivaldo Project/INTERFACE/PL Ethernet/02_ethernet_frame_parser/Vivado/01_eth_mac_loopback.gen/sources_1/bd/eth_mac_loopback/ip/eth_mac_loopback_clk_wiz_0_0/eth_mac_loopback_clk_wiz_0_0.xdc] for cell 'eth_mac_loopback_i/clk_wiz_0/inst'
INFO: [Timing 38-35] Done setting XDC timing constraints. [d:/FPGA/Vivaldo Project/INTERFACE/PL Ethernet/02_ethernet_frame_parser/Vivado/01_eth_mac_loopback.gen/sources_1/bd/eth_mac_loopback/ip/eth_mac_loopback_clk_wiz_0_0/eth_mac_loopback_clk_wiz_0_0.xdc:57]
INFO: [Timing 38-2] Deriving generated clocks [d:/FPGA/Vivaldo Project/INTERFACE/PL Ethernet/02_ethernet_frame_parser/Vivado/01_eth_mac_loopback.gen/sources_1/bd/eth_mac_loopback/ip/eth_mac_loopback_clk_wiz_0_0/eth_mac_loopback_clk_wiz_0_0.xdc:57]
Finished Parsing XDC File [d:/FPGA/Vivaldo Project/INTERFACE/PL Ethernet/02_ethernet_frame_parser/Vivado/01_eth_mac_loopback.gen/sources_1/bd/eth_mac_loopback/ip/eth_mac_loopback_clk_wiz_0_0/eth_mac_loopback_clk_wiz_0_0.xdc] for cell 'eth_mac_loopback_i/clk_wiz_0/inst'
Parsing XDC File [d:/FPGA/Vivaldo Project/INTERFACE/PL Ethernet/02_ethernet_frame_parser/Vivado/01_eth_mac_loopback.gen/sources_1/bd/eth_mac_loopback/ip/eth_mac_loopback_axi_ethernet_1_0/bd_0/ip/ip_0/bd_50c1_eth_buf_0_board.xdc] for cell 'eth_mac_loopback_i/axi_ethernet_1/inst/eth_buf/U0'
Finished Parsing XDC File [d:/FPGA/Vivaldo Project/INTERFACE/PL Ethernet/02_ethernet_frame_parser/Vivado/01_eth_mac_loopback.gen/sources_1/bd/eth_mac_loopback/ip/eth_mac_loopback_axi_ethernet_1_0/bd_0/ip/ip_0/bd_50c1_eth_buf_0_board.xdc] for cell 'eth_mac_loopback_i/axi_ethernet_1/inst/eth_buf/U0'
Parsing XDC File [d:/FPGA/Vivaldo Project/INTERFACE/PL Ethernet/02_ethernet_frame_parser/Vivado/01_eth_mac_loopback.gen/sources_1/bd/eth_mac_loopback/ip/eth_mac_loopback_axi_ethernet_1_0/bd_0/ip/ip_1/synth/bd_50c1_mac_0_board.xdc] for cell 'eth_mac_loopback_i/axi_ethernet_1/inst/mac/inst'
Finished Parsing XDC File [d:/FPGA/Vivaldo Project/INTERFACE/PL Ethernet/02_ethernet_frame_parser/Vivado/01_eth_mac_loopback.gen/sources_1/bd/eth_mac_loopback/ip/eth_mac_loopback_axi_ethernet_1_0/bd_0/ip/ip_1/synth/bd_50c1_mac_0_board.xdc] for cell 'eth_mac_loopback_i/axi_ethernet_1/inst/mac/inst'
Parsing XDC File [d:/FPGA/Vivaldo Project/INTERFACE/PL Ethernet/02_ethernet_frame_parser/Vivado/01_eth_mac_loopback.gen/sources_1/bd/eth_mac_loopback/ip/eth_mac_loopback_axi_ethernet_1_0/bd_0/ip/ip_1/synth/bd_50c1_mac_0.xdc] for cell 'eth_mac_loopback_i/axi_ethernet_1/inst/mac/inst'
Finished Parsing XDC File [d:/FPGA/Vivaldo Project/INTERFACE/PL Ethernet/02_ethernet_frame_parser/Vivado/01_eth_mac_loopback.gen/sources_1/bd/eth_mac_loopback/ip/eth_mac_loopback_axi_ethernet_1_0/bd_0/ip/ip_1/synth/bd_50c1_mac_0.xdc] for cell 'eth_mac_loopback_i/axi_ethernet_1/inst/mac/inst'
Parsing XDC File [d:/FPGA/Vivaldo Project/INTERFACE/PL Ethernet/02_ethernet_frame_parser/Vivado/01_eth_mac_loopback.gen/sources_1/bd/eth_mac_loopback/ip/eth_mac_loopback_axi_ethernet_1_0/eth_mac_loopback_axi_ethernet_1_0_board.xdc] for cell 'eth_mac_loopback_i/axi_ethernet_1/inst'
Finished Parsing XDC File [d:/FPGA/Vivaldo Project/INTERFACE/PL Ethernet/02_ethernet_frame_parser/Vivado/01_eth_mac_loopback.gen/sources_1/bd/eth_mac_loopback/ip/eth_mac_loopback_axi_ethernet_1_0/eth_mac_loopback_axi_ethernet_1_0_board.xdc] for cell 'eth_mac_loopback_i/axi_ethernet_1/inst'
Parsing XDC File [d:/FPGA/Vivaldo Project/INTERFACE/PL Ethernet/02_ethernet_frame_parser/Vivado/01_eth_mac_loopback.gen/sources_1/bd/eth_mac_loopback/ip/eth_mac_loopback_axi_ethernet_1_0/synth/eth_mac_loopback_axi_ethernet_1_0.xdc] for cell 'eth_mac_loopback_i/axi_ethernet_1/inst'
Finished Parsing XDC File [d:/FPGA/Vivaldo Project/INTERFACE/PL Ethernet/02_ethernet_frame_parser/Vivado/01_eth_mac_loopback.gen/sources_1/bd/eth_mac_loopback/ip/eth_mac_loopback_axi_ethernet_1_0/synth/eth_mac_loopback_axi_ethernet_1_0.xdc] for cell 'eth_mac_loopback_i/axi_ethernet_1/inst'
Parsing XDC File [d:/FPGA/Vivaldo Project/INTERFACE/PL Ethernet/02_ethernet_frame_parser/Vivado/01_eth_mac_loopback.gen/sources_1/bd/eth_mac_loopback/ip/eth_mac_loopback_system_ila_0_0/bd_0/ip/ip_0/ila_v6_2/constraints/ila_impl.xdc] for cell 'eth_mac_loopback_i/system_ila_0/inst/ila_lib/inst'
Finished Parsing XDC File [d:/FPGA/Vivaldo Project/INTERFACE/PL Ethernet/02_ethernet_frame_parser/Vivado/01_eth_mac_loopback.gen/sources_1/bd/eth_mac_loopback/ip/eth_mac_loopback_system_ila_0_0/bd_0/ip/ip_0/ila_v6_2/constraints/ila_impl.xdc] for cell 'eth_mac_loopback_i/system_ila_0/inst/ila_lib/inst'
Parsing XDC File [d:/FPGA/Vivaldo Project/INTERFACE/PL Ethernet/02_ethernet_frame_parser/Vivado/01_eth_mac_loopback.gen/sources_1/bd/eth_mac_loopback/ip/eth_mac_loopback_system_ila_0_0/bd_0/ip/ip_0/ila_v6_2/constraints/ila.xdc] for cell 'eth_mac_loopback_i/system_ila_0/inst/ila_lib/inst'
Finished Parsing XDC File [d:/FPGA/Vivaldo Project/INTERFACE/PL Ethernet/02_ethernet_frame_parser/Vivado/01_eth_mac_loopback.gen/sources_1/bd/eth_mac_loopback/ip/eth_mac_loopback_system_ila_0_0/bd_0/ip/ip_0/ila_v6_2/constraints/ila.xdc] for cell 'eth_mac_loopback_i/system_ila_0/inst/ila_lib/inst'
Parsing XDC File [D:/FPGA/Vivaldo Project/INTERFACE/PL Ethernet/02_ethernet_frame_parser/Vivado/eth_fra_parser.srcs/constrs_1/new/eth_mac_cons.xdc]
WARNING: [Constraints 18-619] A clock with name 'clk25' already exists, overwriting the previous clock with the same name. [D:/FPGA/Vivaldo Project/INTERFACE/PL Ethernet/02_ethernet_frame_parser/Vivado/eth_fra_parser.srcs/constrs_1/new/eth_mac_cons.xdc:5]
Finished Parsing XDC File [D:/FPGA/Vivaldo Project/INTERFACE/PL Ethernet/02_ethernet_frame_parser/Vivado/eth_fra_parser.srcs/constrs_1/new/eth_mac_cons.xdc]
Parsing XDC File [d:/FPGA/Vivaldo Project/INTERFACE/PL Ethernet/02_ethernet_frame_parser/Vivado/01_eth_mac_loopback.gen/sources_1/bd/eth_mac_loopback/ip/eth_mac_loopback_axi_ethernet_1_0/bd_0/ip/ip_0/synth/bd_50c1_eth_buf_0.xdc] for cell 'eth_mac_loopback_i/axi_ethernet_1/inst/eth_buf/U0'
Finished Parsing XDC File [d:/FPGA/Vivaldo Project/INTERFACE/PL Ethernet/02_ethernet_frame_parser/Vivado/01_eth_mac_loopback.gen/sources_1/bd/eth_mac_loopback/ip/eth_mac_loopback_axi_ethernet_1_0/bd_0/ip/ip_0/synth/bd_50c1_eth_buf_0.xdc] for cell 'eth_mac_loopback_i/axi_ethernet_1/inst/eth_buf/U0'
Parsing XDC File [d:/FPGA/Vivaldo Project/INTERFACE/PL Ethernet/02_ethernet_frame_parser/Vivado/01_eth_mac_loopback.gen/sources_1/bd/eth_mac_loopback/ip/eth_mac_loopback_axi_ethernet_1_0/bd_0/ip/ip_1/synth/bd_50c1_mac_0_clocks.xdc] for cell 'eth_mac_loopback_i/axi_ethernet_1/inst/mac/inst'
INFO: [Vivado 12-3272] Current instance is the top level cell 'eth_mac_loopback_i/axi_ethernet_1/inst/mac/inst' of design 'design_1' [d:/FPGA/Vivaldo Project/INTERFACE/PL Ethernet/02_ethernet_frame_parser/Vivado/01_eth_mac_loopback.gen/sources_1/bd/eth_mac_loopback/ip/eth_mac_loopback_axi_ethernet_1_0/bd_0/ip/ip_1/synth/bd_50c1_mac_0_clocks.xdc:28]
INFO: [Constraints 18-483] create_clock: no pin(s)/port(s)/net(s) specified as objects, only virtual clock 'eth_mac_loopback_i/axi_ethernet_1/inst/mac/inst_rgmii_rx_clk' will be created. If you don't want this, please specify pin(s)/ports(s)/net(s) as objects to the command. [d:/FPGA/Vivaldo Project/INTERFACE/PL Ethernet/02_ethernet_frame_parser/Vivado/01_eth_mac_loopback.gen/sources_1/bd/eth_mac_loopback/ip/eth_mac_loopback_axi_ethernet_1_0/bd_0/ip/ip_1/synth/bd_50c1_mac_0_clocks.xdc:28]
INFO: [Vivado 12-3272] Current instance is the top level cell 'eth_mac_loopback_i/axi_ethernet_1/inst/mac/inst' of design 'design_1' [d:/FPGA/Vivaldo Project/INTERFACE/PL Ethernet/02_ethernet_frame_parser/Vivado/01_eth_mac_loopback.gen/sources_1/bd/eth_mac_loopback/ip/eth_mac_loopback_axi_ethernet_1_0/bd_0/ip/ip_1/synth/bd_50c1_mac_0_clocks.xdc:29]
INFO: [Vivado 12-3272] Current instance is the top level cell 'eth_mac_loopback_i/axi_ethernet_1/inst/mac/inst' of design 'design_1' [d:/FPGA/Vivaldo Project/INTERFACE/PL Ethernet/02_ethernet_frame_parser/Vivado/01_eth_mac_loopback.gen/sources_1/bd/eth_mac_loopback/ip/eth_mac_loopback_axi_ethernet_1_0/bd_0/ip/ip_1/synth/bd_50c1_mac_0_clocks.xdc:52]
INFO: [Vivado 12-3272] Current instance is the top level cell 'eth_mac_loopback_i/axi_ethernet_1/inst/mac/inst' of design 'design_1' [d:/FPGA/Vivaldo Project/INTERFACE/PL Ethernet/02_ethernet_frame_parser/Vivado/01_eth_mac_loopback.gen/sources_1/bd/eth_mac_loopback/ip/eth_mac_loopback_axi_ethernet_1_0/bd_0/ip/ip_1/synth/bd_50c1_mac_0_clocks.xdc:53]
Finished Parsing XDC File [d:/FPGA/Vivaldo Project/INTERFACE/PL Ethernet/02_ethernet_frame_parser/Vivado/01_eth_mac_loopback.gen/sources_1/bd/eth_mac_loopback/ip/eth_mac_loopback_axi_ethernet_1_0/bd_0/ip/ip_1/synth/bd_50c1_mac_0_clocks.xdc] for cell 'eth_mac_loopback_i/axi_ethernet_1/inst/mac/inst'
INFO: [Project 1-1714] 40 XPM XDC files have been applied to the design.
INFO: [Opt 31-138] Pushed 0 inverter(s) to 0 load pin(s).
INFO: [Project 1-1687] 54 scoped IP constraints or related sub-commands were skipped due to synthesis logic optimizations usually triggered by constant connectivity or unconnected output pins. To review the skipped constraints and messages, run the command 'set_param netlist.IPMsgFiltering false' before opening the design.
Netlist sorting complete. Time (s): cpu = 00:00:00 ; elapsed = 00:00:00.012 . Memory (MB): peak = 2031.348 ; gain = 0.000
INFO: [Project 1-111] Unisim Transformation Summary:
  A total of 300 instances were transformed.
  CFGLUT5 => CFGLUT5 (SRL16E, SRLC32E): 128 instances
  IBUF => IBUF (IBUFCTRL, INBUF): 7 instances
  IOBUF => IOBUF (IBUFCTRL, INBUF, OBUFT): 1 instance 
  RAM16X1D => RAM32X1D (RAMD32(x2)): 1 instance 
  RAM32M16 => RAM32M16 (RAMD32(x14), RAMS32(x2)): 3 instances
  RAM64X1D => RAM64X1D (RAMD64E(x2)): 160 instances

19 Infos, 1 Warnings, 0 Critical Warnings and 0 Errors encountered.
link_design completed successfully
link_design: Time (s): cpu = 00:00:22 ; elapsed = 00:00:28 . Memory (MB): peak = 2031.348 ; gain = 1518.199
Command: opt_design
Attempting to get a license for feature 'Implementation' and/or device 'xck26'
INFO: [Common 17-349] Got license for feature 'Implementation' and/or device 'xck26'
Running DRC as a precondition to command opt_design

Starting DRC Task
INFO: [DRC 23-27] Running DRC with 2 threads
INFO: [Project 1-461] DRC finished with 0 Errors
INFO: [Project 1-462] Please refer to the DRC report (report_drc) for more information.

Time (s): cpu = 00:00:02 ; elapsed = 00:00:01 . Memory (MB): peak = 2031.348 ; gain = 0.000

Starting Cache Timing Information Task
INFO: [Constraints 18-483] create_clock: no pin(s)/port(s)/net(s) specified as objects, only virtual clock 'eth_mac_loopback_i/axi_ethernet_1/inst/mac/inst_rgmii_rx_clk' will be created. If you don't want this, please specify pin(s)/ports(s)/net(s) as objects to the command. [d:/FPGA/Vivaldo Project/INTERFACE/PL Ethernet/02_ethernet_frame_parser/Vivado/01_eth_mac_loopback.gen/sources_1/bd/eth_mac_loopback/ip/eth_mac_loopback_axi_ethernet_1_0/bd_0/ip/ip_1/synth/bd_50c1_mac_0_clocks.xdc:28]
INFO: [Timing 38-35] Done setting XDC timing constraints.
Ending Cache Timing Information Task | Checksum: 13aa3c10f

Time (s): cpu = 00:00:02 ; elapsed = 00:00:02 . Memory (MB): peak = 2031.348 ; gain = 0.000

Starting Logic Optimization Task

Phase 1 Generate And Synthesize Debug Cores
INFO: [Chipscope 16-329] Generating Script for core instance : dbg_hub 
INFO: [IP_Flow 19-3806] Processing IP xilinx.com:ip:xsdbm:3.0 for cell dbg_hub_CV.
Netlist sorting complete. Time (s): cpu = 00:00:00 ; elapsed = 00:00:00.045 . Memory (MB): peak = 2353.090 ; gain = 0.000
Phase 1 Generate And Synthesize Debug Cores | Checksum: 18e2e930b

Time (s): cpu = 00:00:04 ; elapsed = 00:02:11 . Memory (MB): peak = 2353.090 ; gain = 19.656

Phase 2 Retarget
INFO: [Opt 31-1287] Pulled Inverter eth_mac_loopback_i/axi_ethernet_1/inst/eth_buf/U0/COMBINE_RESETS/GEN_UScale.srl32_1_reg[30]_i_1 into driver instance eth_mac_loopback_i/axi_ethernet_1/inst/eth_buf/U0/COMBINE_RESETS/GEN_UScale.srl32_1_reg[30]_i_3, which resulted in an inversion of 4 pins
INFO: [Opt 31-1287] Pulled Inverter eth_mac_loopback_i/axi_ethernet_1/inst/eth_buf/U0/RCV_INTFCE_I/RX_AXISTREAM_IF_I/rxs_mem_last_read_out_ptr_reg[1]_i_1 into driver instance eth_mac_loopback_i/axi_ethernet_1/inst/eth_buf/U0/RCV_INTFCE_I/RX_AXISTREAM_IF_I/I_RXS_MEM_i_39, which resulted in an inversion of 6 pins
INFO: [Opt 31-1287] Pulled Inverter eth_mac_loopback_i/axi_ethernet_1/inst/eth_buf/U0/RCV_INTFCE_I/RX_AXISTREAM_IF_I/rxs_mem_last_read_out_ptr_reg[2]_i_1 into driver instance eth_mac_loopback_i/axi_ethernet_1/inst/eth_buf/U0/RCV_INTFCE_I/RX_AXISTREAM_IF_I/I_RXS_MEM_i_38, which resulted in an inversion of 6 pins
INFO: [Opt 31-1287] Pulled Inverter eth_mac_loopback_i/axi_ethernet_1/inst/eth_buf/U0/RCV_INTFCE_I/RX_AXISTREAM_IF_I/rxs_mem_last_read_out_ptr_reg[3]_i_1 into driver instance eth_mac_loopback_i/axi_ethernet_1/inst/eth_buf/U0/RCV_INTFCE_I/RX_AXISTREAM_IF_I/I_RXS_MEM_i_37, which resulted in an inversion of 7 pins
INFO: [Opt 31-1287] Pulled Inverter eth_mac_loopback_i/axi_ethernet_1/inst/eth_buf/U0/RCV_INTFCE_I/RX_AXISTREAM_IF_I/rxs_mem_last_read_out_ptr_reg[4]_i_1 into driver instance eth_mac_loopback_i/axi_ethernet_1/inst/eth_buf/U0/RCV_INTFCE_I/RX_AXISTREAM_IF_I/I_RXS_MEM_i_36, which resulted in an inversion of 6 pins
INFO: [Opt 31-1287] Pulled Inverter eth_mac_loopback_i/axi_ethernet_1/inst/eth_buf/U0/RCV_INTFCE_I/RX_AXISTREAM_IF_I/rxs_mem_last_read_out_ptr_reg[5]_i_1 into driver instance eth_mac_loopback_i/axi_ethernet_1/inst/eth_buf/U0/RCV_INTFCE_I/RX_AXISTREAM_IF_I/I_RXS_MEM_i_35, which resulted in an inversion of 7 pins
INFO: [Opt 31-1287] Pulled Inverter eth_mac_loopback_i/axi_ethernet_1/inst/eth_buf/U0/RCV_INTFCE_I/RX_AXISTREAM_IF_I/rxs_mem_last_read_out_ptr_reg[6]_i_1 into driver instance eth_mac_loopback_i/axi_ethernet_1/inst/eth_buf/U0/RCV_INTFCE_I/RX_AXISTREAM_IF_I/I_RXS_MEM_i_34, which resulted in an inversion of 6 pins
INFO: [Opt 31-1287] Pulled Inverter eth_mac_loopback_i/axi_ethernet_1/inst/eth_buf/U0/RCV_INTFCE_I/RX_AXISTREAM_IF_I/rxs_mem_last_read_out_ptr_reg[7]_i_1 into driver instance eth_mac_loopback_i/axi_ethernet_1/inst/eth_buf/U0/RCV_INTFCE_I/RX_AXISTREAM_IF_I/I_RXS_MEM_i_33, which resulted in an inversion of 5 pins
INFO: [Opt 31-1287] Pulled Inverter eth_mac_loopback_i/axi_ethernet_1/inst/eth_buf/U0/TX_INTFCE_I/TX_EMAC_INTERFACE/txc_mem_rd_addr_1[9]_i_2 into driver instance eth_mac_loopback_i/axi_ethernet_1/inst/eth_buf/U0/TX_INTFCE_I/TX_EMAC_INTERFACE/txc_mem_rd_addr_1[9]_i_5, which resulted in an inversion of 6 pins
INFO: [Opt 31-1287] Pulled Inverter eth_mac_loopback_i/axi_ethernet_1/inst/mac/inst/tri_mode_ethernet_mac_i/bd_50c1_mac_0_core/sync_axi_rx_rstn_rx_clk/async_rst0_i_1 into driver instance eth_mac_loopback_i/axi_ethernet_1/inst/eth_buf/U0/COMBINE_RESETS/RESET2TEMACn_INST_0, which resulted in an inversion of 2 pins
INFO: [Opt 31-1287] Pulled Inverter eth_mac_loopback_i/smartconnect_0/inst/s00_entry_pipeline/s00_si_converter/inst/converter.wrap_narrow_inst/gen_thread_loop[0].r_payld_fifo/cmd_fifo/cmd_len_qq[7]_i_1 into driver instance eth_mac_loopback_i/smartconnect_0/inst/s00_entry_pipeline/s00_si_converter/inst/converter.wrap_narrow_inst/gen_thread_loop[0].r_payld_fifo/cmd_fifo/gen_pipelined.state[2]_i_3__0, which resulted in an inversion of 6 pins
INFO: [Opt 31-1287] Pulled Inverter eth_mac_loopback_i/smartconnect_0/inst/s00_entry_pipeline/s00_si_converter/inst/converter.wrap_narrow_inst/w_payld_fifo/cmd_fifo/cmd_len_qq[7]_i_1__0 into driver instance eth_mac_loopback_i/smartconnect_0/inst/s00_entry_pipeline/s00_si_converter/inst/converter.wrap_narrow_inst/w_payld_fifo/cmd_fifo/gen_pipelined.state[2]_i_3__1, which resulted in an inversion of 6 pins
INFO: [Opt 31-1287] Pulled Inverter eth_mac_loopback_i/system_ila_0/inst/ila_lib/inst/ila_core_inst/xsdb_memory_read_inst/current_state[0]_i_1 into driver instance eth_mac_loopback_i/system_ila_0/inst/ila_lib/inst/ila_core_inst/xsdb_memory_read_inst/read_addr[9]_i_3, which resulted in an inversion of 14 pins
INFO: [Opt 31-138] Pushed 57 inverter(s) to 513 load pin(s).
INFO: [Opt 31-422] The CLOCK_DOMAINS attribute on the BRAM cell eth_mac_loopback_i/system_ila_0/inst/ila_lib/inst/ila_core_inst/ila_trace_memory_inst/SUBCORE_RAM_BLK_MEM_1.trace_block_memory/inst_blk_mem_gen/gnbram.gnativebmg.native_blk_mem_gen/valid.cstr/ramloop[0].ram.r/prim_noinit.ram/DEVICE_8SERIES.NO_BMM_INFO.SDP.SIMPLE_PRIM18.ram has been changed from INDEPENDENT to COMMON to match the clocking topology used for the BRAM.
INFO: [Opt 31-422] The CLOCK_DOMAINS attribute on the BRAM cell eth_mac_loopback_i/system_ila_0/inst/ila_lib/inst/ila_core_inst/ila_trace_memory_inst/SUBCORE_RAM_BLK_MEM_1.trace_block_memory/inst_blk_mem_gen/gnbram.gnativebmg.native_blk_mem_gen/valid.cstr/ramloop[1].ram.r/prim_noinit.ram/DEVICE_8SERIES.NO_BMM_INFO.SDP.SIMPLE_PRIM36.ram has been changed from INDEPENDENT to COMMON to match the clocking topology used for the BRAM.
INFO: [Opt 31-422] The CLOCK_DOMAINS attribute on the BRAM cell eth_mac_loopback_i/system_ila_0/inst/ila_lib/inst/ila_core_inst/ila_trace_memory_inst/SUBCORE_RAM_BLK_MEM_1.trace_block_memory/inst_blk_mem_gen/gnbram.gnativebmg.native_blk_mem_gen/valid.cstr/ramloop[2].ram.r/prim_noinit.ram/DEVICE_8SERIES.NO_BMM_INFO.SDP.SIMPLE_PRIM36.ram has been changed from INDEPENDENT to COMMON to match the clocking topology used for the BRAM.
INFO: [Opt 31-422] The CLOCK_DOMAINS attribute on the BRAM cell eth_mac_loopback_i/system_ila_0/inst/ila_lib/inst/ila_core_inst/ila_trace_memory_inst/SUBCORE_RAM_BLK_MEM_1.trace_block_memory/inst_blk_mem_gen/gnbram.gnativebmg.native_blk_mem_gen/valid.cstr/ramloop[3].ram.r/prim_noinit.ram/DEVICE_8SERIES.NO_BMM_INFO.SDP.SIMPLE_PRIM36.ram has been changed from INDEPENDENT to COMMON to match the clocking topology used for the BRAM.
INFO: [Opt 31-422] The CLOCK_DOMAINS attribute on the BRAM cell eth_mac_loopback_i/system_ila_0/inst/ila_lib/inst/ila_core_inst/ila_trace_memory_inst/SUBCORE_RAM_BLK_MEM_1.trace_block_memory/inst_blk_mem_gen/gnbram.gnativebmg.native_blk_mem_gen/valid.cstr/ramloop[4].ram.r/prim_noinit.ram/DEVICE_8SERIES.NO_BMM_INFO.SDP.SIMPLE_PRIM36.ram has been changed from INDEPENDENT to COMMON to match the clocking topology used for the BRAM.
INFO: [Opt 31-49] Retargeted 0 cell(s).
Phase 2 Retarget | Checksum: 89d69c1d

Time (s): cpu = 00:00:06 ; elapsed = 00:02:12 . Memory (MB): peak = 2353.090 ; gain = 19.656
INFO: [Opt 31-389] Phase Retarget created 9 cells and removed 938 cells
INFO: [Opt 31-1021] In phase Retarget, 119 netlist objects are constrained preventing optimization. Please run opt_design with -debug_log to get more detail. 

Phase 3 Constant propagation
INFO: [Opt 31-138] Pushed 1 inverter(s) to 2 load pin(s).
Phase 3 Constant propagation | Checksum: 87158232

Time (s): cpu = 00:00:06 ; elapsed = 00:02:12 . Memory (MB): peak = 2353.090 ; gain = 19.656
INFO: [Opt 31-389] Phase Constant propagation created 25 cells and removed 57 cells
INFO: [Opt 31-1021] In phase Constant propagation, 109 netlist objects are constrained preventing optimization. Please run opt_design with -debug_log to get more detail. 

Phase 4 Sweep
Phase 4 Sweep | Checksum: 99684552

Time (s): cpu = 00:00:07 ; elapsed = 00:02:14 . Memory (MB): peak = 2353.090 ; gain = 19.656
INFO: [Opt 31-389] Phase Sweep created 0 cells and removed 329 cells
INFO: [Opt 31-1021] In phase Sweep, 1130 netlist objects are constrained preventing optimization. Please run opt_design with -debug_log to get more detail. 

Phase 5 BUFG optimization
INFO: [Opt 31-1077] Phase BUFG optimization inserted 0 global clock buffer(s) for CLOCK_LOW_FANOUT.
Phase 5 BUFG optimization | Checksum: 99684552

Time (s): cpu = 00:00:08 ; elapsed = 00:02:14 . Memory (MB): peak = 2353.090 ; gain = 19.656
INFO: [Opt 31-662] Phase BUFG optimization created 0 cells of which 0 are BUFGs and removed 0 cells.
INFO: [Opt 31-1021] In phase BUFG optimization, 2 netlist objects are constrained preventing optimization. Please run opt_design with -debug_log to get more detail. 

Phase 6 Shift Register Optimization
INFO: [Opt 31-1064] SRL Remap converted 0 SRLs to 0 registers and converted 0 registers of register chains to 0 SRLs
Phase 6 Shift Register Optimization | Checksum: 99684552

Time (s): cpu = 00:00:08 ; elapsed = 00:02:14 . Memory (MB): peak = 2353.090 ; gain = 19.656
INFO: [Opt 31-389] Phase Shift Register Optimization created 0 cells and removed 0 cells

Phase 7 Post Processing Netlist
Phase 7 Post Processing Netlist | Checksum: 99684552

Time (s): cpu = 00:00:08 ; elapsed = 00:02:14 . Memory (MB): peak = 2353.090 ; gain = 19.656
INFO: [Opt 31-389] Phase Post Processing Netlist created 0 cells and removed 0 cells
INFO: [Opt 31-1021] In phase Post Processing Netlist, 112 netlist objects are constrained preventing optimization. Please run opt_design with -debug_log to get more detail. 
Opt_design Change Summary
=========================


-------------------------------------------------------------------------------------------------------------------------
|  Phase                        |  #Cells created  |  #Cells Removed  |  #Constrained objects preventing optimizations  |
-------------------------------------------------------------------------------------------------------------------------
|  Retarget                     |               9  |             938  |                                            119  |
|  Constant propagation         |              25  |              57  |                                            109  |
|  Sweep                        |               0  |             329  |                                           1130  |
|  BUFG optimization            |               0  |               0  |                                              2  |
|  Shift Register Optimization  |               0  |               0  |                                              0  |
|  Post Processing Netlist      |               0  |               0  |                                            112  |
-------------------------------------------------------------------------------------------------------------------------



Starting Connectivity Check Task

Time (s): cpu = 00:00:00 ; elapsed = 00:00:00.061 . Memory (MB): peak = 2353.090 ; gain = 0.000
Ending Logic Optimization Task | Checksum: 111a56043

Time (s): cpu = 00:00:09 ; elapsed = 00:02:15 . Memory (MB): peak = 2353.090 ; gain = 19.656

Starting Power Optimization Task
INFO: [Pwropt 34-132] Skipping clock gating for clocks with a period < 2.00 ns.
INFO: [Pwropt 34-9] Applying IDT optimizations ...
INFO: [Pwropt 34-10] Applying ODC optimizations ...
INFO: [Constraints 18-483] create_clock: no pin(s)/port(s)/net(s) specified as objects, only virtual clock 'eth_mac_loopback_i/axi_ethernet_1/inst/mac/inst_rgmii_rx_clk' will be created. If you don't want this, please specify pin(s)/ports(s)/net(s) as objects to the command. [d:/FPGA/Vivaldo Project/INTERFACE/PL Ethernet/02_ethernet_frame_parser/Vivado/01_eth_mac_loopback.gen/sources_1/bd/eth_mac_loopback/ip/eth_mac_loopback_axi_ethernet_1_0/bd_0/ip/ip_1/synth/bd_50c1_mac_0_clocks.xdc:28]
INFO: [Timing 38-35] Done setting XDC timing constraints.
Running Vector-less Activity Propagation...

Finished Running Vector-less Activity Propagation


Starting PowerOpt Patch Enables Task
INFO: [Pwropt 34-162] WRITE_MODE attribute of 1 BRAM(s) out of a total of 9 has been updated to save power. Run report_power_opt to get a complete listing of the BRAMs updated.
INFO: [Constraints 18-483] create_clock: no pin(s)/port(s)/net(s) specified as objects, only virtual clock 'eth_mac_loopback_i/axi_ethernet_1/inst/mac/inst_rgmii_rx_clk' will be created. If you don't want this, please specify pin(s)/ports(s)/net(s) as objects to the command. [d:/FPGA/Vivaldo Project/INTERFACE/PL Ethernet/02_ethernet_frame_parser/Vivado/01_eth_mac_loopback.gen/sources_1/bd/eth_mac_loopback/ip/eth_mac_loopback_axi_ethernet_1_0/bd_0/ip/ip_1/synth/bd_50c1_mac_0_clocks.xdc:28]
INFO: [Timing 38-35] Done setting XDC timing constraints.
INFO: [Pwropt 34-201] Structural ODC has moved 3 WE to EN ports
Number of BRAM Ports augmented: 6 newly gated: 3 Total Ports: 18
Ending PowerOpt Patch Enables Task | Checksum: 12326212b

Time (s): cpu = 00:00:02 ; elapsed = 00:00:02 . Memory (MB): peak = 3050.633 ; gain = 0.000
Ending Power Optimization Task | Checksum: 12326212b

Time (s): cpu = 00:00:24 ; elapsed = 00:00:21 . Memory (MB): peak = 3050.633 ; gain = 697.543

Starting Final Cleanup Task

Starting Logic Optimization Task
INFO: [Constraints 18-483] create_clock: no pin(s)/port(s)/net(s) specified as objects, only virtual clock 'eth_mac_loopback_i/axi_ethernet_1/inst/mac/inst_rgmii_rx_clk' will be created. If you don't want this, please specify pin(s)/ports(s)/net(s) as objects to the command. [d:/FPGA/Vivaldo Project/INTERFACE/PL Ethernet/02_ethernet_frame_parser/Vivado/01_eth_mac_loopback.gen/sources_1/bd/eth_mac_loopback/ip/eth_mac_loopback_axi_ethernet_1_0/bd_0/ip/ip_1/synth/bd_50c1_mac_0_clocks.xdc:28]
INFO: [Timing 38-35] Done setting XDC timing constraints.
Ending Logic Optimization Task | Checksum: 129c238ad

Time (s): cpu = 00:00:04 ; elapsed = 00:00:03 . Memory (MB): peak = 3050.633 ; gain = 0.000
Ending Final Cleanup Task | Checksum: 129c238ad

Time (s): cpu = 00:00:09 ; elapsed = 00:00:08 . Memory (MB): peak = 3050.633 ; gain = 0.000

Starting Netlist Obfuscation Task
Netlist sorting complete. Time (s): cpu = 00:00:00 ; elapsed = 00:00:00.015 . Memory (MB): peak = 3050.633 ; gain = 0.000
Ending Netlist Obfuscation Task | Checksum: 129c238ad

Time (s): cpu = 00:00:00 ; elapsed = 00:00:00.020 . Memory (MB): peak = 3050.633 ; gain = 0.000
INFO: [Common 17-83] Releasing license: Implementation
77 Infos, 1 Warnings, 0 Critical Warnings and 0 Errors encountered.
opt_design completed successfully
opt_design: Time (s): cpu = 00:00:50 ; elapsed = 00:02:50 . Memory (MB): peak = 3050.633 ; gain = 1019.285
INFO: [Constraints 18-483] create_clock: no pin(s)/port(s)/net(s) specified as objects, only virtual clock 'eth_mac_loopback_i/axi_ethernet_1/inst/mac/inst_rgmii_rx_clk' will be created. If you don't want this, please specify pin(s)/ports(s)/net(s) as objects to the command. [d:/FPGA/Vivaldo Project/INTERFACE/PL Ethernet/02_ethernet_frame_parser/Vivado/01_eth_mac_loopback.gen/sources_1/bd/eth_mac_loopback/ip/eth_mac_loopback_axi_ethernet_1_0/bd_0/ip/ip_1/synth/bd_50c1_mac_0_clocks.xdc:28]
INFO: [Timing 38-35] Done setting XDC timing constraints.
INFO: [Timing 38-480] Writing timing data to binary archive.
Writing XDEF routing.
Writing XDEF routing logical nets.
Writing XDEF routing special nets.
Write XDEF Complete: Time (s): cpu = 00:00:01 ; elapsed = 00:00:00.190 . Memory (MB): peak = 3050.633 ; gain = 0.000
INFO: [Common 17-1381] The checkpoint 'D:/FPGA/Vivaldo Project/INTERFACE/PL Ethernet/02_ethernet_frame_parser/Vivado/eth_fra_parser.runs/impl_1/eth_mac_loopback_wrapper_opt.dcp' has been generated.
write_checkpoint: Time (s): cpu = 00:00:08 ; elapsed = 00:00:06 . Memory (MB): peak = 3050.633 ; gain = 0.000
INFO: [runtcl-4] Executing : report_drc -file eth_mac_loopback_wrapper_drc_opted.rpt -pb eth_mac_loopback_wrapper_drc_opted.pb -rpx eth_mac_loopback_wrapper_drc_opted.rpx
Command: report_drc -file eth_mac_loopback_wrapper_drc_opted.rpt -pb eth_mac_loopback_wrapper_drc_opted.pb -rpx eth_mac_loopback_wrapper_drc_opted.rpx
INFO: [IP_Flow 19-1839] IP Catalog is up to date.
INFO: [DRC 23-27] Running DRC with 2 threads
INFO: [Vivado_Tcl 2-168] The results of DRC are in file D:/FPGA/Vivaldo Project/INTERFACE/PL Ethernet/02_ethernet_frame_parser/Vivado/eth_fra_parser.runs/impl_1/eth_mac_loopback_wrapper_drc_opted.rpt.
report_drc completed successfully
report_drc: Time (s): cpu = 00:00:30 ; elapsed = 00:00:28 . Memory (MB): peak = 4063.922 ; gain = 1013.289
INFO: [Chipscope 16-240] Debug cores have already been implemented
Command: place_design
Attempting to get a license for feature 'Implementation' and/or device 'xck26'
INFO: [Common 17-349] Got license for feature 'Implementation' and/or device 'xck26'
INFO: [DRC 23-27] Running DRC with 2 threads
INFO: [Vivado_Tcl 4-198] DRC finished with 0 Errors
INFO: [Vivado_Tcl 4-199] Please refer to the DRC report (report_drc) for more information.
Running DRC as a precondition to command place_design
INFO: [DRC 23-27] Running DRC with 2 threads
INFO: [Vivado_Tcl 4-198] DRC finished with 0 Errors
INFO: [Vivado_Tcl 4-199] Please refer to the DRC report (report_drc) for more information.

Starting Placer Task
INFO: [Place 30-611] Multithreading enabled for place_design using a maximum of 2 CPUs

Phase 1 Placer Initialization

Phase 1.1 Placer Initialization Netlist Sorting
Netlist sorting complete. Time (s): cpu = 00:00:00 ; elapsed = 00:00:00.014 . Memory (MB): peak = 4063.922 ; gain = 0.000
Phase 1.1 Placer Initialization Netlist Sorting | Checksum: a60b1f7c

Time (s): cpu = 00:00:00 ; elapsed = 00:00:00.035 . Memory (MB): peak = 4063.922 ; gain = 0.000
Netlist sorting complete. Time (s): cpu = 00:00:00 ; elapsed = 00:00:00.013 . Memory (MB): peak = 4063.922 ; gain = 0.000

Phase 1.2 IO Placement/ Clock Placement/ Build Placer Device
INFO: [Place 30-1907] eth_mac_loopback_i/axi_ethernet_1/inst/mac/inst/tri_mode_ethernet_mac_idelayctrl_common_i_REPLICATED_0 replication was created for eth_mac_loopback_i/axi_ethernet_1/inst/mac/inst/tri_mode_ethernet_mac_idelayctrl_common_i IDELAYCTRL
INFO: [Place 30-1907] eth_mac_loopback_i/axi_ethernet_1/inst/mac/inst/tri_mode_ethernet_mac_idelayctrl_common_i_REPLICATED_0_1 replication was created for eth_mac_loopback_i/axi_ethernet_1/inst/mac/inst/tri_mode_ethernet_mac_idelayctrl_common_i IDELAYCTRL
INFO: [Constraints 18-483] create_clock: no pin(s)/port(s)/net(s) specified as objects, only virtual clock 'eth_mac_loopback_i/axi_ethernet_1/inst/mac/inst_rgmii_rx_clk' will be created. If you don't want this, please specify pin(s)/ports(s)/net(s) as objects to the command. [d:/FPGA/Vivaldo Project/INTERFACE/PL Ethernet/02_ethernet_frame_parser/Vivado/01_eth_mac_loopback.gen/sources_1/bd/eth_mac_loopback/ip/eth_mac_loopback_axi_ethernet_1_0/bd_0/ip/ip_1/synth/bd_50c1_mac_0_clocks.xdc:28]
INFO: [Timing 38-35] Done setting XDC timing constraints.
Phase 1.2 IO Placement/ Clock Placement/ Build Placer Device | Checksum: 10d60601b

Time (s): cpu = 00:00:06 ; elapsed = 00:00:04 . Memory (MB): peak = 4063.922 ; gain = 0.000

Phase 1.3 Build Placer Netlist Model
Phase 1.3 Build Placer Netlist Model | Checksum: 1a4d51312

Time (s): cpu = 00:00:14 ; elapsed = 00:00:10 . Memory (MB): peak = 4063.922 ; gain = 0.000

Phase 1.4 Constrain Clocks/Macros
Phase 1.4 Constrain Clocks/Macros | Checksum: 1a4d51312

Time (s): cpu = 00:00:14 ; elapsed = 00:00:11 . Memory (MB): peak = 4063.922 ; gain = 0.000
Phase 1 Placer Initialization | Checksum: 1a4d51312

Time (s): cpu = 00:00:14 ; elapsed = 00:00:11 . Memory (MB): peak = 4063.922 ; gain = 0.000

Phase 2 Global Placement

Phase 2.1 Floorplanning

Phase 2.1.1 Partition Driven Placement

Phase 2.1.1.1 PBP: Partition Driven Placement
Phase 2.1.1.1 PBP: Partition Driven Placement | Checksum: 15db6fe01

Time (s): cpu = 00:00:21 ; elapsed = 00:00:15 . Memory (MB): peak = 4063.922 ; gain = 0.000

Phase 2.1.1.2 PBP: Clock Region Placement
Phase 2.1.1.2 PBP: Clock Region Placement | Checksum: 159437e04

Time (s): cpu = 00:00:22 ; elapsed = 00:00:16 . Memory (MB): peak = 4063.922 ; gain = 0.000

Phase 2.1.1.3 PBP: Compute Congestion
Phase 2.1.1.3 PBP: Compute Congestion | Checksum: 159437e04

Time (s): cpu = 00:00:22 ; elapsed = 00:00:16 . Memory (MB): peak = 4063.922 ; gain = 0.000

Phase 2.1.1.4 PBP: UpdateTiming
Phase 2.1.1.4 PBP: UpdateTiming | Checksum: 13f101b6b

Time (s): cpu = 00:00:24 ; elapsed = 00:00:17 . Memory (MB): peak = 4063.922 ; gain = 0.000

Phase 2.1.1.5 PBP: Add part constraints
Phase 2.1.1.5 PBP: Add part constraints | Checksum: 13f101b6b

Time (s): cpu = 00:00:24 ; elapsed = 00:00:17 . Memory (MB): peak = 4063.922 ; gain = 0.000
Phase 2.1.1 Partition Driven Placement | Checksum: 13f101b6b

Time (s): cpu = 00:00:24 ; elapsed = 00:00:17 . Memory (MB): peak = 4063.922 ; gain = 0.000
Phase 2.1 Floorplanning | Checksum: 13f101b6b

Time (s): cpu = 00:00:24 ; elapsed = 00:00:17 . Memory (MB): peak = 4063.922 ; gain = 0.000

Phase 2.2 Update Timing before SLR Path Opt
Phase 2.2 Update Timing before SLR Path Opt | Checksum: 13f101b6b

Time (s): cpu = 00:00:24 ; elapsed = 00:00:17 . Memory (MB): peak = 4063.922 ; gain = 0.000

Phase 2.3 Post-Processing in Floorplanning
Phase 2.3 Post-Processing in Floorplanning | Checksum: 13f101b6b

Time (s): cpu = 00:00:24 ; elapsed = 00:00:17 . Memory (MB): peak = 4063.922 ; gain = 0.000

Phase 2.4 Global Placement Core

Phase 2.4.1 UpdateTiming Before Physical Synthesis
Phase 2.4.1 UpdateTiming Before Physical Synthesis | Checksum: 19ac211c3

Time (s): cpu = 00:00:51 ; elapsed = 00:00:36 . Memory (MB): peak = 4063.922 ; gain = 0.000

Phase 2.4.2 Physical Synthesis In Placer
INFO: [Physopt 32-1035] Found 0 LUTNM shape to break, 440 LUT instances to create LUTNM shape
INFO: [Physopt 32-1044] Break lutnm for timing: one critical 0, two critical 0, total 0, new lutff created 0
INFO: [Physopt 32-1138] End 1 Pass. Optimized 180 nets or LUTs. Breaked 0 LUT, combined 180 existing LUTs and moved 0 existing LUT
INFO: [Physopt 32-1030] Pass 1. Identified 1 candidate driver set for equivalent driver rewiring.
INFO: [Physopt 32-661] Optimized 0 net.  Re-placed 0 instance.
INFO: [Physopt 32-775] End 1 Pass. Optimized 0 net or cell. Created 0 new cell, deleted 0 existing cell and moved 0 existing cell
INFO: [Physopt 32-65] No nets found for high-fanout optimization.
INFO: [Physopt 32-232] Optimized 0 net. Created 0 new instance.
INFO: [Physopt 32-775] End 1 Pass. Optimized 0 net or cell. Created 0 new cell, deleted 0 existing cell and moved 0 existing cell
INFO: [Physopt 32-456] No candidate cells for DSP register optimization found in the design.
INFO: [Physopt 32-775] End 2 Pass. Optimized 0 net or cell. Created 0 new cell, deleted 0 existing cell and moved 0 existing cell
INFO: [Physopt 32-1123] No candidate cells found for Shift Register to Pipeline optimization
INFO: [Physopt 32-775] End 2 Pass. Optimized 0 net or cell. Created 0 new cell, deleted 0 existing cell and moved 0 existing cell
INFO: [Physopt 32-677] No candidate cells for Shift Register optimization found in the design
INFO: [Physopt 32-775] End 1 Pass. Optimized 0 net or cell. Created 0 new cell, deleted 0 existing cell and moved 0 existing cell
INFO: [Physopt 32-526] No candidate cells for BRAM register optimization found in the design
INFO: [Physopt 32-775] End 1 Pass. Optimized 0 net or cell. Created 0 new cell, deleted 0 existing cell and moved 0 existing cell
INFO: [Physopt 32-846] No candidate cells for URAM register optimization found in the design
INFO: [Physopt 32-775] End 2 Pass. Optimized 0 net or cell. Created 0 new cell, deleted 0 existing cell and moved 0 existing cell
INFO: [Physopt 32-949] No candidate nets found for dynamic/static region interface net replication
INFO: [Physopt 32-775] End 1 Pass. Optimized 0 net or cell. Created 0 new cell, deleted 0 existing cell and moved 0 existing cell
Netlist sorting complete. Time (s): cpu = 00:00:00 ; elapsed = 00:00:00.021 . Memory (MB): peak = 4063.922 ; gain = 0.000

Summary of Physical Synthesis Optimizations
============================================


-----------------------------------------------------------------------------------------------------------------------------------------------------------
|  Optimization                                     |  Added Cells  |  Removed Cells  |  Optimized Cells/Nets  |  Dont Touch  |  Iterations  |  Elapsed   |
-----------------------------------------------------------------------------------------------------------------------------------------------------------
|  LUT Combining                                    |            0  |            180  |                   180  |           0  |           1  |  00:00:00  |
|  Retime                                           |            0  |              0  |                     0  |           0  |           1  |  00:00:00  |
|  Equivalent Driver Rewiring                       |            0  |              0  |                     0  |           0  |           1  |  00:00:00  |
|  Very High Fanout                                 |            0  |              0  |                     0  |           0  |           1  |  00:00:00  |
|  DSP Register                                     |            0  |              0  |                     0  |           0  |           1  |  00:00:00  |
|  Shift Register to Pipeline                       |            0  |              0  |                     0  |           0  |           1  |  00:00:00  |
|  Shift Register                                   |            0  |              0  |                     0  |           0  |           1  |  00:00:00  |
|  BRAM Register                                    |            0  |              0  |                     0  |           0  |           1  |  00:00:00  |
|  URAM Register                                    |            0  |              0  |                     0  |           0  |           1  |  00:00:00  |
|  Dynamic/Static Region Interface Net Replication  |            0  |              0  |                     0  |           0  |           1  |  00:00:00  |
|  Total                                            |            0  |            180  |                   180  |           0  |          10  |  00:00:01  |
-----------------------------------------------------------------------------------------------------------------------------------------------------------


Phase 2.4.2 Physical Synthesis In Placer | Checksum: 1e91a1ec0

Time (s): cpu = 00:00:54 ; elapsed = 00:00:39 . Memory (MB): peak = 4063.922 ; gain = 0.000
Phase 2.4 Global Placement Core | Checksum: 13a6f00e4

Time (s): cpu = 00:00:56 ; elapsed = 00:00:40 . Memory (MB): peak = 4063.922 ; gain = 0.000
Phase 2 Global Placement | Checksum: 13a6f00e4

Time (s): cpu = 00:00:56 ; elapsed = 00:00:40 . Memory (MB): peak = 4063.922 ; gain = 0.000

Phase 3 Detail Placement

Phase 3.1 Commit Multi Column Macros
Phase 3.1 Commit Multi Column Macros | Checksum: 1ba822142

Time (s): cpu = 00:00:57 ; elapsed = 00:00:41 . Memory (MB): peak = 4063.922 ; gain = 0.000

Phase 3.2 Commit Most Macros & LUTRAMs
Phase 3.2 Commit Most Macros & LUTRAMs | Checksum: 197816233

Time (s): cpu = 00:01:00 ; elapsed = 00:00:43 . Memory (MB): peak = 4063.922 ; gain = 0.000

Phase 3.3 Small Shape DP

Phase 3.3.1 Small Shape Clustering
Phase 3.3.1 Small Shape Clustering | Checksum: 16aef13bb

Time (s): cpu = 00:01:05 ; elapsed = 00:00:47 . Memory (MB): peak = 4063.922 ; gain = 0.000

Phase 3.3.2 Flow Legalize Slice Clusters
Phase 3.3.2 Flow Legalize Slice Clusters | Checksum: 154ee0c52

Time (s): cpu = 00:01:06 ; elapsed = 00:00:47 . Memory (MB): peak = 4063.922 ; gain = 0.000

Phase 3.3.3 Slice Area Swap

Phase 3.3.3.1 Slice Area Swap Initial
Phase 3.3.3.1 Slice Area Swap Initial | Checksum: 1c6b8d833

Time (s): cpu = 00:01:07 ; elapsed = 00:00:49 . Memory (MB): peak = 4063.922 ; gain = 0.000
Phase 3.3.3 Slice Area Swap | Checksum: 1c6b8d833

Time (s): cpu = 00:01:07 ; elapsed = 00:00:49 . Memory (MB): peak = 4063.922 ; gain = 0.000
Phase 3.3 Small Shape DP | Checksum: 139a43cd0

Time (s): cpu = 00:01:13 ; elapsed = 00:00:52 . Memory (MB): peak = 4063.922 ; gain = 0.000

Phase 3.4 Re-assign LUT pins
Phase 3.4 Re-assign LUT pins | Checksum: 11339bc3a

Time (s): cpu = 00:01:14 ; elapsed = 00:00:54 . Memory (MB): peak = 4063.922 ; gain = 0.000

Phase 3.5 Pipeline Register Optimization
Phase 3.5 Pipeline Register Optimization | Checksum: 12a42035f

Time (s): cpu = 00:01:14 ; elapsed = 00:00:54 . Memory (MB): peak = 4063.922 ; gain = 0.000
Phase 3 Detail Placement | Checksum: 12a42035f

Time (s): cpu = 00:01:14 ; elapsed = 00:00:54 . Memory (MB): peak = 4063.922 ; gain = 0.000

Phase 4 Post Placement Optimization and Clean-Up

Phase 4.1 Post Commit Optimization
INFO: [Constraints 18-483] create_clock: no pin(s)/port(s)/net(s) specified as objects, only virtual clock 'eth_mac_loopback_i/axi_ethernet_1/inst/mac/inst_rgmii_rx_clk' will be created. If you don't want this, please specify pin(s)/ports(s)/net(s) as objects to the command. [d:/FPGA/Vivaldo Project/INTERFACE/PL Ethernet/02_ethernet_frame_parser/Vivado/01_eth_mac_loopback.gen/sources_1/bd/eth_mac_loopback/ip/eth_mac_loopback_axi_ethernet_1_0/bd_0/ip/ip_1/synth/bd_50c1_mac_0_clocks.xdc:28]
INFO: [Timing 38-35] Done setting XDC timing constraints.

Phase 4.1.1 Post Placement Optimization
Post Placement Optimization Initialization | Checksum: a051ec11

Phase 4.1.1.1 BUFG Insertion

Starting Physical Synthesis Task

Phase 1 Physical Synthesis Initialization
INFO: [Physopt 32-721] Multithreading enabled for phys_opt_design using a maximum of 2 CPUs
INFO: [Physopt 32-619] Estimated Timing Summary | WNS=0.027 | TNS=0.000 |
Phase 1 Physical Synthesis Initialization | Checksum: b3771271

Time (s): cpu = 00:00:01 ; elapsed = 00:00:00.596 . Memory (MB): peak = 4063.922 ; gain = 0.000
INFO: [Place 46-56] BUFG insertion identified 0 candidate nets. Inserted BUFG: 0, Replicated BUFG Driver: 0, Skipped due to Placement/Routing Conflicts: 0, Skipped due to Timing Degradation: 0, Skipped due to Illegal Netlist: 0.
Ending Physical Synthesis Task | Checksum: 8b63b802

Time (s): cpu = 00:00:01 ; elapsed = 00:00:00.772 . Memory (MB): peak = 4063.922 ; gain = 0.000
Phase 4.1.1.1 BUFG Insertion | Checksum: a051ec11

Time (s): cpu = 00:01:27 ; elapsed = 00:01:04 . Memory (MB): peak = 4063.922 ; gain = 0.000

Phase 4.1.1.2 Post Placement Timing Optimization
INFO: [Place 30-746] Post Placement Timing Summary WNS=0.027. For the most accurate timing information please run report_timing.
Phase 4.1.1.2 Post Placement Timing Optimization | Checksum: 10a324825

Time (s): cpu = 00:01:28 ; elapsed = 00:01:04 . Memory (MB): peak = 4063.922 ; gain = 0.000

Time (s): cpu = 00:01:28 ; elapsed = 00:01:04 . Memory (MB): peak = 4063.922 ; gain = 0.000
Phase 4.1 Post Commit Optimization | Checksum: 10a324825

Time (s): cpu = 00:01:28 ; elapsed = 00:01:05 . Memory (MB): peak = 4063.922 ; gain = 0.000
Netlist sorting complete. Time (s): cpu = 00:00:00 ; elapsed = 00:00:00.011 . Memory (MB): peak = 4063.922 ; gain = 0.000

Phase 4.2 Post Placement Cleanup
Phase 4.2 Post Placement Cleanup | Checksum: 1ee3574ad

Time (s): cpu = 00:01:32 ; elapsed = 00:01:08 . Memory (MB): peak = 4063.922 ; gain = 0.000

Phase 4.3 Placer Reporting

Phase 4.3.1 Print Estimated Congestion
INFO: [Place 30-612] Post-Placement Estimated Congestion 
 ________________________________________________________________________
|           | Global Congestion | Long Congestion   | Short Congestion  |
| Direction | Region Size       | Region Size       | Region Size       |
|___________|___________________|___________________|___________________|
|      North|                1x1|                1x1|                2x2|
|___________|___________________|___________________|___________________|
|      South|                1x1|                1x1|                2x2|
|___________|___________________|___________________|___________________|
|       East|                1x1|                1x1|                4x4|
|___________|___________________|___________________|___________________|
|       West|                1x1|                1x1|                4x4|
|___________|___________________|___________________|___________________|

Phase 4.3.1 Print Estimated Congestion | Checksum: 1ee3574ad

Time (s): cpu = 00:01:32 ; elapsed = 00:01:08 . Memory (MB): peak = 4063.922 ; gain = 0.000
Phase 4.3 Placer Reporting | Checksum: 1ee3574ad

Time (s): cpu = 00:01:32 ; elapsed = 00:01:08 . Memory (MB): peak = 4063.922 ; gain = 0.000

Phase 4.4 Final Placement Cleanup
Netlist sorting complete. Time (s): cpu = 00:00:00 ; elapsed = 00:00:00.013 . Memory (MB): peak = 4063.922 ; gain = 0.000

Time (s): cpu = 00:01:32 ; elapsed = 00:01:08 . Memory (MB): peak = 4063.922 ; gain = 0.000
Phase 4 Post Placement Optimization and Clean-Up | Checksum: 21265d83e

Time (s): cpu = 00:01:32 ; elapsed = 00:01:09 . Memory (MB): peak = 4063.922 ; gain = 0.000
Ending Placer Task | Checksum: 1592f95f8

Time (s): cpu = 00:01:32 ; elapsed = 00:01:09 . Memory (MB): peak = 4063.922 ; gain = 0.000
INFO: [Common 17-83] Releasing license: Implementation
127 Infos, 1 Warnings, 0 Critical Warnings and 0 Errors encountered.
place_design completed successfully
place_design: Time (s): cpu = 00:01:36 ; elapsed = 00:01:11 . Memory (MB): peak = 4063.922 ; gain = 0.000
INFO: [Timing 38-480] Writing timing data to binary archive.
Writing XDEF routing.
Writing XDEF routing logical nets.
Writing XDEF routing special nets.
Write XDEF Complete: Time (s): cpu = 00:00:07 ; elapsed = 00:00:02 . Memory (MB): peak = 4063.922 ; gain = 0.000
INFO: [Common 17-1381] The checkpoint 'D:/FPGA/Vivaldo Project/INTERFACE/PL Ethernet/02_ethernet_frame_parser/Vivado/eth_fra_parser.runs/impl_1/eth_mac_loopback_wrapper_placed.dcp' has been generated.
write_checkpoint: Time (s): cpu = 00:00:10 ; elapsed = 00:00:07 . Memory (MB): peak = 4063.922 ; gain = 0.000
INFO: [runtcl-4] Executing : report_io -file eth_mac_loopback_wrapper_io_placed.rpt
report_io: Time (s): cpu = 00:00:00 ; elapsed = 00:00:00.129 . Memory (MB): peak = 4063.922 ; gain = 0.000
INFO: [runtcl-4] Executing : report_utilization -file eth_mac_loopback_wrapper_utilization_placed.rpt -pb eth_mac_loopback_wrapper_utilization_placed.pb
INFO: [runtcl-4] Executing : report_control_sets -verbose -file eth_mac_loopback_wrapper_control_sets_placed.rpt
report_control_sets: Time (s): cpu = 00:00:01 ; elapsed = 00:00:00.110 . Memory (MB): peak = 4063.922 ; gain = 0.000
Command: phys_opt_design
Attempting to get a license for feature 'Implementation' and/or device 'xck26'
INFO: [Common 17-349] Got license for feature 'Implementation' and/or device 'xck26'

Starting Initial Update Timing Task

Time (s): cpu = 00:00:08 ; elapsed = 00:00:04 . Memory (MB): peak = 4063.922 ; gain = 0.000
INFO: [Vivado_Tcl 4-383] Design worst setup slack (WNS) is greater than or equal to 0.000 ns. Skipping all physical synthesis optimizations.
INFO: [Vivado_Tcl 4-232] No setup violation found. The netlist was not modified.
INFO: [Common 17-83] Releasing license: Implementation
136 Infos, 1 Warnings, 0 Critical Warnings and 0 Errors encountered.
phys_opt_design completed successfully
INFO: [Timing 38-480] Writing timing data to binary archive.
Writing XDEF routing.
Writing XDEF routing logical nets.
Writing XDEF routing special nets.
Write XDEF Complete: Time (s): cpu = 00:00:06 ; elapsed = 00:00:02 . Memory (MB): peak = 4063.922 ; gain = 0.000
INFO: [Common 17-1381] The checkpoint 'D:/FPGA/Vivaldo Project/INTERFACE/PL Ethernet/02_ethernet_frame_parser/Vivado/eth_fra_parser.runs/impl_1/eth_mac_loopback_wrapper_physopt.dcp' has been generated.
Command: route_design
Attempting to get a license for feature 'Implementation' and/or device 'xck26'
INFO: [Common 17-349] Got license for feature 'Implementation' and/or device 'xck26'
Running DRC as a precondition to command route_design
INFO: [DRC 23-27] Running DRC with 2 threads
INFO: [Vivado_Tcl 4-198] DRC finished with 0 Errors
INFO: [Vivado_Tcl 4-199] Please refer to the DRC report (report_drc) for more information.


Starting Routing Task
INFO: [Route 35-254] Multithreading enabled for route_design using a maximum of 2 CPUs

Phase 1 Build RT Design
Checksum: PlaceDB: 27428bc3 ConstDB: 0 ShapeSum: 4de9ddad RouteDB: e4032c88
Nodegraph reading from file.  Time (s): cpu = 00:00:01 ; elapsed = 00:00:01 . Memory (MB): peak = 4063.922 ; gain = 0.000
Post Restoration Checksum: NetGraph: b4702346 NumContArr: 44607285 Constraints: 5416019 Timing: 0
Phase 1 Build RT Design | Checksum: fe11f5e4

Time (s): cpu = 00:00:12 ; elapsed = 00:00:10 . Memory (MB): peak = 4063.922 ; gain = 0.000

Phase 2 Router Initialization

Phase 2.1 Fix Topology Constraints
Phase 2.1 Fix Topology Constraints | Checksum: fe11f5e4

Time (s): cpu = 00:00:12 ; elapsed = 00:00:10 . Memory (MB): peak = 4063.922 ; gain = 0.000

Phase 2.2 Pre Route Cleanup
Phase 2.2 Pre Route Cleanup | Checksum: fe11f5e4

Time (s): cpu = 00:00:13 ; elapsed = 00:00:10 . Memory (MB): peak = 4063.922 ; gain = 0.000

Phase 2.3 Global Clock Net Routing
 Number of Nodes with overlaps = 0
Phase 2.3 Global Clock Net Routing | Checksum: 59200a65

Time (s): cpu = 00:00:15 ; elapsed = 00:00:12 . Memory (MB): peak = 4063.922 ; gain = 0.000

Phase 2.4 Update Timing
Phase 2.4 Update Timing | Checksum: 17ccc6a33

Time (s): cpu = 00:00:20 ; elapsed = 00:00:16 . Memory (MB): peak = 4063.922 ; gain = 0.000
INFO: [Route 35-416] Intermediate Timing Summary | WNS=0.081  | TNS=0.000  | WHS=-0.813 | THS=-50.361|


Phase 2.5 Update Timing for Bus Skew

Phase 2.5.1 Update Timing
Phase 2.5.1 Update Timing | Checksum: 150c44e3d

Time (s): cpu = 00:00:31 ; elapsed = 00:00:23 . Memory (MB): peak = 4063.922 ; gain = 0.000
INFO: [Route 35-416] Intermediate Timing Summary | WNS=0.081  | TNS=0.000  | WHS=N/A    | THS=N/A    |

Phase 2.5 Update Timing for Bus Skew | Checksum: 1bdd22b68

Time (s): cpu = 00:00:32 ; elapsed = 00:00:23 . Memory (MB): peak = 4063.922 ; gain = 0.000

Router Utilization Summary
  Global Vertical Routing Utilization    = 0.00128045 %
  Global Horizontal Routing Utilization  = 0.00084957 %
  Routable Net Status*
  *Does not include unroutable nets such as driverless and loadless.
  Run report_route_status for detailed report.
  Number of Failed Nets               = 15697
    (Failed Nets is the sum of unrouted and partially routed nets)
  Number of Unrouted Nets             = 13438
  Number of Partially Routed Nets     = 2259
  Number of Node Overlaps             = 0

Phase 2 Router Initialization | Checksum: 1642e1e50

Time (s): cpu = 00:00:33 ; elapsed = 00:00:24 . Memory (MB): peak = 4063.922 ; gain = 0.000

Phase 3 Initial Routing

Phase 3.1 Global Routing
Phase 3.1 Global Routing | Checksum: 1642e1e50

Time (s): cpu = 00:00:33 ; elapsed = 00:00:24 . Memory (MB): peak = 4063.922 ; gain = 0.000
Phase 3 Initial Routing | Checksum: 18116a09a

Time (s): cpu = 00:00:39 ; elapsed = 00:00:27 . Memory (MB): peak = 4063.922 ; gain = 0.000

Phase 4 Rip-up And Reroute

Phase 4.1 Global Iteration 0
 Number of Nodes with overlaps = 2566
 Number of Nodes with overlaps = 170
 Number of Nodes with overlaps = 8
 Number of Nodes with overlaps = 4
 Number of Nodes with overlaps = 0
INFO: [Route 35-416] Intermediate Timing Summary | WNS=0.027  | TNS=0.000  | WHS=-0.011 | THS=-0.044 |

Phase 4.1 Global Iteration 0 | Checksum: 28749f408

Time (s): cpu = 00:01:13 ; elapsed = 00:00:52 . Memory (MB): peak = 4063.922 ; gain = 0.000

Phase 4.2 Global Iteration 1
 Number of Nodes with overlaps = 4
 Number of Nodes with overlaps = 0
INFO: [Route 35-416] Intermediate Timing Summary | WNS=0.027  | TNS=0.000  | WHS=N/A    | THS=N/A    |

Phase 4.2 Global Iteration 1 | Checksum: 1d59f97f1

Time (s): cpu = 00:01:16 ; elapsed = 00:00:55 . Memory (MB): peak = 4063.922 ; gain = 0.000

Phase 4.3 Global Iteration 2
 Number of Nodes with overlaps = 0
INFO: [Route 35-416] Intermediate Timing Summary | WNS=0.027  | TNS=0.000  | WHS=N/A    | THS=N/A    |

Phase 4.3 Global Iteration 2 | Checksum: 1e68495e0

Time (s): cpu = 00:01:18 ; elapsed = 00:00:56 . Memory (MB): peak = 4063.922 ; gain = 0.000
Phase 4 Rip-up And Reroute | Checksum: 1e68495e0

Time (s): cpu = 00:01:18 ; elapsed = 00:00:56 . Memory (MB): peak = 4063.922 ; gain = 0.000

Phase 5 Delay and Skew Optimization

Phase 5.1 Delay CleanUp

Phase 5.1.1 Update Timing
Phase 5.1.1 Update Timing | Checksum: 2087c7fb9

Time (s): cpu = 00:01:22 ; elapsed = 00:00:59 . Memory (MB): peak = 4063.922 ; gain = 0.000
INFO: [Route 35-416] Intermediate Timing Summary | WNS=0.027  | TNS=0.000  | WHS=0.010  | THS=0.000  |


Phase 5.1.2 Update Timing
Phase 5.1.2 Update Timing | Checksum: 1f9a90b38

Time (s): cpu = 00:01:25 ; elapsed = 00:01:01 . Memory (MB): peak = 4063.922 ; gain = 0.000
INFO: [Route 35-416] Intermediate Timing Summary | WNS=0.027  | TNS=0.000  | WHS=0.010  | THS=0.000  |

Phase 5.1 Delay CleanUp | Checksum: 24f984eb3

Time (s): cpu = 00:01:26 ; elapsed = 00:01:01 . Memory (MB): peak = 4063.922 ; gain = 0.000

Phase 5.2 Clock Skew Optimization
Phase 5.2 Clock Skew Optimization | Checksum: 24f984eb3

Time (s): cpu = 00:01:26 ; elapsed = 00:01:01 . Memory (MB): peak = 4063.922 ; gain = 0.000
Phase 5 Delay and Skew Optimization | Checksum: 24f984eb3

Time (s): cpu = 00:01:26 ; elapsed = 00:01:01 . Memory (MB): peak = 4063.922 ; gain = 0.000

Phase 6 Post Hold Fix

Phase 6.1 Hold Fix Iter

Phase 6.1.1 Update Timing
Phase 6.1.1 Update Timing | Checksum: 21876967b

Time (s): cpu = 00:01:29 ; elapsed = 00:01:03 . Memory (MB): peak = 4063.922 ; gain = 0.000
INFO: [Route 35-416] Intermediate Timing Summary | WNS=0.027  | TNS=0.000  | WHS=0.010  | THS=0.000  |

Phase 6.1 Hold Fix Iter | Checksum: 206a44842

Time (s): cpu = 00:01:29 ; elapsed = 00:01:03 . Memory (MB): peak = 4063.922 ; gain = 0.000
Phase 6 Post Hold Fix | Checksum: 206a44842

Time (s): cpu = 00:01:29 ; elapsed = 00:01:03 . Memory (MB): peak = 4063.922 ; gain = 0.000

Phase 7 Route finalize

Router Utilization Summary
  Global Vertical Routing Utilization    = 0.999619 %
  Global Horizontal Routing Utilization  = 1.31589 %
  Routable Net Status*
  *Does not include unroutable nets such as driverless and loadless.
  Run report_route_status for detailed report.
  Number of Failed Nets               = 0
    (Failed Nets is the sum of unrouted and partially routed nets)
  Number of Unrouted Nets             = 0
  Number of Partially Routed Nets     = 0
  Number of Node Overlaps             = 0

Phase 7 Route finalize | Checksum: 19fabe8b5

Time (s): cpu = 00:01:29 ; elapsed = 00:01:04 . Memory (MB): peak = 4063.922 ; gain = 0.000

Phase 8 Verifying routed nets

 Verification completed successfully
Phase 8 Verifying routed nets | Checksum: 19fabe8b5

Time (s): cpu = 00:01:29 ; elapsed = 00:01:04 . Memory (MB): peak = 4063.922 ; gain = 0.000

Phase 9 Depositing Routes
Phase 9 Depositing Routes | Checksum: 19fabe8b5

Time (s): cpu = 00:01:31 ; elapsed = 00:01:06 . Memory (MB): peak = 4063.922 ; gain = 0.000

Phase 10 Resolve XTalk
Phase 10 Resolve XTalk | Checksum: 19fabe8b5

Time (s): cpu = 00:01:31 ; elapsed = 00:01:06 . Memory (MB): peak = 4063.922 ; gain = 0.000

Phase 11 Post Router Timing
INFO: [Route 35-57] Estimated Timing Summary | WNS=0.027  | TNS=0.000  | WHS=0.010  | THS=0.000  |

INFO: [Route 35-327] The final timing numbers are based on the router estimated timing analysis. For a complete and accurate timing signoff, please run report_timing_summary.
Phase 11 Post Router Timing | Checksum: 19fabe8b5

Time (s): cpu = 00:01:33 ; elapsed = 00:01:07 . Memory (MB): peak = 4063.922 ; gain = 0.000
INFO: [Route 35-16] Router Completed Successfully

Time (s): cpu = 00:01:33 ; elapsed = 00:01:07 . Memory (MB): peak = 4063.922 ; gain = 0.000

Routing Is Done.
INFO: [Common 17-83] Releasing license: Implementation
155 Infos, 1 Warnings, 0 Critical Warnings and 0 Errors encountered.
route_design completed successfully
route_design: Time (s): cpu = 00:01:40 ; elapsed = 00:01:11 . Memory (MB): peak = 4063.922 ; gain = 0.000
INFO: [Timing 38-480] Writing timing data to binary archive.
Writing XDEF routing.
Writing XDEF routing logical nets.
Writing XDEF routing special nets.
Write XDEF Complete: Time (s): cpu = 00:00:06 ; elapsed = 00:00:02 . Memory (MB): peak = 4063.922 ; gain = 0.000
INFO: [Common 17-1381] The checkpoint 'D:/FPGA/Vivaldo Project/INTERFACE/PL Ethernet/02_ethernet_frame_parser/Vivado/eth_fra_parser.runs/impl_1/eth_mac_loopback_wrapper_routed.dcp' has been generated.
write_checkpoint: Time (s): cpu = 00:00:10 ; elapsed = 00:00:07 . Memory (MB): peak = 4063.922 ; gain = 0.000
INFO: [runtcl-4] Executing : report_drc -file eth_mac_loopback_wrapper_drc_routed.rpt -pb eth_mac_loopback_wrapper_drc_routed.pb -rpx eth_mac_loopback_wrapper_drc_routed.rpx
Command: report_drc -file eth_mac_loopback_wrapper_drc_routed.rpt -pb eth_mac_loopback_wrapper_drc_routed.pb -rpx eth_mac_loopback_wrapper_drc_routed.rpx
INFO: [IP_Flow 19-1839] IP Catalog is up to date.
INFO: [DRC 23-27] Running DRC with 2 threads
INFO: [Vivado_Tcl 2-168] The results of DRC are in file D:/FPGA/Vivaldo Project/INTERFACE/PL Ethernet/02_ethernet_frame_parser/Vivado/eth_fra_parser.runs/impl_1/eth_mac_loopback_wrapper_drc_routed.rpt.
report_drc completed successfully
report_drc: Time (s): cpu = 00:00:13 ; elapsed = 00:00:07 . Memory (MB): peak = 4063.922 ; gain = 0.000
INFO: [runtcl-4] Executing : report_methodology -file eth_mac_loopback_wrapper_methodology_drc_routed.rpt -pb eth_mac_loopback_wrapper_methodology_drc_routed.pb -rpx eth_mac_loopback_wrapper_methodology_drc_routed.rpx
Command: report_methodology -file eth_mac_loopback_wrapper_methodology_drc_routed.rpt -pb eth_mac_loopback_wrapper_methodology_drc_routed.pb -rpx eth_mac_loopback_wrapper_methodology_drc_routed.rpx
INFO: [Constraints 18-483] create_clock: no pin(s)/port(s)/net(s) specified as objects, only virtual clock 'eth_mac_loopback_i/axi_ethernet_1/inst/mac/inst_rgmii_rx_clk' will be created. If you don't want this, please specify pin(s)/ports(s)/net(s) as objects to the command. [d:/FPGA/Vivaldo Project/INTERFACE/PL Ethernet/02_ethernet_frame_parser/Vivado/01_eth_mac_loopback.gen/sources_1/bd/eth_mac_loopback/ip/eth_mac_loopback_axi_ethernet_1_0/bd_0/ip/ip_1/synth/bd_50c1_mac_0_clocks.xdc:28]
INFO: [Timing 38-35] Done setting XDC timing constraints.
INFO: [DRC 23-133] Running Methodology with 2 threads
INFO: [Vivado_Tcl 2-1520] The results of Report Methodology are in file D:/FPGA/Vivaldo Project/INTERFACE/PL Ethernet/02_ethernet_frame_parser/Vivado/eth_fra_parser.runs/impl_1/eth_mac_loopback_wrapper_methodology_drc_routed.rpt.
report_methodology completed successfully
report_methodology: Time (s): cpu = 00:00:11 ; elapsed = 00:00:06 . Memory (MB): peak = 4063.922 ; gain = 0.000
INFO: [runtcl-4] Executing : report_power -file eth_mac_loopback_wrapper_power_routed.rpt -pb eth_mac_loopback_wrapper_power_summary_routed.pb -rpx eth_mac_loopback_wrapper_power_routed.rpx
Command: report_power -file eth_mac_loopback_wrapper_power_routed.rpt -pb eth_mac_loopback_wrapper_power_summary_routed.pb -rpx eth_mac_loopback_wrapper_power_routed.rpx
INFO: [Constraints 18-483] create_clock: no pin(s)/port(s)/net(s) specified as objects, only virtual clock 'eth_mac_loopback_i/axi_ethernet_1/inst/mac/inst_rgmii_rx_clk' will be created. If you don't want this, please specify pin(s)/ports(s)/net(s) as objects to the command. [d:/FPGA/Vivaldo Project/INTERFACE/PL Ethernet/02_ethernet_frame_parser/Vivado/01_eth_mac_loopback.gen/sources_1/bd/eth_mac_loopback/ip/eth_mac_loopback_axi_ethernet_1_0/bd_0/ip/ip_1/synth/bd_50c1_mac_0_clocks.xdc:28]
INFO: [Timing 38-35] Done setting XDC timing constraints.
Running Vector-less Activity Propagation...

Finished Running Vector-less Activity Propagation
169 Infos, 1 Warnings, 0 Critical Warnings and 0 Errors encountered.
report_power completed successfully
report_power: Time (s): cpu = 00:00:17 ; elapsed = 00:00:13 . Memory (MB): peak = 4063.922 ; gain = 0.000
INFO: [runtcl-4] Executing : report_route_status -file eth_mac_loopback_wrapper_route_status.rpt -pb eth_mac_loopback_wrapper_route_status.pb
INFO: [runtcl-4] Executing : report_timing_summary -max_paths 10 -report_unconstrained -file eth_mac_loopback_wrapper_timing_summary_routed.rpt -pb eth_mac_loopback_wrapper_timing_summary_routed.pb -rpx eth_mac_loopback_wrapper_timing_summary_routed.rpx -warn_on_violation 
INFO: [Timing 38-91] UpdateTimingParams: Speed grade: -2LV, Temperature grade: C, Delay Type: min_max.
INFO: [Timing 38-191] Multithreading enabled for timing update using a maximum of 2 CPUs
WARNING: [Timing 38-436] There are set_bus_skew constraint(s) in this design. Please run report_bus_skew to ensure that bus skew requirements are met.
INFO: [runtcl-4] Executing : report_incremental_reuse -file eth_mac_loopback_wrapper_incremental_reuse_routed.rpt
INFO: [Vivado_Tcl 4-1062] Incremental flow is disabled. No incremental reuse Info to report.
INFO: [runtcl-4] Executing : report_clock_utilization -file eth_mac_loopback_wrapper_clock_utilization_routed.rpt
report_clock_utilization: Time (s): cpu = 00:00:05 ; elapsed = 00:00:05 . Memory (MB): peak = 4063.922 ; gain = 0.000
INFO: [runtcl-4] Executing : report_bus_skew -warn_on_violation -file eth_mac_loopback_wrapper_bus_skew_routed.rpt -pb eth_mac_loopback_wrapper_bus_skew_routed.pb -rpx eth_mac_loopback_wrapper_bus_skew_routed.rpx
INFO: [Timing 38-91] UpdateTimingParams: Speed grade: -2LV, Temperature grade: C, Delay Type: min_max.
INFO: [Timing 38-191] Multithreading enabled for timing update using a maximum of 2 CPUs

WARNING::74 - Unsupported FPGA device name 'xck26-sfvc784-2LV-c'. Verify that the specified device is a valid customer supported device.
-p xck26-sfvc784-2LV-c
   ^

INFO: [Memdata 28-167] Found XPM memory block eth_mac_loopback_i/smartconnect_0/inst/switchboards/i_nodes/i_w_node/inst/inst_si_handler/gen_si_handler.gen_request_fifos.gen_req_fifo[0].inst_req_fifo/gen_xpm_memory_fifo.inst_fifo/gen_mem_rep[0].inst_xpm_memory/xpm_memory_base_inst with a P_MEMORY_PRIMITIVE property set to distributed. A value of block is required. You will not be able to use the updatemem program to update the bitstream with new data for the eth_mac_loopback_i/smartconnect_0/inst/switchboards/i_nodes/i_w_node/inst/inst_si_handler/gen_si_handler.gen_request_fifos.gen_req_fifo[0].inst_req_fifo/gen_xpm_memory_fifo.inst_fifo/gen_mem_rep[0].inst_xpm_memory/xpm_memory_base_inst block.
INFO: [Memdata 28-208] The XPM instance: <eth_mac_loopback_i/axi_ethernet_1/inst/eth_buf/U0/TX_INTFCE_I/TX_MEM_INTERFACE/TXD_MEM/xpm_memory_base_inst> is part of IP: <eth_mac_loopback_i/axi_ethernet_1/inst/eth_buf>. This XPM instance will be excluded from the .mmi because updatemem is prohibited from making changes to an XPM that is part of an IP.
INFO: [Memdata 28-208] The XPM instance: <eth_mac_loopback_i/axi_ethernet_1/inst/eth_buf/U0/TX_INTFCE_I/TX_MEM_INTERFACE/TXC_MEM/xpm_memory_base_inst> is part of IP: <eth_mac_loopback_i/axi_ethernet_1/inst/eth_buf>. This XPM instance will be excluded from the .mmi because updatemem is prohibited from making changes to an XPM that is part of an IP.
INFO: [Memdata 28-208] The XPM instance: <eth_mac_loopback_i/axi_ethernet_1/inst/eth_buf/U0/RCV_INTFCE_I/RX_DP_MEM_IF_I/I_RXS_MEM/xpm_memory_base_inst> is part of IP: <eth_mac_loopback_i/axi_ethernet_1/inst/eth_buf>. This XPM instance will be excluded from the .mmi because updatemem is prohibited from making changes to an XPM that is part of an IP.
INFO: [Memdata 28-208] The XPM instance: <eth_mac_loopback_i/axi_ethernet_1/inst/eth_buf/U0/RCV_INTFCE_I/RX_DP_MEM_IF_I/I_RXD_MEM/xpm_memory_base_inst> is part of IP: <eth_mac_loopback_i/axi_ethernet_1/inst/eth_buf>. This XPM instance will be excluded from the .mmi because updatemem is prohibited from making changes to an XPM that is part of an IP.
INFO: [Memdata 28-167] Found XPM memory block eth_mac_loopback_i/axi_ethernet_1/inst/eth_buf/U0/RCV_INTFCE_I/RX_AXISTREAM_IF_I/ELASTIC_FIFO/I_BASIC_SFIFO/xpm_fifo_base_inst/gen_sdpram.xpm_memory_base_inst with a P_MEMORY_PRIMITIVE property set to distributed. A value of block is required. You will not be able to use the updatemem program to update the bitstream with new data for the eth_mac_loopback_i/axi_ethernet_1/inst/eth_buf/U0/RCV_INTFCE_I/RX_AXISTREAM_IF_I/ELASTIC_FIFO/I_BASIC_SFIFO/xpm_fifo_base_inst/gen_sdpram.xpm_memory_base_inst block.
Command: write_bitstream -force eth_mac_loopback_wrapper.bit
Attempting to get a license for feature 'Implementation' and/or device 'xck26'
INFO: [Common 17-349] Got license for feature 'Implementation' and/or device 'xck26'
CRITICAL WARNING: [Vivado 12-1790] Evaluation License Warning: This design contains one or more IP cores that use separately licensed features. If the design has been configured to make use of evaluation features, please note that these features will cease to function after a certain period of time. Please consult the core datasheet to determine whether the core which you have configured will be affected. Evaluation features should NOT be used in production systems.

Evaluation cores found in this design:
    IP core 'eth_mac_loopback_axi_ethernet_1_0' (bd_50c1) was generated with multiple features:
        IP feature 'eth_avb_endpoint@2015.04' was enabled using a design_linking license.
        IP feature 'tri_mode_eth_mac@2015.04' was enabled using a hardware_evaluation license.
    IP core 'bd_50c1_mac_0' (bd_50c1_mac_0_support) was generated with multiple features:
        IP feature 'eth_avb_endpoint@2015.04' was enabled using a design_linking license.
        IP feature 'tri_mode_eth_mac@2015.04' was enabled using a hardware_evaluation license.

Resolution: If a new IP Core license was added, in order for the new license to be picked up, the current netlist needs to be updated by resetting and re-generating the IP output products before bitstream generation.
Running DRC as a precondition to command write_bitstream
INFO: [IP_Flow 19-1839] IP Catalog is up to date.
INFO: [DRC 23-27] Running DRC with 2 threads
WARNING: [DRC PDCN-1569] LUT equation term check: Used physical LUT pin 'A3' of cell dbg_hub/inst/BSCANID.u_xsdbm_id/SWITCH_N_EXT_BSCAN.bscan_switch/temp_curid[31]_i_1 (pin dbg_hub/inst/BSCANID.u_xsdbm_id/SWITCH_N_EXT_BSCAN.bscan_switch/temp_curid[31]_i_1/I1) is not included in the LUT equation: 'O5=(A4*A2)+(A4*(~A2)*(~A1))+((~A4))'. If this cell is a user instantiated LUT in the design, please remove connectivity to the pin or change the equation and/or INIT string of the LUT to prevent this issue. If the cell is inferred or IP created LUT, please regenerate the IP and/or resynthesize the design to attempt to correct the issue.
WARNING: [DRC PDCN-1569] LUT equation term check: Used physical LUT pin 'A3' of cell dbg_hub/inst/BSCANID.u_xsdbm_id/SWITCH_N_EXT_BSCAN.id_state[0]_i_1 (pin dbg_hub/inst/BSCANID.u_xsdbm_id/SWITCH_N_EXT_BSCAN.id_state[0]_i_1/I0) is not included in the LUT equation: 'O6=(A6+~A6)*((A5))'. If this cell is a user instantiated LUT in the design, please remove connectivity to the pin or change the equation and/or INIT string of the LUT to prevent this issue. If the cell is inferred or IP created LUT, please regenerate the IP and/or resynthesize the design to attempt to correct the issue.
WARNING: [DRC PDCN-1569] LUT equation term check: Used physical LUT pin 'A5' of cell dbg_hub/inst/BSCANID.u_xsdbm_id/SWITCH_N_EXT_BSCAN.bscan_switch/temp_curid[31]_i_1 (pin dbg_hub/inst/BSCANID.u_xsdbm_id/SWITCH_N_EXT_BSCAN.bscan_switch/temp_curid[31]_i_1/I0) is not included in the LUT equation: 'O5=(A4*A2)+(A4*(~A2)*(~A1))+((~A4))'. If this cell is a user instantiated LUT in the design, please remove connectivity to the pin or change the equation and/or INIT string of the LUT to prevent this issue. If the cell is inferred or IP created LUT, please regenerate the IP and/or resynthesize the design to attempt to correct the issue.
WARNING: [DRC RTSTAT-10] No routable loads: 35 net(s) have no routable loads. The problem bus(es) and/or net(s) are dbg_hub/inst/BSCANID.u_xsdbm_id/SWITCH_N_EXT_BSCAN.bscan_inst/TMS, dbg_hub/inst/BSCANID.u_xsdbm_id/CORE_XSDB.UUT_MASTER/U_ICON_INTERFACE/U_CMD6_RD/U_RD_FIFO/SUBCORE_FIFO.xsdbm_v3_0_0_rdfifo_inst/inst_fifo_gen/gconvfifo.rf/grf.rf/gntv_or_sync_fifo.gl0.rd/gr1.gr1_int.rfwft/aempty_fwft_i, dbg_hub/inst/BSCANID.u_xsdbm_id/CORE_XSDB.UUT_MASTER/U_ICON_INTERFACE/U_CMD7_CTL/ctl_reg[2:0], dbg_hub/inst/BSCANID.u_xsdbm_id/CORE_XSDB.UUT_MASTER/U_ICON_INTERFACE/U_CMD7_CTL/ctl_reg_en_2[1], dbg_hub/inst/BSCANID.u_xsdbm_id/CORE_XSDB.UUT_MASTER/U_ICON_INTERFACE/U_CMD1/ctl_reg_en_2[1], dbg_hub/inst/BSCANID.u_xsdbm_id/SWITCH_N_EXT_BSCAN.bscan_switch/m_bscan_capture[0], dbg_hub/inst/BSCANID.u_xsdbm_id/SWITCH_N_EXT_BSCAN.bscan_switch/m_bscan_drck[0], dbg_hub/inst/BSCANID.u_xsdbm_id/SWITCH_N_EXT_BSCAN.bscan_switch/m_bscan_runtest[0], eth_mac_loopback_i/smartconnect_0/inst/s00_nodes/s00_b_node/inst/mi_handler_m_sc_areset_pipe, eth_mac_loopback_i/smartconnect_0/inst/m00_nodes/m00_r_node/inst/mi_handler_m_sc_areset_pipe, eth_mac_loopback_i/smartconnect_0/inst/m00_nodes/m00_w_node/inst/mi_handler_m_sc_areset_pipe, eth_mac_loopback_i/smartconnect_0/inst/s00_nodes/s00_r_node/inst/mi_handler_m_sc_areset_pipe, eth_mac_loopback_i/smartconnect_0/inst/m00_nodes/m00_b_node/inst/mi_handler_m_sc_areset_pipe, eth_mac_loopback_i/smartconnect_0/inst/s00_nodes/s00_ar_node/inst/mi_handler_m_sc_areset_pipe, eth_mac_loopback_i/smartconnect_0/inst/m00_nodes/m00_ar_node/inst/mi_handler_m_sc_areset_pipe... and (the first 15 of 33 listed).
INFO: [Vivado 12-3199] DRC finished with 0 Errors, 4 Warnings
INFO: [Vivado 12-3200] Please refer to the DRC report (report_drc) for more information.
INFO: [Designutils 20-2272] Running write_bitstream with 2 threads.
Loading data files...
Loading site data...
Loading route data...
Processing options...
Creating bitmap...
Creating bitstream...
Writing bitstream ./eth_mac_loopback_wrapper.bit...
INFO: [Vivado 12-1842] Bitgen Completed Successfully.
INFO: [Project 1-1876] WebTalk data collection is mandatory when using a ULT device. To see the specific WebTalk data collected for your design, open the usage_statistics_webtalk.html or usage_statistics_webtalk.xml file in the implementation directory.
INFO: [Common 17-83] Releasing license: Implementation
18 Infos, 4 Warnings, 1 Critical Warnings and 0 Errors encountered.
write_bitstream completed successfully
write_bitstream: Time (s): cpu = 00:00:38 ; elapsed = 00:00:28 . Memory (MB): peak = 4063.922 ; gain = 0.000
INFO: [Common 17-206] Exiting Vivado at Sat Oct  3 12:25:29 2026...
