Vivado Simulator v2022.2
Copyright 1986-1999, 2001-2022 Xilinx, Inc. All Rights Reserved.
Running: D:/Xilinx/Vivado/2022.2/bin/unwrapped/win64.o/xelab.exe --incr --debug typical --relax --mt 2 -L xil_defaultlib -L unisims_ver -L unimacro_ver -L secureip -L xpm --snapshot tb_behav xil_defaultlib.tb xil_defaultlib.glbl -log elaborate.log 
Using 2 slave threads.
Starting static elaboration
Pass Through NonSizing Optimizer
WARNING: [VRFC 10-3091] actual bit length 4 differs from formal bit length 1 for port 'probe0' [D:/FPGA/Vivaldo Project/INTERFACE/SPI/05_w25q64_controller/Vivado/05_w25q64_controller.srcs/sources_1/new/w25q64_controller.v:293]
WARNING: [VRFC 10-3091] actual bit length 3 differs from formal bit length 4 for port 'probe1' [D:/FPGA/Vivaldo Project/INTERFACE/SPI/05_w25q64_controller/Vivado/05_w25q64_controller.srcs/sources_1/new/w25q64_controller.v:294]
WARNING: [VRFC 10-3091] actual bit length 1 differs from formal bit length 80 for port 'probe2' [D:/FPGA/Vivaldo Project/INTERFACE/SPI/05_w25q64_controller/Vivado/05_w25q64_controller.srcs/sources_1/new/w25q64_controller.v:295]
WARNING: [VRFC 10-5021] port 'probe4' is not connected on this instance [D:/FPGA/Vivaldo Project/INTERFACE/SPI/05_w25q64_controller/Vivado/05_w25q64_controller.srcs/sources_1/new/w25q64_controller.v:289]
Completed static elaboration
Starting simulation data flow analysis
Completed simulation data flow analysis
Time Resolution for simulation is 1ps
Compiling module xil_defaultlib.spi_master_mode0
Compiling module xil_defaultlib.ila_1
Compiling module xil_defaultlib.w25q64_controller(CLK_DIV=50)
Compiling module xil_defaultlib.tb
Compiling module xil_defaultlib.glbl
Built simulation snapshot tb_behav
